Traceback (most recent call last):
  File "/Users/asherlc/.paseo/worktrees/0h78jp9r/placid-badger-cad-second-half/.context/placid-badger-cad-second-half/yy-baguette-evo/package-checks/final/published_checks.py", line 9, in <module>
    loaded=load_board_package(p);r['schemaPassed']=True;r['boardID']=loaded.board.id
           ^^^^^^^^^^^^^^^^^^^^^
  File "/Users/asherlc/.paseo/worktrees/0h78jp9r/placid-badger-cad-second-half/Tools/HangboardPackages/src/hangboard_packages/board_catalog.py", line 3198, in load_board_package
    board = _load_board(_parse_board_document(raw_board, label))
            ^^^^^^^^^^^^^^^^^^^^^^^^^^^^^^^^^^^^^^^^^^^^^^^^^^^^
  File "/Users/asherlc/.paseo/worktrees/0h78jp9r/placid-badger-cad-second-half/Tools/HangboardPackages/src/hangboard_packages/board_catalog.py", line 1937, in _load_board
    presentations = _load_presentations(value["presentations"], "board.json.presentations")
                    ^^^^^^^^^^^^^^^^^^^^^^^^^^^^^^^^^^^^^^^^^^^^^^^^^^^^^^^^^^^^^^^^^^^^^^^
  File "/Users/asherlc/.paseo/worktrees/0h78jp9r/placid-badger-cad-second-half/Tools/HangboardPackages/src/hangboard_packages/board_catalog.py", line 1731, in _load_presentations
    presentations = tuple(
                    ^^^^^^
  File "/Users/asherlc/.paseo/worktrees/0h78jp9r/placid-badger-cad-second-half/Tools/HangboardPackages/src/hangboard_packages/board_catalog.py", line 1732, in <genexpr>
    _load_presentation(item, f"{source}[{index}]")
  File "/Users/asherlc/.paseo/worktrees/0h78jp9r/placid-badger-cad-second-half/Tools/HangboardPackages/src/hangboard_packages/board_catalog.py", line 1392, in _load_presentation
    media = _load_media(payload["media"], f"{source}.media")
            ^^^^^^^^^^^^^^^^^^^^^^^^^^^^^^^^^^^^^^^^^^^^^^^^
  File "/Users/asherlc/.paseo/worktrees/0h78jp9r/placid-badger-cad-second-half/Tools/HangboardPackages/src/hangboard_packages/board_catalog.py", line 1355, in _load_media
    orientation = _load_model_orientation(payload["orientation"], f"{source}.orientation")
                  ^^^^^^^^^^^^^^^^^^^^^^^^^^^^^^^^^^^^^^^^^^^^^^^^^^^^^^^^^^^^^^^^^^^^^^^^
  File "/Users/asherlc/.paseo/worktrees/0h78jp9r/placid-badger-cad-second-half/Tools/HangboardPackages/src/hangboard_packages/board_catalog.py", line 1235, in _load_model_orientation
    raise ValueError(f"{source}.rotations must be sorted by position ID")
ValueError: board.json.presentations[0].media.orientation.rotations must be sorted by position ID
