{
  "timestampUTC": "2026-10-01T22:06:43.074553+00:00",
  "package": "yy-baguette-evo",
  "filesBefore": {
    "Hangboards/yy-baguette-evo/yy-baguette-evo.FCStd": "7f1a6c34c92984b7f8ac89007051ce49ed3cd358290293018cdb8cb2ec8d69a7",
    "Hangboards/yy-baguette-evo/suspension.json": "b2f47d3c3a036b942554c030dba9941e8254b270b29d520159a091f6fa62acd7",
    "Hangboards/yy-baguette-evo/assets/primary.usdz": "5532e902fb8b08fed6f7a6e1bafd2545e7bcd9ecd04347431e6430a9572efcf3",
    "Hangboards/yy-baguette-evo/assets/primary.model.json": "6d2ebee364902217e14714444991f43654a52a8734c4d32076d27ba333137921"
  },
  "schemaPassed": true,
  "boardID": "yy.baguette-evo",
  "usd": {
    "version": [
      0,
      26,
      8
    ],
    "meshes": [
      {
        "name": "body_mesh_001",
        "faces": 22466
      },
      {
        "name": "hold_edge_10mm_left_mesh_001",
        "faces": 6
      },
      {
        "name": "hold_edge_20mm_left_mesh_001",
        "faces": 10
      },
      {
        "name": "hold_edge_15mm_left_mesh_001",
        "faces": 9
      },
      {
        "name": "hold_edge_25mm_left_mesh_001",
        "faces": 9
      },
      {
        "name": "hold_edge_06mm_left_mesh_001",
        "faces": 8
      },
      {
        "name": "hold_edge_12mm_left_mesh_001",
        "faces": 4
      },
      {
        "name": "hold_edge_08mm_left_mesh_001",
        "faces": 4
      },
      {
        "name": "hold_rounded_left_mesh_001",
        "faces": 84
      },
      {
        "name": "hold_edge_10mm_right_mesh_001",
        "faces": 6
      },
      {
        "name": "hold_edge_20mm_right_mesh_001",
        "faces": 10
      },
      {
        "name": "hold_edge_15mm_right_mesh_001",
        "faces": 9
      },
      {
        "name": "hold_edge_25mm_right_mesh_001",
        "faces": 9
      },
      {
        "name": "hold_edge_06mm_right_mesh_001",
        "faces": 8
      },
      {
        "name": "hold_edge_12mm_right_mesh_001",
        "faces": 4
      },
      {
        "name": "hold_edge_08mm_right_mesh_001",
        "faces": 4
      },
      {
        "name": "hold_rounded_right_mesh_001",
        "faces": 84
      },
      {
        "name": "hold_central_20mm_mesh_001",
        "faces": 10
      },
      {
        "name": "hold_central_06mm_mesh_001",
        "faces": 4
      },
      {
        "name": "hold_central_30mm_mesh_001",
        "faces": 6
      },
      {
        "name": "hold_central_25mm_mesh_001",
        "faces": 6
      }
    ],
    "materialsOrShaders": [],
    "materialBindings": [],
    "members": [
      "stage.usdc"
    ],
    "exactDescriptorNodes": true,
    "modelHashMatches": true,
    "unbound": true
  },
  "manifest": {
    "woodFinish": true,
    "suspensionType": "cadRoutedCord",
    "contactIDs": [
      "edge-10-left",
      "edge-10-right",
      "edge-12-left",
      "edge-12-right",
      "edge-15-left",
      "edge-15-right",
      "edge-20-left",
      "edge-20-right",
      "edge-25-left",
      "edge-25-right",
      "edge-6-lower",
      "edge-6-upper",
      "edge-8-left",
      "edge-8-right",
      "edge-central-20",
      "edge-central-25",
      "edge-central-30",
      "edge-central-6",
      "rounded-tray"
    ]
  },
  "staging": {
    "ios": {
      "generatedBoardMatchesSource": true,
      "descriptorBytesMatch": true,
      "modelBytesMatch": true,
      "authoringFilesOmitted": true,
      "usdzDeliveryLocationCorrect": true,
      "stagedFiles": [
        "assets/primary.model.json",
        "board.json"
      ]
    },
    "android": {
      "generatedBoardMatchesSource": true,
      "descriptorBytesMatch": true,
      "modelBytesMatch": true,
      "authoringFilesOmitted": true,
      "usdzDeliveryLocationCorrect": true,
      "stagedFiles": [
        "assets/primary.model.json",
        "assets/primary.usdz",
        "board.json"
      ]
    }
  },
  "sourceFilesUnchanged": true,
  "passed": true
}
