Detected file type from extension: PNG
Note: No display specified. Defaulting to display: 21C220F8-D85B-49B7-BF25-29F7494FA4AB (screenID: 1, name: LCD)
Wrote screenshot to: /Users/asherlc/.paseo/worktrees/0h78jp9r/placid-badger/.context/placid-badger/metolius-simulator-3d-jagged/ios/after-captures/jug-left.png
jug-left
Detected file type from extension: PNG
Note: No display specified. Defaulting to display: 21C220F8-D85B-49B7-BF25-29F7494FA4AB (screenID: 1, name: LCD)
Wrote screenshot to: /Users/asherlc/.paseo/worktrees/0h78jp9r/placid-badger/.context/placid-badger/metolius-simulator-3d-jagged/ios/after-captures/jug-left-orbit.png
jug-left-orbit
Detected file type from extension: PNG
Note: No display specified. Defaulting to display: 21C220F8-D85B-49B7-BF25-29F7494FA4AB (screenID: 1, name: LCD)
Wrote screenshot to: /Users/asherlc/.paseo/worktrees/0h78jp9r/placid-badger/.context/placid-badger/metolius-simulator-3d-jagged/ios/after-captures/flat-left.png
flat-left
Detected file type from extension: PNG
Note: No display specified. Defaulting to display: 21C220F8-D85B-49B7-BF25-29F7494FA4AB (screenID: 1, name: LCD)
Wrote screenshot to: /Users/asherlc/.paseo/worktrees/0h78jp9r/placid-badger/.context/placid-badger/metolius-simulator-3d-jagged/ios/after-captures/flat-left-orbit.png
flat-left-orbit
Detected file type from extension: PNG
Note: No display specified. Defaulting to display: 21C220F8-D85B-49B7-BF25-29F7494FA4AB (screenID: 1, name: LCD)
Wrote screenshot to: /Users/asherlc/.paseo/worktrees/0h78jp9r/placid-badger/.context/placid-badger/metolius-simulator-3d-jagged/ios/after-captures/round-center.png
round-center
Detected file type from extension: PNG
Note: No display specified. Defaulting to display: 21C220F8-D85B-49B7-BF25-29F7494FA4AB (screenID: 1, name: LCD)
Wrote screenshot to: /Users/asherlc/.paseo/worktrees/0h78jp9r/placid-badger/.context/placid-badger/metolius-simulator-3d-jagged/ios/after-captures/round-center-orbit.png
round-center-orbit
Detected file type from extension: PNG
Note: No display specified. Defaulting to display: 21C220F8-D85B-49B7-BF25-29F7494FA4AB (screenID: 1, name: LCD)
Wrote screenshot to: /Users/asherlc/.paseo/worktrees/0h78jp9r/placid-badger/.context/placid-badger/metolius-simulator-3d-jagged/ios/after-captures/shallow-edge.png
shallow-edge
Detected file type from extension: PNG
Note: No display specified. Defaulting to display: 21C220F8-D85B-49B7-BF25-29F7494FA4AB (screenID: 1, name: LCD)
Wrote screenshot to: /Users/asherlc/.paseo/worktrees/0h78jp9r/placid-badger/.context/placid-badger/metolius-simulator-3d-jagged/ios/after-captures/deep-pocket.png
deep-pocket
{"captured": 8, "actualOrbitsVerified": 3, "phase": "after", "sourceSHA256": "8fa07c203943d849101ba80926fb6c1d69c2ace7dff982a68f6e8a6476f618f7"}
