Monitoring boot status for Hang Ten Paseo placid-badger-cad-second-half Review Zlagboard Pro 20261002 (9B0B559E-0E57-4C3F-9685-E5892BC41E30).
[2026-10-02 13:47:42 +0000] Status=2, isTerminal=NO, Elapsed=00:01.
	Waiting on Data Migration
		Reason:(null)
		Migration Elapsed:00:00 seconds

[2026-10-02 13:47:43 +0000] Status=2, isTerminal=NO, Elapsed=00:02.
	Waiting on Data Migration
		Reason:Running plugin com.apple.managedconfiguration.migrator (MCProfile.migrator, user-agnostic)
		Migration Elapsed:00:00 seconds

[2026-10-02 13:47:44 +0000] Status=2, isTerminal=NO, Elapsed=00:03.
	Waiting on Data Migration
		Reason:Running plugin com.apple.managedconfiguration.migrator (MCProfile.migrator, user-agnostic)
		Migration Elapsed:00:01 seconds

[2026-10-02 13:47:45 +0000] Status=2, isTerminal=NO, Elapsed=00:04.
	Waiting on Data Migration
		Reason:Running plugin com.apple.managedconfiguration.migrator (MCProfile.migrator, user-agnostic)
		Migration Elapsed:00:02 seconds

[2026-10-02 13:47:46 +0000] Status=2, isTerminal=NO, Elapsed=00:05.
	Waiting on Data Migration
		Reason:Running plugin com.apple.MobileGestalt.MobileGestaltMigrator (MobileGestaltMigrator.migrator, user-agnostic)
		Migration Elapsed:00:03 seconds

[2026-10-02 13:47:47 +0000] Status=2, isTerminal=NO, Elapsed=00:06.
	Waiting on Data Migration
		Reason:Running plugin com.apple.locationd.migrator (CoreLocationMigrator.migrator)
		Migration Elapsed:00:04 seconds

[2026-10-02 13:47:48 +0000] Status=2, isTerminal=NO, Elapsed=00:07.
	Waiting on Data Migration
		Reason:Running plugin com.apple.locationd.migrator (CoreLocationMigrator.migrator)
		Migration Elapsed:00:05 seconds

[2026-10-02 13:47:49 +0000] Status=2, isTerminal=NO, Elapsed=00:08.
	Waiting on Data Migration
		Reason:Running plugin com.apple.MobileAsset (MobileAsset.migrator)
		Migration Elapsed:00:06 seconds

[2026-10-02 13:47:50 +0000] Status=4, isTerminal=NO, Elapsed=00:09.
	Waiting on System App

[2026-10-02 13:47:51 +0000] Status=4, isTerminal=NO, Elapsed=00:10.
	Waiting on System App

[2026-10-02 13:47:52 +0000] Status=4, isTerminal=NO, Elapsed=00:11.
	Waiting on System App

[2026-10-02 13:47:53 +0000] Status=4, isTerminal=NO, Elapsed=00:12.
	Waiting on System App

[2026-10-02 13:47:54 +0000] Status=4, isTerminal=NO, Elapsed=00:13.
	Waiting on System App

[2026-10-02 13:47:55 +0000] Status=4, isTerminal=NO, Elapsed=00:14.
	Waiting on System App

[2026-10-02 13:47:56 +0000] Status=4, isTerminal=NO, Elapsed=00:15.
	Waiting on System App

[2026-10-02 13:47:57 +0000] Status=4, isTerminal=NO, Elapsed=00:16.
	Waiting on System App

[2026-10-02 13:47:58 +0000] Status=4, isTerminal=NO, Elapsed=00:17.
	Waiting on System App

[2026-10-02 13:47:59 +0000] Status=4, isTerminal=NO, Elapsed=00:18.
	Waiting on System App

[2026-10-02 13:48:00 +0000] Status=4, isTerminal=NO, Elapsed=00:19.
	Waiting on System App

[2026-10-02 13:48:01 +0000] Status=4, isTerminal=NO, Elapsed=00:20.
	Waiting on System App

[2026-10-02 13:48:02 +0000] Status=4, isTerminal=NO, Elapsed=00:21.
	Waiting on System App

[2026-10-02 13:48:03 +0000] Status=4, isTerminal=NO, Elapsed=00:22.
	Waiting on System App

[2026-10-02 13:48:04 +0000] Status=4, isTerminal=NO, Elapsed=00:23.
	Waiting on System App

[2026-10-02 13:48:05 +0000] Status=4, isTerminal=NO, Elapsed=00:24.
	Waiting on System App

[2026-10-02 13:48:06 +0000] Status=4, isTerminal=NO, Elapsed=00:25.
	Waiting on System App

[2026-10-02 13:48:07 +0000] Status=4, isTerminal=NO, Elapsed=00:26.
	Waiting on System App

[2026-10-02 13:48:08 +0000] Status=4, isTerminal=NO, Elapsed=00:27.
	Waiting on System App

[2026-10-02 13:48:09 +0000] Status=4, isTerminal=NO, Elapsed=00:28.
	Waiting on System App

[2026-10-02 13:48:10 +0000] Status=4, isTerminal=NO, Elapsed=00:29.
	Waiting on System App

[2026-10-02 13:48:11 +0000] Status=4, isTerminal=NO, Elapsed=00:30.
	Waiting on System App

[2026-10-02 13:48:12 +0000] Status=4, isTerminal=NO, Elapsed=00:31.
	Waiting on System App

[2026-10-02 13:48:13 +0000] Status=4, isTerminal=NO, Elapsed=00:32.
	Waiting on System App

[2026-10-02 13:48:14 +0000] Status=4, isTerminal=NO, Elapsed=00:33.
	Waiting on System App

[2026-10-02 13:48:15 +0000] Status=4, isTerminal=NO, Elapsed=00:34.
	Waiting on System App

[2026-10-02 13:48:16 +0000] Status=4, isTerminal=NO, Elapsed=00:35.
	Waiting on System App

[2026-10-02 13:48:17 +0000] Status=4, isTerminal=NO, Elapsed=00:36.
	Waiting on System App

[2026-10-02 13:48:18 +0000] Status=4, isTerminal=NO, Elapsed=00:37.
	Waiting on System App

[2026-10-02 13:48:19 +0000] Status=4, isTerminal=NO, Elapsed=00:38.
	Waiting on System App

[2026-10-02 13:48:20 +0000] Status=4, isTerminal=NO, Elapsed=00:39.
	Waiting on System App

[2026-10-02 13:48:21 +0000] Status=4, isTerminal=NO, Elapsed=00:40.
	Waiting on System App

[2026-10-02 13:48:22 +0000] Status=4, isTerminal=NO, Elapsed=00:41.
	Waiting on System App

[2026-10-02 13:48:23 +0000] Status=4, isTerminal=NO, Elapsed=00:42.
	Waiting on System App

[2026-10-02 13:48:24 +0000] Status=4, isTerminal=NO, Elapsed=00:43.
	Waiting on System App

[2026-10-02 13:48:25 +0000] Status=4, isTerminal=NO, Elapsed=00:44.
	Waiting on System App

[2026-10-02 13:48:26 +0000] Status=4, isTerminal=NO, Elapsed=00:45.
	Waiting on System App

[2026-10-02 13:48:27 +0000] Status=4, isTerminal=NO, Elapsed=00:46.
	Waiting on System App

[2026-10-02 13:48:28 +0000] Status=4, isTerminal=NO, Elapsed=00:47.
	Waiting on System App

[2026-10-02 13:48:29 +0000] Status=4, isTerminal=NO, Elapsed=00:48.
	Waiting on System App

[2026-10-02 13:48:30 +0000] Status=4, isTerminal=NO, Elapsed=00:49.
	Waiting on System App

[2026-10-02 13:48:31 +0000] Status=4, isTerminal=NO, Elapsed=00:50.
	Waiting on System App

[2026-10-02 13:48:32 +0000] Status=4, isTerminal=NO, Elapsed=00:51.
	Waiting on System App

[2026-10-02 13:48:33 +0000] Status=4, isTerminal=NO, Elapsed=00:52.
	Waiting on System App

[2026-10-02 13:48:34 +0000] Status=4, isTerminal=NO, Elapsed=00:53.
	Waiting on System App

[2026-10-02 13:48:35 +0000] Status=4, isTerminal=NO, Elapsed=00:54.
	Waiting on System App

[2026-10-02 13:48:36 +0000] Status=4, isTerminal=NO, Elapsed=00:55.
	Waiting on System App

[2026-10-02 13:48:37 +0000] Status=4, isTerminal=NO, Elapsed=00:56.
	Waiting on System App

[2026-10-02 13:48:38 +0000] Status=4, isTerminal=NO, Elapsed=00:57.
	Waiting on System App

[2026-10-02 13:48:39 +0000] Status=4, isTerminal=NO, Elapsed=00:58.
	Waiting on System App

[2026-10-02 13:48:40 +0000] Status=4, isTerminal=NO, Elapsed=00:59.
	Waiting on System App

[2026-10-02 13:48:41 +0000] Status=4, isTerminal=NO, Elapsed=01:00.
	Waiting on System App

[2026-10-02 13:48:42 +0000] Status=4, isTerminal=NO, Elapsed=01:01.
	Waiting on System App

[2026-10-02 13:48:43 +0000] Status=4, isTerminal=NO, Elapsed=01:02.
	Waiting on System App

[2026-10-02 13:48:44 +0000] Status=4, isTerminal=NO, Elapsed=01:03.
	Waiting on System App

[2026-10-02 13:48:45 +0000] Status=4, isTerminal=NO, Elapsed=01:04.
	Waiting on System App

[2026-10-02 13:48:46 +0000] Status=4, isTerminal=NO, Elapsed=01:05.
	Waiting on System App

[2026-10-02 13:48:47 +0000] Status=4, isTerminal=NO, Elapsed=01:06.
	Waiting on System App

[2026-10-02 13:48:48 +0000] Status=4, isTerminal=NO, Elapsed=01:07.
	Waiting on System App

[2026-10-02 13:48:49 +0000] Status=4, isTerminal=NO, Elapsed=01:08.
	Waiting on System App

[2026-10-02 13:48:50 +0000] Status=4, isTerminal=NO, Elapsed=01:09.
	Waiting on System App

[2026-10-02 13:48:51 +0000] Status=4, isTerminal=NO, Elapsed=01:10.
	Waiting on System App

[2026-10-02 13:48:52 +0000] Status=4, isTerminal=NO, Elapsed=01:11.
	Waiting on System App

[2026-10-02 13:48:53 +0000] Status=4, isTerminal=NO, Elapsed=01:12.
	Waiting on System App

[2026-10-02 13:48:54 +0000] Status=4, isTerminal=NO, Elapsed=01:13.
	Waiting on System App

[2026-10-02 13:48:55 +0000] Status=4, isTerminal=NO, Elapsed=01:14.
	Waiting on System App

[2026-10-02 13:48:56 +0000] Status=4, isTerminal=NO, Elapsed=01:15.
	Waiting on System App

[2026-10-02 13:48:57 +0000] Status=4, isTerminal=NO, Elapsed=01:16.
	Waiting on System App

[2026-10-02 13:48:58 +0000] Status=4, isTerminal=NO, Elapsed=01:17.
	Waiting on System App

[2026-10-02 13:48:59 +0000] Status=4, isTerminal=NO, Elapsed=01:18.
	Waiting on System App

[2026-10-02 13:49:00 +0000] Status=4, isTerminal=NO, Elapsed=01:19.
	Waiting on System App

[2026-10-02 13:49:01 +0000] Status=4, isTerminal=NO, Elapsed=01:20.
	Waiting on System App

[2026-10-02 13:49:02 +0000] Status=4, isTerminal=NO, Elapsed=01:21.
	Waiting on System App

[2026-10-02 13:49:03 +0000] Status=4, isTerminal=NO, Elapsed=01:22.
	Waiting on System App

[2026-10-02 13:49:04 +0000] Status=4, isTerminal=NO, Elapsed=01:23.
	Waiting on System App

[2026-10-02 13:49:05 +0000] Status=4, isTerminal=NO, Elapsed=01:24.
	Waiting on System App

[2026-10-02 13:49:06 +0000] Status=4, isTerminal=NO, Elapsed=01:25.
	Waiting on System App

[2026-10-02 13:49:07 +0000] Status=4, isTerminal=NO, Elapsed=01:26.
	Waiting on System App

[2026-10-02 13:49:08 +0000] Status=4, isTerminal=NO, Elapsed=01:27.
	Waiting on System App

[2026-10-02 13:49:09 +0000] Status=4, isTerminal=NO, Elapsed=01:28.
	Waiting on System App

[2026-10-02 13:49:10 +0000] Status=4, isTerminal=NO, Elapsed=01:29.
	Waiting on System App

[2026-10-02 13:49:11 +0000] Status=4, isTerminal=NO, Elapsed=01:30.
	Waiting on System App

[2026-10-02 13:49:12 +0000] Status=4, isTerminal=NO, Elapsed=01:31.
	Waiting on System App

[2026-10-02 13:49:13 +0000] Status=4, isTerminal=NO, Elapsed=01:32.
	Waiting on System App

[2026-10-02 13:49:14 +0000] Status=4, isTerminal=NO, Elapsed=01:33.
	Waiting on System App

[2026-10-02 13:49:15 +0000] Status=4, isTerminal=NO, Elapsed=01:34.
	Waiting on System App

[2026-10-02 13:49:16 +0000] Status=4, isTerminal=NO, Elapsed=01:35.
	Waiting on System App

[2026-10-02 13:49:17 +0000] Status=4, isTerminal=NO, Elapsed=01:36.
	Waiting on System App

[2026-10-02 13:49:18 +0000] Status=4, isTerminal=NO, Elapsed=01:37.
	Waiting on System App

[2026-10-02 13:49:19 +0000] Status=4, isTerminal=NO, Elapsed=01:38.
	Waiting on System App

[2026-10-02 13:49:20 +0000] Status=4, isTerminal=NO, Elapsed=01:39.
	Waiting on System App

[2026-10-02 13:49:21 +0000] Status=4, isTerminal=NO, Elapsed=01:40.
	Waiting on System App

[2026-10-02 13:49:22 +0000] Status=4, isTerminal=NO, Elapsed=01:41.
	Waiting on System App

[2026-10-02 13:49:23 +0000] Status=4, isTerminal=NO, Elapsed=01:42.
	Waiting on System App

[2026-10-02 13:49:24 +0000] Status=4, isTerminal=NO, Elapsed=01:43.
	Waiting on System App

[2026-10-02 13:49:25 +0000] Status=4, isTerminal=NO, Elapsed=01:44.
	Waiting on System App

[2026-10-02 13:49:26 +0000] Status=4, isTerminal=NO, Elapsed=01:45.
	Waiting on System App

[2026-10-02 13:49:27 +0000] Status=4, isTerminal=NO, Elapsed=01:46.
	Waiting on System App

[2026-10-02 13:49:28 +0000] Status=4, isTerminal=NO, Elapsed=01:47.
	Waiting on System App

[2026-10-02 13:49:29 +0000] Status=4, isTerminal=NO, Elapsed=01:48.
	Waiting on System App

[2026-10-02 13:49:30 +0000] Status=4, isTerminal=NO, Elapsed=01:49.
	Waiting on System App

[2026-10-02 13:49:31 +0000] Status=4, isTerminal=NO, Elapsed=01:50.
	Waiting on System App

[2026-10-02 13:49:32 +0000] Status=4, isTerminal=NO, Elapsed=01:51.
	Waiting on System App

[2026-10-02 13:49:33 +0000] Status=4, isTerminal=NO, Elapsed=01:52.
	Waiting on System App

[2026-10-02 13:49:34 +0000] Status=4, isTerminal=NO, Elapsed=01:53.
	Waiting on System App

[2026-10-02 13:49:35 +0000] Status=4, isTerminal=NO, Elapsed=01:54.
	Waiting on System App

[2026-10-02 13:49:36 +0000] Status=4, isTerminal=NO, Elapsed=01:55.
	Waiting on System App

[2026-10-02 13:49:37 +0000] Status=4, isTerminal=NO, Elapsed=01:56.
	Waiting on System App

[2026-10-02 13:49:38 +0000] Status=4, isTerminal=NO, Elapsed=01:57.
	Waiting on System App

[2026-10-02 13:49:39 +0000] Status=4, isTerminal=NO, Elapsed=01:58.
	Waiting on System App

[2026-10-02 13:49:40 +0000] Status=4, isTerminal=NO, Elapsed=01:59.
	Waiting on System App

[2026-10-02 13:49:41 +0000] Status=4, isTerminal=NO, Elapsed=02:00.
	Waiting on System App

[2026-10-02 13:49:42 +0000] Status=4, isTerminal=NO, Elapsed=02:01.
	Waiting on System App

[2026-10-02 13:49:43 +0000] Status=4, isTerminal=NO, Elapsed=02:02.
	Waiting on System App

[2026-10-02 13:49:44 +0000] Status=4, isTerminal=NO, Elapsed=02:03.
	Waiting on System App

[2026-10-02 13:49:45 +0000] Status=4, isTerminal=NO, Elapsed=02:04.
	Waiting on System App

[2026-10-02 13:49:46 +0000] Status=4, isTerminal=NO, Elapsed=02:05.
	Waiting on System App

[2026-10-02 13:49:47 +0000] Status=4, isTerminal=NO, Elapsed=02:06.
	Waiting on System App

[2026-10-02 13:49:48 +0000] Status=4, isTerminal=NO, Elapsed=02:07.
	Waiting on System App

[2026-10-02 13:49:49 +0000] Status=4, isTerminal=NO, Elapsed=02:08.
	Waiting on System App

[2026-10-02 13:49:50 +0000] Status=4, isTerminal=NO, Elapsed=02:09.
	Waiting on System App

[2026-10-02 13:49:51 +0000] Status=4, isTerminal=NO, Elapsed=02:10.
	Waiting on System App

[2026-10-02 13:49:52 +0000] Status=4, isTerminal=NO, Elapsed=02:11.
	Waiting on System App

[2026-10-02 13:49:53 +0000] Status=4, isTerminal=NO, Elapsed=02:12.
	Waiting on System App

[2026-10-02 13:49:54 +0000] Status=4, isTerminal=NO, Elapsed=02:13.
	Waiting on System App

[2026-10-02 13:49:55 +0000] Status=4, isTerminal=NO, Elapsed=02:14.
	Waiting on System App

[2026-10-02 13:49:56 +0000] Status=4, isTerminal=NO, Elapsed=02:15.
	Waiting on System App

[2026-10-02 13:49:57 +0000] Status=4, isTerminal=NO, Elapsed=02:16.
	Waiting on System App

[2026-10-02 13:49:58 +0000] Status=4, isTerminal=NO, Elapsed=02:17.
	Waiting on System App

[2026-10-02 13:49:59 +0000] Status=4, isTerminal=NO, Elapsed=02:18.
	Waiting on System App

[2026-10-02 13:50:00 +0000] Status=4, isTerminal=NO, Elapsed=02:19.
	Waiting on System App

[2026-10-02 13:50:01 +0000] Status=4, isTerminal=NO, Elapsed=02:20.
	Waiting on System App

[2026-10-02 13:50:02 +0000] Status=4, isTerminal=NO, Elapsed=02:21.
	Waiting on System App

[2026-10-02 13:50:03 +0000] Status=4, isTerminal=NO, Elapsed=02:22.
	Waiting on System App

[2026-10-02 13:50:04 +0000] Status=4, isTerminal=NO, Elapsed=02:23.
	Waiting on System App

[2026-10-02 13:50:05 +0000] Status=4, isTerminal=NO, Elapsed=02:24.
	Waiting on System App

[2026-10-02 13:50:06 +0000] Status=4, isTerminal=NO, Elapsed=02:25.
	Waiting on System App

[2026-10-02 13:50:07 +0000] Status=4, isTerminal=NO, Elapsed=02:26.
	Waiting on System App

[2026-10-02 13:50:08 +0000] Status=4, isTerminal=NO, Elapsed=02:27.
	Waiting on System App

[2026-10-02 13:50:09 +0000] Status=4, isTerminal=NO, Elapsed=02:28.
	Waiting on System App

[2026-10-02 13:50:10 +0000] Status=4, isTerminal=NO, Elapsed=02:29.
	Waiting on System App

[2026-10-02 13:50:11 +0000] Status=4, isTerminal=NO, Elapsed=02:30.
	Waiting on System App

[2026-10-02 13:50:12 +0000] Status=4, isTerminal=NO, Elapsed=02:31.
	Waiting on System App

[2026-10-02 13:50:13 +0000] Status=4, isTerminal=NO, Elapsed=02:32.
	Waiting on System App

[2026-10-02 13:50:14 +0000] Status=4, isTerminal=NO, Elapsed=02:33.
	Waiting on System App

[2026-10-02 13:50:15 +0000] Status=4, isTerminal=NO, Elapsed=02:34.
	Waiting on System App

[2026-10-02 13:50:16 +0000] Status=4, isTerminal=NO, Elapsed=02:35.
	Waiting on System App

[2026-10-02 13:50:17 +0000] Status=4, isTerminal=NO, Elapsed=02:36.
	Waiting on System App

[2026-10-02 13:50:18 +0000] Status=4, isTerminal=NO, Elapsed=02:37.
	Waiting on System App

[2026-10-02 13:50:19 +0000] Status=4, isTerminal=NO, Elapsed=02:38.
	Waiting on System App

[2026-10-02 13:50:20 +0000] Status=4, isTerminal=NO, Elapsed=02:39.
	Waiting on System App

[2026-10-02 13:50:21 +0000] Status=4, isTerminal=NO, Elapsed=02:40.
	Waiting on System App

[2026-10-02 13:50:22 +0000] Status=4, isTerminal=NO, Elapsed=02:41.
	Waiting on System App

[2026-10-02 13:50:23 +0000] Status=4, isTerminal=NO, Elapsed=02:42.
	Waiting on System App

[2026-10-02 13:50:24 +0000] Status=4, isTerminal=NO, Elapsed=02:43.
	Waiting on System App

[2026-10-02 13:50:25 +0000] Status=4, isTerminal=NO, Elapsed=02:44.
	Waiting on System App

[2026-10-02 13:50:26 +0000] Status=4, isTerminal=NO, Elapsed=02:45.
	Waiting on System App

[2026-10-02 13:50:27 +0000] Status=4, isTerminal=NO, Elapsed=02:46.
	Waiting on System App

[2026-10-02 13:50:28 +0000] Status=4, isTerminal=NO, Elapsed=02:47.
	Waiting on System App

[2026-10-02 13:50:29 +0000] Status=4, isTerminal=NO, Elapsed=02:48.
	Waiting on System App

[2026-10-02 13:50:30 +0000] Status=4, isTerminal=NO, Elapsed=02:49.
	Waiting on System App

[2026-10-02 13:50:31 +0000] Status=4, isTerminal=NO, Elapsed=02:50.
	Waiting on System App

[2026-10-02 13:50:32 +0000] Status=4, isTerminal=NO, Elapsed=02:51.
	Waiting on System App

[2026-10-02 13:50:33 +0000] Status=4, isTerminal=NO, Elapsed=02:52.
	Waiting on System App

[2026-10-02 13:50:34 +0000] Status=4, isTerminal=NO, Elapsed=02:53.
	Waiting on System App

[2026-10-02 13:50:35 +0000] Status=4, isTerminal=NO, Elapsed=02:54.
	Waiting on System App

[2026-10-02 13:50:36 +0000] Status=4, isTerminal=NO, Elapsed=02:55.
	Waiting on System App

[2026-10-02 13:50:37 +0000] Status=4, isTerminal=NO, Elapsed=02:56.
	Waiting on System App

[2026-10-02 13:50:38 +0000] Status=4, isTerminal=NO, Elapsed=02:57.
	Waiting on System App

[2026-10-02 13:50:39 +0000] Status=4, isTerminal=NO, Elapsed=02:58.
	Waiting on System App

[2026-10-02 13:50:40 +0000] Status=4, isTerminal=NO, Elapsed=02:59.
	Waiting on System App

[2026-10-02 13:50:41 +0000] Status=4, isTerminal=NO, Elapsed=03:00.
	Waiting on System App

[2026-10-02 13:50:42 +0000] Status=4, isTerminal=NO, Elapsed=03:01.
	Waiting on System App

[2026-10-02 13:50:43 +0000] Status=4, isTerminal=NO, Elapsed=03:02.
	Waiting on System App

[2026-10-02 13:50:44 +0000] Status=4, isTerminal=NO, Elapsed=03:03.
	Waiting on System App

[2026-10-02 13:50:45 +0000] Status=4, isTerminal=NO, Elapsed=03:04.
	Waiting on System App

[2026-10-02 13:50:46 +0000] Status=4, isTerminal=NO, Elapsed=03:05.
	Waiting on System App

[2026-10-02 13:50:47 +0000] Status=4, isTerminal=NO, Elapsed=03:06.
	Waiting on System App

[2026-10-02 13:50:48 +0000] Status=4, isTerminal=NO, Elapsed=03:07.
	Waiting on System App

[2026-10-02 13:50:49 +0000] Status=4, isTerminal=NO, Elapsed=03:08.
	Waiting on System App

[2026-10-02 13:50:50 +0000] Status=4, isTerminal=NO, Elapsed=03:09.
	Waiting on System App

[2026-10-02 13:50:51 +0000] Status=4, isTerminal=NO, Elapsed=03:10.
	Waiting on System App

[2026-10-02 13:50:52 +0000] Status=4, isTerminal=NO, Elapsed=03:11.
	Waiting on System App

[2026-10-02 13:50:53 +0000] Status=4, isTerminal=NO, Elapsed=03:12.
	Waiting on System App

[2026-10-02 13:50:54 +0000] Status=4, isTerminal=NO, Elapsed=03:13.
	Waiting on System App

[2026-10-02 13:50:55 +0000] Status=4, isTerminal=NO, Elapsed=03:14.
	Waiting on System App

[2026-10-02 13:50:56 +0000] Status=4, isTerminal=NO, Elapsed=03:15.
	Waiting on System App

[2026-10-02 13:50:57 +0000] Status=4, isTerminal=NO, Elapsed=03:16.
	Waiting on System App

[2026-10-02 13:50:58 +0000] Status=4, isTerminal=NO, Elapsed=03:17.
	Waiting on System App

[2026-10-02 13:50:59 +0000] Status=4, isTerminal=NO, Elapsed=03:18.
	Waiting on System App

[2026-10-02 13:51:00 +0000] Status=4, isTerminal=NO, Elapsed=03:19.
	Waiting on System App

[2026-10-02 13:51:01 +0000] Status=4, isTerminal=NO, Elapsed=03:20.
	Waiting on System App

[2026-10-02 13:51:02 +0000] Status=4, isTerminal=NO, Elapsed=03:21.
	Waiting on System App

[2026-10-02 13:51:03 +0000] Status=4, isTerminal=NO, Elapsed=03:22.
	Waiting on System App

[2026-10-02 13:51:04 +0000] Status=4, isTerminal=NO, Elapsed=03:23.
	Waiting on System App

[2026-10-02 13:51:05 +0000] Status=4, isTerminal=NO, Elapsed=03:24.
	Waiting on System App

[2026-10-02 13:51:06 +0000] Status=4, isTerminal=NO, Elapsed=03:25.
	Waiting on System App

[2026-10-02 13:51:07 +0000] Status=4, isTerminal=NO, Elapsed=03:26.
	Waiting on System App

[2026-10-02 13:51:08 +0000] Status=4, isTerminal=NO, Elapsed=03:27.
	Waiting on System App

[2026-10-02 13:51:09 +0000] Status=4, isTerminal=NO, Elapsed=03:28.
	Waiting on System App

[2026-10-02 13:51:10 +0000] Status=4, isTerminal=NO, Elapsed=03:29.
	Waiting on System App

[2026-10-02 13:51:11 +0000] Status=4, isTerminal=NO, Elapsed=03:30.
	Waiting on System App

[2026-10-02 13:51:12 +0000] Status=4, isTerminal=NO, Elapsed=03:31.
	Waiting on System App

[2026-10-02 13:51:13 +0000] Status=4, isTerminal=NO, Elapsed=03:32.
	Waiting on System App

[2026-10-02 13:51:14 +0000] Status=4, isTerminal=NO, Elapsed=03:33.
	Waiting on System App

[2026-10-02 13:51:15 +0000] Status=4, isTerminal=NO, Elapsed=03:34.
	Waiting on System App

[2026-10-02 13:51:16 +0000] Status=4, isTerminal=NO, Elapsed=03:35.
	Waiting on System App

[2026-10-02 13:51:17 +0000] Status=4, isTerminal=NO, Elapsed=03:36.
	Waiting on System App

[2026-10-02 13:51:18 +0000] Status=4, isTerminal=NO, Elapsed=03:37.
	Waiting on System App

[2026-10-02 13:51:19 +0000] Status=4, isTerminal=NO, Elapsed=03:38.
	Waiting on System App

[2026-10-02 13:51:20 +0000] Status=4, isTerminal=NO, Elapsed=03:39.
	Waiting on System App

[2026-10-02 13:51:21 +0000] Status=4, isTerminal=NO, Elapsed=03:40.
	Waiting on System App

[2026-10-02 13:51:22 +0000] Status=4, isTerminal=NO, Elapsed=03:41.
	Waiting on System App

[2026-10-02 13:51:23 +0000] Status=4, isTerminal=NO, Elapsed=03:42.
	Waiting on System App

[2026-10-02 13:51:24 +0000] Status=4, isTerminal=NO, Elapsed=03:43.
	Waiting on System App

[2026-10-02 13:51:25 +0000] Status=4, isTerminal=NO, Elapsed=03:44.
	Waiting on System App

[2026-10-02 13:51:26 +0000] Status=4, isTerminal=NO, Elapsed=03:45.
	Waiting on System App

[2026-10-02 13:51:27 +0000] Status=4, isTerminal=NO, Elapsed=03:46.
	Waiting on System App

[2026-10-02 13:51:28 +0000] Status=4, isTerminal=NO, Elapsed=03:47.
	Waiting on System App

[2026-10-02 13:51:29 +0000] Status=4, isTerminal=NO, Elapsed=03:48.
	Waiting on System App

[2026-10-02 13:51:30 +0000] Status=4, isTerminal=NO, Elapsed=03:49.
	Waiting on System App

[2026-10-02 13:51:31 +0000] Status=4, isTerminal=NO, Elapsed=03:50.
	Waiting on System App

[2026-10-02 13:51:32 +0000] Status=4, isTerminal=NO, Elapsed=03:51.
	Waiting on System App

[2026-10-02 13:51:33 +0000] Status=4, isTerminal=NO, Elapsed=03:52.
	Waiting on System App

[2026-10-02 13:51:34 +0000] Status=4, isTerminal=NO, Elapsed=03:53.
	Waiting on System App

[2026-10-02 13:51:35 +0000] Status=4, isTerminal=NO, Elapsed=03:54.
	Waiting on System App

[2026-10-02 13:51:36 +0000] Status=4, isTerminal=NO, Elapsed=03:55.
	Waiting on System App

[2026-10-02 13:51:37 +0000] Status=4, isTerminal=NO, Elapsed=03:56.
	Waiting on System App

[2026-10-02 13:51:38 +0000] Status=4, isTerminal=NO, Elapsed=03:57.
	Waiting on System App

[2026-10-02 13:51:39 +0000] Status=4, isTerminal=NO, Elapsed=03:58.
	Waiting on System App

[2026-10-02 13:51:40 +0000] Status=4, isTerminal=NO, Elapsed=03:59.
	Waiting on System App

[2026-10-02 13:51:41 +0000] Status=4, isTerminal=NO, Elapsed=04:00.
	Waiting on System App

[2026-10-02 13:51:42 +0000] Status=4, isTerminal=NO, Elapsed=04:01.
	Waiting on System App

[2026-10-02 13:51:43 +0000] Status=4, isTerminal=NO, Elapsed=04:02.
	Waiting on System App

[2026-10-02 13:51:44 +0000] Status=4, isTerminal=NO, Elapsed=04:03.
	Waiting on System App

[2026-10-02 13:51:45 +0000] Status=4, isTerminal=NO, Elapsed=04:04.
	Waiting on System App

[2026-10-02 13:51:46 +0000] Status=4, isTerminal=NO, Elapsed=04:05.
	Waiting on System App

[2026-10-02 13:51:47 +0000] Status=4, isTerminal=NO, Elapsed=04:06.
	Waiting on System App

[2026-10-02 13:51:48 +0000] Status=4, isTerminal=NO, Elapsed=04:07.
	Waiting on System App

[2026-10-02 13:51:49 +0000] Status=4, isTerminal=NO, Elapsed=04:08.
	Waiting on System App

[2026-10-02 13:51:50 +0000] Status=4, isTerminal=NO, Elapsed=04:09.
	Waiting on System App

[2026-10-02 13:51:51 +0000] Status=4, isTerminal=NO, Elapsed=04:10.
	Waiting on System App

[2026-10-02 13:51:52 +0000] Status=4, isTerminal=NO, Elapsed=04:11.
	Waiting on System App

[2026-10-02 13:51:53 +0000] Status=4, isTerminal=NO, Elapsed=04:12.
	Waiting on System App

[2026-10-02 13:51:54 +0000] Status=4, isTerminal=NO, Elapsed=04:13.
	Waiting on System App

[2026-10-02 13:51:55 +0000] Status=4, isTerminal=NO, Elapsed=04:14.
	Waiting on System App

[2026-10-02 13:51:56 +0000] Status=4, isTerminal=NO, Elapsed=04:15.
	Waiting on System App

[2026-10-02 13:51:57 +0000] Status=4, isTerminal=NO, Elapsed=04:16.
	Waiting on System App

[2026-10-02 13:51:58 +0000] Status=4, isTerminal=NO, Elapsed=04:17.
	Waiting on System App

[2026-10-02 13:51:59 +0000] Status=4, isTerminal=NO, Elapsed=04:18.
	Waiting on System App

[2026-10-02 13:52:00 +0000] Status=4, isTerminal=NO, Elapsed=04:19.
	Waiting on System App

[2026-10-02 13:52:01 +0000] Status=4, isTerminal=NO, Elapsed=04:20.
	Waiting on System App

[2026-10-02 13:52:02 +0000] Status=4, isTerminal=NO, Elapsed=04:21.
	Waiting on System App

[2026-10-02 13:52:03 +0000] Status=4, isTerminal=NO, Elapsed=04:22.
	Waiting on System App

[2026-10-02 13:52:04 +0000] Status=4, isTerminal=NO, Elapsed=04:23.
	Waiting on System App

[2026-10-02 13:52:05 +0000] Status=4, isTerminal=NO, Elapsed=04:24.
	Waiting on System App

[2026-10-02 13:52:06 +0000] Status=4, isTerminal=NO, Elapsed=04:25.
	Waiting on System App

[2026-10-02 13:52:07 +0000] Status=4, isTerminal=NO, Elapsed=04:26.
	Waiting on System App

[2026-10-02 13:52:08 +0000] Status=4, isTerminal=NO, Elapsed=04:27.
	Waiting on System App

[2026-10-02 13:52:09 +0000] Status=4, isTerminal=NO, Elapsed=04:28.
	Waiting on System App

[2026-10-02 13:52:10 +0000] Status=4, isTerminal=NO, Elapsed=04:29.
	Waiting on System App

[2026-10-02 13:52:11 +0000] Status=4, isTerminal=NO, Elapsed=04:30.
	Waiting on System App

[2026-10-02 13:52:12 +0000] Status=4, isTerminal=NO, Elapsed=04:31.
	Waiting on System App

[2026-10-02 13:52:13 +0000] Status=4, isTerminal=NO, Elapsed=04:32.
	Waiting on System App

[2026-10-02 13:52:14 +0000] Status=4, isTerminal=NO, Elapsed=04:33.
	Waiting on System App

[2026-10-02 13:52:15 +0000] Status=4, isTerminal=NO, Elapsed=04:34.
	Waiting on System App

[2026-10-02 13:52:16 +0000] Status=4, isTerminal=NO, Elapsed=04:35.
	Waiting on System App

[2026-10-02 13:52:17 +0000] Status=4, isTerminal=NO, Elapsed=04:36.
	Waiting on System App

[2026-10-02 13:52:18 +0000] Status=4, isTerminal=NO, Elapsed=04:37.
	Waiting on System App

[2026-10-02 13:52:19 +0000] Status=4, isTerminal=NO, Elapsed=04:38.
	Waiting on System App

[2026-10-02 13:52:20 +0000] Status=4, isTerminal=NO, Elapsed=04:39.
	Waiting on System App

[2026-10-02 13:52:21 +0000] Status=4, isTerminal=NO, Elapsed=04:40.
	Waiting on System App

[2026-10-02 13:52:22 +0000] Status=4, isTerminal=NO, Elapsed=04:41.
	Waiting on System App

[2026-10-02 13:52:23 +0000] Status=4, isTerminal=NO, Elapsed=04:42.
	Waiting on System App

[2026-10-02 13:52:24 +0000] Status=4, isTerminal=NO, Elapsed=04:43.
	Waiting on System App

[2026-10-02 13:52:25 +0000] Status=4, isTerminal=NO, Elapsed=04:44.
	Waiting on System App

[2026-10-02 13:52:26 +0000] Status=4, isTerminal=NO, Elapsed=04:45.
	Waiting on System App

[2026-10-02 13:52:27 +0000] Status=4, isTerminal=NO, Elapsed=04:46.
	Waiting on System App

[2026-10-02 13:52:28 +0000] Status=4, isTerminal=NO, Elapsed=04:47.
	Waiting on System App

[2026-10-02 13:52:29 +0000] Status=4, isTerminal=NO, Elapsed=04:48.
	Waiting on System App

[2026-10-02 13:52:30 +0000] Status=4, isTerminal=NO, Elapsed=04:49.
	Waiting on System App

[2026-10-02 13:52:31 +0000] Status=4, isTerminal=NO, Elapsed=04:50.
	Waiting on System App

[2026-10-02 13:52:32 +0000] Status=4, isTerminal=NO, Elapsed=04:51.
	Waiting on System App

[2026-10-02 13:52:33 +0000] Status=4, isTerminal=NO, Elapsed=04:52.
	Waiting on System App

[2026-10-02 13:52:34 +0000] Status=4, isTerminal=NO, Elapsed=04:53.
	Waiting on System App

[2026-10-02 13:52:35 +0000] Status=4, isTerminal=NO, Elapsed=04:54.
	Waiting on System App

[2026-10-02 13:52:36 +0000] Status=4, isTerminal=NO, Elapsed=04:55.
	Waiting on System App

[2026-10-02 13:52:37 +0000] Status=4, isTerminal=NO, Elapsed=04:56.
	Waiting on System App

[2026-10-02 13:52:38 +0000] Status=4, isTerminal=NO, Elapsed=04:57.
	Waiting on System App

[2026-10-02 13:52:39 +0000] Status=4, isTerminal=NO, Elapsed=04:58.
	Waiting on System App

[2026-10-02 13:52:40 +0000] Status=4, isTerminal=NO, Elapsed=04:59.
	Waiting on System App

[2026-10-02 13:52:41 +0000] Status=4, isTerminal=NO, Elapsed=05:00.
	Waiting on System App

[2026-10-02 13:52:42 +0000] Status=4, isTerminal=NO, Elapsed=05:01.
	Waiting on System App

[2026-10-02 13:52:43 +0000] Status=4, isTerminal=NO, Elapsed=05:02.
	Waiting on System App

[2026-10-02 13:52:44 +0000] Status=4, isTerminal=NO, Elapsed=05:03.
	Waiting on System App

[2026-10-02 13:52:45 +0000] Status=4, isTerminal=NO, Elapsed=05:04.
	Waiting on System App

[2026-10-02 13:52:46 +0000] Status=4, isTerminal=NO, Elapsed=05:05.
	Waiting on System App

[2026-10-02 13:52:47 +0000] Status=4, isTerminal=NO, Elapsed=05:06.
	Waiting on System App

[2026-10-02 13:52:48 +0000] Status=4, isTerminal=NO, Elapsed=05:07.
	Waiting on System App

[2026-10-02 13:52:49 +0000] Status=4, isTerminal=NO, Elapsed=05:08.
	Waiting on System App

[2026-10-02 13:52:50 +0000] Status=4, isTerminal=NO, Elapsed=05:09.
	Waiting on System App

[2026-10-02 13:52:51 +0000] Status=4, isTerminal=NO, Elapsed=05:10.
	Waiting on System App

[2026-10-02 13:52:52 +0000] Status=4, isTerminal=NO, Elapsed=05:11.
	Waiting on System App

[2026-10-02 13:52:53 +0000] Status=4, isTerminal=NO, Elapsed=05:12.
	Waiting on System App

[2026-10-02 13:52:54 +0000] Status=4, isTerminal=NO, Elapsed=05:13.
	Waiting on System App

[2026-10-02 13:52:55 +0000] Status=4, isTerminal=NO, Elapsed=05:14.
	Waiting on System App

[2026-10-02 13:52:56 +0000] Status=4, isTerminal=NO, Elapsed=05:15.
	Waiting on System App

[2026-10-02 13:52:57 +0000] Status=4, isTerminal=NO, Elapsed=05:16.
	Waiting on System App

[2026-10-02 13:52:58 +0000] Status=4, isTerminal=NO, Elapsed=05:17.
	Waiting on System App

[2026-10-02 13:52:59 +0000] Status=4, isTerminal=NO, Elapsed=05:18.
	Waiting on System App

[2026-10-02 13:53:00 +0000] Status=4, isTerminal=NO, Elapsed=05:19.
	Waiting on System App

[2026-10-02 13:53:01 +0000] Status=4, isTerminal=NO, Elapsed=05:20.
	Waiting on System App

[2026-10-02 13:53:02 +0000] Status=4, isTerminal=NO, Elapsed=05:21.
	Waiting on System App

[2026-10-02 13:53:03 +0000] Status=4, isTerminal=NO, Elapsed=05:22.
	Waiting on System App

[2026-10-02 13:53:04 +0000] Status=4, isTerminal=NO, Elapsed=05:23.
	Waiting on System App

[2026-10-02 13:53:05 +0000] Status=4, isTerminal=NO, Elapsed=05:24.
	Waiting on System App

[2026-10-02 13:53:06 +0000] Status=4, isTerminal=NO, Elapsed=05:25.
	Waiting on System App

[2026-10-02 13:53:07 +0000] Status=4, isTerminal=NO, Elapsed=05:26.
	Waiting on System App

[2026-10-02 13:53:08 +0000] Status=4, isTerminal=NO, Elapsed=05:27.
	Waiting on System App

[2026-10-02 13:53:09 +0000] Status=4, isTerminal=NO, Elapsed=05:28.
	Waiting on System App

[2026-10-02 13:53:10 +0000] Status=4, isTerminal=NO, Elapsed=05:29.
	Waiting on System App

[2026-10-02 13:53:11 +0000] Status=4, isTerminal=NO, Elapsed=05:30.
	Waiting on System App

[2026-10-02 13:53:12 +0000] Status=4, isTerminal=NO, Elapsed=05:31.
	Waiting on System App

[2026-10-02 13:53:13 +0000] Status=4, isTerminal=NO, Elapsed=05:32.
	Waiting on System App

[2026-10-02 13:53:14 +0000] Status=4, isTerminal=NO, Elapsed=05:33.
	Waiting on System App

[2026-10-02 13:53:15 +0000] Status=4, isTerminal=NO, Elapsed=05:34.
	Waiting on System App

[2026-10-02 13:53:16 +0000] Status=4, isTerminal=NO, Elapsed=05:35.
	Waiting on System App

[2026-10-02 13:53:17 +0000] Status=4, isTerminal=NO, Elapsed=05:36.
	Waiting on System App

[2026-10-02 13:53:18 +0000] Status=4, isTerminal=NO, Elapsed=05:37.
	Waiting on System App

[2026-10-02 13:53:19 +0000] Status=4, isTerminal=NO, Elapsed=05:38.
	Waiting on System App

[2026-10-02 13:53:20 +0000] Status=4, isTerminal=NO, Elapsed=05:39.
	Waiting on System App

[2026-10-02 13:53:21 +0000] Status=4, isTerminal=NO, Elapsed=05:40.
	Waiting on System App

[2026-10-02 13:53:22 +0000] Status=4, isTerminal=NO, Elapsed=05:41.
	Waiting on System App

[2026-10-02 13:53:23 +0000] Status=4, isTerminal=NO, Elapsed=05:42.
	Waiting on System App

[2026-10-02 13:53:24 +0000] Status=4, isTerminal=NO, Elapsed=05:43.
	Waiting on System App

[2026-10-02 13:53:25 +0000] Status=4, isTerminal=NO, Elapsed=05:44.
	Waiting on System App

[2026-10-02 13:53:26 +0000] Status=4, isTerminal=NO, Elapsed=05:45.
	Waiting on System App

[2026-10-02 13:53:27 +0000] Status=4, isTerminal=NO, Elapsed=05:46.
	Waiting on System App

[2026-10-02 13:53:28 +0000] Status=4, isTerminal=NO, Elapsed=05:47.
	Waiting on System App

[2026-10-02 13:53:29 +0000] Status=4, isTerminal=NO, Elapsed=05:48.
	Waiting on System App

[2026-10-02 13:53:30 +0000] Status=4, isTerminal=NO, Elapsed=05:49.
	Waiting on System App

[2026-10-02 13:53:31 +0000] Status=4, isTerminal=NO, Elapsed=05:50.
	Waiting on System App

[2026-10-02 13:53:32 +0000] Status=4, isTerminal=NO, Elapsed=05:51.
	Waiting on System App

[2026-10-02 13:53:33 +0000] Status=4, isTerminal=NO, Elapsed=05:52.
	Waiting on System App

[2026-10-02 13:53:34 +0000] Status=4, isTerminal=NO, Elapsed=05:53.
	Waiting on System App

[2026-10-02 13:53:35 +0000] Status=4, isTerminal=NO, Elapsed=05:54.
	Waiting on System App

[2026-10-02 13:53:36 +0000] Status=4, isTerminal=NO, Elapsed=05:55.
	Waiting on System App

[2026-10-02 13:53:37 +0000] Status=4, isTerminal=NO, Elapsed=05:56.
	Waiting on System App

[2026-10-02 13:53:38 +0000] Status=4, isTerminal=NO, Elapsed=05:57.
	Waiting on System App

[2026-10-02 13:53:39 +0000] Status=4, isTerminal=NO, Elapsed=05:58.
	Waiting on System App

[2026-10-02 13:53:40 +0000] Status=4, isTerminal=NO, Elapsed=05:59.
	Waiting on System App

[2026-10-02 13:53:41 +0000] Status=4, isTerminal=NO, Elapsed=06:00.
	Waiting on System App

[2026-10-02 13:53:42 +0000] Status=4, isTerminal=NO, Elapsed=06:01.
	Waiting on System App

[2026-10-02 13:53:43 +0000] Status=4, isTerminal=NO, Elapsed=06:02.
	Waiting on System App

[2026-10-02 13:53:44 +0000] Status=4, isTerminal=NO, Elapsed=06:03.
	Waiting on System App

[2026-10-02 13:53:45 +0000] Status=4, isTerminal=NO, Elapsed=06:04.
	Waiting on System App

[2026-10-02 13:53:46 +0000] Status=4, isTerminal=NO, Elapsed=06:05.
	Waiting on System App

[2026-10-02 13:53:47 +0000] Status=4, isTerminal=NO, Elapsed=06:06.
	Waiting on System App

[2026-10-02 13:53:48 +0000] Status=4, isTerminal=NO, Elapsed=06:07.
	Waiting on System App

[2026-10-02 13:53:49 +0000] Status=4, isTerminal=NO, Elapsed=06:08.
	Waiting on System App

[2026-10-02 13:53:50 +0000] Status=4, isTerminal=NO, Elapsed=06:09.
	Waiting on System App

[2026-10-02 13:53:51 +0000] Status=4, isTerminal=NO, Elapsed=06:10.
	Waiting on System App

[2026-10-02 13:53:52 +0000] Status=4, isTerminal=NO, Elapsed=06:11.
	Waiting on System App

[2026-10-02 13:53:53 +0000] Status=4, isTerminal=NO, Elapsed=06:12.
	Waiting on System App

[2026-10-02 13:53:54 +0000] Status=4, isTerminal=NO, Elapsed=06:13.
	Waiting on System App

[2026-10-02 13:53:55 +0000] Status=4, isTerminal=NO, Elapsed=06:14.
	Waiting on System App

[2026-10-02 13:53:56 +0000] Status=4, isTerminal=NO, Elapsed=06:15.
	Waiting on System App

[2026-10-02 13:53:57 +0000] Status=4, isTerminal=NO, Elapsed=06:16.
	Waiting on System App

[2026-10-02 13:53:58 +0000] Status=4, isTerminal=NO, Elapsed=06:17.
	Waiting on System App

[2026-10-02 13:53:59 +0000] Status=4, isTerminal=NO, Elapsed=06:18.
	Waiting on System App

[2026-10-02 13:54:00 +0000] Status=4, isTerminal=NO, Elapsed=06:19.
	Waiting on System App

[2026-10-02 13:54:01 +0000] Status=4, isTerminal=NO, Elapsed=06:20.
	Waiting on System App

[2026-10-02 13:54:02 +0000] Status=4, isTerminal=NO, Elapsed=06:21.
	Waiting on System App

[2026-10-02 13:54:03 +0000] Status=4, isTerminal=NO, Elapsed=06:22.
	Waiting on System App

[2026-10-02 13:54:04 +0000] Status=4, isTerminal=NO, Elapsed=06:23.
	Waiting on System App

[2026-10-02 13:54:05 +0000] Status=4, isTerminal=NO, Elapsed=06:24.
	Waiting on System App

[2026-10-02 13:54:06 +0000] Status=4, isTerminal=NO, Elapsed=06:25.
	Waiting on System App

[2026-10-02 13:54:07 +0000] Status=4, isTerminal=NO, Elapsed=06:26.
	Waiting on System App

[2026-10-02 13:54:08 +0000] Status=4, isTerminal=NO, Elapsed=06:27.
	Waiting on System App

[2026-10-02 13:54:09 +0000] Status=4, isTerminal=NO, Elapsed=06:28.
	Waiting on System App

[2026-10-02 13:54:10 +0000] Status=4, isTerminal=NO, Elapsed=06:29.
	Waiting on System App

[2026-10-02 13:54:11 +0000] Status=4, isTerminal=NO, Elapsed=06:30.
	Waiting on System App

[2026-10-02 13:54:12 +0000] Status=4, isTerminal=NO, Elapsed=06:31.
	Waiting on System App

[2026-10-02 13:54:13 +0000] Status=4, isTerminal=NO, Elapsed=06:32.
	Waiting on System App

[2026-10-02 13:54:14 +0000] Status=4, isTerminal=NO, Elapsed=06:33.
	Waiting on System App

[2026-10-02 13:54:15 +0000] Status=4, isTerminal=NO, Elapsed=06:34.
	Waiting on System App

[2026-10-02 13:54:16 +0000] Status=4, isTerminal=NO, Elapsed=06:35.
	Waiting on System App

[2026-10-02 13:54:17 +0000] Status=4, isTerminal=NO, Elapsed=06:36.
	Waiting on System App

[2026-10-02 13:54:18 +0000] Status=4, isTerminal=NO, Elapsed=06:37.
	Waiting on System App

[2026-10-02 13:54:19 +0000] Status=4, isTerminal=NO, Elapsed=06:38.
	Waiting on System App

[2026-10-02 13:54:20 +0000] Status=4, isTerminal=NO, Elapsed=06:39.
	Waiting on System App

[2026-10-02 13:54:21 +0000] Status=4, isTerminal=NO, Elapsed=06:40.
	Waiting on System App

[2026-10-02 13:54:22 +0000] Status=4, isTerminal=NO, Elapsed=06:41.
	Waiting on System App

[2026-10-02 13:54:23 +0000] Status=4, isTerminal=NO, Elapsed=06:42.
	Waiting on System App

[2026-10-02 13:54:24 +0000] Status=4, isTerminal=NO, Elapsed=06:43.
	Waiting on System App

[2026-10-02 13:54:25 +0000] Status=4, isTerminal=NO, Elapsed=06:44.
	Waiting on System App

[2026-10-02 13:54:26 +0000] Status=4, isTerminal=NO, Elapsed=06:45.
	Waiting on System App

[2026-10-02 13:54:27 +0000] Status=4, isTerminal=NO, Elapsed=06:46.
	Waiting on System App

[2026-10-02 13:54:28 +0000] Status=4, isTerminal=NO, Elapsed=06:47.
	Waiting on System App

[2026-10-02 13:54:29 +0000] Status=4, isTerminal=NO, Elapsed=06:48.
	Waiting on System App

[2026-10-02 13:54:30 +0000] Status=4, isTerminal=NO, Elapsed=06:49.
	Waiting on System App

[2026-10-02 13:54:31 +0000] Status=4, isTerminal=NO, Elapsed=06:50.
	Waiting on System App

[2026-10-02 13:54:32 +0000] Status=4, isTerminal=NO, Elapsed=06:51.
	Waiting on System App

[2026-10-02 13:54:33 +0000] Status=4, isTerminal=NO, Elapsed=06:52.
	Waiting on System App

[2026-10-02 13:54:34 +0000] Status=4, isTerminal=NO, Elapsed=06:53.
	Waiting on System App

[2026-10-02 13:54:35 +0000] Status=4, isTerminal=NO, Elapsed=06:54.
	Waiting on System App

[2026-10-02 13:54:36 +0000] Status=4, isTerminal=NO, Elapsed=06:55.
	Waiting on System App

[2026-10-02 13:54:37 +0000] Status=4, isTerminal=NO, Elapsed=06:56.
	Waiting on System App

[2026-10-02 13:54:38 +0000] Status=4, isTerminal=NO, Elapsed=06:57.
	Waiting on System App

[2026-10-02 13:54:39 +0000] Status=4, isTerminal=NO, Elapsed=06:58.
	Waiting on System App

[2026-10-02 13:54:40 +0000] Status=4, isTerminal=NO, Elapsed=06:59.
	Waiting on System App

[2026-10-02 13:54:41 +0000] Status=4, isTerminal=NO, Elapsed=07:00.
	Waiting on System App

[2026-10-02 13:54:42 +0000] Status=4, isTerminal=NO, Elapsed=07:01.
	Waiting on System App

[2026-10-02 13:54:43 +0000] Status=4, isTerminal=NO, Elapsed=07:02.
	Waiting on System App

[2026-10-02 13:54:44 +0000] Status=4, isTerminal=NO, Elapsed=07:03.
	Waiting on System App

[2026-10-02 13:54:45 +0000] Status=4, isTerminal=NO, Elapsed=07:04.
	Waiting on System App

[2026-10-02 13:54:46 +0000] Status=4, isTerminal=NO, Elapsed=07:05.
	Waiting on System App

[2026-10-02 13:54:47 +0000] Status=4, isTerminal=NO, Elapsed=07:06.
	Waiting on System App

[2026-10-02 13:54:48 +0000] Status=4, isTerminal=NO, Elapsed=07:07.
	Waiting on System App

[2026-10-02 13:54:49 +0000] Status=4, isTerminal=NO, Elapsed=07:08.
	Waiting on System App

[2026-10-02 13:54:50 +0000] Status=4, isTerminal=NO, Elapsed=07:09.
	Waiting on System App

[2026-10-02 13:54:51 +0000] Status=4, isTerminal=NO, Elapsed=07:10.
	Waiting on System App

[2026-10-02 13:54:52 +0000] Status=4, isTerminal=NO, Elapsed=07:11.
	Waiting on System App

[2026-10-02 13:54:53 +0000] Status=4, isTerminal=NO, Elapsed=07:12.
	Waiting on System App

[2026-10-02 13:54:54 +0000] Status=4, isTerminal=NO, Elapsed=07:13.
	Waiting on System App

[2026-10-02 13:54:55 +0000] Status=4, isTerminal=NO, Elapsed=07:14.
	Waiting on System App

[2026-10-02 13:54:56 +0000] Status=4, isTerminal=NO, Elapsed=07:15.
	Waiting on System App

[2026-10-02 13:54:57 +0000] Status=4, isTerminal=NO, Elapsed=07:16.
	Waiting on System App

[2026-10-02 13:54:58 +0000] Status=4, isTerminal=NO, Elapsed=07:17.
	Waiting on System App

[2026-10-02 13:54:59 +0000] Status=4, isTerminal=NO, Elapsed=07:18.
	Waiting on System App

[2026-10-02 13:55:00 +0000] Status=4, isTerminal=NO, Elapsed=07:19.
	Waiting on System App

[2026-10-02 13:55:01 +0000] Status=4, isTerminal=NO, Elapsed=07:20.
	Waiting on System App

[2026-10-02 13:55:02 +0000] Status=4, isTerminal=NO, Elapsed=07:21.
	Waiting on System App

[2026-10-02 13:55:03 +0000] Status=4, isTerminal=NO, Elapsed=07:22.
	Waiting on System App

[2026-10-02 13:55:04 +0000] Status=4, isTerminal=NO, Elapsed=07:23.
	Waiting on System App

[2026-10-02 13:55:05 +0000] Status=4, isTerminal=NO, Elapsed=07:24.
	Waiting on System App

[2026-10-02 13:55:06 +0000] Status=4, isTerminal=NO, Elapsed=07:25.
	Waiting on System App

[2026-10-02 13:55:07 +0000] Status=4, isTerminal=NO, Elapsed=07:26.
	Waiting on System App

[2026-10-02 13:55:08 +0000] Status=4, isTerminal=NO, Elapsed=07:27.
	Waiting on System App

[2026-10-02 13:55:09 +0000] Status=4, isTerminal=NO, Elapsed=07:28.
	Waiting on System App

[2026-10-02 13:55:10 +0000] Status=4, isTerminal=NO, Elapsed=07:29.
	Waiting on System App

[2026-10-02 13:55:11 +0000] Status=4, isTerminal=NO, Elapsed=07:30.
	Waiting on System App

[2026-10-02 13:55:12 +0000] Status=4, isTerminal=NO, Elapsed=07:31.
	Waiting on System App

[2026-10-02 13:55:13 +0000] Status=4, isTerminal=NO, Elapsed=07:32.
	Waiting on System App

[2026-10-02 13:55:14 +0000] Status=4, isTerminal=NO, Elapsed=07:33.
	Waiting on System App

[2026-10-02 13:55:15 +0000] Status=4, isTerminal=NO, Elapsed=07:34.
	Waiting on System App

[2026-10-02 13:55:16 +0000] Status=4, isTerminal=NO, Elapsed=07:35.
	Waiting on System App

[2026-10-02 13:55:17 +0000] Status=4, isTerminal=NO, Elapsed=07:36.
	Waiting on System App

[2026-10-02 13:55:18 +0000] Status=4, isTerminal=NO, Elapsed=07:37.
	Waiting on System App

[2026-10-02 13:55:19 +0000] Status=4, isTerminal=NO, Elapsed=07:38.
	Waiting on System App

[2026-10-02 13:55:20 +0000] Status=4, isTerminal=NO, Elapsed=07:39.
	Waiting on System App

[2026-10-02 13:55:21 +0000] Status=4, isTerminal=NO, Elapsed=07:40.
	Waiting on System App

[2026-10-02 13:55:22 +0000] Status=4, isTerminal=NO, Elapsed=07:41.
	Waiting on System App

[2026-10-02 13:55:23 +0000] Status=4, isTerminal=NO, Elapsed=07:42.
	Waiting on System App

[2026-10-02 13:55:24 +0000] Status=4, isTerminal=NO, Elapsed=07:43.
	Waiting on System App

[2026-10-02 13:55:25 +0000] Status=4, isTerminal=NO, Elapsed=07:44.
	Waiting on System App

[2026-10-02 13:55:26 +0000] Status=4, isTerminal=NO, Elapsed=07:45.
	Waiting on System App

[2026-10-02 13:55:27 +0000] Status=4, isTerminal=NO, Elapsed=07:46.
	Waiting on System App

[2026-10-02 13:55:28 +0000] Status=4, isTerminal=NO, Elapsed=07:47.
	Waiting on System App

[2026-10-02 13:55:29 +0000] Status=4, isTerminal=NO, Elapsed=07:48.
	Waiting on System App

[2026-10-02 13:55:30 +0000] Status=4, isTerminal=NO, Elapsed=07:49.
	Waiting on System App

[2026-10-02 13:55:31 +0000] Status=4, isTerminal=NO, Elapsed=07:50.
	Waiting on System App

[2026-10-02 13:55:32 +0000] Status=4, isTerminal=NO, Elapsed=07:51.
	Waiting on System App

[2026-10-02 13:55:33 +0000] Status=4, isTerminal=NO, Elapsed=07:52.
	Waiting on System App

[2026-10-02 13:55:34 +0000] Status=4, isTerminal=NO, Elapsed=07:53.
	Waiting on System App

[2026-10-02 13:55:35 +0000] Status=4, isTerminal=NO, Elapsed=07:54.
	Waiting on System App

[2026-10-02 13:55:36 +0000] Status=4, isTerminal=NO, Elapsed=07:55.
	Waiting on System App

[2026-10-02 13:55:37 +0000] Status=4, isTerminal=NO, Elapsed=07:56.
	Waiting on System App

[2026-10-02 13:55:38 +0000] Status=4, isTerminal=NO, Elapsed=07:57.
	Waiting on System App

[2026-10-02 13:55:39 +0000] Status=4, isTerminal=NO, Elapsed=07:58.
	Waiting on System App

[2026-10-02 13:55:40 +0000] Status=4, isTerminal=NO, Elapsed=07:59.
	Waiting on System App

[2026-10-02 13:55:41 +0000] Status=4, isTerminal=NO, Elapsed=08:00.
	Waiting on System App

