system = {
	type = system
	handle = 0
	active count = 28
	service count = 6
	active service count = 5
	maximum allowed shutdown time = 30 s
	service stats = {
	}
	trial factors = {
		reload count = 0
		memory = 0/0
		active config locked = 0
	}
		creator = launchd_sim[92835]
	creator euid = 502
	session = System
	security context = {
		uid unset
		session uid = -101
	}

	bringup time = 135 ms
	death port = 0x5703
	subdomains = {
		user/502
	}

	services = {
		   93021      - 	com.apple.logd_helper
		   93020      - 	com.apple.diagnosticd
		   92878      - 	com.apple.logd
		   93026      - 	com.apple.containermanagerd.system
		   92915      - 	com.apple.notifyd
		       0      - 	com.apple.cfprefsd.xpc.daemon.system
	}

	unmanaged processes = {
	}

	endpoints = {
		  0x4c03    M   A   com.apple.logd.events
		 0x1c803    M   A   com.apple.diagnosticd
		       0    M   D   com.apple.cfprefsd.daemon.system
		  0x5503    M   A   com.apple.logd
		 0x1840b    M   A   com.apple.system.notification_center
		 0x1c733    M   A   com.apple.logd_helper
		 0x1ba9b    M   D   com.apple.containermanagerd.system
		  0x4b03    M   A   com.apple.logd.cachedelete
		  0x4903    M   A   com.apple.logd.realtime
		  0x4a03    M   A   com.apple.logd.admin
	}

	task-special ports = {
			   0xc03 4       bootstrap  com.apple.xpc.launchd.domain.system
	}


	properties = uncorked | bound
}
