Detected file type from extension: PNG
Note: No display specified. Defaulting to display: 80D4DA33-8A6F-46C4-8B93-8204307BB3CF (screenID: 1, name: LCD)
Wrote screenshot to: /Users/asherlc/.paseo/worktrees/0h78jp9r/placid-badger/.context/placid-badger/metolius-simulator-3d-plastic-review/ios/color-only-captures/jug-left.png
jug-left
Detected file type from extension: PNG
Note: No display specified. Defaulting to display: 80D4DA33-8A6F-46C4-8B93-8204307BB3CF (screenID: 1, name: LCD)
Wrote screenshot to: /Users/asherlc/.paseo/worktrees/0h78jp9r/placid-badger/.context/placid-badger/metolius-simulator-3d-plastic-review/ios/color-only-captures/jug-left-orbit.png
jug-left-orbit
Error: Either provide both -x/-y, or use --id/--label/--value to tap an element.
Usage: axe tap [-x <x>] [-y <y>] [--id <id>] [--label <label>] [--value <value>] [--element-type <element-type>] [--pre-delay <pre-delay>] [--post-delay <post-delay>] [--tap-style <tap-style>] [--wait-timeout <wait-timeout>] [--poll-interval <poll-interval>] --udid <udid>
  See 'axe tap --help' for more information.
Traceback (most recent call last):
  File "/Users/asherlc/.paseo/worktrees/0h78jp9r/placid-badger/.context/placid-badger/metolius-simulator-3d-plastic-review/ios/capture_review.py", line 93, in <module>
    run('/opt/homebrew/bin/axe', 'tap', '--x', legend['x'] + legend['width'] / 2,
  File "/Users/asherlc/.paseo/worktrees/0h78jp9r/placid-badger/.context/placid-badger/metolius-simulator-3d-plastic-review/ios/capture_review.py", line 33, in run
    return subprocess.check_output(cmd, text=True, env=env, timeout=120)
           ^^^^^^^^^^^^^^^^^^^^^^^^^^^^^^^^^^^^^^^^^^^^^^^^^^^^^^^^^^^^^
  File "/opt/homebrew/Cellar/python@3.12/3.12.3/Frameworks/Python.framework/Versions/3.12/lib/python3.12/subprocess.py", line 466, in check_output
    return run(*popenargs, stdout=PIPE, timeout=timeout, check=True,
           ^^^^^^^^^^^^^^^^^^^^^^^^^^^^^^^^^^^^^^^^^^^^^^^^^^^^^^^^^
  File "/opt/homebrew/Cellar/python@3.12/3.12.3/Frameworks/Python.framework/Versions/3.12/lib/python3.12/subprocess.py", line 571, in run
    raise CalledProcessError(retcode, process.args,
subprocess.CalledProcessError: Command '['rtk', 'proxy', '/opt/homebrew/bin/axe', 'tap', '--x', '286.50000000000006', '--y', '631.6666666666666', '--udid', '72312582-DB46-44A7-9C61-D8C0E9F75876']' returned non-zero exit status 64.
