2026-10-01 16:44:06,722 Native guided pose edge-front-15mm-incut settling iteration 0, height -0.012500002
2026-10-01 16:44:07,117 Native guided lead phase 0, 14 vertices
2026-10-01 16:44:38,076 Native guided lead phase 1, 14 vertices
2026-10-01 16:44:56,086 Native guided lead phase 0, 14 vertices
2026-10-01 16:45:15,152 Native guided lead phase 1, 14 vertices
2026-10-01 16:45:33,504 Native material settling correction 0: 3.37631927e-07 m
2026-10-01 16:45:51,517 Native guided pose edge-front-15mm-incut settling iteration 1, height -0.020716415
2026-10-01 16:45:51,557 Native guided lead phase 0, 14 vertices
2026-10-01 16:46:11,581 Native guided lead phase 1, 14 vertices
2026-10-01 16:46:29,551 Native guided lead phase 0, 14 vertices
2026-10-01 16:47:04,876 Native guided lead phase 1, 14 vertices
2026-10-01 16:47:23,952 Native material settling correction 0: 3.46853699e-07 m
2026-10-01 16:47:42,420 Native guided pose edge-front-15mm-incut settling iteration 2, height -0.020716779
2026-10-01 16:47:42,460 Native guided lead phase 0, 14 vertices
2026-10-01 16:47:45,648 Native guided lead phase 1, 14 vertices
2026-10-01 16:48:04,246 Native guided lead phase 0, 14 vertices
2026-10-01 16:48:16,616 Native guided lead phase 1, 14 vertices
2026-10-01 16:48:35,607 Native material settling correction 0: 3.46704567e-07 m
2026-10-01 16:49:32,776 Native guided pose edge-front-15mm-flat settling iteration 0, height -0.012500002
2026-10-01 16:49:33,105 Native guided lead phase 0, 14 vertices
2026-10-01 16:50:08,506 Native guided lead phase 1, 14 vertices
2026-10-01 16:50:28,008 Native guided lead phase 0, 14 vertices
2026-10-01 16:51:01,676 Native guided lead phase 1, 14 vertices
2026-10-01 16:51:20,559 Native material settling correction 0: 3.61970762e-07 m
2026-10-01 16:51:39,446 Native guided pose edge-front-15mm-flat settling iteration 1, height -0.013319766
2026-10-01 16:51:39,446 Native guided lead phase 0, 14 vertices
2026-10-01 16:51:54,990 Native guided lead phase 1, 14 vertices
2026-10-01 16:52:13,728 Native guided lead phase 0, 14 vertices
2026-10-01 16:52:24,068 Native guided lead phase 1, 14 vertices
2026-10-01 16:52:43,447 Native material settling correction 0: 3.65378414e-07 m
2026-10-01 16:53:02,864 Native guided pose edge-front-15mm-flat settling iteration 2, height -0.013320159
2026-10-01 16:53:02,864 Native guided lead phase 0, 14 vertices
2026-10-01 16:53:07,107 Native guided lead phase 1, 14 vertices
2026-10-01 16:53:26,801 Native guided lead phase 0, 14 vertices
2026-10-01 16:54:22,614 Native guided lead phase 1, 14 vertices
2026-10-01 16:54:41,811 Native material settling correction 0: 3.65440464e-07 m
{"status": "pass", "mode": "apply", "counts": {"outputPoses": 8, "branches": 16, "presentationFrames": 4, "freshPhysicsFrames": 2}, "report": "/Users/asherlc/.paseo/worktrees/0h78jp9r/placid-badger/.context/placid-badger/nature-stone-review9/vertical-groove-correction/final-apply/native-route-report.json"}
