2026-10-01 16:46:45,157 Native guided pose edge-front-15mm-incut settling iteration 0, height -0.012500002
2026-10-01 16:46:45,544 Native guided lead phase 0, 14 vertices
2026-10-01 16:47:16,534 Native guided lead phase 1, 14 vertices
2026-10-01 16:47:34,885 Native guided lead phase 0, 14 vertices
2026-10-01 16:47:54,310 Native guided lead phase 1, 14 vertices
2026-10-01 16:48:13,135 Native material settling correction 0: 3.37631927e-07 m
2026-10-01 16:48:31,323 Native guided pose edge-front-15mm-incut settling iteration 1, height -0.020716415
2026-10-01 16:48:31,363 Native guided lead phase 0, 14 vertices
2026-10-01 16:48:51,537 Native guided lead phase 1, 14 vertices
2026-10-01 16:49:09,788 Native guided lead phase 0, 14 vertices
2026-10-01 16:49:45,595 Native guided lead phase 1, 14 vertices
2026-10-01 16:50:04,754 Native material settling correction 0: 3.46853699e-07 m
2026-10-01 16:50:23,614 Native guided pose edge-front-15mm-incut settling iteration 2, height -0.020716779
2026-10-01 16:50:23,658 Native guided lead phase 0, 14 vertices
2026-10-01 16:50:26,843 Native guided lead phase 1, 14 vertices
2026-10-01 16:50:45,613 Native guided lead phase 0, 14 vertices
2026-10-01 16:50:58,035 Native guided lead phase 1, 14 vertices
2026-10-01 16:51:17,021 Native material settling correction 0: 3.46704567e-07 m
2026-10-01 16:52:14,305 Native guided pose edge-front-15mm-flat settling iteration 0, height -0.012500002
2026-10-01 16:52:14,645 Native guided lead phase 0, 14 vertices
2026-10-01 16:52:50,547 Native guided lead phase 1, 14 vertices
2026-10-01 16:53:10,818 Native guided lead phase 0, 14 vertices
2026-10-01 16:53:45,286 Native guided lead phase 1, 14 vertices
2026-10-01 16:54:04,590 Native material settling correction 0: 3.61970762e-07 m
2026-10-01 16:54:23,554 Native guided pose edge-front-15mm-flat settling iteration 1, height -0.013319766
2026-10-01 16:54:23,555 Native guided lead phase 0, 14 vertices
2026-10-01 16:54:39,258 Native guided lead phase 1, 14 vertices
2026-10-01 16:54:58,257 Native guided lead phase 0, 14 vertices
2026-10-01 16:55:08,514 Native guided lead phase 1, 14 vertices
2026-10-01 16:55:27,861 Native material settling correction 0: 3.65378414e-07 m
2026-10-01 16:55:47,101 Native guided pose edge-front-15mm-flat settling iteration 2, height -0.013320159
2026-10-01 16:55:47,101 Native guided lead phase 0, 14 vertices
2026-10-01 16:55:51,083 Native guided lead phase 1, 14 vertices
2026-10-01 16:56:09,764 Native guided lead phase 0, 14 vertices
2026-10-01 16:57:05,669 Native guided lead phase 1, 14 vertices
2026-10-01 16:57:25,352 Native material settling correction 0: 3.65440464e-07 m
{"status": "pass", "mode": "check", "counts": {"outputPoses": 8, "branches": 16, "presentationFrames": 4, "freshPhysicsFrames": 2}, "report": "/Users/asherlc/.paseo/worktrees/0h78jp9r/placid-badger/.context/placid-badger/nature-stone-review9/vertical-groove-correction/final-check/native-route-report.json"}
