{
  "devicesAndConfigurations" : [
    {
      "device" : {
        "architecture" : "arm64",
        "deviceId" : "9D5850FF-04D5-4498-AF99-E1F0C56ACA4A",
        "deviceName" : "Hang Ten Paseo placid-badger-cad-second-half BoardFrame20261003 63244",
        "modelName" : "iPhone 17 Pro",
        "osBuildNumber" : "23F77",
        "osVersion" : "26.5",
        "platform" : "iOS Simulator"
      },
      "expectedFailures" : 0,
      "failedTests" : 4,
      "passedTests" : 0,
      "skippedTests" : 0,
      "testPlanConfiguration" : {
        "configurationId" : "1",
        "configurationName" : "Test Scheme Action"
      }
    }
  ],
  "environmentDescription" : "HangTen · Built with macOS 27.0.1",
  "expectedFailures" : 0,
  "failedTests" : 4,
  "finishTime" : 1791035897.547,
  "passedTests" : 0,
  "result" : "Failed",
  "runtimeWarnings" : [

  ],
  "skippedTests" : 0,
  "startTime" : 1791035843.773,
  "statistics" : [

  ],
  "testFailures" : [
    {
      "failureText" : "XCTAssertEqual failed: (\"nil\") is not equal to (\"Optional(\"next\")\")",
      "targetName" : "HangTenTests",
      "testIdentifier" : 1,
      "testIdentifierString" : "BoardModelRealityTests/testCompletedBoardFrameCacheReleasesSupersededPresentation()",
      "testIdentifierURL" : "test://com.apple.xcode/HangTen/HangTenTests/BoardModelRealityTests/testCompletedBoardFrameCacheReleasesSupersededPresentation",
      "testName" : "testCompletedBoardFrameCacheReleasesSupersededPresentation()"
    },
    {
      "failureText" : "XCTAssertEqual failed: (\"nil\") is not equal to (\"Optional(\"complete\")\")",
      "targetName" : "HangTenTests",
      "testIdentifier" : 2,
      "testIdentifierString" : "BoardModelRealityTests/testCompletedBoardFrameCanScaleDuringAspectPreservingResize()",
      "testIdentifierURL" : "test://com.apple.xcode/HangTen/HangTenTests/BoardModelRealityTests/testCompletedBoardFrameCanScaleDuringAspectPreservingResize",
      "testName" : "testCompletedBoardFrameCanScaleDuringAspectPreservingResize()"
    },
    {
      "failureText" : "XCTAssertEqual failed: (\"nil\") is not equal to (\"Optional(\"selected\")\")",
      "targetName" : "HangTenTests",
      "testIdentifier" : 3,
      "testIdentifierString" : "BoardModelRealityTests/testCompletedBoardFrameDoesNotSubstituteDifferentSelectionOrCamera()",
      "testIdentifierURL" : "test://com.apple.xcode/HangTen/HangTenTests/BoardModelRealityTests/testCompletedBoardFrameDoesNotSubstituteDifferentSelectionOrCamera",
      "testName" : "testCompletedBoardFrameDoesNotSubstituteDifferentSelectionOrCamera()"
    },
    {
      "failureText" : "XCTAssertEqual failed: (\"nil\") is not equal to (\"Optional(\"red\")\")",
      "targetName" : "HangTenTests",
      "testIdentifier" : 4,
      "testIdentifierString" : "BoardModelRealityTests/testCompletedBoardFramesSwitchModesWithoutAnotherRender()",
      "testIdentifierURL" : "test://com.apple.xcode/HangTen/HangTenTests/BoardModelRealityTests/testCompletedBoardFramesSwitchModesWithoutAnotherRender",
      "testName" : "testCompletedBoardFramesSwitchModesWithoutAnotherRender()"
    }
  ],
  "title" : "Test - HangTen",
  "topInsights" : [

  ],
  "totalTestCount" : 4
}
