{
  "devicesAndConfigurations" : [
    {
      "device" : {
        "architecture" : "arm64",
        "deviceId" : "9D5850FF-04D5-4498-AF99-E1F0C56ACA4A",
        "deviceName" : "Hang Ten Paseo placid-badger-cad-second-half BoardFrame20261003 63244",
        "modelName" : "iPhone 17 Pro",
        "osBuildNumber" : "23F77",
        "osVersion" : "26.5",
        "platform" : "iOS Simulator"
      },
      "expectedFailures" : 0,
      "failedTests" : 0,
      "passedTests" : 4,
      "skippedTests" : 0,
      "testPlanConfiguration" : {
        "configurationId" : "1",
        "configurationName" : "Test Scheme Action"
      }
    }
  ],
  "environmentDescription" : "HangTen · Built with macOS 27.0.1",
  "expectedFailures" : 0,
  "failedTests" : 0,
  "finishTime" : 1791036127.451,
  "passedTests" : 4,
  "result" : "Passed",
  "runtimeWarnings" : [

  ],
  "skippedTests" : 0,
  "startTime" : 1791036103.615,
  "statistics" : [

  ],
  "testFailures" : [

  ],
  "title" : "Test - HangTen",
  "topInsights" : [

  ],
  "totalTestCount" : 4
}
