{
  "checks": {
    "readinessPassedWithinBound": true,
    "readinessEvidenceInCompleteTrace": true,
    "readinessBeforeOpenURL": true,
    "initialTrainConstructorAndMakeBeforeOpenURL": true,
    "exactlyInitialFalseThenTrue": true,
    "initialBoardMapBeforeOpenURL": true,
    "navigationTrueAfterOpenURLBeforeFirstHang": true,
    "requestedBranchMatchesAction": true,
    "expectedBoardPlanPresentation": true,
    "navFlagsCorrect": true,
    "sameReadyPredecessorOwnershipValid": true,
    "distinctWorkoutExactlyOne": true
  },
  "liveness": {
    "observations": 138,
    "parentAlive": 2,
    "sceneAlive": 2
  }
}
