F                                                                        [100%]
=================================== FAILURES ===================================
_________________________ test_native_uv_node_normals __________________________

    @pytest.mark.skipif(
        not FREECAD.is_file() or not os.environ.get("HANGTEN_CAD_PYTHONPATH"),
        reason="native FreeCAD/OpenUSD toolchain unavailable",
    )
    def test_native_uv_node_normals():
        context = ROOT / ".context" / ROOT.name
        context.mkdir(parents=True, exist_ok=True)
        with tempfile.TemporaryDirectory(prefix="uv-normal-tests-", dir=context) as temp:
            env = dict(os.environ, TMPDIR=temp, XDG_CACHE_HOME=temp)
            process = subprocess.Popen(
                [sys.executable, str(ROOT / "Tools/HangboardCAD/run_freecad.py"),
                 "--freecad", str(FREECAD), "--extra-python-path", env["HANGTEN_CAD_PYTHONPATH"],
                 str(Path(__file__).with_name("uv_node_normal_checks.py"))],
                cwd=ROOT, env=env, text=True, stdout=subprocess.PIPE, stderr=subprocess.PIPE,
                start_new_session=True,
            )
            try:
                stdout, stderr = process.communicate(timeout=120)
            finally:
                # The wrapper could exit before its child. Always clean this
                # exact owned group before deleting its scratch directory.
                try:
                    os.killpg(process.pid, signal.SIGKILL)
                except ProcessLookupError:
                    pass
                process.wait()
>       assert process.returncode == 0, stdout + stderr
E       AssertionError: 
E         , -0.5633200580636117, 0.0))), 229: (0, (Vector (0.8532908816321628, -0.5214352033794866, 0.0), Vector (0.8262387743160019, -0.5633200580636117, 0.0), Vector (0.8532908816321628, -0.5214352033794866, 0.0))), 230: (0, (Vector (0.8782215733702351, -0.4782539786213061, 0.0), Vector (0.8532908816321628, -0.5214352033794866, 0.0), Vector (0.8532908816321628, -0.5214352033794866, 0.0))), 231: (0, (Vector (0.8782215733702351, -0.4782539786213061, 0.0), Vector (0.8532908816321628, -0.5214352033794866, 0.0), Vector (0.8782215733702351, -0.4782539786213061, 0.0))), 232: (0, (Vector (0.8782215733702351, -0.4782539786213061, 0.0), Vector (0.8782215733702351, -0.4782539786213061, 0.0), Vector (0.9009688679024256, -0.43388373911754474, 0.0))), 233: (0, (Vector (0.9009688679024256, -0.43388373911754474, 0.0), Vector (0.8782215733702351, -0.4782539786213061, 0.0), Vector (0.9009688679024256, -0.43388373911754474, 0.0))), 234: (0, (Vector (0.9214762118704132, -0.38843479627468164, 0.0), Vector (0.9009688679024256, -0.43388373911754474, 0.0), Vector (0.9009688679024256, -0.43388373911754474, 0.0))), 235: (0, (Vector (0.9214762118704132, -0.38843479627468164, 0.0), Vector (0.9009688679024256, -0.43388373911754474, 0.0), Vector (0.9214762118704132, -0.38843479627468164, 0.0))), 236: (0, (Vector (0.9396926207859133, -0.3420201433256552, 0.0), Vector (0.9214762118704132, -0.38843479627468164, 0.0), Vector (0.9214762118704132, -0.38843479627468164, 0.0))), 237: (0, (Vector (0.9396926207859133, -0.3420201433256552, 0.0), Vector (0.9214762118704132, -0.38843479627468164, 0.0), Vector (0.9396926207859133, -0.3420201433256552, 0.0))), 238: (0, (Vector (0.9396926207859133, -0.3420201433256552, 0.0), Vector (0.9396926207859133, -0.3420201433256552, 0.0), Vector (0.9555728057861452, -0.29475517441088944, 0.0))), 239: (0, (Vector (0.9555728057861452, -0.29475517441088944, 0.0), Vector (0.9396926207859133, -0.3420201433256552, 0.0), Vector (0.9555728057861452, -0.29475517441088944, 0.0))), 240: (0, (Vector (0.9690772862290815, -0.24675739769027932, 0.0), Vector (0.9555728057861452, -0.29475517441088944, 0.0), Vector (0.9555728057861452, -0.29475517441088944, 0.0))), 241: (0, (Vector (0.9690772862290815, -0.24675739769027932, 0.0), Vector (0.9555728057861452, -0.29475517441088944, 0.0), Vector (0.9690772862290815, -0.24675739769027932, 0.0))), 242: (0, (Vector (0.9801724878485467, -0.19814614319938292, 0.0), Vector (0.9690772862290815, -0.24675739769027932, 0.0), Vector (0.9690772862290815, -0.24675739769027932, 0.0))), 243: (0, (Vector (0.9801724878485467, -0.19814614319938292, 0.0), Vector (0.9690772862290815, -0.24675739769027932, 0.0), Vector (0.9801724878485467, -0.19814614319938292, 0.0))), 244: (0, (Vector (0.9888308262251309, -0.14904226617615945, 0.0), Vector (0.9801724878485467, -0.19814614319938292, 0.0), Vector (0.9801724878485467, -0.19814614319938292, 0.0))), 245: (0, (Vector (0.9888308262251309, -0.14904226617615945, 0.0), Vector (0.9801724878485467, -0.19814614319938292, 0.0), Vector (0.9888308262251309, -0.14904226617615945, 0.0))), 246: (0, (Vector (0.9950307753654031, -0.09956784659580138, 0.0), Vector (0.9888308262251309, -0.14904226617615945, 0.0), Vector (0.9888308262251309, -0.14904226617615945, 0.0))), 247: (0, (Vector (0.9950307753654031, -0.09956784659580138, 0.0), Vector (0.9888308262251309, -0.14904226617615945, 0.0), Vector (0.9950307753654031, -0.09956784659580138, 0.0))), 248: (0, (Vector (0.9987569212189232, -0.049845885660681634, 0.0), Vector (0.9950307753654031, -0.09956784659580138, 0.0), Vector (0.9987569212189232, -0.049845885660681634, 0.0))), 249: (0, (Vector (0.9987569212189232, -0.049845885660681634, 0.0), Vector (0.9950307753654031, -0.09956784659580138, 0.0), Vector (0.9950307753654031, -0.09956784659580138, 0.0)))} is not false : An invalid second UV witness must not turn a position into a unique match
E         
E         ----------------------------------------------------------------------
E         Ran 9 tests in 0.602s
E         
E         FAILED (failures=1)
E         
E         
E       assert 1 == 0
E        +  where 1 = <Popen: returncode: 1 args: ['/Users/asherlc/.paseo/worktrees/0h78jp9r/placi...>.returncode

Tools/HangboardCAD/tests/test_uv_node_normals.py:43: AssertionError
=========================== short test summary info ============================
FAILED Tools/HangboardCAD/tests/test_uv_node_normals.py::test_native_uv_node_normals
1 failed in 1.56s
