F                                                                        [100%]
=================================== FAILURES ===================================
_________________________ test_native_uv_node_normals __________________________

    @pytest.mark.skipif(
        not FREECAD.is_file() or not os.environ.get("HANGTEN_CAD_PYTHONPATH"),
        reason="native FreeCAD/OpenUSD toolchain unavailable",
    )
    def test_native_uv_node_normals():
        context = ROOT / ".context" / ROOT.name
        context.mkdir(parents=True, exist_ok=True)
        with tempfile.TemporaryDirectory(prefix="uv-normal-tests-", dir=context) as temp:
            env = dict(os.environ, TMPDIR=temp, XDG_CACHE_HOME=temp)
            process = subprocess.Popen(
                [sys.executable, str(ROOT / "Tools/HangboardCAD/run_freecad.py"),
                 "--freecad", str(FREECAD), "--extra-python-path", env["HANGTEN_CAD_PYTHONPATH"],
                 str(Path(__file__).with_name("uv_node_normal_checks.py"))],
                cwd=ROOT, env=env, text=True, stdout=subprocess.PIPE, stderr=subprocess.PIPE,
                start_new_session=True,
            )
            try:
                stdout, stderr = process.communicate(timeout=120)
            finally:
                if process.poll() is None:
                    # The wrapper owns a FreeCAD child. Stop this exact process
                    # group on timeout/interruption before deleting its scratch.
                    os.killpg(process.pid, signal.SIGKILL)
                    process.wait()
>       assert process.returncode == 0, stdout + stderr
E       AssertionError: 
E         test_ambiguous_exact_face_ownership_uses_legacy_evaluator (__main__.UVNodeNormalTests.test_ambiguous_exact_face_ownership_uses_legacy_evaluator) ... ok
E         test_curved_normals_preserve_geometry_winding_and_avoid_inverse_queries (__main__.UVNodeNormalTests.test_curved_normals_preserve_geometry_winding_and_avoid_inverse_queries) ... ok
E         test_default_mesh_path_does_not_read_uv_api (__main__.UVNodeNormalTests.test_default_mesh_path_does_not_read_uv_api) ... ok
E         test_internal_c0_knot_vertices_keep_the_legacy_derivative_side (__main__.UVNodeNormalTests.test_internal_c0_knot_vertices_keep_the_legacy_derivative_side) ... FAIL
E         test_mesh_builder_dispatches_the_explicit_opt_in (__main__.UVNodeNormalTests.test_mesh_builder_dispatches_the_explicit_opt_in) ... ok
E         test_missing_uv_api_and_unmatched_uv_nodes_preserve_exact_fallback (__main__.UVNodeNormalTests.test_missing_uv_api_and_unmatched_uv_nodes_preserve_exact_fallback) ... ok
E         test_opt_in_requires_true_analytic_normal_policy_and_boolean_property (__main__.UVNodeNormalTests.test_opt_in_requires_true_analytic_normal_policy_and_boolean_property) ... ok
E         test_shared_face_vertices_do_not_claim_an_unrelated_triangle (__main__.UVNodeNormalTests.test_shared_face_vertices_do_not_claim_an_unrelated_triangle) ... ok
E         
E         ======================================================================
E         FAIL: test_internal_c0_knot_vertices_keep_the_legacy_derivative_side (__main__.UVNodeNormalTests.test_internal_c0_knot_vertices_keep_the_legacy_derivative_side)
E         ----------------------------------------------------------------------
E         Traceback (most recent call last):
E           File "/Users/asherlc/.paseo/worktrees/0h78jp9r/placid-badger/Tools/HangboardCAD/tests/uv_node_normal_checks.py", line 148, in test_internal_c0_knot_vertices_keep_the_legacy_derivative_side
E             self.assertTrue(all(i not in cache for i in crease_triangles), "C0-knot normals are ambiguous")
E         AssertionError: False is not true : C0-knot normals are ambiguous
E         
E         ----------------------------------------------------------------------
E         Ran 8 tests in 0.316s
E         
E         FAILED (failures=1)
E         
E         
E       assert 1 == 0
E        +  where 1 = <Popen: returncode: 1 args: ['/Users/asherlc/.paseo/worktrees/0h78jp9r/placi...>.returncode

Tools/HangboardCAD/tests/test_uv_node_normals.py:41: AssertionError
=========================== short test summary info ============================
FAILED Tools/HangboardCAD/tests/test_uv_node_normals.py::test_native_uv_node_normals
1 failed in 1.29s
