F                                                                        [100%]
=================================== FAILURES ===================================
_________________________ test_native_uv_node_normals __________________________

    @pytest.mark.skipif(
        not FREECAD.is_file() or not os.environ.get("HANGTEN_CAD_PYTHONPATH"),
        reason="native FreeCAD/OpenUSD toolchain unavailable",
    )
    def test_native_uv_node_normals():
        context = ROOT / ".context" / ROOT.name
        context.mkdir(parents=True, exist_ok=True)
        with tempfile.TemporaryDirectory(prefix="uv-normal-tests-", dir=context) as temp:
            env = dict(os.environ, TMPDIR=temp, XDG_CACHE_HOME=temp)
            result = subprocess.run(
                [sys.executable, str(ROOT / "Tools/HangboardCAD/run_freecad.py"),
                 "--freecad", str(FREECAD), "--extra-python-path", env["HANGTEN_CAD_PYTHONPATH"],
                 str(Path(__file__).with_name("uv_node_normal_checks.py"))],
                cwd=ROOT, env=env, text=True, capture_output=True, timeout=120,
            )
>       assert result.returncode == 0, result.stdout + result.stderr
E       AssertionError: 
E         _evaluator)
E         ----------------------------------------------------------------------
E         Traceback (most recent call last):
E           File "/Users/asherlc/.paseo/worktrees/0h78jp9r/placid-badger/Tools/HangboardCAD/tests/uv_node_normal_checks.py", line 96, in test_ambiguous_exact_face_ownership_uses_legacy_evaluator
E             new = self.accelerated(ShapeProbe(faces, calls), points, triangles)
E                   ^^^^^^^^^^^^^^^^^^^^^^^^^^^^^^^^^^^^^^^^^^^^^^^^^^^^^^^^^^^^^
E           File "/Users/asherlc/.paseo/worktrees/0h78jp9r/placid-badger/Tools/HangboardCAD/tests/uv_node_normal_checks.py", line 62, in accelerated
E             self.assertIn(
E         AssertionError: 'uv_nodes' not found in mappingproxy(OrderedDict([('shape', <Parameter "shape">), ('points', <Parameter "points">), ('triangles', <Parameter "triangles">), ('deflection', <Parameter "deflection: 'float'">)])) : Compiler lacks opt-in native UV-node normal evaluation
E         
E         ======================================================================
E         FAIL: test_curved_normals_preserve_geometry_winding_and_avoid_inverse_queries (__main__.UVNodeNormalTests.test_curved_normals_preserve_geometry_winding_and_avoid_inverse_queries)
E         ----------------------------------------------------------------------
E         Traceback (most recent call last):
E           File "/Users/asherlc/.paseo/worktrees/0h78jp9r/placid-badger/Tools/HangboardCAD/tests/uv_node_normal_checks.py", line 77, in test_curved_normals_preserve_geometry_winding_and_avoid_inverse_queries
E             new = self.accelerated(ShapeProbe(self.shape.Faces, new_calls), self.points, triangles)
E                   ^^^^^^^^^^^^^^^^^^^^^^^^^^^^^^^^^^^^^^^^^^^^^^^^^^^^^^^^^^^^^^^^^^^^^^^^^^^^^^^^^
E           File "/Users/asherlc/.paseo/worktrees/0h78jp9r/placid-badger/Tools/HangboardCAD/tests/uv_node_normal_checks.py", line 62, in accelerated
E             self.assertIn(
E         AssertionError: 'uv_nodes' not found in mappingproxy(OrderedDict([('shape', <Parameter "shape">), ('points', <Parameter "points">), ('triangles', <Parameter "triangles">), ('deflection', <Parameter "deflection: 'float'">)])) : Compiler lacks opt-in native UV-node normal evaluation
E         
E         ======================================================================
E         FAIL: test_missing_uv_api_and_unmatched_uv_nodes_preserve_exact_fallback (__main__.UVNodeNormalTests.test_missing_uv_api_and_unmatched_uv_nodes_preserve_exact_fallback)
E         ----------------------------------------------------------------------
E         Traceback (most recent call last):
E           File "/Users/asherlc/.paseo/worktrees/0h78jp9r/placid-badger/Tools/HangboardCAD/tests/uv_node_normal_checks.py", line 104, in test_missing_uv_api_and_unmatched_uv_nodes_preserve_exact_fallback
E             new = self.accelerated(ShapeProbe(self.shape.Faces, calls, mode), self.points, self.triangles)
E                   ^^^^^^^^^^^^^^^^^^^^^^^^^^^^^^^^^^^^^^^^^^^^^^^^^^^^^^^^^^^^^^^^^^^^^^^^^^^^^^^^^^^^^^^^
E           File "/Users/asherlc/.paseo/worktrees/0h78jp9r/placid-badger/Tools/HangboardCAD/tests/uv_node_normal_checks.py", line 62, in accelerated
E             self.assertIn(
E         AssertionError: 'uv_nodes' not found in mappingproxy(OrderedDict([('shape', <Parameter "shape">), ('points', <Parameter "points">), ('triangles', <Parameter "triangles">), ('deflection', <Parameter "deflection: 'float'">)])) : Compiler lacks opt-in native UV-node normal evaluation
E         
E         ======================================================================
E         FAIL: test_opt_in_requires_true_analytic_normal_policy_and_boolean_property (__main__.UVNodeNormalTests.test_opt_in_requires_true_analytic_normal_policy_and_boolean_property)
E         ----------------------------------------------------------------------
E         Traceback (most recent call last):
E           File "/Users/asherlc/.paseo/worktrees/0h78jp9r/placid-badger/Tools/HangboardCAD/tests/uv_node_normal_checks.py", line 116, in test_opt_in_requires_true_analytic_normal_policy_and_boolean_property
E             with self.assertRaises(compiler.BuildError):
E         AssertionError: BuildError not raised
E         
E         ----------------------------------------------------------------------
E         Ran 5 tests in 0.090s
E         
E         FAILED (failures=4)
E         
E         
E       assert 1 == 0
E        +  where 1 = CompletedProcess(args=['/Users/asherlc/.paseo/worktrees/0h78jp9r/placid-badger/.context/placid-badger/venv/bin/python'...-------------------------------------------------------------------\nRan 5 tests in 0.090s\n\nFAILED (failures=4)\n\n').returncode

Tools/HangboardCAD/tests/test_uv_node_normals.py:31: AssertionError
=========================== short test summary info ============================
FAILED Tools/HangboardCAD/tests/test_uv_node_normals.py::test_native_uv_node_normals
1 failed in 1.06s
