FFF                                                                      [100%]
=================================== FAILURES ===================================
_______ test_occupied_front_collar_blocks_the_other_native_through_bore ________

    def test_occupied_front_collar_blocks_the_other_native_through_bore():
        from shapely.geometry import Point, box
        from shapely.ops import triangulate
        from native_cord_routes import NativeSection, checked_clearance
        from hangboard_packages.cord_paths import validate_cord_paths
        # A closed analytic plate with two independent cylindrical daylight holes.
        profile = box(-.06, -.03, .06, .03)
        for x in [-.026, .026]:
            profile = profile.difference(Point(x, 0).buffer(.003, quad_segs=12))
        vertices, faces = [], []
        for triangle in triangulate(profile):
            if profile.covers(triangle):
                face = []
                for point in list(triangle.exterior.coords)[:3]:
                    if point not in vertices:
                        vertices.append(point)
                    face.append(vertices.index(point))
                faces.append(face)
        mesh = trimesh.creation.extrude_triangulation(vertices, faces, .01)
        mesh.apply_translation([0, 0, -.005])
        assert mesh.is_watertight and mesh.is_winding_consistent
        support, finish = [.10, 0, -.03], [-.026, 0, .0072]
        collar = np.array([[.026, 0, .005], [.026, 0, .0072]])
        section = NativeSection(mesh, finish, [0, 1, 0], .002, .0002)
        shortcut = section.route(support, finish)
        assert checked_clearance(mesh, shortcut, .002) >= .002 - 1e-5
        with pytest.raises(ValueError, match="tubes intersect"):
            validate_cord_paths({"lead": shortcut, "occupied": collar}, {"lead": .002, "occupied": .002})
>       section.reserve_tube(*collar, .0042)
        ^^^^^^^^^^^^^^^^^^^^
E       AttributeError: 'NativeSection' object has no attribute 'reserve_tube'

Tools/HangboardCAD/tests/test_native_cord_routes.py:72: AttributeError
______ test_parallel_offset_collar_uses_its_actual_planar_capsule_section ______

    def test_parallel_offset_collar_uses_its_actual_planar_capsule_section():
        from shapely.geometry import Point
        from native_cord_routes import NativeSection
        section = NativeSection(trimesh.creation.box(extents=[.01, .01, .01]), [0, 0, 0], [0, 1, 0], .001, .0002)
        # A 5 mm capsule 3 mm away intersects the section in a 4 mm capsule.
>       section.reserve_tube([.03, .003, -.01], [.03, .003, .01], .005)
        ^^^^^^^^^^^^^^^^^^^^
E       AttributeError: 'NativeSection' object has no attribute 'reserve_tube'

Tools/HangboardCAD/tests/test_native_cord_routes.py:83: AttributeError
_____ test_oblique_collar_reservation_fails_explicitly_without_projection ______

    def test_oblique_collar_reservation_fails_explicitly_without_projection():
        from native_cord_routes import NativeSection
        section = NativeSection(trimesh.creation.box(extents=[.01, .01, .01]), [0, 0, 0], [0, 1, 0], .001, .0002)
        before = section.obstacle
        with pytest.raises(ValueError, match="parallel to the routing section"):
>           section.reserve_tube([.03, -.003, -.01], [.03, .003, .01], .005)
            ^^^^^^^^^^^^^^^^^^^^
E           AttributeError: 'NativeSection' object has no attribute 'reserve_tube'

Tools/HangboardCAD/tests/test_native_cord_routes.py:96: AttributeError
=========================== short test summary info ============================
FAILED Tools/HangboardCAD/tests/test_native_cord_routes.py::test_occupied_front_collar_blocks_the_other_native_through_bore
FAILED Tools/HangboardCAD/tests/test_native_cord_routes.py::test_parallel_offset_collar_uses_its_actual_planar_capsule_section
FAILED Tools/HangboardCAD/tests/test_native_cord_routes.py::test_oblique_collar_reservation_fails_explicitly_without_projection
3 failed, 14 deselected in 1.06s
