  frictitious-nug: reproducible  asset 9b24f881059a7d79 vs rebuild 9b24f881059a7d79
{
  "failures": [],
  "verified": [
    {
      "assetMatches": true,
      "bytes": 763201,
      "committedAssetSHA256": "9b24f881059a7d79afd3b676da6324b3d0d65fb0977e2eab100b88bfa5a5e800",
      "descriptorBindsCommittedAsset": true,
      "descriptorMatches": true,
      "package": "frictitious-nug",
      "presentations": [
        {
          "assetMatches": true,
          "bytes": 763201,
          "committedAssetSHA256": "9b24f881059a7d79afd3b676da6324b3d0d65fb0977e2eab100b88bfa5a5e800",
          "descriptorBindsCommittedAsset": true,
          "descriptorMatches": true,
          "presentationID": "primary",
          "rebuiltAssetSHA256": "9b24f881059a7d79afd3b676da6324b3d0d65fb0977e2eab100b88bfa5a5e800"
        }
      ],
      "rebuiltAssetSHA256": "9b24f881059a7d79afd3b676da6324b3d0d65fb0977e2eab100b88bfa5a5e800"
    }
  ]
}

all 1 source-backed board(s) rebuild byte-identically
