system = {
	type = system
	handle = 0
	active count = 25
	service count = 6
	active service count = 4
	maximum allowed shutdown time = 30 s
	service stats = {
	}
	trial factors = {
		reload count = 0
		memory = 0/0
		active config locked = 0
	}
		creator = launchd_sim[83668]
	creator euid = 502
	session = System
	security context = {
		uid unset
		session uid = -101
	}

	bringup time = 112 ms
	death port = 0x3d03
	subdomains = {
		user/502
	}

	services = {
		   83825      - 	com.apple.logd_helper
		   83827      - 	com.apple.diagnosticd
		   83673      - 	com.apple.logd
		       0      - 	com.apple.containermanagerd.system
		   83710      - 	com.apple.notifyd
		       0      - 	com.apple.cfprefsd.xpc.daemon.system
	}

	unmanaged processes = {
	}

	endpoints = {
		  0x7f03    M   A   com.apple.logd.events
		 0x1c003    M   A   com.apple.diagnosticd
		       0    M   D   com.apple.cfprefsd.daemon.system
		  0x7d03    M   A   com.apple.logd
		  0x1a53    M   A   com.apple.system.notification_center
		 0x18713    M   D   com.apple.logd_helper
		       0    M   D   com.apple.containermanagerd.system
		  0x5603    M   A   com.apple.logd.cachedelete
		  0x7e03    M   A   com.apple.logd.realtime
		  0x5703    M   A   com.apple.logd.admin
	}

	task-special ports = {
			  0x1e03 4       bootstrap  com.apple.xpc.launchd.domain.system
	}


	properties = uncorked | bound
}
