Timestamp               Ty Process[PID:TID]
2026-10-01 21:09:58.466 F  runningboardd[11628:22ff41a] [com.apple.runningboard:general] Unknown RunningBoard domain file found: com.apple.systemvoiceassistant.plist
2026-10-01 21:09:58.489 E  runningboardd[11628:22ff41a] [com.apple.runningboard:jetsam] Can't find jetsamproperties ('/System/Library/LaunchDaemons/com.apple.jetsamproperties' | 'J316c' | 'plist')
2026-10-01 21:09:58.489 F  runningboardd[11628:22ff41a] [com.apple.runningboard:jetsam] Unable to load jetsam database!
2026-10-01 21:09:58.489 E  runningboardd[11628:22ff41a] [com.apple.runningboard:assertion] Error opening shared memory for RBSAssertionManagerStore: 13
2026-10-01 21:09:58.490 E  runningboardd[11628:22ff41a] [com.apple.runningboard:jetsam] memorystatus_control error: MEMORYSTATUS_CMD_CONVERT_MEMLIMIT_MB(-1) returned -1 1 (Operation not permitted)
2026-10-01 21:09:58.490 E  runningboardd[11628:22ff41a] [com.apple.runningboard:jetsam] memorystatus_control error: MEMORYSTATUS_CMD_CONVERT_MEMLIMIT_MB(0) returned -1 1 (Operation not permitted)
2026-10-01 21:09:58.496 E  runningboardd[11628:22ff41a] [com.apple.runningboard:process] Error setting ballast offset
2026-10-01 21:09:58.497 F  runningboardd[11628:22ff41a] [com.apple.runningboard:general] parseAdditionalProperties for RB launch proccess has no RunningBoardLaunchedIdentity
2026-10-01 21:09:58.497 F  runningboardd[11628:22ff41a] [com.apple.runningboard:general] parseAdditionalProperties for RB launch proccess has no RunningBoardLaunchedIdentity
2026-10-01 21:09:58.497 F  runningboardd[11628:22ff41a] [com.apple.runningboard:general] parseAdditionalProperties for RB launch proccess has no RunningBoardLaunchedIdentity
2026-10-01 21:09:58.499 E  runningboardd[11628:22ff448] [com.apple.runningboard:jetsam] memorystatus_control error: MEMORYSTATUS_CMD_CONVERT_MEMLIMIT_MB(-1) returned -1 1 (Operation not permitted)
2026-10-01 21:09:58.499 E  runningboardd[11628:22ff448] [com.apple.runningboard:jetsam] memorystatus_control error: MEMORYSTATUS_CMD_CONVERT_MEMLIMIT_MB(0) returned -1 1 (Operation not permitted)
2026-10-01 21:09:58.505 E  runningboardd[11628:22ff44a] [com.apple.runningboard:jetsam] memorystatus_control error: MEMORYSTATUS_CMD_CONVERT_MEMLIMIT_MB(-1) returned -1 1 (Operation not permitted)
2026-10-01 21:09:58.506 E  runningboardd[11628:22ff44a] [com.apple.runningboard:jetsam] memorystatus_control error: MEMORYSTATUS_CMD_CONVERT_MEMLIMIT_MB(0) returned -1 1 (Operation not permitted)
2026-10-01 21:09:58.527 E  runningboardd[11628:22ff449] [com.apple.runningboard:state] Error: RBLogAddStateCaptureBlockWithTitle(RBDomainAttributeManager) cannot capture state data larger than 32KB
2026-10-01 21:09:58.759 E  runningboardd[11628:22ff448] [com.apple.runningboard:jetsam] memorystatus_control error: MEMORYSTATUS_CMD_CONVERT_MEMLIMIT_MB(-1) returned -1 1 (Operation not permitted)
2026-10-01 21:09:58.759 E  runningboardd[11628:22ff448] [com.apple.runningboard:jetsam] memorystatus_control error: MEMORYSTATUS_CMD_CONVERT_MEMLIMIT_MB(0) returned -1 1 (Operation not permitted)
2026-10-01 21:09:58.864 E  runningboardd[11628:22ff442] [com.apple.runningboard:jetsam] memorystatus_control error: MEMORYSTATUS_CMD_CONVERT_MEMLIMIT_MB(-1) returned -1 1 (Operation not permitted)
2026-10-01 21:09:58.900 E  runningboardd[11628:22ff442] [com.apple.runningboard:jetsam] memorystatus_control error: MEMORYSTATUS_CMD_CONVERT_MEMLIMIT_MB(0) returned -1 1 (Operation not permitted)
2026-10-01 21:09:59.091 E  runningboardd[11628:22ff449] [com.apple.runningboard:jetsam] memorystatus_control error: MEMORYSTATUS_CMD_CONVERT_MEMLIMIT_MB(-1) returned -1 1 (Operation not permitted)
2026-10-01 21:09:59.091 E  runningboardd[11628:22ff449] [com.apple.runningboard:jetsam] memorystatus_control error: MEMORYSTATUS_CMD_CONVERT_MEMLIMIT_MB(0) returned -1 1 (Operation not permitted)
2026-10-01 21:09:59.224 F  runningboardd[11628:22ff44c] [com.apple.runningboard:general] Angel com.apple.AccessibilityUIServer has the unsupported launching mach service with name com.apple.aps.AccessibilityUIServer
2026-10-01 21:09:59.225 F  runningboardd[11628:22ff44c] [com.apple.runningboard:general] Angel com.apple.AccessibilityUIServer has the unsupported launching mach service with name com.apple.usernotifications.delegate.com.apple.accessibility.NameRecognitionNotifications
2026-10-01 21:09:59.230 E  runningboardd[11628:22ff449] [com.apple.runningboard:state] Error: RBLogAddStateCaptureBlockWithTitle(RBDomainAttributeManager) cannot capture state data larger than 32KB
2026-10-01 21:09:59.357 F  runningboardd[11628:22ff448] [com.apple.runningboard:general] Angel com.apple.AccessibilityUIServer has the unsupported launching mach service with name com.apple.aps.AccessibilityUIServer
2026-10-01 21:09:59.357 F  runningboardd[11628:22ff448] [com.apple.runningboard:general] Angel com.apple.AccessibilityUIServer has the unsupported launching mach service with name com.apple.usernotifications.delegate.com.apple.accessibility.NameRecognitionNotifications
2026-10-01 21:09:59.361 E  runningboardd[11628:22ff448] [com.apple.runningboard:jetsam] memorystatus_control error: MEMORYSTATUS_CMD_CONVERT_MEMLIMIT_MB(-1) returned -1 1 (Operation not permitted)
2026-10-01 21:09:59.361 E  runningboardd[11628:22ff448] [com.apple.runningboard:jetsam] memorystatus_control error: MEMORYSTATUS_CMD_CONVERT_MEMLIMIT_MB(0) returned -1 1 (Operation not permitted)
2026-10-01 21:09:59.369 E  runningboardd[11628:22ff448] [com.apple.runningboard:process] [osservice<com.apple.AccessibilityUIServer>:11802] Memorystatus failed with unexpected error: Operation not permitted (1)
2026-10-01 21:09:59.374 E  runningboardd[11628:22ff448] [com.apple.runningboard:process] [osservice<com.apple.AccessibilityUIServer>:11802] Memorystatus failed with unexpected error: Invalid argument (22)
2026-10-01 21:09:59.377 F  runningboardd[11628:22ff449] [com.apple.runningboard:process] RunningBoard: Process osservice<com.apple.AccessibilityUIServer> does not have permission to have entitlement com.apple.runningboard.endowment-originator
2026-10-01 21:09:59.577 F  runningboardd[11628:22ff449] [com.apple.runningboard:process] RunningBoard: Process osservice<com.apple.AccessibilityUIServer> does not have permission to have entitlement com.apple.runningboard.endowment-originator
2026-10-01 21:09:59.607 E  runningboardd[11628:22ff449] [com.apple.runningboard:jetsam] memorystatus_control error: MEMORYSTATUS_CMD_CONVERT_MEMLIMIT_MB(-1) returned -1 1 (Operation not permitted)
2026-10-01 21:09:59.610 E  runningboardd[11628:22ff449] [com.apple.runningboard:jetsam] memorystatus_control error: MEMORYSTATUS_CMD_CONVERT_MEMLIMIT_MB(0) returned -1 1 (Operation not permitted)
2026-10-01 21:10:00.235 E  runningboardd[11628:22ff442] [com.apple.runningboard:jetsam] memorystatus_control error: MEMORYSTATUS_CMD_CONVERT_MEMLIMIT_MB(-1) returned -1 1 (Operation not permitted)
2026-10-01 21:10:00.236 E  runningboardd[11628:22ff442] [com.apple.runningboard:jetsam] memorystatus_control error: MEMORYSTATUS_CMD_CONVERT_MEMLIMIT_MB(0) returned -1 1 (Operation not permitted)
2026-10-01 21:10:00.583 E  runningboardd[11628:22ff442] [com.apple.runningboard:jetsam] memorystatus_control error: MEMORYSTATUS_CMD_CONVERT_MEMLIMIT_MB(-1) returned -1 1 (Operation not permitted)
2026-10-01 21:10:00.583 E  runningboardd[11628:22ff442] [com.apple.runningboard:jetsam] memorystatus_control error: MEMORYSTATUS_CMD_CONVERT_MEMLIMIT_MB(0) returned -1 1 (Operation not permitted)
2026-10-01 21:10:00.588 E  runningboardd[11628:22ff442] [com.apple.runningboard:jetsam] memorystatus_control error: MEMORYSTATUS_CMD_CONVERT_MEMLIMIT_MB(-1) returned -1 1 (Operation not permitted)
2026-10-01 21:10:00.588 E  runningboardd[11628:22ff442] [com.apple.runningboard:jetsam] memorystatus_control error: MEMORYSTATUS_CMD_CONVERT_MEMLIMIT_MB(0) returned -1 1 (Operation not permitted)
2026-10-01 21:10:00.591 E  runningboardd[11628:22ff448] [com.apple.runningboard:jetsam] memorystatus_control error: MEMORYSTATUS_CMD_CONVERT_MEMLIMIT_MB(-1) returned -1 1 (Operation not permitted)
2026-10-01 21:10:00.591 E  runningboardd[11628:22ff448] [com.apple.runningboard:jetsam] memorystatus_control error: MEMORYSTATUS_CMD_CONVERT_MEMLIMIT_MB(0) returned -1 1 (Operation not permitted)
2026-10-01 21:10:00.592 E  runningboardd[11628:22ff442] [com.apple.runningboard:jetsam] memorystatus_control error: MEMORYSTATUS_CMD_CONVERT_MEMLIMIT_MB(-1) returned -1 1 (Operation not permitted)
2026-10-01 21:10:00.592 E  runningboardd[11628:22ff442] [com.apple.runningboard:jetsam] memorystatus_control error: MEMORYSTATUS_CMD_CONVERT_MEMLIMIT_MB(0) returned -1 1 (Operation not permitted)
2026-10-01 21:10:00.593 E  runningboardd[11628:22ff442] [com.apple.runningboard:jetsam] memorystatus_control error: MEMORYSTATUS_CMD_CONVERT_MEMLIMIT_MB(-1) returned -1 1 (Operation not permitted)
2026-10-01 21:10:00.593 E  runningboardd[11628:22ff442] [com.apple.runningboard:jetsam] memorystatus_control error: MEMORYSTATUS_CMD_CONVERT_MEMLIMIT_MB(0) returned -1 1 (Operation not permitted)
2026-10-01 21:10:00.608 E  runningboardd[11628:22ff442] [com.apple.runningboard:jetsam] memorystatus_control error: MEMORYSTATUS_CMD_CONVERT_MEMLIMIT_MB(-1) returned -1 1 (Operation not permitted)
2026-10-01 21:10:00.608 E  runningboardd[11628:22ff442] [com.apple.runningboard:jetsam] memorystatus_control error: MEMORYSTATUS_CMD_CONVERT_MEMLIMIT_MB(0) returned -1 1 (Operation not permitted)
2026-10-01 21:10:00.695 Df runningboardd[11628:22ff442] [com.apple.runningboard:connection] Incoming connection from 11817, user 502/502
2026-10-01 21:10:00.696 Df runningboardd[11628:22ff442] [com.apple.runningboard:process] _resolveProcessWithIdentifier pid 11817 euid 502 auid 502
2026-10-01 21:10:00.696 Df runningboardd[11628:22ff442] [com.apple.runningboard:process] Resolved pid 11817 to [osservice<com.apple.contactsd>:11817]
2026-10-01 21:10:00.697 E  runningboardd[11628:22ff442] [com.apple.runningboard:jetsam] memorystatus_control error: MEMORYSTATUS_CMD_CONVERT_MEMLIMIT_MB(-1) returned -1 1 (Operation not permitted)
2026-10-01 21:10:00.697 E  runningboardd[11628:22ff442] [com.apple.runningboard:jetsam] memorystatus_control error: MEMORYSTATUS_CMD_CONVERT_MEMLIMIT_MB(0) returned -1 1 (Operation not permitted)
2026-10-01 21:10:00.698 Df runningboardd[11628:22ff442] [com.apple.runningboard:general] Full encoding handle [osservice<com.apple.contactsd>:11817], with data 443ba1c700002e29, and pid 11817
2026-10-01 21:10:00.698 Df runningboardd[11628:22ff442] [com.apple.runningboard:process] [osservice<com.apple.contactsd>:11817] is not RunningBoard jetsam managed.
2026-10-01 21:10:00.698 Df runningboardd[11628:22ff442] [com.apple.runningboard:process] [osservice<com.apple.contactsd>:11817] This process will not be managed.
2026-10-01 21:10:00.698 Df runningboardd[11628:22ff442] [com.apple.runningboard:ttl] Now tracking process: [osservice<com.apple.contactsd>:11817]
2026-10-01 21:10:00.701 Df runningboardd[11628:22ff442] [com.apple.libxpc.OSLaunchdJob:all] <OSLaunchdJob | handle=9B393610-E3EC-4E5E-884E-0458040F3559>: copyJobWithPid:11817 created a job
2026-10-01 21:10:00.701 Df runningboardd[11628:22ff449] [com.apple.libxpc.OSLaunchdJob:all] <OSLaunchdJob | handle=9B393610-E3EC-4E5E-884E-0458040F3559>: monitor initial info is running, pid=11817
2026-10-01 21:10:00.701 Df runningboardd[11628:22ff449] [com.apple.runningboard:general] [osservice<com.apple.contactsd>:11817] reported to RB as running
2026-10-01 21:10:00.702 Df runningboardd[11628:22ff442] [com.apple.xpc:connection] [0x103cb2b80] activating connection: mach=false listener=false peer=true name=com.apple.runningboard.peer[11817].0x103cb2b80
2026-10-01 21:10:00.706 Df runningboardd[11628:22ff448] [com.apple.runningboard:connection] Setting client for [osservice<com.apple.contactsd>:11817] as ready
2026-10-01 21:10:00.708 Df runningboardd[11628:22ff448] [com.apple.runningboard:connection] Received handshake request from 11817 with 0 assertion descriptors
2026-10-01 21:10:00.708 Df runningboardd[11628:22ff448] [com.apple.runningboard:connection] Handshake successful with 11817; sending response
2026-10-01 21:10:00.766 E  runningboardd[11628:22ff448] [com.apple.runningboard:jetsam] memorystatus_control error: MEMORYSTATUS_CMD_CONVERT_MEMLIMIT_MB(-1) returned -1 1 (Operation not permitted)
2026-10-01 21:10:00.766 E  runningboardd[11628:22ff448] [com.apple.runningboard:jetsam] memorystatus_control error: MEMORYSTATUS_CMD_CONVERT_MEMLIMIT_MB(0) returned -1 1 (Operation not permitted)
2026-10-01 21:10:00.769 E  runningboardd[11628:22ff44a] [com.apple.runningboard:coder] Decoded class RBSProcessEverythingPredicate is not compatible with expected class RBSProcessPredicate
2026-10-01 21:10:00.769 E  runningboardd[11628:22ff44a] [com.apple.runningboard:coder] Exception thrown while decoding class RBSProcessPredicate: Decoded class RBSProcessEverythingPredicate is not compatible with expected class RBSProcessPredicate
2026-10-01 21:10:00.769 E  runningboardd[11628:22ff44a] [com.apple.runningboard:coder] Exception thrown while decoding class RBSProcessPredicate: Decoded class RBSProcessEverythingPredicate is not compatible with expected class RBSProcessPredicate
2026-10-01 21:10:00.769 E  runningboardd[11628:22ff44a] [com.apple.runningboard:coder] Exception thrown while decoding class NSArray: Decoded class RBSProcessEverythingPredicate is not compatible with expected class RBSProcessPredicate
2026-10-01 21:10:00.769 E  runningboardd[11628:22ff44a] [com.apple.runningboard:coder] Exception thrown while decoding class NSArray for key "_predicates": Decoded class RBSProcessEverythingPredicate is not compatible with expected class RBSProcessPredicate
2026-10-01 21:10:00.769 E  runningboardd[11628:22ff44a] [com.apple.runningboard:coder] Exception thrown while decoding class RBSProcessMonitorConfiguration: Decoded class RBSProcessEverythingPredicate is not compatible with expected class RBSProcessPredicate
2026-10-01 21:10:00.769 E  runningboardd[11628:22ff44a] [com.apple.runningboard:coder] Exception thrown while decoding class RBSProcessMonitorConfiguration for key "rbs_argument_0": Decoded class RBSProcessEverythingPredicate is not compatible with expected class RBSProcessPredicate
2026-10-01 21:10:00.769 E  runningboardd[11628:22ff44a] [com.apple.runningboard:general] *** Exception thrown while decoding argument 0 of void_subscribeToProcessStateChangesWithConfiguration:error:: Decoded class RBSProcessEverythingPredicate is not compatible with expected class RBSProcessPredicate
2026-10-01 21:10:01.192 E  runningboardd[11628:22ff442] [com.apple.runningboard:jetsam] memorystatus_control error: MEMORYSTATUS_CMD_CONVERT_MEMLIMIT_MB(-1) returned -1 1 (Operation not permitted)
2026-10-01 21:10:01.192 E  runningboardd[11628:22ff442] [com.apple.runningboard:jetsam] memorystatus_control error: MEMORYSTATUS_CMD_CONVERT_MEMLIMIT_MB(0) returned -1 1 (Operation not permitted)
2026-10-01 21:10:01.297 E  runningboardd[11628:22ff449] [com.apple.runningboard:jetsam] memorystatus_control error: MEMORYSTATUS_CMD_CONVERT_MEMLIMIT_MB(-1) returned -1 1 (Operation not permitted)
2026-10-01 21:10:01.297 E  runningboardd[11628:22ff449] [com.apple.runningboard:jetsam] memorystatus_control error: MEMORYSTATUS_CMD_CONVERT_MEMLIMIT_MB(0) returned -1 1 (Operation not permitted)
2026-10-01 21:10:01.397 E  runningboardd[11628:22ff442] [com.apple.runningboard:jetsam] memorystatus_control error: MEMORYSTATUS_CMD_CONVERT_MEMLIMIT_MB(-1) returned -1 1 (Operation not permitted)
2026-10-01 21:10:01.397 E  runningboardd[11628:22ff442] [com.apple.runningboard:jetsam] memorystatus_control error: MEMORYSTATUS_CMD_CONVERT_MEMLIMIT_MB(0) returned -1 1 (Operation not permitted)
2026-10-01 21:10:01.399 E  runningboardd[11628:22ff442] [com.apple.runningboard:jetsam] memorystatus_control error: MEMORYSTATUS_CMD_CONVERT_MEMLIMIT_MB(-1) returned -1 1 (Operation not permitted)
2026-10-01 21:10:01.399 E  runningboardd[11628:22ff442] [com.apple.runningboard:jetsam] memorystatus_control error: MEMORYSTATUS_CMD_CONVERT_MEMLIMIT_MB(0) returned -1 1 (Operation not permitted)
2026-10-01 21:10:01.401 E  runningboardd[11628:22ff442] [com.apple.runningboard:jetsam] memorystatus_control error: MEMORYSTATUS_CMD_CONVERT_MEMLIMIT_MB(-1) returned -1 1 (Operation not permitted)
2026-10-01 21:10:01.401 E  runningboardd[11628:22ff442] [com.apple.runningboard:jetsam] memorystatus_control error: MEMORYSTATUS_CMD_CONVERT_MEMLIMIT_MB(0) returned -1 1 (Operation not permitted)
2026-10-01 21:10:01.420 E  runningboardd[11628:22ff448] [com.apple.runningboard:jetsam] memorystatus_control error: MEMORYSTATUS_CMD_CONVERT_MEMLIMIT_MB(-1) returned -1 1 (Operation not permitted)
2026-10-01 21:10:01.420 E  runningboardd[11628:22ff448] [com.apple.runningboard:jetsam] memorystatus_control error: MEMORYSTATUS_CMD_CONVERT_MEMLIMIT_MB(0) returned -1 1 (Operation not permitted)
2026-10-01 21:10:01.522 Df runningboardd[11628:22ff448] [com.apple.runningboard:ttl] Acquiring assertion targeting [osservice<com.apple.contactsd>:11817] from originator [osservice<com.apple.contactsd>:11817] with description <RBSAssertionDescriptor| "Contacts shared filesystem lock" ID:11628-11817-26 target:11817 attributes:[
	<RBSDomainAttribute| domain:"com.apple.common" name:"FinishTaskUninterruptable" sourceEnvironment:"(null)">,
	<RBSAcquisitionCompletionAttribute| policy:AfterApplication>
	]>
2026-10-01 21:10:01.522 Df runningboardd[11628:22ff448] [com.apple.runningboard:ttl] Assertion 11628-11817-26 (target:[osservice<com.apple.contactsd>:11817]) will be created as active as no start-time-defining assertions exist
2026-10-01 21:10:01.523 Df runningboardd[11628:22ff448] [com.apple.runningboard:power] Acquired process power assertion with ID 65535 for pid 11817
2026-10-01 21:10:01.623 E  runningboardd[11628:22ff442] [com.apple.runningboard:jetsam] memorystatus_control error: MEMORYSTATUS_CMD_CONVERT_MEMLIMIT_MB(-1) returned -1 1 (Operation not permitted)
2026-10-01 21:10:01.623 E  runningboardd[11628:22ff442] [com.apple.runningboard:jetsam] memorystatus_control error: MEMORYSTATUS_CMD_CONVERT_MEMLIMIT_MB(0) returned -1 1 (Operation not permitted)
2026-10-01 21:10:02.032 E  runningboardd[11628:22ff44a] [com.apple.runningboard:jetsam] memorystatus_control error: MEMORYSTATUS_CMD_CONVERT_MEMLIMIT_MB(-1) returned -1 1 (Operation not permitted)
2026-10-01 21:10:02.032 E  runningboardd[11628:22ff44a] [com.apple.runningboard:jetsam] memorystatus_control error: MEMORYSTATUS_CMD_CONVERT_MEMLIMIT_MB(0) returned -1 1 (Operation not permitted)
2026-10-01 21:10:02.757 E  runningboardd[11628:22ff44a] [com.apple.runningboard:jetsam] memorystatus_control error: MEMORYSTATUS_CMD_CONVERT_MEMLIMIT_MB(-1) returned -1 1 (Operation not permitted)
2026-10-01 21:10:02.758 E  runningboardd[11628:22ff44a] [com.apple.runningboard:jetsam] memorystatus_control error: MEMORYSTATUS_CMD_CONVERT_MEMLIMIT_MB(0) returned -1 1 (Operation not permitted)
2026-10-01 21:10:02.832 E  runningboardd[11628:22ff442] [com.apple.runningboard:jetsam] memorystatus_control error: MEMORYSTATUS_CMD_CONVERT_MEMLIMIT_MB(-1) returned -1 1 (Operation not permitted)
2026-10-01 21:10:02.832 E  runningboardd[11628:22ff442] [com.apple.runningboard:jetsam] memorystatus_control error: MEMORYSTATUS_CMD_CONVERT_MEMLIMIT_MB(0) returned -1 1 (Operation not permitted)
2026-10-01 21:10:02.834 E  runningboardd[11628:22ff442] [com.apple.runningboard:jetsam] memorystatus_control error: MEMORYSTATUS_CMD_CONVERT_MEMLIMIT_MB(-1) returned -1 1 (Operation not permitted)
2026-10-01 21:10:02.834 E  runningboardd[11628:22ff442] [com.apple.runningboard:jetsam] memorystatus_control error: MEMORYSTATUS_CMD_CONVERT_MEMLIMIT_MB(0) returned -1 1 (Operation not permitted)
2026-10-01 21:10:02.839 E  runningboardd[11628:22ff448] [com.apple.runningboard:jetsam] memorystatus_control error: MEMORYSTATUS_CMD_CONVERT_MEMLIMIT_MB(-1) returned -1 1 (Operation not permitted)
2026-10-01 21:10:02.839 E  runningboardd[11628:22ff448] [com.apple.runningboard:jetsam] memorystatus_control error: MEMORYSTATUS_CMD_CONVERT_MEMLIMIT_MB(0) returned -1 1 (Operation not permitted)
2026-10-01 21:10:02.964 E  runningboardd[11628:22ff448] [com.apple.runningboard:jetsam] memorystatus_control error: MEMORYSTATUS_CMD_CONVERT_MEMLIMIT_MB(-1) returned -1 1 (Operation not permitted)
2026-10-01 21:10:02.968 E  runningboardd[11628:22ff448] [com.apple.runningboard:jetsam] memorystatus_control error: MEMORYSTATUS_CMD_CONVERT_MEMLIMIT_MB(0) returned -1 1 (Operation not permitted)
2026-10-01 21:10:03.173 E  runningboardd[11628:22ff449] [com.apple.runningboard:jetsam] memorystatus_control error: MEMORYSTATUS_CMD_CONVERT_MEMLIMIT_MB(-1) returned -1 1 (Operation not permitted)
2026-10-01 21:10:03.173 E  runningboardd[11628:22ff449] [com.apple.runningboard:jetsam] memorystatus_control error: MEMORYSTATUS_CMD_CONVERT_MEMLIMIT_MB(0) returned -1 1 (Operation not permitted)
2026-10-01 21:10:03.185 E  runningboardd[11628:22ff44a] [com.apple.runningboard:jetsam] memorystatus_control error: MEMORYSTATUS_CMD_CONVERT_MEMLIMIT_MB(-1) returned -1 1 (Operation not permitted)
2026-10-01 21:10:03.186 E  runningboardd[11628:22ff44a] [com.apple.runningboard:jetsam] memorystatus_control error: MEMORYSTATUS_CMD_CONVERT_MEMLIMIT_MB(0) returned -1 1 (Operation not permitted)
2026-10-01 21:10:03.197 E  runningboardd[11628:22ff448] [com.apple.runningboard:jetsam] memorystatus_control error: MEMORYSTATUS_CMD_CONVERT_MEMLIMIT_MB(-1) returned -1 1 (Operation not permitted)
2026-10-01 21:10:03.197 E  runningboardd[11628:22ff448] [com.apple.runningboard:jetsam] memorystatus_control error: MEMORYSTATUS_CMD_CONVERT_MEMLIMIT_MB(0) returned -1 1 (Operation not permitted)
2026-10-01 21:10:03.577 E  runningboardd[11628:22ff448] [com.apple.runningboard:jetsam] memorystatus_control error: MEMORYSTATUS_CMD_CONVERT_MEMLIMIT_MB(-1) returned -1 1 (Operation not permitted)
2026-10-01 21:10:03.577 E  runningboardd[11628:22ff448] [com.apple.runningboard:jetsam] memorystatus_control error: MEMORYSTATUS_CMD_CONVERT_MEMLIMIT_MB(0) returned -1 1 (Operation not permitted)
2026-10-01 21:10:03.645 E  runningboardd[11628:22ff44a] [com.apple.runningboard:jetsam] memorystatus_control error: MEMORYSTATUS_CMD_CONVERT_MEMLIMIT_MB(-1) returned -1 1 (Operation not permitted)
2026-10-01 21:10:03.646 E  runningboardd[11628:22ff44a] [com.apple.runningboard:jetsam] memorystatus_control error: MEMORYSTATUS_CMD_CONVERT_MEMLIMIT_MB(0) returned -1 1 (Operation not permitted)
2026-10-01 21:10:04.591 E  runningboardd[11628:22ff449] [com.apple.runningboard:jetsam] memorystatus_control error: MEMORYSTATUS_CMD_CONVERT_MEMLIMIT_MB(-1) returned -1 1 (Operation not permitted)
2026-10-01 21:10:04.592 E  runningboardd[11628:22ff449] [com.apple.runningboard:jetsam] memorystatus_control error: MEMORYSTATUS_CMD_CONVERT_MEMLIMIT_MB(0) returned -1 1 (Operation not permitted)
2026-10-01 21:10:04.616 E  runningboardd[11628:22ff44a] [com.apple.runningboard:jetsam] memorystatus_control error: MEMORYSTATUS_CMD_CONVERT_MEMLIMIT_MB(-1) returned -1 1 (Operation not permitted)
2026-10-01 21:10:04.617 E  runningboardd[11628:22ff44a] [com.apple.runningboard:jetsam] memorystatus_control error: MEMORYSTATUS_CMD_CONVERT_MEMLIMIT_MB(0) returned -1 1 (Operation not permitted)
2026-10-01 21:10:04.750 E  runningboardd[11628:22ff442] [com.apple.runningboard:jetsam] memorystatus_control error: MEMORYSTATUS_CMD_CONVERT_MEMLIMIT_MB(-1) returned -1 1 (Operation not permitted)
2026-10-01 21:10:04.752 E  runningboardd[11628:22ff442] [com.apple.runningboard:jetsam] memorystatus_control error: MEMORYSTATUS_CMD_CONVERT_MEMLIMIT_MB(0) returned -1 1 (Operation not permitted)
2026-10-01 21:10:05.437 E  runningboardd[11628:22ff448] [com.apple.runningboard:jetsam] memorystatus_control error: MEMORYSTATUS_CMD_CONVERT_MEMLIMIT_MB(-1) returned -1 1 (Operation not permitted)
2026-10-01 21:10:05.447 E  runningboardd[11628:22ff448] [com.apple.runningboard:jetsam] memorystatus_control error: MEMORYSTATUS_CMD_CONVERT_MEMLIMIT_MB(0) returned -1 1 (Operation not permitted)
2026-10-01 21:10:05.614 E  runningboardd[11628:22ff448] [com.apple.runningboard:jetsam] memorystatus_control error: MEMORYSTATUS_CMD_CONVERT_MEMLIMIT_MB(-1) returned -1 1 (Operation not permitted)
2026-10-01 21:10:05.615 E  runningboardd[11628:22ff448] [com.apple.runningboard:jetsam] memorystatus_control error: MEMORYSTATUS_CMD_CONVERT_MEMLIMIT_MB(0) returned -1 1 (Operation not permitted)
2026-10-01 21:10:05.665 E  runningboardd[11628:22ff44a] [com.apple.runningboard:jetsam] memorystatus_control error: MEMORYSTATUS_CMD_CONVERT_MEMLIMIT_MB(-1) returned -1 1 (Operation not permitted)
2026-10-01 21:10:05.665 E  runningboardd[11628:22ff44a] [com.apple.runningboard:jetsam] memorystatus_control error: MEMORYSTATUS_CMD_CONVERT_MEMLIMIT_MB(0) returned -1 1 (Operation not permitted)
2026-10-01 21:10:07.325 E  runningboardd[11628:22ff448] [com.apple.runningboard:jetsam] memorystatus_control error: MEMORYSTATUS_CMD_CONVERT_MEMLIMIT_MB(-1) returned -1 1 (Operation not permitted)
2026-10-01 21:10:07.325 E  runningboardd[11628:22ff448] [com.apple.runningboard:jetsam] memorystatus_control error: MEMORYSTATUS_CMD_CONVERT_MEMLIMIT_MB(0) returned -1 1 (Operation not permitted)
2026-10-01 21:10:07.352 E  runningboardd[11628:22ff448] [com.apple.runningboard:jetsam] memorystatus_control error: MEMORYSTATUS_CMD_CONVERT_MEMLIMIT_MB(-1) returned -1 1 (Operation not permitted)
2026-10-01 21:10:07.352 E  runningboardd[11628:22ff448] [com.apple.runningboard:jetsam] memorystatus_control error: MEMORYSTATUS_CMD_CONVERT_MEMLIMIT_MB(0) returned -1 1 (Operation not permitted)
2026-10-01 21:10:07.356 E  runningboardd[11628:22ff448] [com.apple.runningboard:jetsam] memorystatus_control error: MEMORYSTATUS_CMD_CONVERT_MEMLIMIT_MB(-1) returned -1 1 (Operation not permitted)
2026-10-01 21:10:07.356 E  runningboardd[11628:22ff448] [com.apple.runningboard:jetsam] memorystatus_control error: MEMORYSTATUS_CMD_CONVERT_MEMLIMIT_MB(0) returned -1 1 (Operation not permitted)
2026-10-01 21:10:11.005 E  runningboardd[11628:22ff448] [com.apple.runningboard:jetsam] memorystatus_control error: MEMORYSTATUS_CMD_CONVERT_MEMLIMIT_MB(-1) returned -1 1 (Operation not permitted)
2026-10-01 21:10:11.005 E  runningboardd[11628:22ff448] [com.apple.runningboard:jetsam] memorystatus_control error: MEMORYSTATUS_CMD_CONVERT_MEMLIMIT_MB(0) returned -1 1 (Operation not permitted)
2026-10-01 21:10:12.222 E  runningboardd[11628:22ff448] [com.apple.runningboard:jetsam] memorystatus_control error: MEMORYSTATUS_CMD_CONVERT_MEMLIMIT_MB(-1) returned -1 1 (Operation not permitted)
2026-10-01 21:10:12.222 E  runningboardd[11628:22ff448] [com.apple.runningboard:jetsam] memorystatus_control error: MEMORYSTATUS_CMD_CONVERT_MEMLIMIT_MB(0) returned -1 1 (Operation not permitted)
2026-10-01 21:10:22.013 E  runningboardd[11628:22ff448] [com.apple.runningboard:jetsam] memorystatus_control error: MEMORYSTATUS_CMD_CONVERT_MEMLIMIT_MB(-1) returned -1 1 (Operation not permitted)
2026-10-01 21:10:22.013 E  runningboardd[11628:22ff448] [com.apple.runningboard:jetsam] memorystatus_control error: MEMORYSTATUS_CMD_CONVERT_MEMLIMIT_MB(0) returned -1 1 (Operation not permitted)
2026-10-01 21:10:22.016 E  runningboardd[11628:23001aa] [com.apple.runningboard:jetsam] memorystatus_control error: MEMORYSTATUS_CMD_CONVERT_MEMLIMIT_MB(-1) returned -1 1 (Operation not permitted)
2026-10-01 21:10:22.016 E  runningboardd[11628:23001aa] [com.apple.runningboard:jetsam] memorystatus_control error: MEMORYSTATUS_CMD_CONVERT_MEMLIMIT_MB(0) returned -1 1 (Operation not permitted)
2026-10-01 21:10:22.017 E  runningboardd[11628:23001aa] [com.apple.runningboard:jetsam] memorystatus_control error: MEMORYSTATUS_CMD_CONVERT_MEMLIMIT_MB(-1) returned -1 1 (Operation not permitted)
2026-10-01 21:10:22.017 E  runningboardd[11628:23001aa] [com.apple.runningboard:jetsam] memorystatus_control error: MEMORYSTATUS_CMD_CONVERT_MEMLIMIT_MB(0) returned -1 1 (Operation not permitted)
2026-10-01 21:10:22.018 E  runningboardd[11628:23001aa] [com.apple.runningboard:jetsam] memorystatus_control error: MEMORYSTATUS_CMD_CONVERT_MEMLIMIT_MB(-1) returned -1 1 (Operation not permitted)
2026-10-01 21:10:22.018 E  runningboardd[11628:23001aa] [com.apple.runningboard:jetsam] memorystatus_control error: MEMORYSTATUS_CMD_CONVERT_MEMLIMIT_MB(0) returned -1 1 (Operation not permitted)
2026-10-01 21:10:23.452 E  runningboardd[11628:22ff445] [com.apple.runningboard:jetsam] memorystatus_control error: MEMORYSTATUS_CMD_CONVERT_MEMLIMIT_MB(-1) returned -1 1 (Operation not permitted)
2026-10-01 21:10:23.452 E  runningboardd[11628:22ff445] [com.apple.runningboard:jetsam] memorystatus_control error: MEMORYSTATUS_CMD_CONVERT_MEMLIMIT_MB(0) returned -1 1 (Operation not permitted)
2026-10-01 21:10:23.548 E  runningboardd[11628:22ff448] [com.apple.runningboard:jetsam] memorystatus_control error: MEMORYSTATUS_CMD_CONVERT_MEMLIMIT_MB(-1) returned -1 1 (Operation not permitted)
2026-10-01 21:10:23.548 E  runningboardd[11628:22ff448] [com.apple.runningboard:jetsam] memorystatus_control error: MEMORYSTATUS_CMD_CONVERT_MEMLIMIT_MB(0) returned -1 1 (Operation not permitted)
2026-10-01 21:10:23.549 E  runningboardd[11628:22ff448] [com.apple.runningboard:jetsam] memorystatus_control error: MEMORYSTATUS_CMD_CONVERT_MEMLIMIT_MB(-1) returned -1 1 (Operation not permitted)
2026-10-01 21:10:23.549 E  runningboardd[11628:22ff448] [com.apple.runningboard:jetsam] memorystatus_control error: MEMORYSTATUS_CMD_CONVERT_MEMLIMIT_MB(0) returned -1 1 (Operation not permitted)
2026-10-01 21:10:23.550 E  runningboardd[11628:22ff445] [com.apple.runningboard:jetsam] memorystatus_control error: MEMORYSTATUS_CMD_CONVERT_MEMLIMIT_MB(-1) returned -1 1 (Operation not permitted)
2026-10-01 21:10:23.550 E  runningboardd[11628:22ff445] [com.apple.runningboard:jetsam] memorystatus_control error: MEMORYSTATUS_CMD_CONVERT_MEMLIMIT_MB(0) returned -1 1 (Operation not permitted)
2026-10-01 21:10:23.581 E  runningboardd[11628:23001ac] [com.apple.runningboard:jetsam] memorystatus_control error: MEMORYSTATUS_CMD_CONVERT_MEMLIMIT_MB(-1) returned -1 1 (Operation not permitted)
2026-10-01 21:10:23.581 E  runningboardd[11628:23001ac] [com.apple.runningboard:jetsam] memorystatus_control error: MEMORYSTATUS_CMD_CONVERT_MEMLIMIT_MB(0) returned -1 1 (Operation not permitted)
2026-10-01 21:10:23.601 E  runningboardd[11628:22ff448] [com.apple.runningboard:jetsam] memorystatus_control error: MEMORYSTATUS_CMD_CONVERT_MEMLIMIT_MB(-1) returned -1 1 (Operation not permitted)
2026-10-01 21:10:23.601 E  runningboardd[11628:22ff448] [com.apple.runningboard:jetsam] memorystatus_control error: MEMORYSTATUS_CMD_CONVERT_MEMLIMIT_MB(0) returned -1 1 (Operation not permitted)
2026-10-01 21:10:23.603 E  runningboardd[11628:22ff445] [com.apple.runningboard:jetsam] memorystatus_control error: MEMORYSTATUS_CMD_CONVERT_MEMLIMIT_MB(-1) returned -1 1 (Operation not permitted)
2026-10-01 21:10:23.603 E  runningboardd[11628:22ff445] [com.apple.runningboard:jetsam] memorystatus_control error: MEMORYSTATUS_CMD_CONVERT_MEMLIMIT_MB(0) returned -1 1 (Operation not permitted)
2026-10-01 21:10:23.609 E  runningboardd[11628:23001ad] [com.apple.runningboard:jetsam] memorystatus_control error: MEMORYSTATUS_CMD_CONVERT_MEMLIMIT_MB(-1) returned -1 1 (Operation not permitted)
2026-10-01 21:10:23.611 E  runningboardd[11628:23001ad] [com.apple.runningboard:jetsam] memorystatus_control error: MEMORYSTATUS_CMD_CONVERT_MEMLIMIT_MB(0) returned -1 1 (Operation not permitted)
2026-10-01 21:10:23.691 E  runningboardd[11628:23001ad] [com.apple.runningboard:jetsam] memorystatus_control error: MEMORYSTATUS_CMD_CONVERT_MEMLIMIT_MB(-1) returned -1 1 (Operation not permitted)
2026-10-01 21:10:23.691 E  runningboardd[11628:23001ad] [com.apple.runningboard:jetsam] memorystatus_control error: MEMORYSTATUS_CMD_CONVERT_MEMLIMIT_MB(0) returned -1 1 (Operation not permitted)
2026-10-01 21:10:23.759 E  runningboardd[11628:23001ad] [com.apple.runningboard:jetsam] memorystatus_control error: MEMORYSTATUS_CMD_CONVERT_MEMLIMIT_MB(-1) returned -1 1 (Operation not permitted)
2026-10-01 21:10:23.759 E  runningboardd[11628:23001ad] [com.apple.runningboard:jetsam] memorystatus_control error: MEMORYSTATUS_CMD_CONVERT_MEMLIMIT_MB(0) returned -1 1 (Operation not permitted)
2026-10-01 21:10:23.882 E  runningboardd[11628:23001ac] [com.apple.runningboard:jetsam] memorystatus_control error: MEMORYSTATUS_CMD_CONVERT_MEMLIMIT_MB(-1) returned -1 1 (Operation not permitted)
2026-10-01 21:10:23.887 E  runningboardd[11628:23001ac] [com.apple.runningboard:jetsam] memorystatus_control error: MEMORYSTATUS_CMD_CONVERT_MEMLIMIT_MB(0) returned -1 1 (Operation not permitted)
2026-10-01 21:10:23.946 E  runningboardd[11628:22ff448] [com.apple.runningboard:jetsam] memorystatus_control error: MEMORYSTATUS_CMD_CONVERT_MEMLIMIT_MB(-1) returned -1 1 (Operation not permitted)
2026-10-01 21:10:23.947 E  runningboardd[11628:22ff448] [com.apple.runningboard:jetsam] memorystatus_control error: MEMORYSTATUS_CMD_CONVERT_MEMLIMIT_MB(0) returned -1 1 (Operation not permitted)
2026-10-01 21:10:24.333 Df runningboardd[11628:23001aa] [com.apple.runningboard:ttl] Acquiring assertion targeting [osservice<com.apple.contactsd>:11817] from originator [osservice<com.apple.contactsd>:11817] with description <RBSAssertionDescriptor| "Contacts shared filesystem lock" ID:11628-11817-37 target:11817 attributes:[
	<RBSDomainAttribute| domain:"com.apple.common" name:"FinishTaskUninterruptable" sourceEnvironment:"(null)">,
	<RBSAcquisitionCompletionAttribute| policy:AfterApplication>
	]>
2026-10-01 21:10:24.333 Df runningboardd[11628:23001aa] [com.apple.runningboard:ttl] Assertion 11628-11817-37 (target:[osservice<com.apple.contactsd>:11817]) will be created as active as no start-time-defining assertions exist
2026-10-01 21:10:24.334 Df runningboardd[11628:22ff445] [com.apple.runningboard:ttl] Attempting to rename power assertion 65535 for target osservice<com.apple.contactsd> to osservice<com.apple.contactsd>;11628-11817-26:Contacts shared filesystem lock;11628-11817-37:Contacts shared filesystem lock
2026-10-01 21:10:24.838 E  runningboardd[11628:22ff445] [com.apple.runningboard:jetsam] memorystatus_control error: MEMORYSTATUS_CMD_CONVERT_MEMLIMIT_MB(-1) returned -1 1 (Operation not permitted)
2026-10-01 21:10:24.838 E  runningboardd[11628:22ff445] [com.apple.runningboard:jetsam] memorystatus_control error: MEMORYSTATUS_CMD_CONVERT_MEMLIMIT_MB(0) returned -1 1 (Operation not permitted)
2026-10-01 21:10:24.843 E  runningboardd[11628:22ff445] [com.apple.runningboard:jetsam] memorystatus_control error: MEMORYSTATUS_CMD_CONVERT_MEMLIMIT_MB(-1) returned -1 1 (Operation not permitted)
2026-10-01 21:10:24.843 E  runningboardd[11628:22ff445] [com.apple.runningboard:jetsam] memorystatus_control error: MEMORYSTATUS_CMD_CONVERT_MEMLIMIT_MB(0) returned -1 1 (Operation not permitted)
2026-10-01 21:10:24.936 E  runningboardd[11628:23001ac] [com.apple.runningboard:jetsam] memorystatus_control error: MEMORYSTATUS_CMD_CONVERT_MEMLIMIT_MB(-1) returned -1 1 (Operation not permitted)
2026-10-01 21:10:24.936 E  runningboardd[11628:23001ac] [com.apple.runningboard:jetsam] memorystatus_control error: MEMORYSTATUS_CMD_CONVERT_MEMLIMIT_MB(0) returned -1 1 (Operation not permitted)
2026-10-01 21:10:24.939 E  runningboardd[11628:23001ac] [com.apple.runningboard:jetsam] memorystatus_control error: MEMORYSTATUS_CMD_CONVERT_MEMLIMIT_MB(-1) returned -1 1 (Operation not permitted)
2026-10-01 21:10:24.939 E  runningboardd[11628:23001ac] [com.apple.runningboard:jetsam] memorystatus_control error: MEMORYSTATUS_CMD_CONVERT_MEMLIMIT_MB(0) returned -1 1 (Operation not permitted)
2026-10-01 21:10:26.162 Df runningboardd[11628:22ff445] [com.apple.runningboard:connection] Incoming connection from 12425, user 502/502
2026-10-01 21:10:26.163 Df runningboardd[11628:22ff445] [com.apple.runningboard:process] _resolveProcessWithIdentifier pid 12425 euid 502 auid 502
2026-10-01 21:10:26.163 Df runningboardd[11628:22ff445] [com.apple.runningboard:process] Resolved XPC Service com.apple.migrationpluginwrapper (com.apple.migrationpluginwrapper) with host pid 0, variant 1, scope 3, uuid (null), pid 12425, and auid 0
2026-10-01 21:10:26.163 Df runningboardd[11628:22ff445] [com.apple.runningboard:process] Resolved pid 12425 to [xpcservice<com.apple.migrationpluginwrapper(no host)>{vt hash: 0}{definition:com.apple.migrationpluginwrapper[standard][system]}:12425:12425]
2026-10-01 21:10:26.163 E  runningboardd[11628:22ff445] [com.apple.runningboard:jetsam] memorystatus_control error: MEMORYSTATUS_CMD_CONVERT_MEMLIMIT_MB(-1) returned -1 1 (Operation not permitted)
2026-10-01 21:10:26.163 E  runningboardd[11628:22ff445] [com.apple.runningboard:jetsam] memorystatus_control error: MEMORYSTATUS_CMD_CONVERT_MEMLIMIT_MB(0) returned -1 1 (Operation not permitted)
2026-10-01 21:10:26.163 Df runningboardd[11628:22ff445] [com.apple.runningboard:general] Full encoding handle [xpcservice<com.apple.migrationpluginwrapper(no host)>{vt hash: 0}{definition:com.apple.migrationpluginwrapper[standard][system]}:12425:12425], with data 4c47e24000003089, and pid 12425
2026-10-01 21:10:26.163 Df runningboardd[11628:22ff445] [com.apple.runningboard:process] [xpcservice<com.apple.migrationpluginwrapper(no host)>{vt hash: 0}{definition:com.apple.migrationpluginwrapper[standard][system]}:12425:12425] is not RunningBoard jetsam managed.
2026-10-01 21:10:26.163 Df runningboardd[11628:22ff445] [com.apple.runningboard:process] [xpcservice<com.apple.migrationpluginwrapper(no host)>{vt hash: 0}{definition:com.apple.migrationpluginwrapper[standard][system]}:12425:12425] This process will not be managed.
2026-10-01 21:10:26.163 Df runningboardd[11628:22ff445] [com.apple.runningboard:ttl] Now tracking process: [xpcservice<com.apple.migrationpluginwrapper(no host)>{vt hash: 0}{definition:com.apple.migrationpluginwrapper[standard][system]}:12425:12425]
2026-10-01 21:10:26.163 Df runningboardd[11628:22ff445] [com.apple.libxpc.OSLaunchdJob:all] <OSLaunchdJob | handle=642B8BC5-4A5A-4E75-8AA9-B7BDE7614856>: copyJobWithPid:12425 created a job
2026-10-01 21:10:26.164 Df runningboardd[11628:23001ad] [com.apple.libxpc.OSLaunchdJob:all] <OSLaunchdJob | handle=642B8BC5-4A5A-4E75-8AA9-B7BDE7614856>: monitor initial info is running, pid=12425
2026-10-01 21:10:26.164 Df runningboardd[11628:23001ad] [com.apple.runningboard:general] [xpcservice<com.apple.migrationpluginwrapper(no host)>{vt hash: 0}{definition:com.apple.migrationpluginwrapper[standard][system]}:12425:12425] reported to RB as running
2026-10-01 21:10:26.164 Df runningboardd[11628:22ff445] [com.apple.xpc:connection] [0x103fa7000] activating connection: mach=false listener=false peer=true name=com.apple.runningboard.peer[12425].0x103fa7000
2026-10-01 21:10:26.164 Df runningboardd[11628:22ff445] [com.apple.runningboard:connection] Setting client for [xpcservice<com.apple.migrationpluginwrapper(no host)>{vt hash: 0}{definition:com.apple.migrationpluginwrapper[standard][system]}:12425:12425] as ready
2026-10-01 21:10:26.164 Df runningboardd[11628:22ff445] [com.apple.runningboard:connection] Received handshake request from 12425 with 0 assertion descriptors
2026-10-01 21:10:26.164 Df runningboardd[11628:22ff445] [com.apple.runningboard:connection] Handshake successful with 12425; sending response
2026-10-01 21:10:26.200 Df runningboardd[11628:22ff445] [com.apple.runningboard:ttl] Acquiring assertion targeting [xpcservice<com.apple.migrationpluginwrapper(no host)>{vt hash: 0}{definition:com.apple.migrationpluginwrapper[standard][system]}:12425:12425] from originator [xpcservice<com.apple.migrationpluginwrapper(no host)>{vt hash: 0}{definition:com.apple.migrationpluginwrapper[standard][system]}:12425:12425] with description <RBSAssertionDescriptor| "Contacts shared filesystem lock" ID:11628-12425-39 target:12425 attributes:[
	<RBSDomainAttribute| domain:"com.apple.common" name:"FinishTaskUninterruptable" sourceEnvironment:"(null)">,
	<RBSAcquisitionCompletionAttribute| policy:AfterApplication>
	]>
2026-10-01 21:10:26.200 Df runningboardd[11628:22ff445] [com.apple.runningboard:ttl] Assertion 11628-12425-39 (target:[xpcservice<com.apple.migrationpluginwrapper(no host)>{vt hash: 0}{definition:com.apple.migrationpluginwrapper[standard][system]}:12425:12425]) will be created as active as no start-time-defining assertions exist
2026-10-01 21:10:26.200 Df runningboardd[11628:23001ac] [com.apple.runningboard:power] Acquired process power assertion with ID 65535 for pid 12425
2026-10-01 21:10:29.585 E  runningboardd[11628:23001ac] [com.apple.runningboard:jetsam] memorystatus_control error: MEMORYSTATUS_CMD_CONVERT_MEMLIMIT_MB(-1) returned -1 1 (Operation not permitted)
2026-10-01 21:10:29.585 E  runningboardd[11628:23001ac] [com.apple.runningboard:jetsam] memorystatus_control error: MEMORYSTATUS_CMD_CONVERT_MEMLIMIT_MB(0) returned -1 1 (Operation not permitted)
2026-10-01 21:10:29.586 E  runningboardd[11628:23001ac] [com.apple.runningboard:jetsam] memorystatus_control error: MEMORYSTATUS_CMD_CONVERT_MEMLIMIT_MB(-1) returned -1 1 (Operation not permitted)
2026-10-01 21:10:29.586 E  runningboardd[11628:23001ac] [com.apple.runningboard:jetsam] memorystatus_control error: MEMORYSTATUS_CMD_CONVERT_MEMLIMIT_MB(0) returned -1 1 (Operation not permitted)
2026-10-01 21:10:30.127 E  runningboardd[11628:22ff445] [com.apple.runningboard:jetsam] memorystatus_control error: MEMORYSTATUS_CMD_CONVERT_MEMLIMIT_MB(-1) returned -1 1 (Operation not permitted)
2026-10-01 21:10:30.127 E  runningboardd[11628:22ff445] [com.apple.runningboard:jetsam] memorystatus_control error: MEMORYSTATUS_CMD_CONVERT_MEMLIMIT_MB(0) returned -1 1 (Operation not permitted)
2026-10-01 21:10:30.128 E  runningboardd[11628:23001ad] [com.apple.runningboard:jetsam] memorystatus_control error: MEMORYSTATUS_CMD_CONVERT_MEMLIMIT_MB(-1) returned -1 1 (Operation not permitted)
2026-10-01 21:10:30.128 E  runningboardd[11628:23001ad] [com.apple.runningboard:jetsam] memorystatus_control error: MEMORYSTATUS_CMD_CONVERT_MEMLIMIT_MB(0) returned -1 1 (Operation not permitted)
2026-10-01 21:10:37.364 E  runningboardd[11628:22ff445] [com.apple.runningboard:jetsam] memorystatus_control error: MEMORYSTATUS_CMD_CONVERT_MEMLIMIT_MB(-1) returned -1 1 (Operation not permitted)
2026-10-01 21:10:37.364 E  runningboardd[11628:22ff445] [com.apple.runningboard:jetsam] memorystatus_control error: MEMORYSTATUS_CMD_CONVERT_MEMLIMIT_MB(0) returned -1 1 (Operation not permitted)
2026-10-01 21:10:38.471 E  runningboardd[11628:22ff445] [com.apple.runningboard:jetsam] memorystatus_control error: MEMORYSTATUS_CMD_CONVERT_MEMLIMIT_MB(-1) returned -1 1 (Operation not permitted)
2026-10-01 21:10:38.471 E  runningboardd[11628:22ff445] [com.apple.runningboard:jetsam] memorystatus_control error: MEMORYSTATUS_CMD_CONVERT_MEMLIMIT_MB(0) returned -1 1 (Operation not permitted)
2026-10-01 21:10:42.290 E  runningboardd[11628:2300626] [com.apple.runningboard:jetsam] memorystatus_control error: MEMORYSTATUS_CMD_CONVERT_MEMLIMIT_MB(-1) returned -1 1 (Operation not permitted)
2026-10-01 21:10:42.290 E  runningboardd[11628:2300626] [com.apple.runningboard:jetsam] memorystatus_control error: MEMORYSTATUS_CMD_CONVERT_MEMLIMIT_MB(0) returned -1 1 (Operation not permitted)
2026-10-01 21:11:10.870 E  runningboardd[11628:22ff445] [com.apple.runningboard:jetsam] memorystatus_control error: MEMORYSTATUS_CMD_CONVERT_MEMLIMIT_MB(-1) returned -1 1 (Operation not permitted)
2026-10-01 21:11:10.870 E  runningboardd[11628:22ff445] [com.apple.runningboard:jetsam] memorystatus_control error: MEMORYSTATUS_CMD_CONVERT_MEMLIMIT_MB(0) returned -1 1 (Operation not permitted)
2026-10-01 21:11:18.470 E  runningboardd[11628:2300d9e] [com.apple.runningboard:jetsam] memorystatus_control error: MEMORYSTATUS_CMD_CONVERT_MEMLIMIT_MB(-1) returned -1 1 (Operation not permitted)
2026-10-01 21:11:18.470 E  runningboardd[11628:2300d9e] [com.apple.runningboard:jetsam] memorystatus_control error: MEMORYSTATUS_CMD_CONVERT_MEMLIMIT_MB(0) returned -1 1 (Operation not permitted)
2026-10-01 21:11:25.539 E  runningboardd[11628:22ff445] [com.apple.runningboard:process] Error setting ballast offset
2026-10-01 21:11:31.519 E  runningboardd[11628:2300d9e] [com.apple.runningboard:jetsam] memorystatus_control error: MEMORYSTATUS_CMD_CONVERT_MEMLIMIT_MB(-1) returned -1 1 (Operation not permitted)
2026-10-01 21:11:31.519 E  runningboardd[11628:2300d9e] [com.apple.runningboard:jetsam] memorystatus_control error: MEMORYSTATUS_CMD_CONVERT_MEMLIMIT_MB(0) returned -1 1 (Operation not permitted)
2026-10-01 21:11:31.520 E  runningboardd[11628:2300d9e] [com.apple.runningboard:jetsam] memorystatus_control error: MEMORYSTATUS_CMD_CONVERT_MEMLIMIT_MB(-1) returned -1 1 (Operation not permitted)
2026-10-01 21:11:31.520 E  runningboardd[11628:2300d9e] [com.apple.runningboard:jetsam] memorystatus_control error: MEMORYSTATUS_CMD_CONVERT_MEMLIMIT_MB(0) returned -1 1 (Operation not permitted)
2026-10-01 21:11:31.541 E  runningboardd[11628:2301236] [com.apple.runningboard:jetsam] memorystatus_control error: MEMORYSTATUS_CMD_CONVERT_MEMLIMIT_MB(-1) returned -1 1 (Operation not permitted)
2026-10-01 21:11:31.542 E  runningboardd[11628:2301236] [com.apple.runningboard:jetsam] memorystatus_control error: MEMORYSTATUS_CMD_CONVERT_MEMLIMIT_MB(0) returned -1 1 (Operation not permitted)
2026-10-01 21:11:31.648 E  runningboardd[11628:2300d9e] [com.apple.runningboard:jetsam] memorystatus_control error: MEMORYSTATUS_CMD_CONVERT_MEMLIMIT_MB(-1) returned -1 1 (Operation not permitted)
2026-10-01 21:11:31.648 E  runningboardd[11628:2300d9e] [com.apple.runningboard:jetsam] memorystatus_control error: MEMORYSTATUS_CMD_CONVERT_MEMLIMIT_MB(0) returned -1 1 (Operation not permitted)
2026-10-01 21:11:31.648 E  runningboardd[11628:2300d9e] [com.apple.runningboard:jetsam] memorystatus_control error: MEMORYSTATUS_CMD_CONVERT_MEMLIMIT_MB(-1) returned -1 1 (Operation not permitted)
2026-10-01 21:11:31.648 E  runningboardd[11628:2300d9e] [com.apple.runningboard:jetsam] memorystatus_control error: MEMORYSTATUS_CMD_CONVERT_MEMLIMIT_MB(0) returned -1 1 (Operation not permitted)
2026-10-01 21:11:31.649 E  runningboardd[11628:2300d9e] [com.apple.runningboard:process] [xpcservice<com.apple.mobilesafari.SafariLinkExtension([osservice<com.apple.linkd>:11956])>{vt hash: 51030686}{definition:com.apple.mobilesafari.SafariLinkExtension[extension][client]}:13065] Memorystatus failed with unexpected error: Operation not permitted (1)
2026-10-01 21:11:31.649 E  runningboardd[11628:2300d9e] [com.apple.runningboard:process] [xpcservice<com.apple.mobilesafari.SafariLinkExtension([osservice<com.apple.linkd>:11956])>{vt hash: 51030686}{definition:com.apple.mobilesafari.SafariLinkExtension[extension][client]}:13065] Memorystatus failed with unexpected error: Invalid argument (22)
2026-10-01 21:11:31.790 E  runningboardd[11628:2301236] [com.apple.runningboard:jetsam] memorystatus_control error: MEMORYSTATUS_CMD_CONVERT_MEMLIMIT_MB(-1) returned -1 1 (Operation not permitted)
2026-10-01 21:11:31.790 E  runningboardd[11628:2301236] [com.apple.runningboard:jetsam] memorystatus_control error: MEMORYSTATUS_CMD_CONVERT_MEMLIMIT_MB(0) returned -1 1 (Operation not permitted)
2026-10-01 21:11:32.339 E  runningboardd[11628:2301237] [com.apple.runningboard:jetsam] memorystatus_control error: MEMORYSTATUS_CMD_CONVERT_MEMLIMIT_MB(-1) returned -1 1 (Operation not permitted)
2026-10-01 21:11:32.339 E  runningboardd[11628:2301237] [com.apple.runningboard:jetsam] memorystatus_control error: MEMORYSTATUS_CMD_CONVERT_MEMLIMIT_MB(0) returned -1 1 (Operation not permitted)
2026-10-01 21:11:32.574 E  runningboardd[11628:2301290] [com.apple.runningboard:jetsam] memorystatus_control error: MEMORYSTATUS_CMD_CONVERT_MEMLIMIT_MB(-1) returned -1 1 (Operation not permitted)
2026-10-01 21:11:32.574 E  runningboardd[11628:2301290] [com.apple.runningboard:jetsam] memorystatus_control error: MEMORYSTATUS_CMD_CONVERT_MEMLIMIT_MB(0) returned -1 1 (Operation not permitted)
2026-10-01 21:11:33.526 E  runningboardd[11628:2300d9e] [com.apple.runningboard:jetsam] memorystatus_control error: MEMORYSTATUS_CMD_CONVERT_MEMLIMIT_MB(-1) returned -1 1 (Operation not permitted)
2026-10-01 21:11:33.526 E  runningboardd[11628:2300d9e] [com.apple.runningboard:jetsam] memorystatus_control error: MEMORYSTATUS_CMD_CONVERT_MEMLIMIT_MB(0) returned -1 1 (Operation not permitted)
2026-10-01 21:11:34.152 E  runningboardd[11628:2301237] [com.apple.runningboard:jetsam] memorystatus_control error: MEMORYSTATUS_CMD_CONVERT_MEMLIMIT_MB(-1) returned -1 1 (Operation not permitted)
2026-10-01 21:11:34.152 E  runningboardd[11628:2301237] [com.apple.runningboard:jetsam] memorystatus_control error: MEMORYSTATUS_CMD_CONVERT_MEMLIMIT_MB(0) returned -1 1 (Operation not permitted)
2026-10-01 21:11:34.343 E  runningboardd[11628:2301236] [com.apple.runningboard:jetsam] memorystatus_control error: MEMORYSTATUS_CMD_CONVERT_MEMLIMIT_MB(-1) returned -1 1 (Operation not permitted)
2026-10-01 21:11:34.343 E  runningboardd[11628:2301236] [com.apple.runningboard:jetsam] memorystatus_control error: MEMORYSTATUS_CMD_CONVERT_MEMLIMIT_MB(0) returned -1 1 (Operation not permitted)
2026-10-01 21:11:34.343 E  runningboardd[11628:2301236] [com.apple.runningboard:jetsam] memorystatus_control error: MEMORYSTATUS_CMD_CONVERT_MEMLIMIT_MB(-1) returned -1 1 (Operation not permitted)
2026-10-01 21:11:34.343 E  runningboardd[11628:2301236] [com.apple.runningboard:jetsam] memorystatus_control error: MEMORYSTATUS_CMD_CONVERT_MEMLIMIT_MB(0) returned -1 1 (Operation not permitted)
2026-10-01 21:11:34.343 E  runningboardd[11628:2301236] [com.apple.runningboard:process] [xpcservice<com.apple.HostInferenceProviderService([osservice<com.apple.modelmanagerd>:12421])>{vt hash: 160224357}[uuid:708F000C-50DD-4D20-B79D-482EA8C3D026]{definition:com.apple.HostInferenceProviderService[extension][client]}:14437] Memorystatus failed with unexpected error: Operation not permitted (1)
2026-10-01 21:11:34.343 E  runningboardd[11628:2301236] [com.apple.runningboard:process] [xpcservice<com.apple.HostInferenceProviderService([osservice<com.apple.modelmanagerd>:12421])>{vt hash: 160224357}[uuid:708F000C-50DD-4D20-B79D-482EA8C3D026]{definition:com.apple.HostInferenceProviderService[extension][client]}:14437] Memorystatus failed with unexpected error: Invalid argument (22)
2026-10-01 21:11:37.462 E  runningboardd[11628:2301236] [com.apple.runningboard:jetsam] memorystatus_control error: MEMORYSTATUS_CMD_CONVERT_MEMLIMIT_MB(-1) returned -1 1 (Operation not permitted)
2026-10-01 21:11:37.462 E  runningboardd[11628:2301236] [com.apple.runningboard:jetsam] memorystatus_control error: MEMORYSTATUS_CMD_CONVERT_MEMLIMIT_MB(0) returned -1 1 (Operation not permitted)
2026-10-01 21:11:37.549 E  runningboardd[11628:2301237] [com.apple.runningboard:jetsam] memorystatus_control error: MEMORYSTATUS_CMD_CONVERT_MEMLIMIT_MB(-1) returned -1 1 (Operation not permitted)
2026-10-01 21:11:37.549 E  runningboardd[11628:2301237] [com.apple.runningboard:jetsam] memorystatus_control error: MEMORYSTATUS_CMD_CONVERT_MEMLIMIT_MB(0) returned -1 1 (Operation not permitted)
2026-10-01 21:11:37.815 E  runningboardd[11628:2300d9e] [com.apple.runningboard:jetsam] memorystatus_control error: MEMORYSTATUS_CMD_CONVERT_MEMLIMIT_MB(-1) returned -1 1 (Operation not permitted)
2026-10-01 21:11:37.815 E  runningboardd[11628:2300d9e] [com.apple.runningboard:jetsam] memorystatus_control error: MEMORYSTATUS_CMD_CONVERT_MEMLIMIT_MB(0) returned -1 1 (Operation not permitted)
2026-10-01 21:11:37.931 E  runningboardd[11628:2301237] [com.apple.runningboard:jetsam] memorystatus_control error: MEMORYSTATUS_CMD_CONVERT_MEMLIMIT_MB(-1) returned -1 1 (Operation not permitted)
2026-10-01 21:11:37.931 E  runningboardd[11628:2301237] [com.apple.runningboard:jetsam] memorystatus_control error: MEMORYSTATUS_CMD_CONVERT_MEMLIMIT_MB(0) returned -1 1 (Operation not permitted)
2026-10-01 21:11:37.931 E  runningboardd[11628:2301237] [com.apple.runningboard:jetsam] memorystatus_control error: MEMORYSTATUS_CMD_CONVERT_MEMLIMIT_MB(-1) returned -1 1 (Operation not permitted)
2026-10-01 21:11:37.931 E  runningboardd[11628:2301237] [com.apple.runningboard:jetsam] memorystatus_control error: MEMORYSTATUS_CMD_CONVERT_MEMLIMIT_MB(0) returned -1 1 (Operation not permitted)
2026-10-01 21:11:37.931 E  runningboardd[11628:2301237] [com.apple.runningboard:process] [xpcservice<com.apple.texttospeech.SiriAUSP([osservice<com.apple.accessibility.axassetsd>:11634])>{vt hash: 0}{definition:com.apple.texttospeech.SiriAUSP[extension][client]}:16012] Memorystatus failed with unexpected error: Operation not permitted (1)
2026-10-01 21:11:37.931 E  runningboardd[11628:2301237] [com.apple.runningboard:process] [xpcservice<com.apple.texttospeech.SiriAUSP([osservice<com.apple.accessibility.axassetsd>:11634])>{vt hash: 0}{definition:com.apple.texttospeech.SiriAUSP[extension][client]}:16012] Memorystatus failed with unexpected error: Invalid argument (22)
2026-10-01 21:11:38.236 E  runningboardd[11628:2300d9e] [com.apple.runningboard:jetsam] memorystatus_control error: MEMORYSTATUS_CMD_CONVERT_MEMLIMIT_MB(-1) returned -1 1 (Operation not permitted)
2026-10-01 21:11:38.236 E  runningboardd[11628:2300d9e] [com.apple.runningboard:jetsam] memorystatus_control error: MEMORYSTATUS_CMD_CONVERT_MEMLIMIT_MB(0) returned -1 1 (Operation not permitted)
2026-10-01 21:11:38.236 E  runningboardd[11628:2300d9e] [com.apple.runningboard:jetsam] memorystatus_control error: MEMORYSTATUS_CMD_CONVERT_MEMLIMIT_MB(-1) returned -1 1 (Operation not permitted)
2026-10-01 21:11:38.236 E  runningboardd[11628:2300d9e] [com.apple.runningboard:jetsam] memorystatus_control error: MEMORYSTATUS_CMD_CONVERT_MEMLIMIT_MB(0) returned -1 1 (Operation not permitted)
2026-10-01 21:11:38.236 E  runningboardd[11628:2300d9e] [com.apple.runningboard:process] [xpcservice<com.apple.ax.KonaTTSSupport.KonaSynthesizer([osservice<com.apple.accessibility.axassetsd>:11634])>{vt hash: 0}{definition:com.apple.ax.KonaTTSSupport.KonaSynthesizer[extension][client]}:16014] Memorystatus failed with unexpected error: Operation not permitted (1)
2026-10-01 21:11:38.236 E  runningboardd[11628:2300d9e] [com.apple.runningboard:process] [xpcservice<com.apple.ax.KonaTTSSupport.KonaSynthesizer([osservice<com.apple.accessibility.axassetsd>:11634])>{vt hash: 0}{definition:com.apple.ax.KonaTTSSupport.KonaSynthesizer[extension][client]}:16014] Memorystatus failed with unexpected error: Invalid argument (22)
2026-10-01 21:11:38.344 E  runningboardd[11628:2301236] [com.apple.runningboard:jetsam] memorystatus_control error: MEMORYSTATUS_CMD_CONVERT_MEMLIMIT_MB(-1) returned -1 1 (Operation not permitted)
2026-10-01 21:11:38.344 E  runningboardd[11628:2301236] [com.apple.runningboard:jetsam] memorystatus_control error: MEMORYSTATUS_CMD_CONVERT_MEMLIMIT_MB(0) returned -1 1 (Operation not permitted)
2026-10-01 21:11:38.344 E  runningboardd[11628:2301236] [com.apple.runningboard:jetsam] memorystatus_control error: MEMORYSTATUS_CMD_CONVERT_MEMLIMIT_MB(-1) returned -1 1 (Operation not permitted)
2026-10-01 21:11:38.344 E  runningboardd[11628:2301236] [com.apple.runningboard:jetsam] memorystatus_control error: MEMORYSTATUS_CMD_CONVERT_MEMLIMIT_MB(0) returned -1 1 (Operation not permitted)
2026-10-01 21:11:38.344 E  runningboardd[11628:2301236] [com.apple.runningboard:process] [xpcservice<com.apple.speech.MacinTalkFramework.MacinTalkAUSP([osservice<com.apple.accessibility.axassetsd>:11634])>{vt hash: 0}{definition:com.apple.speech.MacinTalkFramework.MacinTalkAUSP[extension][client]}:16016] Memorystatus failed with unexpected error: Operation not permitted (1)
2026-10-01 21:11:38.344 E  runningboardd[11628:2301236] [com.apple.runningboard:process] [xpcservice<com.apple.speech.MacinTalkFramework.MacinTalkAUSP([osservice<com.apple.accessibility.axassetsd>:11634])>{vt hash: 0}{definition:com.apple.speech.MacinTalkFramework.MacinTalkAUSP[extension][client]}:16016] Memorystatus failed with unexpected error: Invalid argument (22)
2026-10-01 21:11:38.462 E  runningboardd[11628:2300d9e] [com.apple.runningboard:jetsam] memorystatus_control error: MEMORYSTATUS_CMD_CONVERT_MEMLIMIT_MB(-1) returned -1 1 (Operation not permitted)
2026-10-01 21:11:38.462 E  runningboardd[11628:2300d9e] [com.apple.runningboard:jetsam] memorystatus_control error: MEMORYSTATUS_CMD_CONVERT_MEMLIMIT_MB(0) returned -1 1 (Operation not permitted)
2026-10-01 21:11:38.462 E  runningboardd[11628:2300d9e] [com.apple.runningboard:jetsam] memorystatus_control error: MEMORYSTATUS_CMD_CONVERT_MEMLIMIT_MB(-1) returned -1 1 (Operation not permitted)
2026-10-01 21:11:38.462 E  runningboardd[11628:2300d9e] [com.apple.runningboard:jetsam] memorystatus_control error: MEMORYSTATUS_CMD_CONVERT_MEMLIMIT_MB(0) returned -1 1 (Operation not permitted)
2026-10-01 21:11:38.463 E  runningboardd[11628:2300d9e] [com.apple.runningboard:process] [xpcservice<com.apple.ax.MauiTTSSupport.MauiAUSP([osservice<com.apple.accessibility.axassetsd>:11634])>{vt hash: 0}{definition:com.apple.ax.MauiTTSSupport.MauiAUSP[extension][client]}:16017] Memorystatus failed with unexpected error: Operation not permitted (1)
2026-10-01 21:11:38.463 E  runningboardd[11628:2300d9e] [com.apple.runningboard:process] [xpcservice<com.apple.ax.MauiTTSSupport.MauiAUSP([osservice<com.apple.accessibility.axassetsd>:11634])>{vt hash: 0}{definition:com.apple.ax.MauiTTSSupport.MauiAUSP[extension][client]}:16017] Memorystatus failed with unexpected error: Invalid argument (22)
2026-10-01 21:11:38.804 E  runningboardd[11628:2301236] [com.apple.runningboard:jetsam] memorystatus_control error: MEMORYSTATUS_CMD_CONVERT_MEMLIMIT_MB(-1) returned -1 1 (Operation not permitted)
2026-10-01 21:11:38.804 E  runningboardd[11628:2301236] [com.apple.runningboard:jetsam] memorystatus_control error: MEMORYSTATUS_CMD_CONVERT_MEMLIMIT_MB(0) returned -1 1 (Operation not permitted)
2026-10-01 21:11:39.012 E  runningboardd[11628:2301237] [com.apple.runningboard:jetsam] memorystatus_control error: MEMORYSTATUS_CMD_CONVERT_MEMLIMIT_MB(-1) returned -1 1 (Operation not permitted)
2026-10-01 21:11:39.012 E  runningboardd[11628:2301237] [com.apple.runningboard:jetsam] memorystatus_control error: MEMORYSTATUS_CMD_CONVERT_MEMLIMIT_MB(0) returned -1 1 (Operation not permitted)
2026-10-01 21:11:39.109 E  runningboardd[11628:2301237] [com.apple.runningboard:jetsam] memorystatus_control error: MEMORYSTATUS_CMD_CONVERT_MEMLIMIT_MB(-1) returned -1 1 (Operation not permitted)
2026-10-01 21:11:39.109 E  runningboardd[11628:2301237] [com.apple.runningboard:jetsam] memorystatus_control error: MEMORYSTATUS_CMD_CONVERT_MEMLIMIT_MB(0) returned -1 1 (Operation not permitted)
2026-10-01 21:11:39.386 E  runningboardd[11628:2300d9e] [com.apple.runningboard:jetsam] memorystatus_control error: MEMORYSTATUS_CMD_CONVERT_MEMLIMIT_MB(-1) returned -1 1 (Operation not permitted)
2026-10-01 21:11:39.386 E  runningboardd[11628:2300d9e] [com.apple.runningboard:jetsam] memorystatus_control error: MEMORYSTATUS_CMD_CONVERT_MEMLIMIT_MB(0) returned -1 1 (Operation not permitted)
2026-10-01 21:11:39.658 Df runningboardd[11628:2301290] [com.apple.runningboard:ttl] Acquiring assertion targeting [osservice<com.apple.contactsd>:11817] from originator [osservice<com.apple.contactsd>:11817] with description <RBSAssertionDescriptor| "Contacts shared filesystem lock" ID:11628-11817-58 target:11817 attributes:[
	<RBSDomainAttribute| domain:"com.apple.common" name:"FinishTaskUninterruptable" sourceEnvironment:"(null)">,
	<RBSAcquisitionCompletionAttribute| policy:AfterApplication>
	]>
2026-10-01 21:11:39.658 Df runningboardd[11628:2301290] [com.apple.runningboard:ttl] Assertion 11628-11817-58 (target:[osservice<com.apple.contactsd>:11817]) will be created as active as no start-time-defining assertions exist
2026-10-01 21:11:39.662 Df runningboardd[11628:2301237] [com.apple.runningboard:ttl] Acquiring assertion targeting [osservice<com.apple.contactsd>:11817] from originator [osservice<com.apple.contactsd>:11817] with description <RBSAssertionDescriptor| "Contacts shared filesystem lock" ID:11628-11817-59 target:11817 attributes:[
	<RBSDomainAttribute| domain:"com.apple.common" name:"FinishTaskUninterruptable" sourceEnvironment:"(null)">,
	<RBSAcquisitionCompletionAttribute| policy:AfterApplication>
	]>
2026-10-01 21:11:39.662 Df runningboardd[11628:2301237] [com.apple.runningboard:ttl] Assertion 11628-11817-59 (target:[osservice<com.apple.contactsd>:11817]) will be created as active as no start-time-defining assertions exist
2026-10-01 21:11:40.381 E  runningboardd[11628:2301237] [com.apple.runningboard:jetsam] memorystatus_control error: MEMORYSTATUS_CMD_CONVERT_MEMLIMIT_MB(-1) returned -1 1 (Operation not permitted)
2026-10-01 21:11:40.381 E  runningboardd[11628:2301237] [com.apple.runningboard:jetsam] memorystatus_control error: MEMORYSTATUS_CMD_CONVERT_MEMLIMIT_MB(0) returned -1 1 (Operation not permitted)
2026-10-01 21:11:43.443 E  runningboardd[11628:2300d9e] [com.apple.runningboard:jetsam] memorystatus_control error: MEMORYSTATUS_CMD_CONVERT_MEMLIMIT_MB(-1) returned -1 1 (Operation not permitted)
2026-10-01 21:11:43.443 E  runningboardd[11628:2300d9e] [com.apple.runningboard:jetsam] memorystatus_control error: MEMORYSTATUS_CMD_CONVERT_MEMLIMIT_MB(0) returned -1 1 (Operation not permitted)
2026-10-01 21:11:54.986 E  runningboardd[11628:2301235] [com.apple.runningboard:jetsam] memorystatus_control error: MEMORYSTATUS_CMD_CONVERT_MEMLIMIT_MB(-1) returned -1 1 (Operation not permitted)
2026-10-01 21:11:54.986 E  runningboardd[11628:2301235] [com.apple.runningboard:jetsam] memorystatus_control error: MEMORYSTATUS_CMD_CONVERT_MEMLIMIT_MB(0) returned -1 1 (Operation not permitted)
2026-10-01 21:11:58.551 E  runningboardd[11628:2301235] [com.apple.runningboard:jetsam] memorystatus_control error: MEMORYSTATUS_CMD_CONVERT_MEMLIMIT_MB(-1) returned -1 1 (Operation not permitted)
2026-10-01 21:11:58.551 E  runningboardd[11628:2301235] [com.apple.runningboard:jetsam] memorystatus_control error: MEMORYSTATUS_CMD_CONVERT_MEMLIMIT_MB(0) returned -1 1 (Operation not permitted)
2026-10-01 21:12:01.676 E  runningboardd[11628:2303c70] [com.apple.runningboard:jetsam] memorystatus_control error: MEMORYSTATUS_CMD_CONVERT_MEMLIMIT_MB(-1) returned -1 1 (Operation not permitted)
2026-10-01 21:12:01.676 E  runningboardd[11628:2303c70] [com.apple.runningboard:jetsam] memorystatus_control error: MEMORYSTATUS_CMD_CONVERT_MEMLIMIT_MB(0) returned -1 1 (Operation not permitted)
2026-10-01 21:12:05.829 E  runningboardd[11628:2301235] [com.apple.runningboard:jetsam] memorystatus_control error: MEMORYSTATUS_CMD_CONVERT_MEMLIMIT_MB(-1) returned -1 1 (Operation not permitted)
2026-10-01 21:12:05.829 E  runningboardd[11628:2301235] [com.apple.runningboard:jetsam] memorystatus_control error: MEMORYSTATUS_CMD_CONVERT_MEMLIMIT_MB(0) returned -1 1 (Operation not permitted)
2026-10-01 21:12:05.830 E  runningboardd[11628:2303c75] [com.apple.runningboard:jetsam] memorystatus_control error: MEMORYSTATUS_CMD_CONVERT_MEMLIMIT_MB(-1) returned -1 1 (Operation not permitted)
2026-10-01 21:12:05.830 E  runningboardd[11628:2303c75] [com.apple.runningboard:jetsam] memorystatus_control error: MEMORYSTATUS_CMD_CONVERT_MEMLIMIT_MB(0) returned -1 1 (Operation not permitted)
2026-10-01 21:12:09.910 E  runningboardd[11628:2303c6f] [com.apple.runningboard:jetsam] memorystatus_control error: MEMORYSTATUS_CMD_CONVERT_MEMLIMIT_MB(-1) returned -1 1 (Operation not permitted)
2026-10-01 21:12:09.910 E  runningboardd[11628:2303c6f] [com.apple.runningboard:jetsam] memorystatus_control error: MEMORYSTATUS_CMD_CONVERT_MEMLIMIT_MB(0) returned -1 1 (Operation not permitted)
2026-10-01 21:12:09.914 E  runningboardd[11628:2301235] [com.apple.runningboard:jetsam] memorystatus_control error: MEMORYSTATUS_CMD_CONVERT_MEMLIMIT_MB(-1) returned -1 1 (Operation not permitted)
2026-10-01 21:12:09.914 E  runningboardd[11628:2301235] [com.apple.runningboard:jetsam] memorystatus_control error: MEMORYSTATUS_CMD_CONVERT_MEMLIMIT_MB(0) returned -1 1 (Operation not permitted)
2026-10-01 21:12:15.301 E  runningboardd[11628:2301235] [com.apple.runningboard:jetsam] memorystatus_control error: MEMORYSTATUS_CMD_CONVERT_MEMLIMIT_MB(-1) returned -1 1 (Operation not permitted)
2026-10-01 21:12:15.301 E  runningboardd[11628:2301235] [com.apple.runningboard:jetsam] memorystatus_control error: MEMORYSTATUS_CMD_CONVERT_MEMLIMIT_MB(0) returned -1 1 (Operation not permitted)
2026-10-01 21:12:19.660 E  runningboardd[11628:2301235] [com.apple.runningboard:jetsam] memorystatus_control error: MEMORYSTATUS_CMD_CONVERT_MEMLIMIT_MB(-1) returned -1 1 (Operation not permitted)
2026-10-01 21:12:19.661 E  runningboardd[11628:2301235] [com.apple.runningboard:jetsam] memorystatus_control error: MEMORYSTATUS_CMD_CONVERT_MEMLIMIT_MB(0) returned -1 1 (Operation not permitted)
2026-10-01 21:12:19.746 E  runningboardd[11628:2301235] [com.apple.runningboard:jetsam] memorystatus_control error: MEMORYSTATUS_CMD_CONVERT_MEMLIMIT_MB(-1) returned -1 1 (Operation not permitted)
2026-10-01 21:12:19.751 E  runningboardd[11628:2301235] [com.apple.runningboard:jetsam] memorystatus_control error: MEMORYSTATUS_CMD_CONVERT_MEMLIMIT_MB(0) returned -1 1 (Operation not permitted)
2026-10-01 21:12:21.143 E  runningboardd[11628:2301235] [com.apple.runningboard:jetsam] memorystatus_control error: MEMORYSTATUS_CMD_CONVERT_MEMLIMIT_MB(-1) returned -1 1 (Operation not permitted)
2026-10-01 21:12:21.143 E  runningboardd[11628:2301235] [com.apple.runningboard:jetsam] memorystatus_control error: MEMORYSTATUS_CMD_CONVERT_MEMLIMIT_MB(0) returned -1 1 (Operation not permitted)
2026-10-01 21:12:21.146 E  runningboardd[11628:2304fcd] [com.apple.runningboard:jetsam] memorystatus_control error: MEMORYSTATUS_CMD_CONVERT_MEMLIMIT_MB(-1) returned -1 1 (Operation not permitted)
2026-10-01 21:12:21.146 E  runningboardd[11628:2304fcd] [com.apple.runningboard:jetsam] memorystatus_control error: MEMORYSTATUS_CMD_CONVERT_MEMLIMIT_MB(0) returned -1 1 (Operation not permitted)
2026-10-01 21:12:29.270 E  runningboardd[11628:2304fcd] [com.apple.runningboard:jetsam] memorystatus_control error: MEMORYSTATUS_CMD_CONVERT_MEMLIMIT_MB(-1) returned -1 1 (Operation not permitted)
2026-10-01 21:12:29.270 E  runningboardd[11628:2304fcd] [com.apple.runningboard:jetsam] memorystatus_control error: MEMORYSTATUS_CMD_CONVERT_MEMLIMIT_MB(0) returned -1 1 (Operation not permitted)
