[1/10] validating nature-stone-hanger-mini-karma8a.FCStd
[2/10] reopening and recomputing the source document
[3/10] extracting bound components and semantic regions
[4/10] tessellating with pinned quality
[5/10] partitioning the surface and preserving normals and materials
      nature_body: 8442 triangles, role=body
      nature_wood: 456 triangles, role=contact
      nature_stone: 290 triangles, role=contact
      nature_pinch: 260 triangles, role=contact
      nature_pinch_pressure: 18180 triangles, role=contact
[6/10] writing the USDZ directly
[7/10] reopening the exported asset
[8/10] deriving the descriptor from the exported bytes
[9/10] validating the staged package
[10/10] publishing the asset and descriptor set
{
  "asset": ".context/placid-badger/karma11-wrap-correction-2026-10-03/native-author/compile3/assets/primary.usdz",
  "assetBytes": 597494,
  "assetSHA256": "8e734298d1cd44dca533073becaa95eb2a039b87e1706b193d5fd7de48f040de",
  "board": ".context/placid-badger/karma11-wrap-correction-2026-10-03/native-author/candidate/nature-stone-hanger-mini-karma8a.FCStd#HangTenBoardManifest",
  "contacts": [
    "granite-edge-15",
    "pinch-60",
    "wood-edge-15"
  ],
  "descriptor": ".context/placid-badger/karma11-wrap-correction-2026-10-03/native-author/compile3/assets/primary.model.json",
  "measuredRegionDepthsMM": {
    "granite-edge-15": 15.0,
    "pinch-60": 60.0,
    "wood-edge-15": 15.0
  },
  "modelSHA256": "8e734298d1cd44dca533073becaa95eb2a039b87e1706b193d5fd7de48f040de",
  "nodes": [
    "nature_body",
    "nature_pinch",
    "nature_pinch_pressure",
    "nature_stone",
    "nature_wood"
  ],
  "package": "nature-stone-hanger-mini-karma8a",
  "presentationID": "primary",
  "published": true,
  "schemaVersion": 1,
  "source": ".context/placid-badger/karma11-wrap-correction-2026-10-03/native-author/candidate/nature-stone-hanger-mini-karma8a.FCStd",
  "sourceKind": "native-parametric-measured-profile",
  "sourceSHA256": "f43f517e6bca51a7a4eab9a7285ea684a614b7a33099fce67ae9e5f21f56942f",
  "sourceUnchanged": true,
  "tessellationDeflectionMM": 0.15,
  "triangles": 27628
}
