
								
								
								
								
								
								
								
								
								
								
								
								
								
								
								
								
								
								
								
								
								
								
								
								
								
								
								
								
								
								
								
								
								
								
								
		{
  "sourceSHA256": "ec348cea477014f3594d586438d1094c7fb8eeb4516f7c44e28b7d57989faa2d",
  "silhouetteBezierSpansRightXZ": [
    [
      [
        0.0,
        222.0
      ],
      [
        24.0,
        222.0
      ],
      [
        42.0,
        211.0
      ],
      [
        47.0,
        188.0
      ]
    ],
    [
      [
        47.0,
        188.0
      ],
      [
        83.0,
        185.0
      ],
      [
        222.0,
        162.0
      ],
      [
        245.0,
        162.0
      ]
    ],
    [
      [
        245.0,
        162.0
      ],
      [
        267.0,
        162.0
      ],
      [
        278.0,
        180.0
      ],
      [
        294.0,
        180.0
      ]
    ],
    [
      [
        294.0,
        180.0
      ],
      [
        322.0,
        180.0
      ],
      [
        355.5,
        156.0
      ],
      [
        355.5,
        134.0
      ]
    ],
    [
      [
        355.5,
        134.0
      ],
      [
        355.5,
        104.0
      ],
      [
        288.0,
        0.0
      ],
      [
        261.0,
        0.0
      ]
    ],
    [
      [
        261.0,
        0.0
      ],
      [
        244.0,
        0.0
      ],
      [
        219.0,
        7.650000000000001
      ],
      [
        190.0,
        12.000000000000004
      ]
    ],
    [
      [
        190.0,
        12.0
      ],
      [
        110.0,
        24.0
      ],
      [
        56.0,
        30.25
      ],
      [
        31.0,
        24.0
      ]
    ],
    [
      [
        31.0,
        24.0
      ],
      [
        15.0,
        20.0
      ],
      [
        18.0,
        18.0
      ],
      [
        0.0,
        18.0
      ]
    ]
  ],
  "transitionSections": [
    {
      "transition": "CenterShoulder",
      "x": 45.5,
      "floorZ": 145.0,
      "rearNativeEdgesMerged": 1,
      "rearRoofZ": 187.93378964134104,
      "nativeOuterCurveDegree": 8,
      "nativeOuterCurvePoles": 214
    },
    {
      "transition": "CenterShoulder",
      "x": 45.7,
      "floorZ": 145.0,
      "rearNativeEdgesMerged": 1,
      "rearRoofZ": 187.9402351368747,
      "nativeOuterCurveDegree": 8,
      "nativeOuterCurvePoles": 214
    },
    {
      "transition": "CenterShoulder",
      "x": 59.5,
      "floorZ": 145.0,
      "rearNativeEdgesMerged": 1,
      "rearRoofZ": 186.76237623762376,
      "nativeOuterCurveDegree": 8,
      "nativeOuterCurvePoles": 72
    },
    {
      "transition": "CenterShoulder",
      "x": 61.0,
      "floorZ": 145.0,
      "rearNativeEdgesMerged": 1,
      "rearRoofZ": 186.61386138613864,
      "nativeOuterCurveDegree": 8,
      "nativeOuterCurvePoles": 72
    },
    {
      "transition": "RoundFlat",
      "x": 110.0,
      "floorZ": 135.0,
      "rearNativeEdgesMerged": 2,
      "rearRoofZ": 181.76237623762376,
      "nativeOuterCurveDegree": 8,
      "nativeOuterCurvePoles": 72
    },
    {
      "transition": "RoundFlat",
      "x": 112.0,
      "floorZ": 135.0,
      "rearNativeEdgesMerged": 2,
      "rearRoofZ": 181.56435643564356,
      "nativeOuterCurveDegree": 8,
      "nativeOuterCurvePoles": 72
    },
    {
      "transition": "RoundFlat",
      "x": 183.0,
      "floorZ": 135.0,
      "rearNativeEdgesMerged": 1,
      "rearRoofZ": 173.22727272727275,
      "nativeOuterCurveDegree": 7,
      "nativeOuterCurvePoles": 50
    },
    {
      "transition": "RoundFlat",
      "x": 185.0,
      "floorZ": 135.0,
      "rearNativeEdgesMerged": 1,
      "rearRoofZ": 172.95454545454544,
      "nativeOuterCurveDegree": 7,
      "nativeOuterCurvePoles": 50
    },
    {
      "transition": "OuterShoulder",
      "x": 238.0,
      "floorZ": 135.0,
      "rearNativeEdgesMerged": 1,
      "rearRoofZ": 165.72727272727275,
      "nativeOuterCurveDegree": 7,
      "nativeOuterCurvePoles": 50
    },
    {
      "transition": "OuterShoulder",
      "x": 240.0,
      "floorZ": 135.0,
      "rearNativeEdgesMerged": 1,
      "rearRoofZ": 165.45454545454544,
      "nativeOuterCurveDegree": 7,
      "nativeOuterCurvePoles": 50
    },
    {
      "transition": "OuterShoulder",
      "x": 276.0,
      "floorZ": 135.0,
      "rearNativeEdgesMerged": 1,
      "rearRoofZ": 173.30677605116622,
      "nativeOuterCurveDegree": 6,
      "nativeOuterCurvePoles": 29
    },
    {
      "transition": "OuterShoulder",
      "x": 278.0,
      "floorZ": 135.0,
      "rearNativeEdgesMerged": 1,
      "rearRoofZ": 174.31851190809715,
      "nativeOuterCurveDegree": 6,
      "nativeOuterCurvePoles": 29
    }
  ],
  "depthFloorCorrections": [
    {
      "contactID": "pocket-4-left",
      "floorTranslationMm": 1.2283207301292407
    },
    {
      "contactID": "pocket-4-right",
      "floorTranslationMm": 1.2283207301291554
    }
  ],
  "allNewGeometryValues": "Operator-selected display estimates; exact native section loops use existing CAD only, no pixels or reference mesh",
  "finalBody": "BodySolid",
  "contactCount": 30,
  "fullyConstrainedSketchCount": 155,
  "rawManifestUnchanged": true,
  "gripSelections": {
    "jug-14-center": {
      "limits": [
        -47,
        47,
        -94,
        -0.001,
        187.001,
        222.01
      ],
      "localSelection": [
        {
          "sourceFace": 2,
          "localNormalZ": [
            0.7602363604491124
          ]
        },
        {
          "sourceFace": 3,
          "localNormalZ": [
            0.41899637781862087
          ]
        },
        {
          "sourceFace": 7,
          "localNormalZ": [
            0.7602363604491127
          ]
        }
      ],
      "nativeConstruction": "Individual native final-BodySolid face binders each intersected with local bounds and aggregated as a contact Compound; follows final body and roof recomputation"
    },
    "round-sloper-3-center": {
      "limits": [
        -148,
        148,
        -94,
        -29,
        145,
        215
      ],
      "localSelection": [
        {
          "sourceFace": 2,
          "localNormalZ": [
            0.7605884250124014
          ]
        },
        {
          "sourceFace": 3,
          "localNormalZ": [
            0.4017620137862586
          ]
        },
        {
          "sourceFace": 4,
          "localNormalZ": [
            0.911059410481904
          ]
        },
        {
          "sourceFace": 7,
          "localNormalZ": [
            0.760588425012401
          ]
        },
        {
          "sourceFace": 12,
          "localNormalZ": [
            0.911059410481904
          ]
        },
        {
          "sourceFace": 15,
          "localNormalZ": [
            0.9686901899835125
          ]
        },
        {
          "sourceFace": 39,
          "localNormalZ": [
            0.9686901899835125
          ]
        },
        {
          "sourceFace": 48,
          "localNormalZ": [
            0.9662924582285264
          ]
        },
        {
          "sourceFace": 65,
          "localNormalZ": [
            0.9662924582285264
          ]
        }
      ],
      "nativeConstruction": "Individual native final-BodySolid face binders each intersected with local bounds and aggregated as a contact Compound; follows final body and roof recomputation"
    },
    "flat-sloper-2-left": {
      "limits": [
        -258,
        -148,
        -94,
        -39,
        135,
        215
      ],
      "localSelection": [
        {
          "sourceFace": 48,
          "localNormalZ": [
            0.960256877376796
          ]
        },
        {
          "sourceFace": 49,
          "localNormalZ": [
            0.9766306091257744
          ]
        },
        {
          "sourceFace": 50,
          "localNormalZ": [
            0.9372254961203529
          ]
        }
      ],
      "nativeConstruction": "Individual native final-BodySolid face binders each intersected with local bounds and aggregated as a contact Compound; follows final body and roof recomputation"
    },
    "jug-1-left": {
      "limits": [
        -356,
        -258,
        -110,
        -0.001,
        137,
        210
      ],
      "localSelection": [
        {
          "sourceFace": 21,
          "localNormalZ": [
            0.926460356508637
          ]
        },
        {
          "sourceFace": 22,
          "localNormalZ": [
            0.6348239943037084
          ]
        },
        {
          "sourceFace": 50,
          "localNormalZ": [
            0.8247967342479234
          ]
        },
        {
          "sourceFace": 51,
          "localNormalZ": [
            0.9410584309224217
          ]
        },
        {
          "sourceFace": 52,
          "localNormalZ": [
            0.8202850267110882
          ]
        }
      ],
      "nativeConstruction": "Individual native final-BodySolid face binders each intersected with local bounds and aggregated as a contact Compound; follows final body and roof recomputation"
    },
    "flat-sloper-2-right": {
      "limits": [
        148,
        258,
        -94,
        -39,
        135,
        215
      ],
      "localSelection": [
        {
          "sourceFace": 62,
          "localNormalZ": [
            0.9372254961203529
          ]
        },
        {
          "sourceFace": 64,
          "localNormalZ": [
            0.9766306091257744
          ]
        },
        {
          "sourceFace": 65,
          "localNormalZ": [
            0.960256877376796
          ]
        }
      ],
      "nativeConstruction": "Individual native final-BodySolid face binders each intersected with local bounds and aggregated as a contact Compound; follows final body and roof recomputation"
    },
    "jug-1-right": {
      "limits": [
        258,
        356,
        -110,
        -0.001,
        137,
        210
      ],
      "localSelection": [
        {
          "sourceFace": 31,
          "localNormalZ": [
            0.6348239943037084
          ]
        },
        {
          "sourceFace": 32,
          "localNormalZ": [
            0.926460356508637
          ]
        },
        {
          "sourceFace": 61,
          "localNormalZ": [
            0.8202850267110883
          ]
        },
        {
          "sourceFace": 62,
          "localNormalZ": [
            0.8247967342479234
          ]
        },
        {
          "sourceFace": 63,
          "localNormalZ": [
            0.9410584309224216
          ]
        }
      ],
      "nativeConstruction": "Individual native final-BodySolid face binders each intersected with local bounds and aggregated as a contact Compound; follows final body and roof recomputation"
    }
  },
  "functionalProbe": {
    "sourceSHA256": "75f533660ef34af00f1ee508c11013d4c9c809a380a10b8a01fdefdffbc46d3c",
    "nativeSolidCount": 1,
    "nativeFaceCount": 352,
    "profiles": [
      {
        "label": "Round",
        "x": 47,
        "topRearZ": 188,
        "floorZ": 145,
        "frontY": -94,
        "frontRollStartZ": 171,
        "nativeLowerJoinY": -75.85985185185184,
        "nativeLowerTangentDyDz": -0.13688888888888792,
        "outerCurveDegree": 3,
        "outerCurvePoles": 4
      },
      {
        "label": "Round",
        "x": 148,
        "topRearZ": 178,
        "floorZ": 145,
        "frontY": -94,
        "frontRollStartZ": 161,
        "nativeLowerJoinY": -75.85985185185184,
        "nativeLowerTangentDyDz": -0.13688888888888792,
        "outerCurveDegree": 3,
        "outerCurvePoles": 4
      },
      {
        "label": "Flat",
        "x": 148,
        "topRearZ": 178,
        "floorZ": 135,
        "frontY": -94,
        "frontRollStartZ": 158,
        "nativeLowerJoinY": -72.12800000000003,
        "nativeLowerTangentDyDz": -0.5279999999999995,
        "outerCurveDegree": 3,
        "outerCurvePoles": 6
      },
      {
        "label": "Flat",
        "x": 258,
        "topRearZ": 163,
        "floorZ": 135,
        "frontY": -94,
        "frontRollStartZ": 143,
        "nativeLowerJoinY": -72.12800000000003,
        "nativeLowerTangentDyDz": -0.5279999999999995,
        "outerCurveDegree": 3,
        "outerCurvePoles": 6
      }
    ],
    "centerNoseSections": [
      {
        "x": -47.0,
        "anchorY": -80,
        "anchorZ": 188.00000000000003,
        "anchorDzDy": 3.673728916262186e-15,
        "frontY": -94,
        "frontRollZ": 182.8,
        "lowerJoinY": -94.0,
        "lowerJoinZ": 170
      },
      {
        "x": -42.0,
        "anchorY": -80,
        "anchorZ": 198.62380769337912,
        "anchorDzDy": 0.43956002725288207,
        "frontY": -94,
        "frontRollZ": 182.8,
        "lowerJoinY": -94.0,
        "lowerJoinZ": 170
      },
      {
        "x": -30.0,
        "anchorY": -80,
        "anchorZ": 208.90629715166173,
        "anchorDzDy": 0.8596110045114667,
        "frontY": -94,
        "frontRollZ": 182.8,
        "lowerJoinY": -94.0,
        "lowerJoinZ": 170
      },
      {
        "x": 0.0,
        "anchorY": -80,
        "anchorZ": 215.31710742976352,
        "anchorDzDy": 1.1170732418033138,
        "frontY": -94,
        "frontRollZ": 182.8,
        "lowerJoinY": -94.0,
        "lowerJoinZ": 170
      },
      {
        "x": 30.0,
        "anchorY": -80,
        "anchorZ": 208.90629715166176,
        "anchorDzDy": 0.8596110045114684,
        "frontY": -94,
        "frontRollZ": 182.8,
        "lowerJoinY": -94.0,
        "lowerJoinZ": 170
      },
      {
        "x": 42.0,
        "anchorY": -80,
        "anchorZ": 198.62380769337915,
        "anchorDzDy": 0.4395600272528859,
        "frontY": -94,
        "frontRollZ": 182.8,
        "lowerJoinY": -94.0,
        "lowerJoinZ": 170
      },
      {
        "x": 47.0,
        "anchorY": -80,
        "anchorZ": 188.00000000000003,
        "anchorDzDy": 3.2566271404317396e-15,
        "frontY": -94,
        "frontRollZ": 182.8,
        "lowerJoinY": -94.0,
        "lowerJoinZ": 170
      }
    ],
    "centerStationsYHeightEstimatedMm": [
      [
        0,
        188.0
      ],
      [
        -6,
        188.2
      ],
      [
        -25,
        190.0
      ],
      [
        -45,
        207.0
      ],
      [
        -65,
        222.0
      ],
      [
        -70,
        221.8
      ],
      [
        -84,
        210.0
      ],
      [
        -94,
        190.0
      ]
    ],
    "centerHeightNormalizationFactor": 0.995687540750666,
    "initialCapMaxZ": 222.1513387377628,
    "centerCapMaxZ": 222.00000000067737,
    "transitionSections": [
      {
        "transition": "CenterShoulder",
        "x": 45.5,
        "floorZ": 145.0,
        "rearNativeEdgesMerged": 1,
        "rearRoofZ": 187.93378964134104,
        "nativeOuterCurveDegree": 8,
        "nativeOuterCurvePoles": 214
      },
      {
        "transition": "CenterShoulder",
        "x": 45.7,
        "floorZ": 145.0,
        "rearNativeEdgesMerged": 1,
        "rearRoofZ": 187.9402351368747,
        "nativeOuterCurveDegree": 8,
        "nativeOuterCurvePoles": 214
      },
      {
        "transition": "CenterShoulder",
        "x": 59.5,
        "floorZ": 145.0,
        "rearNativeEdgesMerged": 1,
        "rearRoofZ": 186.76237623762376,
        "nativeOuterCurveDegree": 8,
        "nativeOuterCurvePoles": 72
      },
      {
        "transition": "CenterShoulder",
        "x": 61.0,
        "floorZ": 145.0,
        "rearNativeEdgesMerged": 1,
        "rearRoofZ": 186.61386138613864,
        "nativeOuterCurveDegree": 8,
        "nativeOuterCurvePoles": 72
      },
      {
        "transition": "RoundFlat",
        "x": 110.0,
        "floorZ": 135.0,
        "rearNativeEdgesMerged": 2,
        "rearRoofZ": 181.76237623762376,
        "nativeOuterCurveDegree": 8,
        "nativeOuterCurvePoles": 72
      },
      {
        "transition": "RoundFlat",
        "x": 112.0,
        "floorZ": 135.0,
        "rearNativeEdgesMerged": 2,
        "rearRoofZ": 181.56435643564356,
        "nativeOuterCurveDegree": 8,
        "nativeOuterCurvePoles": 72
      },
      {
        "transition": "RoundFlat",
        "x": 183.0,
        "floorZ": 135.0,
        "rearNativeEdgesMerged": 1,
        "rearRoofZ": 173.22727272727275,
        "nativeOuterCurveDegree": 7,
        "nativeOuterCurvePoles": 50
      },
      {
        "transition": "RoundFlat",
        "x": 185.0,
        "floorZ": 135.0,
        "rearNativeEdgesMerged": 1,
        "rearRoofZ": 172.95454545454544,
        "nativeOuterCurveDegree": 7,
        "nativeOuterCurvePoles": 50
      },
      {
        "transition": "OuterShoulder",
        "x": 238.0,
        "floorZ": 135.0,
        "rearNativeEdgesMerged": 1,
        "rearRoofZ": 165.72727272727275,
        "nativeOuterCurveDegree": 7,
        "nativeOuterCurvePoles": 50
      },
      {
        "transition": "OuterShoulder",
        "x": 240.0,
        "floorZ": 135.0,
        "rearNativeEdgesMerged": 1,
        "rearRoofZ": 165.45454545454544,
        "nativeOuterCurveDegree": 7,
        "nativeOuterCurvePoles": 50
      },
      {
        "transition": "OuterShoulder",
        "x": 276.0,
        "floorZ": 135.0,
        "rearNativeEdgesMerged": 1,
        "rearRoofZ": 173.30677605116622,
        "nativeOuterCurveDegree": 6,
        "nativeOuterCurvePoles": 29
      },
      {
        "transition": "OuterShoulder",
        "x": 278.0,
        "floorZ": 135.0,
        "rearNativeEdgesMerged": 1,
        "rearRoofZ": 174.31851190809715,
        "nativeOuterCurveDegree": 6,
        "nativeOuterCurvePoles": 29
      }
    ],
    "envelopeXYZMm": [
      711.0000002,
      94.00132237306455,
      222.00000010067734
    ],
    "rawManifestExact": true,
    "triangleCount": 103062,
    "allNewGeometryValues": "Explicit operator-selected display adaptation for user grasp intent; not manufacturer incut measurements."
  }
}
								
								
								
								
								
								
								
