01-edge-front-15mm-incut
02-edge-front-15mm-flat
03-edge-front-20mm-wood-flat
04-edge-front-20mm-granite
05-edge-reverse-10mm-incut
06-edge-reverse-10mm-flat
07-edge-reverse-06mm-flat
08-edge-reverse-06mm-incut
close-upright-granite-left-front
close-upright-granite-left-oblique
close-upright-granite-left-side
close-upright-granite-right-front
close-upright-granite-right-oblique
close-upright-granite-right-side
close-inverted-wood-flat-left-front
close-inverted-wood-flat-left-oblique
close-inverted-wood-flat-left-side
close-inverted-wood-flat-right-front
close-inverted-wood-flat-right-oblique
close-inverted-wood-flat-right-side
granite-selected-before-change
granite-deselected-same-instance
granite-deselected-same-instance-orbit
unselected-train
granite-reopened
{"captures": 60, "contacts": 8, "actualDrags": 9}
