{
  "owner": "placid-badger",
  "simulator": "3605A048-8145-4869-8035-D92E82F7A056",
  "builtApp": "/Users/asherlc/.paseo/worktrees/0h78jp9r/placid-badger/.context/DerivedData/Build/Products/Debug-iphonesimulator/HangTen.app",
  "installedApp": "/Users/asherlc/Library/Developer/CoreSimulator/Devices/3605A048-8145-4869-8035-D92E82F7A056/data/Containers/Bundle/Application/00FD9270-52EE-4B88-BA3C-84341C6F4139/HangTen.app",
  "builtBinarySHA256": "53f4a4d6f3e75e6e6469ecac3e48d7e12ce7de8f59fd5be88f840b1ada3eacd6",
  "installedBinarySHA256": "53f4a4d6f3e75e6e6469ecac3e48d7e12ce7de8f59fd5be88f840b1ada3eacd6",
  "binaryBytesMatch": true,
  "nativeSourceSHA256": "44a081979246f076853a3537bd0b79375c822c554507a7e0d1e04347a25cc9c9",
  "generatedManifestSHA256": "946b91c96e6141f10035e01d6720d5a694d66084da41bae9af86726df58b59af",
  "generatedManifestBytesMatchSource": true,
  "sidecarSHA256": "2324bf57483829f454e4ddc2c030e8f6332ffb9b5accb8188936e960f1e3854a",
  "packageSHA256": {
    "Hangboards/nature-stone-hanger/nature-stone-hanger.FCStd": "44a081979246f076853a3537bd0b79375c822c554507a7e0d1e04347a25cc9c9",
    "Hangboards/nature-stone-hanger/assets/primary.usdz": "3bf45b5660c7b330d0e8267ef49435b7f728785a137f88c6a1cf956c7fbb967a",
    "Hangboards/nature-stone-hanger/assets/primary.model.json": "aaa5bae2efe46c8e87c52044945364bde6c0bfa8f160d6a59630bb136ad42851",
    "Hangboards/nature-stone-hanger/suspension.json": "2324bf57483829f454e4ddc2c030e8f6332ffb9b5accb8188936e960f1e3854a"
  },
  "contactIDs": [
    "edge-front-15mm-incut",
    "edge-front-15mm-flat",
    "edge-front-20mm-wood-flat",
    "edge-front-20mm-granite",
    "edge-reverse-10mm-incut",
    "edge-reverse-10mm-flat",
    "edge-reverse-06mm-flat",
    "edge-reverse-06mm-incut"
  ],
  "positions": [
    {
      "id": "edge-front-15mm-incut",
      "presentationID": "primary",
      "contactIDs": [
        "edge-front-15mm-incut"
      ]
    },
    {
      "id": "edge-front-15mm-flat",
      "presentationID": "primary",
      "contactIDs": [
        "edge-front-15mm-flat"
      ]
    },
    {
      "id": "edge-front-20mm-wood-flat",
      "presentationID": "primary",
      "contactIDs": [
        "edge-front-20mm-wood-flat"
      ]
    },
    {
      "id": "edge-front-20mm-granite",
      "presentationID": "primary",
      "contactIDs": [
        "edge-front-20mm-granite"
      ]
    },
    {
      "id": "edge-reverse-10mm-incut",
      "presentationID": "primary",
      "contactIDs": [
        "edge-reverse-10mm-incut"
      ]
    },
    {
      "id": "edge-reverse-10mm-flat",
      "presentationID": "primary",
      "contactIDs": [
        "edge-reverse-10mm-flat"
      ]
    },
    {
      "id": "edge-reverse-06mm-flat",
      "presentationID": "primary",
      "contactIDs": [
        "edge-reverse-06mm-flat"
      ]
    },
    {
      "id": "edge-reverse-06mm-incut",
      "presentationID": "primary",
      "contactIDs": [
        "edge-reverse-06mm-incut"
      ]
    }
  ],
  "models": [
    {
      "presentationID": "primary",
      "descriptorSHA256": "aaa5bae2efe46c8e87c52044945364bde6c0bfa8f160d6a59630bb136ad42851",
      "modelSHA256": "3bf45b5660c7b330d0e8267ef49435b7f728785a137f88c6a1cf956c7fbb967a",
      "installedModelPaths": [
        "/Users/asherlc/Library/Developer/CoreSimulator/Devices/3605A048-8145-4869-8035-D92E82F7A056/data/Containers/Bundle/Application/00FD9270-52EE-4B88-BA3C-84341C6F4139/HangTen.app/OnDemandResources/com.hangten.training.hang-ten-model-nature-stone-hanger-5a51ec4499f6e1126bec59f152966771.assetpack/Hangboards/nature-stone-hanger/assets/primary.usdz"
      ]
    }
  ],
  "commit": "8141b6334bf41e2883018369f507626b38f3f02c",
  "dirtyDiffSHA256": "66956c57cec3c2591bb2f9c922dbc52f91ea53acb0c01a2a682bc95341973b64"
}
