[
  {
    "face": 26,
    "points": 14201,
    "uvCount": 14201,
    "triangles": 28217,
    "maximumPointReconstructionErrorMm": 94.86477526809443,
    "getUVSeconds": 0.0014582909643650055,
    "allAnalyticVertexNormalsSeconds": 0.32783862500218675
  },
  {
    "face": 27,
    "points": 26348,
    "uvCount": 26348,
    "triangles": 52572,
    "maximumPointReconstructionErrorMm": 105.10299260135977,
    "getUVSeconds": 0.0052172919968143106,
    "allAnalyticVertexNormalsSeconds": 0.7841479580383748
  },
  {
    "face": 42,
    "points": 14699,
    "uvCount": 14699,
    "triangles": 29234,
    "maximumPointReconstructionErrorMm": 99.57529499206004,
    "getUVSeconds": 0.004388209024909884,
    "allAnalyticVertexNormalsSeconds": 1.0309094170224853
  },
  {
    "face": 45,
    "points": 26352,
    "uvCount": 26352,
    "triangles": 52580,
    "maximumPointReconstructionErrorMm": 105.10299260135977,
    "getUVSeconds": 0.002831707999575883,
    "allAnalyticVertexNormalsSeconds": 0.785896000044886
  },
  {
    "face": 47,
    "points": 14233,
    "uvCount": 14233,
    "triangles": 28281,
    "maximumPointReconstructionErrorMm": 93.7171028232148,
    "getUVSeconds": 0.0018364579882472754,
    "allAnalyticVertexNormalsSeconds": 0.32342808396788314
  }
]

								
								
