[
  {
    "triangle": 23233,
    "category": "heavy-face spatial boundary",
    "corner": 0,
    "angleDegrees": 124.36592020836653,
    "face": 26,
    "point": [
      -63.98721601357367,
      -80.0048873747515,
      144.99059972242307
    ],
    "nativeUV": [
      1.9598485920655768,
      0.9739583333333333
    ],
    "inverseUV": [
      1.9598485920655764,
      0.9739583333333334
    ],
    "parameterRange": [
      1.0,
      2.0,
      0.0,
      1.0
    ],
    "UVPositionErrorMM": 3.256115871121665e-14,
    "inversePositionErrorMM": 3.256115871121665e-14,
    "UDegree": 8,
    "UC0Knots": [
      1.0,
      1.0480172451057252,
      1.0480325407025695,
      1.5838862092447068,
      1.6045953651882292,
      1.6824655476817365,
      1.6835810061729752,
      1.9598485920655768,
      1.9599141106047018,
      2.0
    ],
    "VDegree": 3,
    "VC0Knots": [
      0.0,
      1.0
    ]
  },
  {
    "triangle": 30032,
    "category": "heavy-face spatial boundary",
    "corner": 2,
    "angleDegrees": 41.615288932220054,
    "face": 27,
    "point": [
      -166.00000000000227,
      -90.0,
      135.0
    ],
    "nativeUV": [
      1.851649257228216,
      1.0
    ],
    "inverseUV": [
      1.8516492572282148,
      1.0000000000000515
    ],
    "parameterRange": [
      1.0,
      2.0,
      0.0,
      1.0
    ],
    "UVPositionErrorMM": 2.2737367544323206e-12,
    "inversePositionErrorMM": 3.7490809626981785e-13,
    "UDegree": 8,
    "UC0Knots": [
      1.0,
      1.2417389422642624,
      1.2425313523881287,
      1.4626041274301287,
      1.4633007696688818,
      1.734080137497048,
      1.7344869990481646,
      1.851649257228216,
      1.8518723248342532,
      1.8960615061807145,
      1.8963144762124144,
      1.9250039841872089,
      1.9251865127557923,
      2.0
    ],
    "VDegree": 3,
    "VC0Knots": [
      0.0,
      1.0
    ]
  },
  {
    "triangle": 31219,
    "category": "heavy-face spatial boundary",
    "corner": 0,
    "angleDegrees": 49.89673489444444,
    "face": 27,
    "point": [
      -129.99999999999997,
      -80.0,
      145.0
    ],
    "nativeUV": [
      1.8963144762124144,
      0.0
    ],
    "inverseUV": [
      1.896314476212414,
      1.2426765718378745e-15
    ],
    "parameterRange": [
      1.0,
      2.0,
      0.0,
      1.0
    ],
    "UVPositionErrorMM": 2.842170943040401e-14,
    "inversePositionErrorMM": 2.842170943040401e-14,
    "UDegree": 8,
    "UC0Knots": [
      1.0,
      1.2417389422642624,
      1.2425313523881287,
      1.4626041274301287,
      1.4633007696688818,
      1.734080137497048,
      1.7344869990481646,
      1.851649257228216,
      1.8518723248342532,
      1.8960615061807145,
      1.8963144762124144,
      1.9250039841872089,
      1.9251865127557923,
      2.0
    ],
    "VDegree": 3,
    "VC0Knots": [
      0.0,
      1.0
    ]
  },
  {
    "triangle": 31219,
    "category": "heavy-face spatial boundary",
    "corner": 2,
    "angleDegrees": 82.17725952963923,
    "face": 27,
    "point": [
      -130.0,
      -75.85985185185186,
      145.0
    ],
    "nativeUV": [
      1.92518651275579,
      0.0
    ],
    "inverseUV": [
      1.9251865127457843,
      -1.0220243677586507e-13
    ],
    "parameterRange": [
      1.0,
      2.0,
      0.0,
      1.0
    ],
    "UVPositionErrorMM": 1.4482455743945949e-09,
    "inversePositionErrorMM": 1.9644405894729962e-10,
    "UDegree": 8,
    "UC0Knots": [
      1.0,
      1.2417389422642624,
      1.2425313523881287,
      1.4626041274301287,
      1.4633007696688818,
      1.734080137497048,
      1.7344869990481646,
      1.851649257228216,
      1.8518723248342532,
      1.8960615061807145,
      1.8963144762124144,
      1.9250039841872089,
      1.9251865127557923,
      2.0
    ],
    "VDegree": 3,
    "VC0Knots": [
      0.0,
      1.0
    ]
  },
  {
    "triangle": 113673,
    "category": "heavy-face spatial boundary",
    "corner": 1,
    "angleDegrees": 31.21470770053875,
    "face": 42,
    "point": [
      238.00000000000108,
      -90.0,
      135.0
    ],
    "nativeUV": [
      1.844076734109516,
      0.0
    ],
    "inverseUV": [
      1.8440767341095152,
      2.29291059887146e-14
    ],
    "parameterRange": [
      1.0,
      2.0,
      0.0,
      1.0
    ],
    "UVPositionErrorMM": 1.0800249583553523e-12,
    "inversePositionErrorMM": 1.449228509952941e-13,
    "UDegree": 8,
    "UC0Knots": [
      1.0,
      1.0427496820292974,
      1.0429504249041484,
      1.4869498308308207,
      1.4875485760892324,
      1.6617717540182357,
      1.6684608314071565,
      1.8438850135046054,
      1.844076734109516,
      2.0
    ],
    "VDegree": 3,
    "VC0Knots": [
      0.0,
      1.0
    ]
  },
  {
    "triangle": 143077,
    "category": "heavy-face spatial boundary",
    "corner": 2,
    "angleDegrees": 41.615288932220054,
    "face": 45,
    "point": [
      166.00000000000227,
      -90.0,
      135.0
    ],
    "nativeUV": [
      1.851649257228216,
      1.0
    ],
    "inverseUV": [
      1.8516492572282148,
      1.0000000000000515
    ],
    "parameterRange": [
      1.0,
      2.0,
      0.0,
      1.0
    ],
    "UVPositionErrorMM": 2.2737367544323206e-12,
    "inversePositionErrorMM": 3.7490809626981785e-13,
    "UDegree": 8,
    "UC0Knots": [
      1.0,
      1.2417389422642624,
      1.2425313523881287,
      1.4626041274301287,
      1.4633007696688818,
      1.734080137497048,
      1.7344869990481646,
      1.851649257228216,
      1.8518723248342532,
      1.8960615061807145,
      1.8963144762124144,
      1.9250039841872089,
      1.9251865127557923,
      2.0
    ],
    "VDegree": 3,
    "VC0Knots": [
      0.0,
      1.0
    ]
  },
  {
    "triangle": 144265,
    "category": "heavy-face spatial boundary",
    "corner": 1,
    "angleDegrees": 49.89673489444444,
    "face": 45,
    "point": [
      129.99999999999997,
      -80.0,
      145.0
    ],
    "nativeUV": [
      1.8963144762124144,
      0.0
    ],
    "inverseUV": [
      1.896314476212414,
      1.2426765718378745e-15
    ],
    "parameterRange": [
      1.0,
      2.0,
      0.0,
      1.0
    ],
    "UVPositionErrorMM": 2.842170943040401e-14,
    "inversePositionErrorMM": 2.842170943040401e-14,
    "UDegree": 8,
    "UC0Knots": [
      1.0,
      1.2417389422642624,
      1.2425313523881287,
      1.4626041274301287,
      1.4633007696688818,
      1.734080137497048,
      1.7344869990481646,
      1.851649257228216,
      1.8518723248342532,
      1.8960615061807145,
      1.8963144762124144,
      1.9250039841872089,
      1.9251865127557923,
      2.0
    ],
    "VDegree": 3,
    "VC0Knots": [
      0.0,
      1.0
    ]
  },
  {
    "triangle": 144265,
    "category": "heavy-face spatial boundary",
    "corner": 2,
    "angleDegrees": 82.17725952963923,
    "face": 45,
    "point": [
      130.0,
      -75.85985185185186,
      145.0
    ],
    "nativeUV": [
      1.92518651275579,
      0.0
    ],
    "inverseUV": [
      1.9251865127457843,
      -1.0220243677586507e-13
    ],
    "parameterRange": [
      1.0,
      2.0,
      0.0,
      1.0
    ],
    "UVPositionErrorMM": 1.4482455743945949e-09,
    "inversePositionErrorMM": 1.9644405894729962e-10,
    "UDegree": 8,
    "UC0Knots": [
      1.0,
      1.2417389422642624,
      1.2425313523881287,
      1.4626041274301287,
      1.4633007696688818,
      1.734080137497048,
      1.7344869990481646,
      1.851649257228216,
      1.8518723248342532,
      1.8960615061807145,
      1.8963144762124144,
      1.9250039841872089,
      1.9251865127557923,
      2.0
    ],
    "VDegree": 3,
    "VC0Knots": [
      0.0,
      1.0
    ]
  },
  {
    "triangle": 200661,
    "category": "heavy-face spatial boundary",
    "corner": 2,
    "angleDegrees": 22.868622618000582,
    "face": 47,
    "point": [
      34.999999999999986,
      -83.39633874653141,
      195.19810567618043
    ],
    "nativeUV": [
      1.5838862092447068,
      0.0
    ],
    "inverseUV": [
      1.5838862091462447,
      3.4420484600406516e-10
    ],
    "parameterRange": [
      1.0,
      2.0,
      0.0,
      1.0
    ],
    "UVPositionErrorMM": 2.9224843819383193e-08,
    "inversePositionErrorMM": 1.755920153730489e-08,
    "UDegree": 8,
    "UC0Knots": [
      1.0,
      1.0480172451057252,
      1.0480325407025695,
      1.5838862092447068,
      1.6045953651882292,
      1.6824655476817365,
      1.6835810061729752,
      1.9598485920655768,
      1.9599141106047018,
      2.0
    ],
    "VDegree": 3,
    "VC0Knots": [
      0.0,
      1.0
    ]
  },
  {
    "triangle": 217312,
    "category": "heavy-face spatial boundary",
    "corner": 2,
    "angleDegrees": 124.36592020836653,
    "face": 47,
    "point": [
      63.98721601357367,
      -80.0048873747515,
      144.99059972242307
    ],
    "nativeUV": [
      1.9598485920655768,
      0.9739583333333333
    ],
    "inverseUV": [
      1.9598485920655764,
      0.9739583333333334
    ],
    "parameterRange": [
      1.0,
      2.0,
      0.0,
      1.0
    ],
    "UVPositionErrorMM": 3.256115871121665e-14,
    "inversePositionErrorMM": 3.256115871121665e-14,
    "UDegree": 8,
    "UC0Knots": [
      1.0,
      1.0480172451057252,
      1.0480325407025695,
      1.5838862092447068,
      1.6045953651882292,
      1.6824655476817365,
      1.6835810061729752,
      1.9598485920655768,
      1.9599141106047018,
      2.0
    ],
    "VDegree": 3,
    "VC0Knots": [
      0.0,
      1.0
    ]
  }
]

								
								
