{
  "sourceSHA256": "40e42ed072a72946d11756cd6f92047fd0d5acd79eb33946cb2188441babbbde",
  "triangles": 254770,
  "points": 127387,
  "indexSeconds": 15.324406291008927,
  "matchSeconds": 2.274178292020224,
  "unmatchedVertices": 2,
  "triangleOwnerMultiplicity": {
    "2": 3067,
    "1": 251419,
    "0": 284
  },
  "legacyComparisonSeconds": 0.42814658296993,
  "legacyComparisonCorners": 60,
  "maximumNormalAngleDegrees": 8.537736462515939e-07,
  "comparisons": [
    {
      "triangle": 1571,
      "face": 26,
      "vertex": 1046,
      "normalAngleDegrees": 0.0
    },
    {
      "triangle": 1571,
      "face": 26,
      "vertex": 1047,
      "normalAngleDegrees": 0.0
    },
    {
      "triangle": 1571,
      "face": 26,
      "vertex": 1048,
      "normalAngleDegrees": 0.0
    },
    {
      "triangle": 8635,
      "face": 26,
      "vertex": 3130,
      "normalAngleDegrees": 0.0
    },
    {
      "triangle": 8635,
      "face": 26,
      "vertex": 5525,
      "normalAngleDegrees": 0.0
    },
    {
      "triangle": 8635,
      "face": 26,
      "vertex": 3859,
      "normalAngleDegrees": 0.0
    },
    {
      "triangle": 15685,
      "face": 26,
      "vertex": 3822,
      "normalAngleDegrees": 0.0
    },
    {
      "triangle": 15685,
      "face": 26,
      "vertex": 9904,
      "normalAngleDegrees": 0.0
    },
    {
      "triangle": 15685,
      "face": 26,
      "vertex": 4491,
      "normalAngleDegrees": 0.0
    },
    {
      "triangle": 22735,
      "face": 26,
      "vertex": 8080,
      "normalAngleDegrees": 0.0
    },
    {
      "triangle": 22735,
      "face": 26,
      "vertex": 12943,
      "normalAngleDegrees": 0.0
    },
    {
      "triangle": 22735,
      "face": 26,
      "vertex": 12942,
      "normalAngleDegrees": 0.0
    },
    {
      "triangle": 29788,
      "face": 27,
      "vertex": 15214,
      "normalAngleDegrees": 0.0
    },
    {
      "triangle": 29788,
      "face": 27,
      "vertex": 15215,
      "normalAngleDegrees": 0.0
    },
    {
      "triangle": 29788,
      "face": 27,
      "vertex": 15216,
      "normalAngleDegrees": 0.0
    },
    {
      "triangle": 42931,
      "face": 27,
      "vertex": 24554,
      "normalAngleDegrees": 0.0
    },
    {
      "triangle": 42931,
      "face": 27,
      "vertex": 24567,
      "normalAngleDegrees": 0.0
    },
    {
      "triangle": 42931,
      "face": 27,
      "vertex": 24557,
      "normalAngleDegrees": 0.0
    },
    {
      "triangle": 56074,
      "face": 27,
      "vertex": 32073,
      "normalAngleDegrees": 0.0
    },
    {
      "triangle": 56074,
      "face": 27,
      "vertex": 32078,
      "normalAngleDegrees": 0.0
    },
    {
      "triangle": 56074,
      "face": 27,
      "vertex": 32077,
      "normalAngleDegrees": 0.0
    },
    {
      "triangle": 69217,
      "face": 27,
      "vertex": 37826,
      "normalAngleDegrees": 0.0
    },
    {
      "triangle": 69217,
      "face": 27,
      "vertex": 37827,
      "normalAngleDegrees": 0.0
    },
    {
      "triangle": 69217,
      "face": 27,
      "vertex": 37824,
      "normalAngleDegrees": 0.0
    },
    {
      "triangle": 113572,
      "face": 42,
      "vertex": 768,
      "normalAngleDegrees": 0.0
    },
    {
      "triangle": 113572,
      "face": 42,
      "vertex": 217,
      "normalAngleDegrees": 0.0
    },
    {
      "triangle": 113572,
      "face": 42,
      "vertex": 819,
      "normalAngleDegrees": 0.0
    },
    {
      "triangle": 120882,
      "face": 42,
      "vertex": 62176,
      "normalAngleDegrees": 0.0
    },
    {
      "triangle": 120882,
      "face": 42,
      "vertex": 62164,
      "normalAngleDegrees": 0.0
    },
    {
      "triangle": 120882,
      "face": 42,
      "vertex": 60583,
      "normalAngleDegrees": 0.0
    },
    {
      "triangle": 128191,
      "face": 42,
      "vertex": 66675,
      "normalAngleDegrees": 0.0
    },
    {
      "triangle": 128191,
      "face": 42,
      "vertex": 60235,
      "normalAngleDegrees": 0.0
    },
    {
      "triangle": 128191,
      "face": 42,
      "vertex": 61465,
      "normalAngleDegrees": 0.0
    },
    {
      "triangle": 135497,
      "face": 42,
      "vertex": 69821,
      "normalAngleDegrees": 0.0
    },
    {
      "triangle": 135497,
      "face": 42,
      "vertex": 61794,
      "normalAngleDegrees": 0.0
    },
    {
      "triangle": 135497,
      "face": 42,
      "vertex": 63870,
      "normalAngleDegrees": 0.0
    },
    {
      "triangle": 142833,
      "face": 45,
      "vertex": 71938,
      "normalAngleDegrees": 0.0
    },
    {
      "triangle": 142833,
      "face": 45,
      "vertex": 71939,
      "normalAngleDegrees": 0.0
    },
    {
      "triangle": 142833,
      "face": 45,
      "vertex": 71940,
      "normalAngleDegrees": 0.0
    },
    {
      "triangle": 155978,
      "face": 45,
      "vertex": 81286,
      "normalAngleDegrees": 0.0
    },
    {
      "triangle": 155978,
      "face": 45,
      "vertex": 81287,
      "normalAngleDegrees": 0.0
    },
    {
      "triangle": 155978,
      "face": 45,
      "vertex": 81275,
      "normalAngleDegrees": 0.0
    },
    {
      "triangle": 169123,
      "face": 45,
      "vertex": 88800,
      "normalAngleDegrees": 0.0
    },
    {
      "triangle": 169123,
      "face": 45,
      "vertex": 88796,
      "normalAngleDegrees": 0.0
    },
    {
      "triangle": 169123,
      "face": 45,
      "vertex": 77854,
      "normalAngleDegrees": 0.0
    },
    {
      "triangle": 182268,
      "face": 45,
      "vertex": 94553,
      "normalAngleDegrees": 0.0
    },
    {
      "triangle": 182268,
      "face": 45,
      "vertex": 94550,
      "normalAngleDegrees": 0.0
    },
    {
      "triangle": 182268,
      "face": 45,
      "vertex": 88829,
      "normalAngleDegrees": 0.0
    },
    {
      "triangle": 195507,
      "face": 47,
      "vertex": 98276,
      "normalAngleDegrees": 0.0
    },
    {
      "triangle": 195507,
      "face": 47,
      "vertex": 98277,
      "normalAngleDegrees": 0.0
    },
    {
      "triangle": 195507,
      "face": 47,
      "vertex": 98278,
      "normalAngleDegrees": 0.0
    },
    {
      "triangle": 202587,
      "face": 47,
      "vertex": 102707,
      "normalAngleDegrees": 0.0
    },
    {
      "triangle": 202587,
      "face": 47,
      "vertex": 102710,
      "normalAngleDegrees": 8.537736462515939e-07
    },
    {
      "triangle": 202587,
      "face": 47,
      "vertex": 102708,
      "normalAngleDegrees": 0.0
    },
    {
      "triangle": 209653,
      "face": 47,
      "vertex": 107127,
      "normalAngleDegrees": 0.0
    },
    {
      "triangle": 209653,
      "face": 47,
      "vertex": 102590,
      "normalAngleDegrees": 0.0
    },
    {
      "triangle": 209653,
      "face": 47,
      "vertex": 104418,
      "normalAngleDegrees": 0.0
    },
    {
      "triangle": 216719,
      "face": 47,
      "vertex": 110168,
      "normalAngleDegrees": 0.0
    },
    {
      "triangle": 216719,
      "face": 47,
      "vertex": 108077,
      "normalAngleDegrees": 0.0
    },
    {
      "triangle": 216719,
      "face": 47,
      "vertex": 105257,
      "normalAngleDegrees": 0.0
    }
  ],
  "limits": "Scratch performance feasibility probe. Unique native UV owner only; ambiguous or unmatched triangles require legacy fallback. No compiler replacement or export."
}

								
								
