Command line invocation:
    /Applications/Xcode.app/Contents/Developer/usr/bin/xcodebuild -project HangTen.xcodeproj -scheme HangTen -configuration Debug -destination "generic/platform=iOS Simulator" -derivedDataPath .context/placid-badger-cad-second-half/pr-readiness-repair-2026-10-02/ios-diagnosis/DerivedData-placid-badger-cad-second-half build

Resolve Package Graph


Resolved source packages:
  Sentry: https://github.com/getsentry/sentry-cocoa.git @ 8.58.4
  Amplitude-Swift: https://github.com/amplitude/Amplitude-Swift @ 1.18.8
  AmplitudeCore: https://github.com/amplitude/AmplitudeCore-Swift.git @ 1.5.0
  analytics-connector-ios: https://github.com/amplitude/analytics-connector-ios.git @ 1.3.2

ComputePackagePrebuildTargetDependencyGraph

Prepare packages

CreateBuildRequest

SendProjectDescription

CreateBuildOperation

ComputeTargetDependencyGraph
note: Building targets in dependency order
note: Target dependency graph (9 targets)
    Target 'HangTen' in project 'HangTen'
        ➜ Explicit dependency on target 'AmplitudeSwift-product' in project 'Amplitude-Swift'
        ➜ Explicit dependency on target 'Sentry-product' in project 'Sentry'
    Target 'Sentry-product' in project 'Sentry'
        ➜ Explicit dependency on target 'SentryCppHelper' in project 'Sentry'
    Target 'SentryCppHelper' in project 'Sentry' (no dependencies)
    Target 'AmplitudeSwift-product' in project 'Amplitude-Swift'
        ➜ Explicit dependency on target 'AmplitudeSwift' in project 'Amplitude-Swift'
        ➜ Explicit dependency on target 'Amplitude-Swift_AmplitudeSwift' in project 'Amplitude-Swift'
        ➜ Explicit dependency on target 'AmplitudeCoreFramework-product' in project 'AmplitudeCore'
        ➜ Explicit dependency on target 'AnalyticsConnector-product' in project 'analytics-connector-ios'
    Target 'AmplitudeSwift' in project 'Amplitude-Swift'
        ➜ Explicit dependency on target 'Amplitude-Swift_AmplitudeSwift' in project 'Amplitude-Swift'
        ➜ Explicit dependency on target 'AmplitudeCoreFramework-product' in project 'AmplitudeCore'
        ➜ Explicit dependency on target 'AnalyticsConnector-product' in project 'analytics-connector-ios'
    Target 'AnalyticsConnector-product' in project 'analytics-connector-ios'
        ➜ Explicit dependency on target 'AnalyticsConnector' in project 'analytics-connector-ios'
    Target 'AnalyticsConnector' in project 'analytics-connector-ios' (no dependencies)
    Target 'AmplitudeCoreFramework-product' in project 'AmplitudeCore' (no dependencies)
    Target 'Amplitude-Swift_AmplitudeSwift' in project 'Amplitude-Swift' (no dependencies)

GatherProvisioningInputs

CreateBuildDescription

ExecuteExternalTool /Applications/Xcode.app/Contents/Developer/Toolchains/XcodeDefault.xctoolchain/usr/bin/swiftc --version

ExecuteExternalTool /Applications/Xcode.app/Contents/Developer/Toolchains/XcodeDefault.xctoolchain/usr/bin/clang -v -E -dM -isysroot /Applications/Xcode.app/Contents/Developer/Platforms/iPhoneSimulator.platform/Developer/SDKs/iPhoneSimulator27.0.sdk -x c -c /dev/null

ExecuteExternalTool /Applications/Xcode.app/Contents/Developer/usr/bin/actool --print-asset-tag-combinations --output-format xml1 /Users/asherlc/.paseo/worktrees/0h78jp9r/placid-badger-cad-second-half/HangTen/Resources/Assets.xcassets

ExecuteExternalTool /Applications/Xcode.app/Contents/Developer/Toolchains/XcodeDefault.xctoolchain/usr/bin/ld -version_details

ExecuteExternalTool /Applications/Xcode.app/Contents/Developer/usr/bin/actool --version --output-format xml1

Build description signature: 57430243d428364eb53b3902387c5d8c
Build description path: /Users/asherlc/.paseo/worktrees/0h78jp9r/placid-badger-cad-second-half/.context/placid-badger-cad-second-half/pr-readiness-repair-2026-10-02/ios-diagnosis/DerivedData-placid-badger-cad-second-half/Build/Intermediates.noindex/XCBuildData/57430243d428364eb53b3902387c5d8c.xcbuilddata
ClangStatCache /Applications/Xcode.app/Contents/Developer/Toolchains/XcodeDefault.xctoolchain/usr/bin/clang-stat-cache /Applications/Xcode.app/Contents/Developer/Platforms/iPhoneSimulator.platform/Developer/SDKs/iPhoneSimulator27.0.sdk /Users/asherlc/.paseo/worktrees/0h78jp9r/placid-badger-cad-second-half/.context/placid-badger-cad-second-half/pr-readiness-repair-2026-10-02/ios-diagnosis/DerivedData-placid-badger-cad-second-half/SDKStatCaches.noindex/iphonesimulator27.0-24A430-e829b21a6f8c9b70876ba0858053c0448dc58220667be655e1bcc261a7455254.sdkstatcache
    cd /Users/asherlc/.paseo/worktrees/0h78jp9r/placid-badger-cad-second-half/HangTen.xcodeproj
    /Applications/Xcode.app/Contents/Developer/Toolchains/XcodeDefault.xctoolchain/usr/bin/clang-stat-cache /Applications/Xcode.app/Contents/Developer/Platforms/iPhoneSimulator.platform/Developer/SDKs/iPhoneSimulator27.0.sdk -o /Users/asherlc/.paseo/worktrees/0h78jp9r/placid-badger-cad-second-half/.context/placid-badger-cad-second-half/pr-readiness-repair-2026-10-02/ios-diagnosis/DerivedData-placid-badger-cad-second-half/SDKStatCaches.noindex/iphonesimulator27.0-24A430-e829b21a6f8c9b70876ba0858053c0448dc58220667be655e1bcc261a7455254.sdkstatcache

ProcessInfoPlistFile /Users/asherlc/.paseo/worktrees/0h78jp9r/placid-badger-cad-second-half/.context/placid-badger-cad-second-half/pr-readiness-repair-2026-10-02/ios-diagnosis/DerivedData-placid-badger-cad-second-half/Build/Products/Debug-iphonesimulator/Amplitude-Swift_AmplitudeSwift.bundle/Info.plist /Users/asherlc/.paseo/worktrees/0h78jp9r/placid-badger-cad-second-half/.context/placid-badger-cad-second-half/pr-readiness-repair-2026-10-02/ios-diagnosis/DerivedData-placid-badger-cad-second-half/Build/Intermediates.noindex/Amplitude-Swift.build/Debug-iphonesimulator/Amplitude-Swift_AmplitudeSwift-b.build/empty-Amplitude-Swift_AmplitudeSwift.plist (in target 'Amplitude-Swift_AmplitudeSwift' from project 'Amplitude-Swift')
    cd /Users/asherlc/.paseo/worktrees/0h78jp9r/placid-badger-cad-second-half/.context/placid-badger-cad-second-half/pr-readiness-repair-2026-10-02/ios-diagnosis/DerivedData-placid-badger-cad-second-half/SourcePackages/checkouts/Amplitude-Swift
    builtin-infoPlistUtility /Users/asherlc/.paseo/worktrees/0h78jp9r/placid-badger-cad-second-half/.context/placid-badger-cad-second-half/pr-readiness-repair-2026-10-02/ios-diagnosis/DerivedData-placid-badger-cad-second-half/Build/Intermediates.noindex/Amplitude-Swift.build/Debug-iphonesimulator/Amplitude-Swift_AmplitudeSwift-b.build/empty-Amplitude-Swift_AmplitudeSwift.plist -producttype com.apple.product-type.bundle -expandbuildsettings -format binary -platform iphonesimulator -o /Users/asherlc/.paseo/worktrees/0h78jp9r/placid-badger-cad-second-half/.context/placid-badger-cad-second-half/pr-readiness-repair-2026-10-02/ios-diagnosis/DerivedData-placid-badger-cad-second-half/Build/Products/Debug-iphonesimulator/Amplitude-Swift_AmplitudeSwift.bundle/Info.plist

note: Run script build phase 'Stage Board Packages' will be run during every build because the option to run the script phase "Based on dependency analysis" is unchecked. (in target 'HangTen' from project 'HangTen')
SwiftDriver HangTen normal arm64 com.apple.xcode.tools.swift.compiler (in target 'HangTen' from project 'HangTen')
    cd /Users/asherlc/.paseo/worktrees/0h78jp9r/placid-badger-cad-second-half
    builtin-SwiftDriver -- /Applications/Xcode.app/Contents/Developer/Toolchains/XcodeDefault.xctoolchain/usr/bin/swiftc -module-name HangTen -Onone @/Users/asherlc/.paseo/worktrees/0h78jp9r/placid-badger-cad-second-half/.context/placid-badger-cad-second-half/pr-readiness-repair-2026-10-02/ios-diagnosis/DerivedData-placid-badger-cad-second-half/Build/Intermediates.noindex/HangTen.build/Debug-iphonesimulator/HangTen.build/Objects-normal/arm64/HangTen.SwiftFileList -DDEBUG -enable-bare-slash-regex -enable-experimental-feature DebugDescriptionMacro -sdk /Applications/Xcode.app/Contents/Developer/Platforms/iPhoneSimulator.platform/Developer/SDKs/iPhoneSimulator27.0.sdk -target arm64-apple-ios18.0-simulator -g -module-cache-path /Users/asherlc/.paseo/worktrees/0h78jp9r/placid-badger-cad-second-half/.context/placid-badger-cad-second-half/pr-readiness-repair-2026-10-02/ios-diagnosis/DerivedData-placid-badger-cad-second-half/ModuleCache.noindex -Xfrontend -serialize-debugging-options -enable-testing -index-store-path /Users/asherlc/.paseo/worktrees/0h78jp9r/placid-badger-cad-second-half/.context/placid-badger-cad-second-half/pr-readiness-repair-2026-10-02/ios-diagnosis/DerivedData-placid-badger-cad-second-half/Index.noindex/DataStore -swift-version 5 -I /Users/asherlc/.paseo/worktrees/0h78jp9r/placid-badger-cad-second-half/.context/placid-badger-cad-second-half/pr-readiness-repair-2026-10-02/ios-diagnosis/DerivedData-placid-badger-cad-second-half/Build/Products/Debug-iphonesimulator -F /Users/asherlc/.paseo/worktrees/0h78jp9r/placid-badger-cad-second-half/.context/placid-badger-cad-second-half/pr-readiness-repair-2026-10-02/ios-diagnosis/DerivedData-placid-badger-cad-second-half/Build/Products/Debug-iphonesimulator/PackageFrameworks -F /Users/asherlc/.paseo/worktrees/0h78jp9r/placid-badger-cad-second-half/.context/placid-badger-cad-second-half/pr-readiness-repair-2026-10-02/ios-diagnosis/DerivedData-placid-badger-cad-second-half/Build/Products/Debug-iphonesimulator -c -j10 -enable-batch-mode -incremental -Xcc -ivfsstatcache -Xcc /Users/asherlc/.paseo/worktrees/0h78jp9r/placid-badger-cad-second-half/.context/placid-badger-cad-second-half/pr-readiness-repair-2026-10-02/ios-diagnosis/DerivedData-placid-badger-cad-second-half/SDKStatCaches.noindex/iphonesimulator27.0-24A430-e829b21a6f8c9b70876ba0858053c0448dc58220667be655e1bcc261a7455254.sdkstatcache -output-file-map /Users/asherlc/.paseo/worktrees/0h78jp9r/placid-badger-cad-second-half/.context/placid-badger-cad-second-half/pr-readiness-repair-2026-10-02/ios-diagnosis/DerivedData-placid-badger-cad-second-half/Build/Intermediates.noindex/HangTen.build/Debug-iphonesimulator/HangTen.build/Objects-normal/arm64/HangTen-OutputFileMap.json -save-temps -no-color-diagnostics -explicit-module-build -module-cache-path /Users/asherlc/.paseo/worktrees/0h78jp9r/placid-badger-cad-second-half/.context/placid-badger-cad-second-half/pr-readiness-repair-2026-10-02/ios-diagnosis/DerivedData-placid-badger-cad-second-half/Build/Intermediates.noindex/SwiftExplicitPrecompiledModules -clang-scanner-module-cache-path /Users/asherlc/.paseo/worktrees/0h78jp9r/placid-badger-cad-second-half/.context/placid-badger-cad-second-half/pr-readiness-repair-2026-10-02/ios-diagnosis/DerivedData-placid-badger-cad-second-half/ModuleCache.noindex -sdk-module-cache-path /Users/asherlc/.paseo/worktrees/0h78jp9r/placid-badger-cad-second-half/.context/placid-badger-cad-second-half/pr-readiness-repair-2026-10-02/ios-diagnosis/DerivedData-placid-badger-cad-second-half/SDKExplicitPrecompiledModules -emit-dependencies -emit-module -emit-module-path /Users/asherlc/.paseo/worktrees/0h78jp9r/placid-badger-cad-second-half/.context/placid-badger-cad-second-half/pr-readiness-repair-2026-10-02/ios-diagnosis/DerivedData-placid-badger-cad-second-half/Build/Intermediates.noindex/HangTen.build/Debug-iphonesimulator/HangTen.build/Objects-normal/arm64/HangTen.swiftmodule -serialize-diagnostics -dependency-scan-serialize-diagnostics-path /Users/asherlc/.paseo/worktrees/0h78jp9r/placid-badger-cad-second-half/.context/placid-badger-cad-second-half/pr-readiness-repair-2026-10-02/ios-diagnosis/DerivedData-placid-badger-cad-second-half/Build/Intermediates.noindex/HangTen.build/Debug-iphonesimulator/HangTen.build/Objects-normal/arm64/HangTen-dependency-scan.dia -validate-clang-modules-once -clang-build-session-file /Users/asherlc/.paseo/worktrees/0h78jp9r/placid-badger-cad-second-half/.context/placid-badger-cad-second-half/pr-readiness-repair-2026-10-02/ios-diagnosis/DerivedData-placid-badger-cad-second-half/ModuleCache.noindex/Session.modulevalidation -Xcc -fmodules-prune-interval\=86400 -Xcc -fmodules-prune-after\=345600 -emit-const-values -const-gather-protocols-list /Users/asherlc/.paseo/worktrees/0h78jp9r/placid-badger-cad-second-half/.context/placid-badger-cad-second-half/pr-readiness-repair-2026-10-02/ios-diagnosis/DerivedData-placid-badger-cad-second-half/Build/Intermediates.noindex/HangTen.build/Debug-iphonesimulator/HangTen.build/Objects-normal/arm64/HangTen_const_extract_protocols.json -Xcc -iquote -Xcc /Users/asherlc/.paseo/worktrees/0h78jp9r/placid-badger-cad-second-half/.context/placid-badger-cad-second-half/pr-readiness-repair-2026-10-02/ios-diagnosis/DerivedData-placid-badger-cad-second-half/Build/Intermediates.noindex/HangTen.build/Debug-iphonesimulator/HangTen.build/HangTen-generated-files.hmap -Xcc -I/Users/asherlc/.paseo/worktrees/0h78jp9r/placid-badger-cad-second-half/.context/placid-badger-cad-second-half/pr-readiness-repair-2026-10-02/ios-diagnosis/DerivedData-placid-badger-cad-second-half/Build/Intermediates.noindex/HangTen.build/Debug-iphonesimulator/HangTen.build/HangTen-own-target-headers.hmap -Xcc -I/Users/asherlc/.paseo/worktrees/0h78jp9r/placid-badger-cad-second-half/.context/placid-badger-cad-second-half/pr-readiness-repair-2026-10-02/ios-diagnosis/DerivedData-placid-badger-cad-second-half/Build/Intermediates.noindex/HangTen.build/Debug-iphonesimulator/HangTen.build/HangTen-all-non-framework-target-headers.hmap -Xcc -ivfsoverlay -Xcc /Users/asherlc/.paseo/worktrees/0h78jp9r/placid-badger-cad-second-half/.context/placid-badger-cad-second-half/pr-readiness-repair-2026-10-02/ios-diagnosis/DerivedData-placid-badger-cad-second-half/Build/Intermediates.noindex/HangTen.build/Debug-iphonesimulator/HangTen-6dc035dee0c8e6595c34f1b51425d998-VFS-iphonesimulator/all-product-headers.yaml -Xcc -iquote -Xcc /Users/asherlc/.paseo/worktrees/0h78jp9r/placid-badger-cad-second-half/.context/placid-badger-cad-second-half/pr-readiness-repair-2026-10-02/ios-diagnosis/DerivedData-placid-badger-cad-second-half/Build/Intermediates.noindex/HangTen.build/Debug-iphonesimulator/HangTen.build/HangTen-project-headers.hmap -Xcc -I/Users/asherlc/.paseo/worktrees/0h78jp9r/placid-badger-cad-second-half/.context/placid-badger-cad-second-half/pr-readiness-repair-2026-10-02/ios-diagnosis/DerivedData-placid-badger-cad-second-half/Build/Products/Debug-iphonesimulator/include -Xcc -I/Users/asherlc/.paseo/worktrees/0h78jp9r/placid-badger-cad-second-half/.context/placid-badger-cad-second-half/pr-readiness-repair-2026-10-02/ios-diagnosis/DerivedData-placid-badger-cad-second-half/Build/Intermediates.noindex/HangTen.build/Debug-iphonesimulator/HangTen.build/DerivedSources-normal/arm64 -Xcc -I/Users/asherlc/.paseo/worktrees/0h78jp9r/placid-badger-cad-second-half/.context/placid-badger-cad-second-half/pr-readiness-repair-2026-10-02/ios-diagnosis/DerivedData-placid-badger-cad-second-half/Build/Intermediates.noindex/HangTen.build/Debug-iphonesimulator/HangTen.build/DerivedSources/arm64 -Xcc -I/Users/asherlc/.paseo/worktrees/0h78jp9r/placid-badger-cad-second-half/.context/placid-badger-cad-second-half/pr-readiness-repair-2026-10-02/ios-diagnosis/DerivedData-placid-badger-cad-second-half/Build/Intermediates.noindex/HangTen.build/Debug-iphonesimulator/HangTen.build/DerivedSources -emit-objc-header -emit-objc-header-path /Users/asherlc/.paseo/worktrees/0h78jp9r/placid-badger-cad-second-half/.context/placid-badger-cad-second-half/pr-readiness-repair-2026-10-02/ios-diagnosis/DerivedData-placid-badger-cad-second-half/Build/Intermediates.noindex/HangTen.build/Debug-iphonesimulator/HangTen.build/Objects-normal/arm64/HangTen-Swift.h -working-directory /Users/asherlc/.paseo/worktrees/0h78jp9r/placid-badger-cad-second-half -experimental-emit-module-separately -disable-cmo

SwiftDriver HangTen normal x86_64 com.apple.xcode.tools.swift.compiler (in target 'HangTen' from project 'HangTen')
    cd /Users/asherlc/.paseo/worktrees/0h78jp9r/placid-badger-cad-second-half
    builtin-SwiftDriver -- /Applications/Xcode.app/Contents/Developer/Toolchains/XcodeDefault.xctoolchain/usr/bin/swiftc -module-name HangTen -Onone @/Users/asherlc/.paseo/worktrees/0h78jp9r/placid-badger-cad-second-half/.context/placid-badger-cad-second-half/pr-readiness-repair-2026-10-02/ios-diagnosis/DerivedData-placid-badger-cad-second-half/Build/Intermediates.noindex/HangTen.build/Debug-iphonesimulator/HangTen.build/Objects-normal/x86_64/HangTen.SwiftFileList -DDEBUG -enable-bare-slash-regex -enable-experimental-feature DebugDescriptionMacro -sdk /Applications/Xcode.app/Contents/Developer/Platforms/iPhoneSimulator.platform/Developer/SDKs/iPhoneSimulator27.0.sdk -target x86_64-apple-ios18.0-simulator -g -module-cache-path /Users/asherlc/.paseo/worktrees/0h78jp9r/placid-badger-cad-second-half/.context/placid-badger-cad-second-half/pr-readiness-repair-2026-10-02/ios-diagnosis/DerivedData-placid-badger-cad-second-half/ModuleCache.noindex -Xfrontend -serialize-debugging-options -enable-testing -index-store-path /Users/asherlc/.paseo/worktrees/0h78jp9r/placid-badger-cad-second-half/.context/placid-badger-cad-second-half/pr-readiness-repair-2026-10-02/ios-diagnosis/DerivedData-placid-badger-cad-second-half/Index.noindex/DataStore -swift-version 5 -I /Users/asherlc/.paseo/worktrees/0h78jp9r/placid-badger-cad-second-half/.context/placid-badger-cad-second-half/pr-readiness-repair-2026-10-02/ios-diagnosis/DerivedData-placid-badger-cad-second-half/Build/Products/Debug-iphonesimulator -F /Users/asherlc/.paseo/worktrees/0h78jp9r/placid-badger-cad-second-half/.context/placid-badger-cad-second-half/pr-readiness-repair-2026-10-02/ios-diagnosis/DerivedData-placid-badger-cad-second-half/Build/Products/Debug-iphonesimulator/PackageFrameworks -F /Users/asherlc/.paseo/worktrees/0h78jp9r/placid-badger-cad-second-half/.context/placid-badger-cad-second-half/pr-readiness-repair-2026-10-02/ios-diagnosis/DerivedData-placid-badger-cad-second-half/Build/Products/Debug-iphonesimulator -c -j10 -enable-batch-mode -incremental -Xcc -ivfsstatcache -Xcc /Users/asherlc/.paseo/worktrees/0h78jp9r/placid-badger-cad-second-half/.context/placid-badger-cad-second-half/pr-readiness-repair-2026-10-02/ios-diagnosis/DerivedData-placid-badger-cad-second-half/SDKStatCaches.noindex/iphonesimulator27.0-24A430-e829b21a6f8c9b70876ba0858053c0448dc58220667be655e1bcc261a7455254.sdkstatcache -output-file-map /Users/asherlc/.paseo/worktrees/0h78jp9r/placid-badger-cad-second-half/.context/placid-badger-cad-second-half/pr-readiness-repair-2026-10-02/ios-diagnosis/DerivedData-placid-badger-cad-second-half/Build/Intermediates.noindex/HangTen.build/Debug-iphonesimulator/HangTen.build/Objects-normal/x86_64/HangTen-OutputFileMap.json -save-temps -no-color-diagnostics -explicit-module-build -module-cache-path /Users/asherlc/.paseo/worktrees/0h78jp9r/placid-badger-cad-second-half/.context/placid-badger-cad-second-half/pr-readiness-repair-2026-10-02/ios-diagnosis/DerivedData-placid-badger-cad-second-half/Build/Intermediates.noindex/SwiftExplicitPrecompiledModules -clang-scanner-module-cache-path /Users/asherlc/.paseo/worktrees/0h78jp9r/placid-badger-cad-second-half/.context/placid-badger-cad-second-half/pr-readiness-repair-2026-10-02/ios-diagnosis/DerivedData-placid-badger-cad-second-half/ModuleCache.noindex -sdk-module-cache-path /Users/asherlc/.paseo/worktrees/0h78jp9r/placid-badger-cad-second-half/.context/placid-badger-cad-second-half/pr-readiness-repair-2026-10-02/ios-diagnosis/DerivedData-placid-badger-cad-second-half/SDKExplicitPrecompiledModules -emit-dependencies -emit-module -emit-module-path /Users/asherlc/.paseo/worktrees/0h78jp9r/placid-badger-cad-second-half/.context/placid-badger-cad-second-half/pr-readiness-repair-2026-10-02/ios-diagnosis/DerivedData-placid-badger-cad-second-half/Build/Intermediates.noindex/HangTen.build/Debug-iphonesimulator/HangTen.build/Objects-normal/x86_64/HangTen.swiftmodule -serialize-diagnostics -dependency-scan-serialize-diagnostics-path /Users/asherlc/.paseo/worktrees/0h78jp9r/placid-badger-cad-second-half/.context/placid-badger-cad-second-half/pr-readiness-repair-2026-10-02/ios-diagnosis/DerivedData-placid-badger-cad-second-half/Build/Intermediates.noindex/HangTen.build/Debug-iphonesimulator/HangTen.build/Objects-normal/x86_64/HangTen-dependency-scan.dia -validate-clang-modules-once -clang-build-session-file /Users/asherlc/.paseo/worktrees/0h78jp9r/placid-badger-cad-second-half/.context/placid-badger-cad-second-half/pr-readiness-repair-2026-10-02/ios-diagnosis/DerivedData-placid-badger-cad-second-half/ModuleCache.noindex/Session.modulevalidation -Xcc -fmodules-prune-interval\=86400 -Xcc -fmodules-prune-after\=345600 -emit-const-values -const-gather-protocols-list /Users/asherlc/.paseo/worktrees/0h78jp9r/placid-badger-cad-second-half/.context/placid-badger-cad-second-half/pr-readiness-repair-2026-10-02/ios-diagnosis/DerivedData-placid-badger-cad-second-half/Build/Intermediates.noindex/HangTen.build/Debug-iphonesimulator/HangTen.build/Objects-normal/x86_64/HangTen_const_extract_protocols.json -Xcc -iquote -Xcc /Users/asherlc/.paseo/worktrees/0h78jp9r/placid-badger-cad-second-half/.context/placid-badger-cad-second-half/pr-readiness-repair-2026-10-02/ios-diagnosis/DerivedData-placid-badger-cad-second-half/Build/Intermediates.noindex/HangTen.build/Debug-iphonesimulator/HangTen.build/HangTen-generated-files.hmap -Xcc -I/Users/asherlc/.paseo/worktrees/0h78jp9r/placid-badger-cad-second-half/.context/placid-badger-cad-second-half/pr-readiness-repair-2026-10-02/ios-diagnosis/DerivedData-placid-badger-cad-second-half/Build/Intermediates.noindex/HangTen.build/Debug-iphonesimulator/HangTen.build/HangTen-own-target-headers.hmap -Xcc -I/Users/asherlc/.paseo/worktrees/0h78jp9r/placid-badger-cad-second-half/.context/placid-badger-cad-second-half/pr-readiness-repair-2026-10-02/ios-diagnosis/DerivedData-placid-badger-cad-second-half/Build/Intermediates.noindex/HangTen.build/Debug-iphonesimulator/HangTen.build/HangTen-all-non-framework-target-headers.hmap -Xcc -ivfsoverlay -Xcc /Users/asherlc/.paseo/worktrees/0h78jp9r/placid-badger-cad-second-half/.context/placid-badger-cad-second-half/pr-readiness-repair-2026-10-02/ios-diagnosis/DerivedData-placid-badger-cad-second-half/Build/Intermediates.noindex/HangTen.build/Debug-iphonesimulator/HangTen-6dc035dee0c8e6595c34f1b51425d998-VFS-iphonesimulator/all-product-headers.yaml -Xcc -iquote -Xcc /Users/asherlc/.paseo/worktrees/0h78jp9r/placid-badger-cad-second-half/.context/placid-badger-cad-second-half/pr-readiness-repair-2026-10-02/ios-diagnosis/DerivedData-placid-badger-cad-second-half/Build/Intermediates.noindex/HangTen.build/Debug-iphonesimulator/HangTen.build/HangTen-project-headers.hmap -Xcc -I/Users/asherlc/.paseo/worktrees/0h78jp9r/placid-badger-cad-second-half/.context/placid-badger-cad-second-half/pr-readiness-repair-2026-10-02/ios-diagnosis/DerivedData-placid-badger-cad-second-half/Build/Products/Debug-iphonesimulator/include -Xcc -I/Users/asherlc/.paseo/worktrees/0h78jp9r/placid-badger-cad-second-half/.context/placid-badger-cad-second-half/pr-readiness-repair-2026-10-02/ios-diagnosis/DerivedData-placid-badger-cad-second-half/Build/Intermediates.noindex/HangTen.build/Debug-iphonesimulator/HangTen.build/DerivedSources-normal/x86_64 -Xcc -I/Users/asherlc/.paseo/worktrees/0h78jp9r/placid-badger-cad-second-half/.context/placid-badger-cad-second-half/pr-readiness-repair-2026-10-02/ios-diagnosis/DerivedData-placid-badger-cad-second-half/Build/Intermediates.noindex/HangTen.build/Debug-iphonesimulator/HangTen.build/DerivedSources/x86_64 -Xcc -I/Users/asherlc/.paseo/worktrees/0h78jp9r/placid-badger-cad-second-half/.context/placid-badger-cad-second-half/pr-readiness-repair-2026-10-02/ios-diagnosis/DerivedData-placid-badger-cad-second-half/Build/Intermediates.noindex/HangTen.build/Debug-iphonesimulator/HangTen.build/DerivedSources -emit-objc-header -emit-objc-header-path /Users/asherlc/.paseo/worktrees/0h78jp9r/placid-badger-cad-second-half/.context/placid-badger-cad-second-half/pr-readiness-repair-2026-10-02/ios-diagnosis/DerivedData-placid-badger-cad-second-half/Build/Intermediates.noindex/HangTen.build/Debug-iphonesimulator/HangTen.build/Objects-normal/x86_64/HangTen-Swift.h -working-directory /Users/asherlc/.paseo/worktrees/0h78jp9r/placid-badger-cad-second-half -experimental-emit-module-separately -disable-cmo

SwiftEmitModule normal arm64 Emitting\ module\ for\ HangTen (in target 'HangTen' from project 'HangTen')

SwiftCompile normal arm64 (in target 'HangTen' from project 'HangTen')
    cd /Users/asherlc/.paseo/worktrees/0h78jp9r/placid-badger-cad-second-half
    

SwiftCompile normal x86_64 Compiling\ BoardModelRealityTypes.swift /Users/asherlc/.paseo/worktrees/0h78jp9r/placid-badger-cad-second-half/HangTen/Models/BoardModelRealityTypes.swift (in target 'HangTen' from project 'HangTen')
/Users/asherlc/.paseo/worktrees/0h78jp9r/placid-badger-cad-second-half/HangTen/Models/BoardModelRealityTypes.swift:1576:49: warning: call to main actor-isolated instance method 'convert(_:to:)' in a synchronous nonisolated context [#ActorIsolatedCall]
1574 |                             if name.contains("Reality") || name.contains("ARView") {
1575 |                                 counts[name, default: 0] += 1
1576 |                                 let rect = view.convert(view.bounds, to: window)
     |                                                 `- warning: call to main actor-isolated instance method 'convert(_:to:)' in a synchronous nonisolated context [#ActorIsolatedCall]
1577 |                                 var placement: [String: Any] = ["viewID": identity(view), "class": name,
1578 |                                     "frameInWindow": [Double(rect.minX), Double(rect.minY), Double(rect.width), Double(rect.height)],

/Applications/Xcode.app/Contents/Developer/Platforms/iPhoneSimulator.platform/Developer/SDKs/iPhoneSimulator.sdk/System/Library/SubFrameworks/UIUtilities.framework/Headers/UICoordinateSpace.h:17:1: note: calls to instance method 'convert(_:to:)' from outside of its actor context are implicitly asynchronous
15 | - (CGPoint)convertPoint:(CGPoint)point toCoordinateSpace:(id <UICoordinateSpace>)coordinateSpace API_AVAILABLE(ios(8.0)) API_UNAVAILABLE(watchos);
16 | - (CGPoint)convertPoint:(CGPoint)point fromCoordinateSpace:(id <UICoordinateSpace>)coordinateSpace API_AVAILABLE(ios(8.0)) API_UNAVAILABLE(watchos);
17 | - (CGRect)convertRect:(CGRect)rect toCoordinateSpace:(id <UICoordinateSpace>)coordinateSpace API_AVAILABLE(ios(8.0)) API_UNAVAILABLE(watchos);
   | `- note: calls to instance method 'convert(_:to:)' from outside of its actor context are implicitly asynchronous
18 | - (CGRect)convertRect:(CGRect)rect fromCoordinateSpace:(id <UICoordinateSpace>)coordinateSpace API_AVAILABLE(ios(8.0)) API_UNAVAILABLE(watchos);
19 | 

/Users/asherlc/.paseo/worktrees/0h78jp9r/placid-badger-cad-second-half/HangTen/Models/BoardModelRealityTypes.swift:1576:62: warning: main actor-isolated property 'bounds' can not be referenced from a nonisolated context
1574 |                             if name.contains("Reality") || name.contains("ARView") {
1575 |                                 counts[name, default: 0] += 1
1576 |                                 let rect = view.convert(view.bounds, to: window)
     |                                                              `- warning: main actor-isolated property 'bounds' can not be referenced from a nonisolated context
1577 |                                 var placement: [String: Any] = ["viewID": identity(view), "class": name,
1578 |                                     "frameInWindow": [Double(rect.minX), Double(rect.minY), Double(rect.width), Double(rect.height)],

/Applications/Xcode.app/Contents/Developer/Platforms/iPhoneSimulator.platform/Developer/SDKs/iPhoneSimulator27.0.sdk/System/Library/Frameworks/UIKit.framework/Headers/UIView.h:196:40: note: property declared here
194 | 
195 | // use bounds/center and not frame if non-identity transform.
196 | @property(nonatomic) CGRect            bounds;      // default bounds is zero origin, frame size. animatable
    |                                        `- note: property declared here
197 | @property(nonatomic) CGPoint           center;      // center is center of frame, relative to anchorPoint. animatable
198 | @property(nonatomic) CGAffineTransform transform;   // default is CGAffineTransformIdentity. animatable. Please use this property instead of the affineTransform property on the layer

/Users/asherlc/.paseo/worktrees/0h78jp9r/placid-badger-cad-second-half/HangTen/Models/BoardModelRealityTypes.swift:1577:75: error: call to main actor-isolated instance method 'identity' in a synchronous nonisolated context [#ActorIsolatedCall]
1575 |                                 counts[name, default: 0] += 1
1576 |                                 let rect = view.convert(view.bounds, to: window)
1577 |                                 var placement: [String: Any] = ["viewID": identity(view), "class": name,
     |                                                                           `- error: call to main actor-isolated instance method 'identity' in a synchronous nonisolated context [#ActorIsolatedCall]
1578 |                                     "frameInWindow": [Double(rect.minX), Double(rect.minY), Double(rect.width), Double(rect.height)],
1579 |                                     "hidden": view.isHidden, "alpha": Double(view.alpha)]
     :
1594 |     }
1595 | 
1596 |     private func identity(_ object: AnyObject) -> String { String(describing: ObjectIdentifier(object)) }
     |                  `- note: calls to instance method 'identity' from outside of its actor context are implicitly asynchronous
1597 |     private func renderMembership(root: Entity, camera: Entity) -> [String: Any] {
1598 |         var result: [String: Any] = [

/Users/asherlc/.paseo/worktrees/0h78jp9r/placid-badger-cad-second-half/HangTen/Models/BoardModelRealityTypes.swift:1579:52: warning: main actor-isolated property 'isHidden' can not be referenced from a nonisolated context
1577 |                                 var placement: [String: Any] = ["viewID": identity(view), "class": name,
1578 |                                     "frameInWindow": [Double(rect.minX), Double(rect.minY), Double(rect.width), Double(rect.height)],
1579 |                                     "hidden": view.isHidden, "alpha": Double(view.alpha)]
     |                                                    `- warning: main actor-isolated property 'isHidden' can not be referenced from a nonisolated context
1580 |                                 if let host = view as? ARView { placement["realitySceneID"] = identity(host.scene) }
1581 |                                 placements.append(placement)

/Applications/Xcode.app/Contents/Developer/Platforms/iPhoneSimulator.platform/Developer/SDKs/iPhoneSimulator27.0.sdk/System/Library/Frameworks/UIKit.framework/Headers/UIView.h:325:56: note: property declared here
323 | @property(nonatomic,getter=isOpaque) BOOL              opaque;                     // default is YES. opaque views must fill their entire bounds or the results are undefined. the active CGContext in drawRect: will not have been cleared and may have non-zeroed pixels
324 | @property(nonatomic)                 BOOL              clearsContextBeforeDrawing; // default is YES. ignored for opaque views. for non-opaque views causes the active CGContext in drawRect: to be pre-filled with transparent pixels
325 | @property(nonatomic,getter=isHidden) BOOL              hidden;                     // default is NO. doesn't check superviews
    |                                                        `- note: property declared here
326 | @property(nonatomic)                 UIViewContentMode contentMode;                // default is UIViewContentModeScaleToFill
327 | @property(nonatomic)                 CGRect            contentStretch API_DEPRECATED("", ios(3.0, 6.0)) API_UNAVAILABLE(tvos) API_UNAVAILABLE(visionos, watchos); // animatable. default is unit rectangle {{0,0} {1,1}}. Now deprecated: please use -[UIImage resizableImageWithCapInsets:] to achieve the same effect.

/Users/asherlc/.paseo/worktrees/0h78jp9r/placid-badger-cad-second-half/HangTen/Models/BoardModelRealityTypes.swift:1579:83: warning: main actor-isolated property 'alpha' can not be referenced from a nonisolated context
1577 |                                 var placement: [String: Any] = ["viewID": identity(view), "class": name,
1578 |                                     "frameInWindow": [Double(rect.minX), Double(rect.minY), Double(rect.width), Double(rect.height)],
1579 |                                     "hidden": view.isHidden, "alpha": Double(view.alpha)]
     |                                                                                   `- warning: main actor-isolated property 'alpha' can not be referenced from a nonisolated context
1580 |                                 if let host = view as? ARView { placement["realitySceneID"] = identity(host.scene) }
1581 |                                 placements.append(placement)

/Applications/Xcode.app/Contents/Developer/Platforms/iPhoneSimulator.platform/Developer/SDKs/iPhoneSimulator27.0.sdk/System/Library/Frameworks/UIKit.framework/Headers/UIView.h:322:56: note: property declared here
320 | @property(nonatomic)                 BOOL              clipsToBounds;              // When YES, content and subviews are clipped to the bounds of the view. Default is NO.
321 | @property(nullable, nonatomic,copy)            UIColor          *backgroundColor UI_APPEARANCE_SELECTOR; // default is nil. Can be useful with the appearance proxy on custom UIView subclasses.
322 | @property(nonatomic)                 CGFloat           alpha;                      // animatable. default is 1.0
    |                                                        `- note: property declared here
323 | @property(nonatomic,getter=isOpaque) BOOL              opaque;                     // default is YES. opaque views must fill their entire bounds or the results are undefined. the active CGContext in drawRect: will not have been cleared and may have non-zeroed pixels
324 | @property(nonatomic)                 BOOL              clearsContextBeforeDrawing; // default is YES. ignored for opaque views. for non-opaque views causes the active CGContext in drawRect: to be pre-filled with transparent pixels

/Users/asherlc/.paseo/worktrees/0h78jp9r/placid-badger-cad-second-half/HangTen/Models/BoardModelRealityTypes.swift:1580:95: error: call to main actor-isolated instance method 'identity' in a synchronous nonisolated context [#ActorIsolatedCall]
1578 |                                     "frameInWindow": [Double(rect.minX), Double(rect.minY), Double(rect.width), Double(rect.height)],
1579 |                                     "hidden": view.isHidden, "alpha": Double(view.alpha)]
1580 |                                 if let host = view as? ARView { placement["realitySceneID"] = identity(host.scene) }
     |                                                                                               `- error: call to main actor-isolated instance method 'identity' in a synchronous nonisolated context [#ActorIsolatedCall]
1581 |                                 placements.append(placement)
1582 |                             }
     :
1594 |     }
1595 | 
1596 |     private func identity(_ object: AnyObject) -> String { String(describing: ObjectIdentifier(object)) }
     |                  `- note: calls to instance method 'identity' from outside of its actor context are implicitly asynchronous
1597 |     private func renderMembership(root: Entity, camera: Entity) -> [String: Any] {
1598 |         var result: [String: Any] = [

/Users/asherlc/.paseo/worktrees/0h78jp9r/placid-badger-cad-second-half/HangTen/Models/BoardModelRealityTypes.swift:1580:109: warning: main actor-isolated property 'scene' can not be referenced from a nonisolated context
1578 |                                     "frameInWindow": [Double(rect.minX), Double(rect.minY), Double(rect.width), Double(rect.height)],
1579 |                                     "hidden": view.isHidden, "alpha": Double(view.alpha)]
1580 |                                 if let host = view as? ARView { placement["realitySceneID"] = identity(host.scene) }
     |                                                                                                             `- warning: main actor-isolated property 'scene' can not be referenced from a nonisolated context
1581 |                                 placements.append(placement)
1582 |                             }

RealityKit.ARView.scene:2:39: note: property declared here
1 | class ARView {
2 | @MainActor @preconcurrency public var scene: Scene { get }}
  |                                       `- note: property declared here
3 | 

/Users/asherlc/.paseo/worktrees/0h78jp9r/placid-badger-cad-second-half/HangTen/Models/BoardModelRealityTypes.swift:1583:34: warning: main actor-isolated property 'subviews' can not be referenced from a nonisolated context
1581 |                                 placements.append(placement)
1582 |                             }
1583 |                             view.subviews.forEach(visit)
     |                                  `- warning: main actor-isolated property 'subviews' can not be referenced from a nonisolated context
1584 |                         }
1585 |                         visit(window)

/Applications/Xcode.app/Contents/Developer/Platforms/iPhoneSimulator.platform/Developer/SDKs/iPhoneSimulator27.0.sdk/System/Library/Frameworks/UIKit.framework/Headers/UIView.h:230:64: note: property declared here
228 | 
229 | @property(nullable, nonatomic,readonly) UIView       *superview;
230 | @property(nonatomic,readonly,copy) NSArray<__kindof UIView *> *subviews;
    |                                                                `- note: property declared here
231 | @property(nullable, nonatomic,readonly) UIWindow     *window;
232 | 

[#ActorIsolatedCall]: <https://docs.swift.org/compiler/documentation/diagnostics/actor-isolated-call>
Failed frontend command:
/Applications/Xcode.app/Contents/Developer/Toolchains/XcodeDefault.xctoolchain/usr/bin/swift-frontend -frontend -c /Users/asherlc/.paseo/worktrees/0h78jp9r/placid-badger-cad-second-half/HangTen/HangTenApp.swift /Users/asherlc/.paseo/worktrees/0h78jp9r/placid-badger-cad-second-half/HangTen/Models/AppStore.swift /Users/asherlc/.paseo/worktrees/0h78jp9r/placid-badger-cad-second-half/HangTen/Models/TrainingModels.swift /Users/asherlc/.paseo/worktrees/0h78jp9r/placid-badger-cad-second-half/HangTen/Views/DesignSystem.swift /Users/asherlc/.paseo/worktrees/0h78jp9r/placid-badger-cad-second-half/HangTen/Views/BoardMapView.swift /Users/asherlc/.paseo/worktrees/0h78jp9r/placid-badger-cad-second-half/HangTen/Views/BoardModelView.swift -primary-file /Users/asherlc/.paseo/worktrees/0h78jp9r/placid-badger-cad-second-half/HangTen/Models/BoardModelRealityTypes.swift /Users/asherlc/.paseo/worktrees/0h78jp9r/placid-badger-cad-second-half/HangTen/Views/SuspendedBoardPresentation.swift /Users/asherlc/.paseo/worktrees/0h78jp9r/placid-badger-cad-second-half/HangTen/Models/SuspensionProfiles.swift /Users/asherlc/.paseo/worktrees/0h78jp9r/placid-badger-cad-second-half/HangTen/Views/OrbitPanGestureDelegate.swift /Users/asherlc/.paseo/worktrees/0h78jp9r/placid-badger-cad-second-half/HangTen/Views/RootView.swift /Users/asherlc/.paseo/worktrees/0h78jp9r/placid-badger-cad-second-half/HangTen/Views/TrainView.swift /Users/asherlc/.paseo/worktrees/0h78jp9r/placid-badger-cad-second-half/HangTen/Views/AppSettingsView.swift /Users/asherlc/.paseo/worktrees/0h78jp9r/placid-badger-cad-second-half/HangTen/Views/GripDiagramView.swift /Users/asherlc/.paseo/worktrees/0h78jp9r/placid-badger-cad-second-half/HangTen/Views/GripHandModelView.swift /Users/asherlc/.paseo/worktrees/0h78jp9r/placid-badger-cad-second-half/HangTen/Models/HealthKitService.swift /Users/asherlc/.paseo/worktrees/0h78jp9r/placid-badger-cad-second-half/HangTen/Models/PlanStorage.swift /Users/asherlc/.paseo/worktrees/0h78jp9r/placid-badger-cad-second-half/HangTen/Models/BoardStorage.swift /Users/asherlc/.paseo/worktrees/0h78jp9r/placid-badger-cad-second-half/HangTen/Models/WorkoutAudioCoach.swift /Users/asherlc/.paseo/worktrees/0h78jp9r/placid-badger-cad-second-half/HangTen/Models/CountdownAudioScheduler.swift /Users/asherlc/.paseo/worktrees/0h78jp9r/placid-badger-cad-second-half/HangTen/Models/ForceSensorModels.swift /Users/asherlc/.paseo/worktrees/0h78jp9r/placid-badger-cad-second-half/HangTen/Models/ProgressorProtocol.swift /Users/asherlc/.paseo/worktrees/0h78jp9r/placid-badger-cad-second-half/HangTen/Models/PitchSixProtocol.swift /Users/asherlc/.paseo/worktrees/0h78jp9r/placid-badger-cad-second-half/HangTen/Models/WHC06Protocol.swift /Users/asherlc/.paseo/worktrees/0h78jp9r/placid-badger-cad-second-half/HangTen/Models/EntralpiProtocol.swift /Users/asherlc/.paseo/worktrees/0h78jp9r/placid-badger-cad-second-half/HangTen/Models/ClimbroProtocol.swift /Users/asherlc/.paseo/worktrees/0h78jp9r/placid-badger-cad-second-half/HangTen/Models/MotherboardModels.swift /Users/asherlc/.paseo/worktrees/0h78jp9r/placid-badger-cad-second-half/HangTen/Models/MotherboardProtocol.swift /Users/asherlc/.paseo/worktrees/0h78jp9r/placid-badger-cad-second-half/HangTen/Models/MotherboardWorkoutRecorder.swift /Users/asherlc/.paseo/worktrees/0h78jp9r/placid-badger-cad-second-half/HangTen/Models/WorkoutSessionStore.swift /Users/asherlc/.paseo/worktrees/0h78jp9r/placid-badger-cad-second-half/HangTen/Models/MotherboardBluetoothService.swift /Users/asherlc/.paseo/worktrees/0h78jp9r/placid-badger-cad-second-half/HangTen/Views/MotherboardViews.swift /Users/asherlc/.paseo/worktrees/0h78jp9r/placid-badger-cad-second-half/HangTen/Views/WorkoutSummaryView.swift /Users/asherlc/.paseo/worktrees/0h78jp9r/placid-badger-cad-second-half/HangTen/Models/SimulatedMotherboardTransport.swift /Users/asherlc/.paseo/worktrees/0h78jp9r/placid-badger-cad-second-half/HangTen/Models/MotherboardWorkoutPreparation.swift /Users/asherlc/.paseo/worktrees/0h78jp9r/placid-badger-cad-second-half/HangTen/Views/MotherboardWorkoutPreparationView.swift /Users/asherlc/.paseo/worktrees/0h78jp9r/placid-badger-cad-second-half/HangTen/Models/WorkoutTimeline.swift /Users/asherlc/.paseo/worktrees/0h78jp9r/placid-badger-cad-second-half/HangTen/Views/WorkoutStepPickerView.swift /Users/asherlc/.paseo/worktrees/0h78jp9r/placid-badger-cad-second-half/HangTen/Models/PlanFilters.swift /Users/asherlc/.paseo/worktrees/0h78jp9r/placid-badger-cad-second-half/HangTen/Models/WorkoutActivityRecording.swift /Users/asherlc/.paseo/worktrees/0h78jp9r/placid-badger-cad-second-half/HangTen/Models/WorkoutStopwatch.swift /Users/asherlc/.paseo/worktrees/0h78jp9r/placid-badger-cad-second-half/HangTen/Models/WorkoutAccessStore.swift /Users/asherlc/.paseo/worktrees/0h78jp9r/placid-badger-cad-second-half/HangTen/Models/PurchaseManager.swift /Users/asherlc/.paseo/worktrees/0h78jp9r/placid-badger-cad-second-half/HangTen/Models/WorkoutHistory.swift /Users/asherlc/.paseo/worktrees/0h78jp9r/placid-badger-cad-second-half/HangTen/Models/LocalWorkoutHistoryStore.swift /Users/asherlc/.paseo/worktrees/0h78jp9r/placid-badger-cad-second-half/HangTen/Models/WorkoutHistoryService.swift /Users/asherlc/.paseo/worktrees/0h78jp9r/placid-badger-cad-second-half/HangTen/Models/WorkoutStepNormalization.swift /Users/asherlc/.paseo/worktrees/0h78jp9r/placid-badger-cad-second-half/HangTen/Models/CustomRoutineStore.swift /Users/asherlc/.paseo/worktrees/0h78jp9r/placid-badger-cad-second-half/HangTen/Models/CustomRoutineDraft.swift /Users/asherlc/.paseo/worktrees/0h78jp9r/placid-badger-cad-second-half/HangTen/Views/CustomRoutineEditorView.swift /Users/asherlc/.paseo/worktrees/0h78jp9r/placid-badger-cad-second-half/HangTen/Models/BoardPackageStore.swift /Users/asherlc/.paseo/worktrees/0h78jp9r/placid-badger-cad-second-half/HangTen/Views/WorkoutAccessGate.swift /Users/asherlc/.paseo/worktrees/0h78jp9r/placid-badger-cad-second-half/HangTen/Models/Telemetry.swift /Users/asherlc/.paseo/worktrees/0h78jp9r/placid-badger-cad-second-half/HangTen/Models/AmplitudeAnalyticsTelemetry.swift /Users/asherlc/.paseo/worktrees/0h78jp9r/placid-badger-cad-second-half/HangTen/Models/DeepLinkManager.swift /Users/asherlc/.paseo/worktrees/0h78jp9r/placid-badger-cad-second-half/HangTen/Models/SentryDiagnostics.swift /Users/asherlc/.paseo/worktrees/0h78jp9r/placid-badger-cad-second-half/HangTen/Models/SentryUserReports.swift /Users/asherlc/.paseo/worktrees/0h78jp9r/placid-badger-cad-second-half/HangTen/Views/ReportProblemView.swift /Users/asherlc/.paseo/worktrees/0h78jp9r/placid-badger-cad-second-half/HangTen/Models/FreeWorkoutDraft.swift /Users/asherlc/.paseo/worktrees/0h78jp9r/placid-badger-cad-second-half/HangTen/Models/FreeWorkoutDraftMigration.swift /Users/asherlc/.paseo/worktrees/0h78jp9r/placid-badger-cad-second-half/HangTen/Models/FreeWorkoutLog.swift /Users/asherlc/.paseo/worktrees/0h78jp9r/placid-badger-cad-second-half/HangTen/Models/FreeWorkoutLogStore.swift /Users/asherlc/.paseo/worktrees/0h78jp9r/placid-badger-cad-second-half/HangTen/Models/FreeWorkoutRestTimer.swift /Users/asherlc/.paseo/worktrees/0h78jp9r/placid-badger-cad-second-half/HangTen/Models/FreeWorkoutFinish.swift /Users/asherlc/.paseo/worktrees/0h78jp9r/placid-badger-cad-second-half/HangTen/Views/FreeWorkoutStartSheet.swift /Users/asherlc/.paseo/worktrees/0h78jp9r/placid-badger-cad-second-half/HangTen/Views/FreeWorkoutLogSessionView.swift /Users/asherlc/.paseo/worktrees/0h78jp9r/placid-badger-cad-second-half/HangTen/Views/FreeWorkoutAddExerciseSheet.swift /Users/asherlc/.paseo/worktrees/0h78jp9r/placid-badger-cad-second-half/HangTen/Views/FreeWorkoutGuidedHangView.swift /Users/asherlc/.paseo/worktrees/0h78jp9r/placid-badger-cad-second-half/HangTen/Views/FreeWorkoutLogSetSheet.swift /Users/asherlc/.paseo/worktrees/0h78jp9r/placid-badger-cad-second-half/HangTen/Models/FreeWorkoutGuidedHangCountdown.swift /Users/asherlc/.paseo/worktrees/0h78jp9r/placid-badger-cad-second-half/HangTen/Models/FreeWorkoutDecimalText.swift /Users/asherlc/.paseo/worktrees/0h78jp9r/placid-badger-cad-second-half/.context/placid-badger-cad-second-half/pr-readiness-repair-2026-10-02/ios-diagnosis/DerivedData-placid-badger-cad-second-half/Build/Intermediates.noindex/HangTen.build/Debug-iphonesimulator/HangTen.build/DerivedSources/GeneratedAssetSymbols.swift -emit-dependencies-path /Users/asherlc/.paseo/worktrees/0h78jp9r/placid-badger-cad-second-half/.context/placid-badger-cad-second-half/pr-readiness-repair-2026-10-02/ios-diagnosis/DerivedData-placid-badger-cad-second-half/Build/Intermediates.noindex/HangTen.build/Debug-iphonesimulator/HangTen.build/Objects-normal/x86_64/BoardModelRealityTypes.d -emit-const-values-path /Users/asherlc/.paseo/worktrees/0h78jp9r/placid-badger-cad-second-half/.context/placid-badger-cad-second-half/pr-readiness-repair-2026-10-02/ios-diagnosis/DerivedData-placid-badger-cad-second-half/Build/Intermediates.noindex/HangTen.build/Debug-iphonesimulator/HangTen.build/Objects-normal/x86_64/BoardModelRealityTypes.swiftconstvalues -emit-reference-dependencies-path /Users/asherlc/.paseo/worktrees/0h78jp9r/placid-badger-cad-second-half/.context/placid-badger-cad-second-half/pr-readiness-repair-2026-10-02/ios-diagnosis/DerivedData-placid-badger-cad-second-half/Build/Intermediates.noindex/HangTen.build/Debug-iphonesimulator/HangTen.build/Objects-normal/x86_64/BoardModelRealityTypes.swiftdeps -serialize-diagnostics-path /Users/asherlc/.paseo/worktrees/0h78jp9r/placid-badger-cad-second-half/.context/placid-badger-cad-second-half/pr-readiness-repair-2026-10-02/ios-diagnosis/DerivedData-placid-badger-cad-second-half/Build/Intermediates.noindex/HangTen.build/Debug-iphonesimulator/HangTen.build/Objects-normal/x86_64/BoardModelRealityTypes.dia -target x86_64-apple-ios18.0-simulator -module-can-import-version DeveloperToolsSupport 24.0.24 24.0.24 -disable-cross-import-overlay-search -swift-module-cross-import RealityKit /Applications/Xcode.app/Contents/Developer/Platforms/iPhoneSimulator.platform/Developer/SDKs/iPhoneSimulator27.0.sdk/System/Library/Frameworks/RealityKit.framework/Modules/RealityKit.swiftcrossimport/ComputeGraph.swiftoverlay -swift-module-cross-import RealityKit /Applications/Xcode.app/Contents/Developer/Platforms/iPhoneSimulator.platform/Developer/SDKs/iPhoneSimulator27.0.sdk/System/Library/Frameworks/RealityKit.framework/Modules/RealityKit.swiftcrossimport/SwiftUI.swiftoverlay -swift-module-cross-import StoreKit /Applications/Xcode.app/Contents/Developer/Platforms/iPhoneSimulator.platform/Developer/SDKs/iPhoneSimulator.sdk/System/Library/Frameworks/StoreKit.framework/Modules/StoreKit.swiftcrossimport/SwiftUI.swiftoverlay -swift-module-cross-import StoreKit /Applications/Xcode.app/Contents/Developer/Platforms/iPhoneSimulator.platform/Developer/SDKs/iPhoneSimulator27.0.sdk/System/Library/Frameworks/StoreKit.framework/Modules/StoreKit.swiftcrossimport/SwiftUI.swiftoverlay -load-resolved-plugin /Applications/Xcode.app/Contents/Developer/Platforms/iPhoneOS.platform/Developer/usr/lib/swift/host/plugins/libFoundationMacros.dylib\#/Applications/Xcode.app/Contents/Developer/Platforms/iPhoneOS.platform/Developer/usr/bin/swift-plugin-server\#FoundationMacros -load-resolved-plugin /Applications/Xcode.app/Contents/Developer/Platforms/iPhoneOS.platform/Developer/usr/lib/swift/host/plugins/libObservationMacros.dylib\#/Applications/Xcode.app/Contents/Developer/Platforms/iPhoneOS.platform/Developer/usr/bin/swift-plugin-server\#ObservationMacros -load-resolved-plugin /Applications/Xcode.app/Contents/Developer/Platforms/iPhoneOS.platform/Developer/usr/lib/swift/host/plugins/libPreviewsMacros.dylib\#/Applications/Xcode.app/Contents/Developer/Platforms/iPhoneOS.platform/Developer/usr/bin/swift-plugin-server\#PreviewsMacros -load-resolved-plugin /Applications/Xcode.app/Contents/Developer/Platforms/iPhoneOS.platform/Developer/usr/lib/swift/host/plugins/libStateReportingMacros.dylib\#/Applications/Xcode.app/Contents/Developer/Platforms/iPhoneOS.platform/Developer/usr/bin/swift-plugin-server\#StateReportingMacros -load-resolved-plugin /Applications/Xcode.app/Contents/Developer/Platforms/iPhoneOS.platform/Developer/usr/lib/swift/host/plugins/libSwiftMacros.dylib\#/Applications/Xcode.app/Contents/Developer/Platforms/iPhoneOS.platform/Developer/usr/bin/swift-plugin-server\#SwiftMacros -load-resolved-plugin /Applications/Xcode.app/Contents/Developer/Platforms/iPhoneOS.platform/Developer/usr/lib/swift/host/plugins/libSwiftUIMacros.dylib\#/Applications/Xcode.app/Contents/Developer/Platforms/iPhoneOS.platform/Developer/usr/bin/swift-plugin-server\#SwiftUIMacros -disable-implicit-swift-modules -Xcc -fno-implicit-modules -Xcc -fno-implicit-module-maps -explicit-swift-module-map-file /Users/asherlc/.paseo/worktrees/0h78jp9r/placid-badger-cad-second-half/.context/placid-badger-cad-second-half/pr-readiness-repair-2026-10-02/ios-diagnosis/DerivedData-placid-badger-cad-second-half/Build/Intermediates.noindex/HangTen.build/Debug-iphonesimulator/HangTen.build/Objects-normal/x86_64/HangTen-dependencies-2.json -enable-objc-interop -sdk /Applications/Xcode.app/Contents/Developer/Platforms/iPhoneSimulator.platform/Developer/SDKs/iPhoneSimulator27.0.sdk -I /Users/asherlc/.paseo/worktrees/0h78jp9r/placid-badger-cad-second-half/.context/placid-badger-cad-second-half/pr-readiness-repair-2026-10-02/ios-diagnosis/DerivedData-placid-badger-cad-second-half/Build/Products/Debug-iphonesimulator -F /Users/asherlc/.paseo/worktrees/0h78jp9r/placid-badger-cad-second-half/.context/placid-badger-cad-second-half/pr-readiness-repair-2026-10-02/ios-diagnosis/DerivedData-placid-badger-cad-second-half/Build/Products/Debug-iphonesimulator/PackageFrameworks -F /Users/asherlc/.paseo/worktrees/0h78jp9r/placid-badger-cad-second-half/.context/placid-badger-cad-second-half/pr-readiness-repair-2026-10-02/ios-diagnosis/DerivedData-placid-badger-cad-second-half/Build/Products/Debug-iphonesimulator -module-cache-path /Users/asherlc/.paseo/worktrees/0h78jp9r/placid-badger-cad-second-half/.context/placid-badger-cad-second-half/pr-readiness-repair-2026-10-02/ios-diagnosis/DerivedData-placid-badger-cad-second-half/Build/Intermediates.noindex/SwiftExplicitPrecompiledModules -no-color-diagnostics -Xcc -fno-color-diagnostics -enable-testing -g -debug-info-format\=dwarf -dwarf-version\=5 -swift-version 5 -Onone -D DEBUG -serialize-debugging-options -enable-experimental-feature DebugDescriptionMacro -enable-bare-slash-regex -empty-abi-descriptor -validate-clang-modules-once -clang-build-session-file /Users/asherlc/.paseo/worktrees/0h78jp9r/placid-badger-cad-second-half/.context/placid-badger-cad-second-half/pr-readiness-repair-2026-10-02/ios-diagnosis/DerivedData-placid-badger-cad-second-half/ModuleCache.noindex/Session.modulevalidation -Xcc -working-directory -Xcc /Users/asherlc/.paseo/worktrees/0h78jp9r/placid-badger-cad-second-half -enable-anonymous-context-mangled-names -file-compilation-dir /Users/asherlc/.paseo/worktrees/0h78jp9r/placid-badger-cad-second-half -Xcc -ivfsstatcache -Xcc /Users/asherlc/.paseo/worktrees/0h78jp9r/placid-badger-cad-second-half/.context/placid-badger-cad-second-half/pr-readiness-repair-2026-10-02/ios-diagnosis/DerivedData-placid-badger-cad-second-half/SDKStatCaches.noindex/iphonesimulator27.0-24A430-e829b21a6f8c9b70876ba0858053c0448dc58220667be655e1bcc261a7455254.sdkstatcache -Xcc -fmodules-prune-interval\=86400 -Xcc -fmodules-prune-after\=345600 -Xcc -iquote -Xcc /Users/asherlc/.paseo/worktrees/0h78jp9r/placid-badger-cad-second-half/.context/placid-badger-cad-second-half/pr-readiness-repair-2026-10-02/ios-diagnosis/DerivedData-placid-badger-cad-second-half/Build/Intermediates.noindex/HangTen.build/Debug-iphonesimulator/HangTen.build/HangTen-generated-files.hmap -Xcc -I/Users/asherlc/.paseo/worktrees/0h78jp9r/placid-badger-cad-second-half/.context/placid-badger-cad-second-half/pr-readiness-repair-2026-10-02/ios-diagnosis/DerivedData-placid-badger-cad-second-half/Build/Intermediates.noindex/HangTen.build/Debug-iphonesimulator/HangTen.build/HangTen-own-target-headers.hmap -Xcc -I/Users/asherlc/.paseo/worktrees/0h78jp9r/placid-badger-cad-second-half/.context/placid-badger-cad-second-half/pr-readiness-repair-2026-10-02/ios-diagnosis/DerivedData-placid-badger-cad-second-half/Build/Intermediates.noindex/HangTen.build/Debug-iphonesimulator/HangTen.build/HangTen-all-non-framework-target-headers.hmap -Xcc -ivfsoverlay -Xcc /Users/asherlc/.paseo/worktrees/0h78jp9r/placid-badger-cad-second-half/.context/placid-badger-cad-second-half/pr-readiness-repair-2026-10-02/ios-diagnosis/DerivedData-placid-badger-cad-second-half/Build/Intermediates.noindex/HangTen.build/Debug-iphonesimulator/HangTen-6dc035dee0c8e6595c34f1b51425d998-VFS-iphonesimulator/all-product-headers.yaml -Xcc -iquote -Xcc /Users/asherlc/.paseo/worktrees/0h78jp9r/placid-badger-cad-second-half/.context/placid-badger-cad-second-half/pr-readiness-repair-2026-10-02/ios-diagnosis/DerivedData-placid-badger-cad-second-half/Build/Intermediates.noindex/HangTen.build/Debug-iphonesimulator/HangTen.build/HangTen-project-headers.hmap -Xcc -I/Users/asherlc/.paseo/worktrees/0h78jp9r/placid-badger-cad-second-half/.context/placid-badger-cad-second-half/pr-readiness-repair-2026-10-02/ios-diagnosis/DerivedData-placid-badger-cad-second-half/Build/Products/Debug-iphonesimulator/include -Xcc -I/Users/asherlc/.paseo/worktrees/0h78jp9r/placid-badger-cad-second-half/.context/placid-badger-cad-second-half/pr-readiness-repair-2026-10-02/ios-diagnosis/DerivedData-placid-badger-cad-second-half/Build/Intermediates.noindex/HangTen.build/Debug-iphonesimulator/HangTen.build/DerivedSources-normal/x86_64 -Xcc -I/Users/asherlc/.paseo/worktrees/0h78jp9r/placid-badger-cad-second-half/.context/placid-badger-cad-second-half/pr-readiness-repair-2026-10-02/ios-diagnosis/DerivedData-placid-badger-cad-second-half/Build/Intermediates.noindex/HangTen.build/Debug-iphonesimulator/HangTen.build/DerivedSources/x86_64 -Xcc -I/Users/asherlc/.paseo/worktrees/0h78jp9r/placid-badger-cad-second-half/.context/placid-badger-cad-second-half/pr-readiness-repair-2026-10-02/ios-diagnosis/DerivedData-placid-badger-cad-second-half/Build/Intermediates.noindex/HangTen.build/Debug-iphonesimulator/HangTen.build/DerivedSources -no-auto-bridging-header-chaining -module-name HangTen -const-gather-protocols-file /Users/asherlc/.paseo/worktrees/0h78jp9r/placid-badger-cad-second-half/.context/placid-badger-cad-second-half/pr-readiness-repair-2026-10-02/ios-diagnosis/DerivedData-placid-badger-cad-second-half/Build/Intermediates.noindex/HangTen.build/Debug-iphonesimulator/HangTen.build/Objects-normal/x86_64/HangTen_const_extract_protocols.json -disable-clang-spi -clang-target x86_64-apple-ios27.0-simulator -target-sdk-version 27.0 -target-sdk-name iphonesimulator27.0 -in-process-plugin-server-path /Applications/Xcode.app/Contents/Developer/Toolchains/XcodeDefault.xctoolchain/usr/lib/swift/host/libSwiftInProcPluginServer.dylib -o /Users/asherlc/.paseo/worktrees/0h78jp9r/placid-badger-cad-second-half/.context/placid-badger-cad-second-half/pr-readiness-repair-2026-10-02/ios-diagnosis/DerivedData-placid-badger-cad-second-half/Build/Intermediates.noindex/HangTen.build/Debug-iphonesimulator/HangTen.build/Objects-normal/x86_64/BoardModelRealityTypes.o -debug-module-path /Users/asherlc/.paseo/worktrees/0h78jp9r/placid-badger-cad-second-half/.context/placid-badger-cad-second-half/pr-readiness-repair-2026-10-02/ios-diagnosis/DerivedData-placid-badger-cad-second-half/Build/Intermediates.noindex/HangTen.build/Debug-iphonesimulator/HangTen.build/Objects-normal/x86_64/HangTen.swiftmodule -index-unit-output-path /HangTen.build/Debug-iphonesimulator/HangTen.build/Objects-normal/x86_64/BoardModelRealityTypes.o -index-store-path /Users/asherlc/.paseo/worktrees/0h78jp9r/placid-badger-cad-second-half/.context/placid-badger-cad-second-half/pr-readiness-repair-2026-10-02/ios-diagnosis/DerivedData-placid-badger-cad-second-half/Index.noindex/DataStore -index-system-modules

SwiftCompile normal x86_64 /Users/asherlc/.paseo/worktrees/0h78jp9r/placid-badger-cad-second-half/HangTen/Models/BoardModelRealityTypes.swift (in target 'HangTen' from project 'HangTen')
    cd /Users/asherlc/.paseo/worktrees/0h78jp9r/placid-badger-cad-second-half
    builtin-SwiftPerFileCompile BoardModelRealityTypes.swift

SwiftCompile normal arm64 Compiling\ BoardModelRealityTypes.swift /Users/asherlc/.paseo/worktrees/0h78jp9r/placid-badger-cad-second-half/HangTen/Models/BoardModelRealityTypes.swift (in target 'HangTen' from project 'HangTen')
/Users/asherlc/.paseo/worktrees/0h78jp9r/placid-badger-cad-second-half/HangTen/Models/BoardModelRealityTypes.swift:1576:49: warning: call to main actor-isolated instance method 'convert(_:to:)' in a synchronous nonisolated context [#ActorIsolatedCall]
1574 |                             if name.contains("Reality") || name.contains("ARView") {
1575 |                                 counts[name, default: 0] += 1
1576 |                                 let rect = view.convert(view.bounds, to: window)
     |                                                 `- warning: call to main actor-isolated instance method 'convert(_:to:)' in a synchronous nonisolated context [#ActorIsolatedCall]
1577 |                                 var placement: [String: Any] = ["viewID": identity(view), "class": name,
1578 |                                     "frameInWindow": [Double(rect.minX), Double(rect.minY), Double(rect.width), Double(rect.height)],

/Applications/Xcode.app/Contents/Developer/Platforms/iPhoneSimulator.platform/Developer/SDKs/iPhoneSimulator.sdk/System/Library/SubFrameworks/UIUtilities.framework/Headers/UICoordinateSpace.h:17:1: note: calls to instance method 'convert(_:to:)' from outside of its actor context are implicitly asynchronous
15 | - (CGPoint)convertPoint:(CGPoint)point toCoordinateSpace:(id <UICoordinateSpace>)coordinateSpace API_AVAILABLE(ios(8.0)) API_UNAVAILABLE(watchos);
16 | - (CGPoint)convertPoint:(CGPoint)point fromCoordinateSpace:(id <UICoordinateSpace>)coordinateSpace API_AVAILABLE(ios(8.0)) API_UNAVAILABLE(watchos);
17 | - (CGRect)convertRect:(CGRect)rect toCoordinateSpace:(id <UICoordinateSpace>)coordinateSpace API_AVAILABLE(ios(8.0)) API_UNAVAILABLE(watchos);
   | `- note: calls to instance method 'convert(_:to:)' from outside of its actor context are implicitly asynchronous
18 | - (CGRect)convertRect:(CGRect)rect fromCoordinateSpace:(id <UICoordinateSpace>)coordinateSpace API_AVAILABLE(ios(8.0)) API_UNAVAILABLE(watchos);
19 | 

/Users/asherlc/.paseo/worktrees/0h78jp9r/placid-badger-cad-second-half/HangTen/Models/BoardModelRealityTypes.swift:1576:62: warning: main actor-isolated property 'bounds' can not be referenced from a nonisolated context
1574 |                             if name.contains("Reality") || name.contains("ARView") {
1575 |                                 counts[name, default: 0] += 1
1576 |                                 let rect = view.convert(view.bounds, to: window)
     |                                                              `- warning: main actor-isolated property 'bounds' can not be referenced from a nonisolated context
1577 |                                 var placement: [String: Any] = ["viewID": identity(view), "class": name,
1578 |                                     "frameInWindow": [Double(rect.minX), Double(rect.minY), Double(rect.width), Double(rect.height)],

/Applications/Xcode.app/Contents/Developer/Platforms/iPhoneSimulator.platform/Developer/SDKs/iPhoneSimulator27.0.sdk/System/Library/Frameworks/UIKit.framework/Headers/UIView.h:196:40: note: property declared here
194 | 
195 | // use bounds/center and not frame if non-identity transform.
196 | @property(nonatomic) CGRect            bounds;      // default bounds is zero origin, frame size. animatable
    |                                        `- note: property declared here
197 | @property(nonatomic) CGPoint           center;      // center is center of frame, relative to anchorPoint. animatable
198 | @property(nonatomic) CGAffineTransform transform;   // default is CGAffineTransformIdentity. animatable. Please use this property instead of the affineTransform property on the layer

/Users/asherlc/.paseo/worktrees/0h78jp9r/placid-badger-cad-second-half/HangTen/Models/BoardModelRealityTypes.swift:1577:75: error: call to main actor-isolated instance method 'identity' in a synchronous nonisolated context [#ActorIsolatedCall]
1575 |                                 counts[name, default: 0] += 1
1576 |                                 let rect = view.convert(view.bounds, to: window)
1577 |                                 var placement: [String: Any] = ["viewID": identity(view), "class": name,
     |                                                                           `- error: call to main actor-isolated instance method 'identity' in a synchronous nonisolated context [#ActorIsolatedCall]
1578 |                                     "frameInWindow": [Double(rect.minX), Double(rect.minY), Double(rect.width), Double(rect.height)],
1579 |                                     "hidden": view.isHidden, "alpha": Double(view.alpha)]
     :
1594 |     }
1595 | 
1596 |     private func identity(_ object: AnyObject) -> String { String(describing: ObjectIdentifier(object)) }
     |                  `- note: calls to instance method 'identity' from outside of its actor context are implicitly asynchronous
1597 |     private func renderMembership(root: Entity, camera: Entity) -> [String: Any] {
1598 |         var result: [String: Any] = [

/Users/asherlc/.paseo/worktrees/0h78jp9r/placid-badger-cad-second-half/HangTen/Models/BoardModelRealityTypes.swift:1579:52: warning: main actor-isolated property 'isHidden' can not be referenced from a nonisolated context
1577 |                                 var placement: [String: Any] = ["viewID": identity(view), "class": name,
1578 |                                     "frameInWindow": [Double(rect.minX), Double(rect.minY), Double(rect.width), Double(rect.height)],
1579 |                                     "hidden": view.isHidden, "alpha": Double(view.alpha)]
     |                                                    `- warning: main actor-isolated property 'isHidden' can not be referenced from a nonisolated context
1580 |                                 if let host = view as? ARView { placement["realitySceneID"] = identity(host.scene) }
1581 |                                 placements.append(placement)

/Applications/Xcode.app/Contents/Developer/Platforms/iPhoneSimulator.platform/Developer/SDKs/iPhoneSimulator27.0.sdk/System/Library/Frameworks/UIKit.framework/Headers/UIView.h:325:56: note: property declared here
323 | @property(nonatomic,getter=isOpaque) BOOL              opaque;                     // default is YES. opaque views must fill their entire bounds or the results are undefined. the active CGContext in drawRect: will not have been cleared and may have non-zeroed pixels
324 | @property(nonatomic)                 BOOL              clearsContextBeforeDrawing; // default is YES. ignored for opaque views. for non-opaque views causes the active CGContext in drawRect: to be pre-filled with transparent pixels
325 | @property(nonatomic,getter=isHidden) BOOL              hidden;                     // default is NO. doesn't check superviews
    |                                                        `- note: property declared here
326 | @property(nonatomic)                 UIViewContentMode contentMode;                // default is UIViewContentModeScaleToFill
327 | @property(nonatomic)                 CGRect            contentStretch API_DEPRECATED("", ios(3.0, 6.0)) API_UNAVAILABLE(tvos) API_UNAVAILABLE(visionos, watchos); // animatable. default is unit rectangle {{0,0} {1,1}}. Now deprecated: please use -[UIImage resizableImageWithCapInsets:] to achieve the same effect.

/Users/asherlc/.paseo/worktrees/0h78jp9r/placid-badger-cad-second-half/HangTen/Models/BoardModelRealityTypes.swift:1579:83: warning: main actor-isolated property 'alpha' can not be referenced from a nonisolated context
1577 |                                 var placement: [String: Any] = ["viewID": identity(view), "class": name,
1578 |                                     "frameInWindow": [Double(rect.minX), Double(rect.minY), Double(rect.width), Double(rect.height)],
1579 |                                     "hidden": view.isHidden, "alpha": Double(view.alpha)]
     |                                                                                   `- warning: main actor-isolated property 'alpha' can not be referenced from a nonisolated context
1580 |                                 if let host = view as? ARView { placement["realitySceneID"] = identity(host.scene) }
1581 |                                 placements.append(placement)

/Applications/Xcode.app/Contents/Developer/Platforms/iPhoneSimulator.platform/Developer/SDKs/iPhoneSimulator27.0.sdk/System/Library/Frameworks/UIKit.framework/Headers/UIView.h:322:56: note: property declared here
320 | @property(nonatomic)                 BOOL              clipsToBounds;              // When YES, content and subviews are clipped to the bounds of the view. Default is NO.
321 | @property(nullable, nonatomic,copy)            UIColor          *backgroundColor UI_APPEARANCE_SELECTOR; // default is nil. Can be useful with the appearance proxy on custom UIView subclasses.
322 | @property(nonatomic)                 CGFloat           alpha;                      // animatable. default is 1.0
    |                                                        `- note: property declared here
323 | @property(nonatomic,getter=isOpaque) BOOL              opaque;                     // default is YES. opaque views must fill their entire bounds or the results are undefined. the active CGContext in drawRect: will not have been cleared and may have non-zeroed pixels
324 | @property(nonatomic)                 BOOL              clearsContextBeforeDrawing; // default is YES. ignored for opaque views. for non-opaque views causes the active CGContext in drawRect: to be pre-filled with transparent pixels

/Users/asherlc/.paseo/worktrees/0h78jp9r/placid-badger-cad-second-half/HangTen/Models/BoardModelRealityTypes.swift:1580:95: error: call to main actor-isolated instance method 'identity' in a synchronous nonisolated context [#ActorIsolatedCall]
1578 |                                     "frameInWindow": [Double(rect.minX), Double(rect.minY), Double(rect.width), Double(rect.height)],
1579 |                                     "hidden": view.isHidden, "alpha": Double(view.alpha)]
1580 |                                 if let host = view as? ARView { placement["realitySceneID"] = identity(host.scene) }
     |                                                                                               `- error: call to main actor-isolated instance method 'identity' in a synchronous nonisolated context [#ActorIsolatedCall]
1581 |                                 placements.append(placement)
1582 |                             }
     :
1594 |     }
1595 | 
1596 |     private func identity(_ object: AnyObject) -> String { String(describing: ObjectIdentifier(object)) }
     |                  `- note: calls to instance method 'identity' from outside of its actor context are implicitly asynchronous
1597 |     private func renderMembership(root: Entity, camera: Entity) -> [String: Any] {
1598 |         var result: [String: Any] = [

/Users/asherlc/.paseo/worktrees/0h78jp9r/placid-badger-cad-second-half/HangTen/Models/BoardModelRealityTypes.swift:1580:109: warning: main actor-isolated property 'scene' can not be referenced from a nonisolated context
1578 |                                     "frameInWindow": [Double(rect.minX), Double(rect.minY), Double(rect.width), Double(rect.height)],
1579 |                                     "hidden": view.isHidden, "alpha": Double(view.alpha)]
1580 |                                 if let host = view as? ARView { placement["realitySceneID"] = identity(host.scene) }
     |                                                                                                             `- warning: main actor-isolated property 'scene' can not be referenced from a nonisolated context
1581 |                                 placements.append(placement)
1582 |                             }

RealityKit.ARView.scene:2:39: note: property declared here
1 | class ARView {
2 | @MainActor @preconcurrency public var scene: Scene { get }}
  |                                       `- note: property declared here
3 | 

/Users/asherlc/.paseo/worktrees/0h78jp9r/placid-badger-cad-second-half/HangTen/Models/BoardModelRealityTypes.swift:1583:34: warning: main actor-isolated property 'subviews' can not be referenced from a nonisolated context
1581 |                                 placements.append(placement)
1582 |                             }
1583 |                             view.subviews.forEach(visit)
     |                                  `- warning: main actor-isolated property 'subviews' can not be referenced from a nonisolated context
1584 |                         }
1585 |                         visit(window)

/Applications/Xcode.app/Contents/Developer/Platforms/iPhoneSimulator.platform/Developer/SDKs/iPhoneSimulator27.0.sdk/System/Library/Frameworks/UIKit.framework/Headers/UIView.h:230:64: note: property declared here
228 | 
229 | @property(nullable, nonatomic,readonly) UIView       *superview;
230 | @property(nonatomic,readonly,copy) NSArray<__kindof UIView *> *subviews;
    |                                                                `- note: property declared here
231 | @property(nullable, nonatomic,readonly) UIWindow     *window;
232 | 

[#ActorIsolatedCall]: <https://docs.swift.org/compiler/documentation/diagnostics/actor-isolated-call>
Failed frontend command:
/Applications/Xcode.app/Contents/Developer/Toolchains/XcodeDefault.xctoolchain/usr/bin/swift-frontend -frontend -c /Users/asherlc/.paseo/worktrees/0h78jp9r/placid-badger-cad-second-half/HangTen/HangTenApp.swift /Users/asherlc/.paseo/worktrees/0h78jp9r/placid-badger-cad-second-half/HangTen/Models/AppStore.swift /Users/asherlc/.paseo/worktrees/0h78jp9r/placid-badger-cad-second-half/HangTen/Models/TrainingModels.swift /Users/asherlc/.paseo/worktrees/0h78jp9r/placid-badger-cad-second-half/HangTen/Views/DesignSystem.swift /Users/asherlc/.paseo/worktrees/0h78jp9r/placid-badger-cad-second-half/HangTen/Views/BoardMapView.swift /Users/asherlc/.paseo/worktrees/0h78jp9r/placid-badger-cad-second-half/HangTen/Views/BoardModelView.swift -primary-file /Users/asherlc/.paseo/worktrees/0h78jp9r/placid-badger-cad-second-half/HangTen/Models/BoardModelRealityTypes.swift /Users/asherlc/.paseo/worktrees/0h78jp9r/placid-badger-cad-second-half/HangTen/Views/SuspendedBoardPresentation.swift /Users/asherlc/.paseo/worktrees/0h78jp9r/placid-badger-cad-second-half/HangTen/Models/SuspensionProfiles.swift /Users/asherlc/.paseo/worktrees/0h78jp9r/placid-badger-cad-second-half/HangTen/Views/OrbitPanGestureDelegate.swift /Users/asherlc/.paseo/worktrees/0h78jp9r/placid-badger-cad-second-half/HangTen/Views/RootView.swift /Users/asherlc/.paseo/worktrees/0h78jp9r/placid-badger-cad-second-half/HangTen/Views/TrainView.swift /Users/asherlc/.paseo/worktrees/0h78jp9r/placid-badger-cad-second-half/HangTen/Views/AppSettingsView.swift /Users/asherlc/.paseo/worktrees/0h78jp9r/placid-badger-cad-second-half/HangTen/Views/GripDiagramView.swift /Users/asherlc/.paseo/worktrees/0h78jp9r/placid-badger-cad-second-half/HangTen/Views/GripHandModelView.swift /Users/asherlc/.paseo/worktrees/0h78jp9r/placid-badger-cad-second-half/HangTen/Models/HealthKitService.swift /Users/asherlc/.paseo/worktrees/0h78jp9r/placid-badger-cad-second-half/HangTen/Models/PlanStorage.swift /Users/asherlc/.paseo/worktrees/0h78jp9r/placid-badger-cad-second-half/HangTen/Models/BoardStorage.swift /Users/asherlc/.paseo/worktrees/0h78jp9r/placid-badger-cad-second-half/HangTen/Models/WorkoutAudioCoach.swift /Users/asherlc/.paseo/worktrees/0h78jp9r/placid-badger-cad-second-half/HangTen/Models/CountdownAudioScheduler.swift /Users/asherlc/.paseo/worktrees/0h78jp9r/placid-badger-cad-second-half/HangTen/Models/ForceSensorModels.swift /Users/asherlc/.paseo/worktrees/0h78jp9r/placid-badger-cad-second-half/HangTen/Models/ProgressorProtocol.swift /Users/asherlc/.paseo/worktrees/0h78jp9r/placid-badger-cad-second-half/HangTen/Models/PitchSixProtocol.swift /Users/asherlc/.paseo/worktrees/0h78jp9r/placid-badger-cad-second-half/HangTen/Models/WHC06Protocol.swift /Users/asherlc/.paseo/worktrees/0h78jp9r/placid-badger-cad-second-half/HangTen/Models/EntralpiProtocol.swift /Users/asherlc/.paseo/worktrees/0h78jp9r/placid-badger-cad-second-half/HangTen/Models/ClimbroProtocol.swift /Users/asherlc/.paseo/worktrees/0h78jp9r/placid-badger-cad-second-half/HangTen/Models/MotherboardModels.swift /Users/asherlc/.paseo/worktrees/0h78jp9r/placid-badger-cad-second-half/HangTen/Models/MotherboardProtocol.swift /Users/asherlc/.paseo/worktrees/0h78jp9r/placid-badger-cad-second-half/HangTen/Models/MotherboardWorkoutRecorder.swift /Users/asherlc/.paseo/worktrees/0h78jp9r/placid-badger-cad-second-half/HangTen/Models/WorkoutSessionStore.swift /Users/asherlc/.paseo/worktrees/0h78jp9r/placid-badger-cad-second-half/HangTen/Models/MotherboardBluetoothService.swift /Users/asherlc/.paseo/worktrees/0h78jp9r/placid-badger-cad-second-half/HangTen/Views/MotherboardViews.swift /Users/asherlc/.paseo/worktrees/0h78jp9r/placid-badger-cad-second-half/HangTen/Views/WorkoutSummaryView.swift /Users/asherlc/.paseo/worktrees/0h78jp9r/placid-badger-cad-second-half/HangTen/Models/SimulatedMotherboardTransport.swift /Users/asherlc/.paseo/worktrees/0h78jp9r/placid-badger-cad-second-half/HangTen/Models/MotherboardWorkoutPreparation.swift /Users/asherlc/.paseo/worktrees/0h78jp9r/placid-badger-cad-second-half/HangTen/Views/MotherboardWorkoutPreparationView.swift /Users/asherlc/.paseo/worktrees/0h78jp9r/placid-badger-cad-second-half/HangTen/Models/WorkoutTimeline.swift /Users/asherlc/.paseo/worktrees/0h78jp9r/placid-badger-cad-second-half/HangTen/Views/WorkoutStepPickerView.swift /Users/asherlc/.paseo/worktrees/0h78jp9r/placid-badger-cad-second-half/HangTen/Models/PlanFilters.swift /Users/asherlc/.paseo/worktrees/0h78jp9r/placid-badger-cad-second-half/HangTen/Models/WorkoutActivityRecording.swift /Users/asherlc/.paseo/worktrees/0h78jp9r/placid-badger-cad-second-half/HangTen/Models/WorkoutStopwatch.swift /Users/asherlc/.paseo/worktrees/0h78jp9r/placid-badger-cad-second-half/HangTen/Models/WorkoutAccessStore.swift /Users/asherlc/.paseo/worktrees/0h78jp9r/placid-badger-cad-second-half/HangTen/Models/PurchaseManager.swift /Users/asherlc/.paseo/worktrees/0h78jp9r/placid-badger-cad-second-half/HangTen/Models/WorkoutHistory.swift /Users/asherlc/.paseo/worktrees/0h78jp9r/placid-badger-cad-second-half/HangTen/Models/LocalWorkoutHistoryStore.swift /Users/asherlc/.paseo/worktrees/0h78jp9r/placid-badger-cad-second-half/HangTen/Models/WorkoutHistoryService.swift /Users/asherlc/.paseo/worktrees/0h78jp9r/placid-badger-cad-second-half/HangTen/Models/WorkoutStepNormalization.swift /Users/asherlc/.paseo/worktrees/0h78jp9r/placid-badger-cad-second-half/HangTen/Models/CustomRoutineStore.swift /Users/asherlc/.paseo/worktrees/0h78jp9r/placid-badger-cad-second-half/HangTen/Models/CustomRoutineDraft.swift /Users/asherlc/.paseo/worktrees/0h78jp9r/placid-badger-cad-second-half/HangTen/Views/CustomRoutineEditorView.swift /Users/asherlc/.paseo/worktrees/0h78jp9r/placid-badger-cad-second-half/HangTen/Models/BoardPackageStore.swift /Users/asherlc/.paseo/worktrees/0h78jp9r/placid-badger-cad-second-half/HangTen/Views/WorkoutAccessGate.swift /Users/asherlc/.paseo/worktrees/0h78jp9r/placid-badger-cad-second-half/HangTen/Models/Telemetry.swift /Users/asherlc/.paseo/worktrees/0h78jp9r/placid-badger-cad-second-half/HangTen/Models/AmplitudeAnalyticsTelemetry.swift /Users/asherlc/.paseo/worktrees/0h78jp9r/placid-badger-cad-second-half/HangTen/Models/DeepLinkManager.swift /Users/asherlc/.paseo/worktrees/0h78jp9r/placid-badger-cad-second-half/HangTen/Models/SentryDiagnostics.swift /Users/asherlc/.paseo/worktrees/0h78jp9r/placid-badger-cad-second-half/HangTen/Models/SentryUserReports.swift /Users/asherlc/.paseo/worktrees/0h78jp9r/placid-badger-cad-second-half/HangTen/Views/ReportProblemView.swift /Users/asherlc/.paseo/worktrees/0h78jp9r/placid-badger-cad-second-half/HangTen/Models/FreeWorkoutDraft.swift /Users/asherlc/.paseo/worktrees/0h78jp9r/placid-badger-cad-second-half/HangTen/Models/FreeWorkoutDraftMigration.swift /Users/asherlc/.paseo/worktrees/0h78jp9r/placid-badger-cad-second-half/HangTen/Models/FreeWorkoutLog.swift /Users/asherlc/.paseo/worktrees/0h78jp9r/placid-badger-cad-second-half/HangTen/Models/FreeWorkoutLogStore.swift /Users/asherlc/.paseo/worktrees/0h78jp9r/placid-badger-cad-second-half/HangTen/Models/FreeWorkoutRestTimer.swift /Users/asherlc/.paseo/worktrees/0h78jp9r/placid-badger-cad-second-half/HangTen/Models/FreeWorkoutFinish.swift /Users/asherlc/.paseo/worktrees/0h78jp9r/placid-badger-cad-second-half/HangTen/Views/FreeWorkoutStartSheet.swift /Users/asherlc/.paseo/worktrees/0h78jp9r/placid-badger-cad-second-half/HangTen/Views/FreeWorkoutLogSessionView.swift /Users/asherlc/.paseo/worktrees/0h78jp9r/placid-badger-cad-second-half/HangTen/Views/FreeWorkoutAddExerciseSheet.swift /Users/asherlc/.paseo/worktrees/0h78jp9r/placid-badger-cad-second-half/HangTen/Views/FreeWorkoutGuidedHangView.swift /Users/asherlc/.paseo/worktrees/0h78jp9r/placid-badger-cad-second-half/HangTen/Views/FreeWorkoutLogSetSheet.swift /Users/asherlc/.paseo/worktrees/0h78jp9r/placid-badger-cad-second-half/HangTen/Models/FreeWorkoutGuidedHangCountdown.swift /Users/asherlc/.paseo/worktrees/0h78jp9r/placid-badger-cad-second-half/HangTen/Models/FreeWorkoutDecimalText.swift /Users/asherlc/.paseo/worktrees/0h78jp9r/placid-badger-cad-second-half/.context/placid-badger-cad-second-half/pr-readiness-repair-2026-10-02/ios-diagnosis/DerivedData-placid-badger-cad-second-half/Build/Intermediates.noindex/HangTen.build/Debug-iphonesimulator/HangTen.build/DerivedSources/GeneratedAssetSymbols.swift -emit-dependencies-path /Users/asherlc/.paseo/worktrees/0h78jp9r/placid-badger-cad-second-half/.context/placid-badger-cad-second-half/pr-readiness-repair-2026-10-02/ios-diagnosis/DerivedData-placid-badger-cad-second-half/Build/Intermediates.noindex/HangTen.build/Debug-iphonesimulator/HangTen.build/Objects-normal/arm64/BoardModelRealityTypes.d -emit-const-values-path /Users/asherlc/.paseo/worktrees/0h78jp9r/placid-badger-cad-second-half/.context/placid-badger-cad-second-half/pr-readiness-repair-2026-10-02/ios-diagnosis/DerivedData-placid-badger-cad-second-half/Build/Intermediates.noindex/HangTen.build/Debug-iphonesimulator/HangTen.build/Objects-normal/arm64/BoardModelRealityTypes.swiftconstvalues -emit-reference-dependencies-path /Users/asherlc/.paseo/worktrees/0h78jp9r/placid-badger-cad-second-half/.context/placid-badger-cad-second-half/pr-readiness-repair-2026-10-02/ios-diagnosis/DerivedData-placid-badger-cad-second-half/Build/Intermediates.noindex/HangTen.build/Debug-iphonesimulator/HangTen.build/Objects-normal/arm64/BoardModelRealityTypes.swiftdeps -serialize-diagnostics-path /Users/asherlc/.paseo/worktrees/0h78jp9r/placid-badger-cad-second-half/.context/placid-badger-cad-second-half/pr-readiness-repair-2026-10-02/ios-diagnosis/DerivedData-placid-badger-cad-second-half/Build/Intermediates.noindex/HangTen.build/Debug-iphonesimulator/HangTen.build/Objects-normal/arm64/BoardModelRealityTypes.dia -target arm64-apple-ios18.0-simulator -module-can-import-version DeveloperToolsSupport 24.0.24 24.0.24 -disable-cross-import-overlay-search -swift-module-cross-import RealityKit /Applications/Xcode.app/Contents/Developer/Platforms/iPhoneSimulator.platform/Developer/SDKs/iPhoneSimulator27.0.sdk/System/Library/Frameworks/RealityKit.framework/Modules/RealityKit.swiftcrossimport/ComputeGraph.swiftoverlay -swift-module-cross-import RealityKit /Applications/Xcode.app/Contents/Developer/Platforms/iPhoneSimulator.platform/Developer/SDKs/iPhoneSimulator27.0.sdk/System/Library/Frameworks/RealityKit.framework/Modules/RealityKit.swiftcrossimport/SwiftUI.swiftoverlay -swift-module-cross-import StoreKit /Applications/Xcode.app/Contents/Developer/Platforms/iPhoneSimulator.platform/Developer/SDKs/iPhoneSimulator.sdk/System/Library/Frameworks/StoreKit.framework/Modules/StoreKit.swiftcrossimport/SwiftUI.swiftoverlay -swift-module-cross-import StoreKit /Applications/Xcode.app/Contents/Developer/Platforms/iPhoneSimulator.platform/Developer/SDKs/iPhoneSimulator27.0.sdk/System/Library/Frameworks/StoreKit.framework/Modules/StoreKit.swiftcrossimport/SwiftUI.swiftoverlay -load-resolved-plugin /Applications/Xcode.app/Contents/Developer/Platforms/iPhoneOS.platform/Developer/usr/lib/swift/host/plugins/libFoundationMacros.dylib\#/Applications/Xcode.app/Contents/Developer/Platforms/iPhoneOS.platform/Developer/usr/bin/swift-plugin-server\#FoundationMacros -load-resolved-plugin /Applications/Xcode.app/Contents/Developer/Platforms/iPhoneOS.platform/Developer/usr/lib/swift/host/plugins/libObservationMacros.dylib\#/Applications/Xcode.app/Contents/Developer/Platforms/iPhoneOS.platform/Developer/usr/bin/swift-plugin-server\#ObservationMacros -load-resolved-plugin /Applications/Xcode.app/Contents/Developer/Platforms/iPhoneOS.platform/Developer/usr/lib/swift/host/plugins/libPreviewsMacros.dylib\#/Applications/Xcode.app/Contents/Developer/Platforms/iPhoneOS.platform/Developer/usr/bin/swift-plugin-server\#PreviewsMacros -load-resolved-plugin /Applications/Xcode.app/Contents/Developer/Platforms/iPhoneOS.platform/Developer/usr/lib/swift/host/plugins/libStateReportingMacros.dylib\#/Applications/Xcode.app/Contents/Developer/Platforms/iPhoneOS.platform/Developer/usr/bin/swift-plugin-server\#StateReportingMacros -load-resolved-plugin /Applications/Xcode.app/Contents/Developer/Platforms/iPhoneOS.platform/Developer/usr/lib/swift/host/plugins/libSwiftMacros.dylib\#/Applications/Xcode.app/Contents/Developer/Platforms/iPhoneOS.platform/Developer/usr/bin/swift-plugin-server\#SwiftMacros -load-resolved-plugin /Applications/Xcode.app/Contents/Developer/Platforms/iPhoneOS.platform/Developer/usr/lib/swift/host/plugins/libSwiftUIMacros.dylib\#/Applications/Xcode.app/Contents/Developer/Platforms/iPhoneOS.platform/Developer/usr/bin/swift-plugin-server\#SwiftUIMacros -disable-implicit-swift-modules -Xcc -fno-implicit-modules -Xcc -fno-implicit-module-maps -explicit-swift-module-map-file /Users/asherlc/.paseo/worktrees/0h78jp9r/placid-badger-cad-second-half/.context/placid-badger-cad-second-half/pr-readiness-repair-2026-10-02/ios-diagnosis/DerivedData-placid-badger-cad-second-half/Build/Intermediates.noindex/HangTen.build/Debug-iphonesimulator/HangTen.build/Objects-normal/arm64/HangTen-dependencies-1.json -Xllvm -aarch64-use-tbi -enable-objc-interop -sdk /Applications/Xcode.app/Contents/Developer/Platforms/iPhoneSimulator.platform/Developer/SDKs/iPhoneSimulator27.0.sdk -I /Users/asherlc/.paseo/worktrees/0h78jp9r/placid-badger-cad-second-half/.context/placid-badger-cad-second-half/pr-readiness-repair-2026-10-02/ios-diagnosis/DerivedData-placid-badger-cad-second-half/Build/Products/Debug-iphonesimulator -F /Users/asherlc/.paseo/worktrees/0h78jp9r/placid-badger-cad-second-half/.context/placid-badger-cad-second-half/pr-readiness-repair-2026-10-02/ios-diagnosis/DerivedData-placid-badger-cad-second-half/Build/Products/Debug-iphonesimulator/PackageFrameworks -F /Users/asherlc/.paseo/worktrees/0h78jp9r/placid-badger-cad-second-half/.context/placid-badger-cad-second-half/pr-readiness-repair-2026-10-02/ios-diagnosis/DerivedData-placid-badger-cad-second-half/Build/Products/Debug-iphonesimulator -module-cache-path /Users/asherlc/.paseo/worktrees/0h78jp9r/placid-badger-cad-second-half/.context/placid-badger-cad-second-half/pr-readiness-repair-2026-10-02/ios-diagnosis/DerivedData-placid-badger-cad-second-half/Build/Intermediates.noindex/SwiftExplicitPrecompiledModules -no-color-diagnostics -Xcc -fno-color-diagnostics -enable-testing -g -debug-info-format\=dwarf -dwarf-version\=5 -swift-version 5 -Onone -D DEBUG -serialize-debugging-options -enable-experimental-feature DebugDescriptionMacro -enable-bare-slash-regex -empty-abi-descriptor -validate-clang-modules-once -clang-build-session-file /Users/asherlc/.paseo/worktrees/0h78jp9r/placid-badger-cad-second-half/.context/placid-badger-cad-second-half/pr-readiness-repair-2026-10-02/ios-diagnosis/DerivedData-placid-badger-cad-second-half/ModuleCache.noindex/Session.modulevalidation -Xcc -working-directory -Xcc /Users/asherlc/.paseo/worktrees/0h78jp9r/placid-badger-cad-second-half -enable-anonymous-context-mangled-names -file-compilation-dir /Users/asherlc/.paseo/worktrees/0h78jp9r/placid-badger-cad-second-half -Xcc -ivfsstatcache -Xcc /Users/asherlc/.paseo/worktrees/0h78jp9r/placid-badger-cad-second-half/.context/placid-badger-cad-second-half/pr-readiness-repair-2026-10-02/ios-diagnosis/DerivedData-placid-badger-cad-second-half/SDKStatCaches.noindex/iphonesimulator27.0-24A430-e829b21a6f8c9b70876ba0858053c0448dc58220667be655e1bcc261a7455254.sdkstatcache -Xcc -fmodules-prune-interval\=86400 -Xcc -fmodules-prune-after\=345600 -Xcc -iquote -Xcc /Users/asherlc/.paseo/worktrees/0h78jp9r/placid-badger-cad-second-half/.context/placid-badger-cad-second-half/pr-readiness-repair-2026-10-02/ios-diagnosis/DerivedData-placid-badger-cad-second-half/Build/Intermediates.noindex/HangTen.build/Debug-iphonesimulator/HangTen.build/HangTen-generated-files.hmap -Xcc -I/Users/asherlc/.paseo/worktrees/0h78jp9r/placid-badger-cad-second-half/.context/placid-badger-cad-second-half/pr-readiness-repair-2026-10-02/ios-diagnosis/DerivedData-placid-badger-cad-second-half/Build/Intermediates.noindex/HangTen.build/Debug-iphonesimulator/HangTen.build/HangTen-own-target-headers.hmap -Xcc -I/Users/asherlc/.paseo/worktrees/0h78jp9r/placid-badger-cad-second-half/.context/placid-badger-cad-second-half/pr-readiness-repair-2026-10-02/ios-diagnosis/DerivedData-placid-badger-cad-second-half/Build/Intermediates.noindex/HangTen.build/Debug-iphonesimulator/HangTen.build/HangTen-all-non-framework-target-headers.hmap -Xcc -ivfsoverlay -Xcc /Users/asherlc/.paseo/worktrees/0h78jp9r/placid-badger-cad-second-half/.context/placid-badger-cad-second-half/pr-readiness-repair-2026-10-02/ios-diagnosis/DerivedData-placid-badger-cad-second-half/Build/Intermediates.noindex/HangTen.build/Debug-iphonesimulator/HangTen-6dc035dee0c8e6595c34f1b51425d998-VFS-iphonesimulator/all-product-headers.yaml -Xcc -iquote -Xcc /Users/asherlc/.paseo/worktrees/0h78jp9r/placid-badger-cad-second-half/.context/placid-badger-cad-second-half/pr-readiness-repair-2026-10-02/ios-diagnosis/DerivedData-placid-badger-cad-second-half/Build/Intermediates.noindex/HangTen.build/Debug-iphonesimulator/HangTen.build/HangTen-project-headers.hmap -Xcc -I/Users/asherlc/.paseo/worktrees/0h78jp9r/placid-badger-cad-second-half/.context/placid-badger-cad-second-half/pr-readiness-repair-2026-10-02/ios-diagnosis/DerivedData-placid-badger-cad-second-half/Build/Products/Debug-iphonesimulator/include -Xcc -I/Users/asherlc/.paseo/worktrees/0h78jp9r/placid-badger-cad-second-half/.context/placid-badger-cad-second-half/pr-readiness-repair-2026-10-02/ios-diagnosis/DerivedData-placid-badger-cad-second-half/Build/Intermediates.noindex/HangTen.build/Debug-iphonesimulator/HangTen.build/DerivedSources-normal/arm64 -Xcc -I/Users/asherlc/.paseo/worktrees/0h78jp9r/placid-badger-cad-second-half/.context/placid-badger-cad-second-half/pr-readiness-repair-2026-10-02/ios-diagnosis/DerivedData-placid-badger-cad-second-half/Build/Intermediates.noindex/HangTen.build/Debug-iphonesimulator/HangTen.build/DerivedSources/arm64 -Xcc -I/Users/asherlc/.paseo/worktrees/0h78jp9r/placid-badger-cad-second-half/.context/placid-badger-cad-second-half/pr-readiness-repair-2026-10-02/ios-diagnosis/DerivedData-placid-badger-cad-second-half/Build/Intermediates.noindex/HangTen.build/Debug-iphonesimulator/HangTen.build/DerivedSources -no-auto-bridging-header-chaining -module-name HangTen -const-gather-protocols-file /Users/asherlc/.paseo/worktrees/0h78jp9r/placid-badger-cad-second-half/.context/placid-badger-cad-second-half/pr-readiness-repair-2026-10-02/ios-diagnosis/DerivedData-placid-badger-cad-second-half/Build/Intermediates.noindex/HangTen.build/Debug-iphonesimulator/HangTen.build/Objects-normal/arm64/HangTen_const_extract_protocols.json -disable-clang-spi -clang-target arm64-apple-ios27.0-simulator -target-sdk-version 27.0 -target-sdk-name iphonesimulator27.0 -in-process-plugin-server-path /Applications/Xcode.app/Contents/Developer/Toolchains/XcodeDefault.xctoolchain/usr/lib/swift/host/libSwiftInProcPluginServer.dylib -o /Users/asherlc/.paseo/worktrees/0h78jp9r/placid-badger-cad-second-half/.context/placid-badger-cad-second-half/pr-readiness-repair-2026-10-02/ios-diagnosis/DerivedData-placid-badger-cad-second-half/Build/Intermediates.noindex/HangTen.build/Debug-iphonesimulator/HangTen.build/Objects-normal/arm64/BoardModelRealityTypes.o -debug-module-path /Users/asherlc/.paseo/worktrees/0h78jp9r/placid-badger-cad-second-half/.context/placid-badger-cad-second-half/pr-readiness-repair-2026-10-02/ios-diagnosis/DerivedData-placid-badger-cad-second-half/Build/Intermediates.noindex/HangTen.build/Debug-iphonesimulator/HangTen.build/Objects-normal/arm64/HangTen.swiftmodule -index-unit-output-path /HangTen.build/Debug-iphonesimulator/HangTen.build/Objects-normal/arm64/BoardModelRealityTypes.o -index-store-path /Users/asherlc/.paseo/worktrees/0h78jp9r/placid-badger-cad-second-half/.context/placid-badger-cad-second-half/pr-readiness-repair-2026-10-02/ios-diagnosis/DerivedData-placid-badger-cad-second-half/Index.noindex/DataStore -index-system-modules

SwiftCompile normal arm64 /Users/asherlc/.paseo/worktrees/0h78jp9r/placid-badger-cad-second-half/HangTen/Models/BoardModelRealityTypes.swift (in target 'HangTen' from project 'HangTen')
    cd /Users/asherlc/.paseo/worktrees/0h78jp9r/placid-badger-cad-second-half
    builtin-SwiftPerFileCompile BoardModelRealityTypes.swift

SwiftCompile normal arm64 Compiling\ RootView.swift /Users/asherlc/.paseo/worktrees/0h78jp9r/placid-badger-cad-second-half/HangTen/Views/RootView.swift (in target 'HangTen' from project 'HangTen')

SwiftCompile normal arm64 /Users/asherlc/.paseo/worktrees/0h78jp9r/placid-badger-cad-second-half/HangTen/Views/RootView.swift (in target 'HangTen' from project 'HangTen')
    cd /Users/asherlc/.paseo/worktrees/0h78jp9r/placid-badger-cad-second-half
    builtin-SwiftPerFileCompile RootView.swift

SwiftCompile normal x86_64 Compiling\ RootView.swift /Users/asherlc/.paseo/worktrees/0h78jp9r/placid-badger-cad-second-half/HangTen/Views/RootView.swift (in target 'HangTen' from project 'HangTen')

SwiftCompile normal x86_64 /Users/asherlc/.paseo/worktrees/0h78jp9r/placid-badger-cad-second-half/HangTen/Views/RootView.swift (in target 'HangTen' from project 'HangTen')
    cd /Users/asherlc/.paseo/worktrees/0h78jp9r/placid-badger-cad-second-half
    builtin-SwiftPerFileCompile RootView.swift

SwiftCompile normal arm64 Compiling\ BoardModelView.swift /Users/asherlc/.paseo/worktrees/0h78jp9r/placid-badger-cad-second-half/HangTen/Views/BoardModelView.swift (in target 'HangTen' from project 'HangTen')

SwiftCompile normal arm64 /Users/asherlc/.paseo/worktrees/0h78jp9r/placid-badger-cad-second-half/HangTen/Views/BoardModelView.swift (in target 'HangTen' from project 'HangTen')
    cd /Users/asherlc/.paseo/worktrees/0h78jp9r/placid-badger-cad-second-half
    builtin-SwiftPerFileCompile BoardModelView.swift

SwiftEmitModule normal x86_64 Emitting\ module\ for\ HangTen (in target 'HangTen' from project 'HangTen')

SwiftCompile normal x86_64 (in target 'HangTen' from project 'HangTen')
    cd /Users/asherlc/.paseo/worktrees/0h78jp9r/placid-badger-cad-second-half
    

SwiftCompile normal x86_64 Compiling\ BoardModelView.swift /Users/asherlc/.paseo/worktrees/0h78jp9r/placid-badger-cad-second-half/HangTen/Views/BoardModelView.swift (in target 'HangTen' from project 'HangTen')

SwiftCompile normal x86_64 /Users/asherlc/.paseo/worktrees/0h78jp9r/placid-badger-cad-second-half/HangTen/Views/BoardModelView.swift (in target 'HangTen' from project 'HangTen')
    cd /Users/asherlc/.paseo/worktrees/0h78jp9r/placid-badger-cad-second-half
    builtin-SwiftPerFileCompile BoardModelView.swift

PruneExplicitPrecompiledModules /Users/asherlc/.paseo/worktrees/0h78jp9r/placid-badger-cad-second-half/.context/placid-badger-cad-second-half/pr-readiness-repair-2026-10-02/ios-diagnosis/DerivedData-placid-badger-cad-second-half/Build/Intermediates.noindex/SwiftExplicitPrecompiledModules

PruneExplicitPrecompiledModules /Users/asherlc/.paseo/worktrees/0h78jp9r/placid-badger-cad-second-half/.context/placid-badger-cad-second-half/pr-readiness-repair-2026-10-02/ios-diagnosis/DerivedData-placid-badger-cad-second-half/SDKExplicitPrecompiledModules

PruneExplicitPrecompiledModules /Users/asherlc/.paseo/worktrees/0h78jp9r/placid-badger-cad-second-half/.context/placid-badger-cad-second-half/pr-readiness-repair-2026-10-02/ios-diagnosis/DerivedData-placid-badger-cad-second-half/Build/Intermediates.noindex/ExplicitPrecompiledModules

