{
  "package": "zlagboard-evo",
  "assetMatches": true,
  "descriptorMatches": true,
  "descriptorBindsCommittedAsset": true,
  "committedAssetSHA256": "9492a6d5a033bf1f11e0d6ac111711f8ea63d5d26226b6b638e72a288ae13eee",
  "rebuiltAssetSHA256": "9492a6d5a033bf1f11e0d6ac111711f8ea63d5d26226b6b638e72a288ae13eee",
  "bytes": 1020310,
  "presentations": [
    {
      "presentationID": "primary",
      "assetMatches": true,
      "descriptorMatches": true,
      "descriptorBindsCommittedAsset": true,
      "committedAssetSHA256": "9492a6d5a033bf1f11e0d6ac111711f8ea63d5d26226b6b638e72a288ae13eee",
      "rebuiltAssetSHA256": "9492a6d5a033bf1f11e0d6ac111711f8ea63d5d26226b6b638e72a288ae13eee",
      "bytes": 1020310
    }
  ],
  "descriptorBytesExact": true,
  "descriptorSHA256": "946988dbe671ffb1edb78a3bc29ec35a09ff19a250d467150eb7e1369251debe",
  "rebuiltDescriptorSHA256": "946988dbe671ffb1edb78a3bc29ec35a09ff19a250d467150eb7e1369251debe",
  "sourceSHA256": "6f44115b879b6a2214dff04f13477ec1bf949627dfccc4319f1f9da6ec28b58c"
}
