Traceback (most recent call last):
  File "/Users/asherlc/.paseo/worktrees/0h78jp9r/placid-badger/.context/placid-badger/mini-review10-correction/cord-experiment/run-existing-native.py", line 14, in <module>
    solve_threaded_rope.main()
  File "/Users/asherlc/.paseo/worktrees/0h78jp9r/placid-badger/Tools/HangboardCAD/solve_threaded_rope.py", line 402, in main
    solved = solve_native_routes(mesh, data, model, source_metadata=source)
             ^^^^^^^^^^^^^^^^^^^^^^^^^^^^^^^^^^^^^^^^^^^^^^^^^^^^^^^^^^^^^^
  File "/Users/asherlc/.paseo/worktrees/0h78jp9r/placid-badger/Tools/HangboardCAD/native_cord_routes.py", line 515, in solve_native_routes
    solved = solve_native_routes(mesh, reduced, descriptor)
             ^^^^^^^^^^^^^^^^^^^^^^^^^^^^^^^^^^^^^^^^^^^^^^
  File "/Users/asherlc/.paseo/worktrees/0h78jp9r/placid-badger/Tools/HangboardCAD/native_cord_routes.py", line 518, in solve_native_routes
    return _solve_native_seed(mesh, data, descriptor)
           ^^^^^^^^^^^^^^^^^^^^^^^^^^^^^^^^^^^^^^^^^^
  File "/Users/asherlc/.paseo/worktrees/0h78jp9r/placid-badger/Tools/HangboardCAD/native_cord_routes.py", line 631, in _solve_native_seed
    return _solve_native_routes(mesh, data, descriptor)
           ^^^^^^^^^^^^^^^^^^^^^^^^^^^^^^^^^^^^^^^^^^^^
  File "/Users/asherlc/.paseo/worktrees/0h78jp9r/placid-badger/Tools/HangboardCAD/native_cord_routes.py", line 821, in _solve_native_routes
    height = settle()
             ^^^^^^^^
  File "/Users/asherlc/.paseo/worktrees/0h78jp9r/placid-badger/Tools/HangboardCAD/native_cord_routes.py", line 792, in settle
    if max(evaluate(high)[1].values()) > 1+1e-6:
           ^^^^^^^^^^^^^^
  File "/Users/asherlc/.paseo/worktrees/0h78jp9r/placid-badger/Tools/HangboardCAD/native_cord_routes.py", line 753, in evaluate
    path=first_section.route(local,lead_ends.get(identifier,points[0]))
         ^^^^^^^^^^^^^^^^^^^^^^^^^^^^^^^^^^^^^^^^^^^^^^^^^^^^^^^^^^^^^^
  File "/Users/asherlc/.paseo/worktrees/0h78jp9r/placid-badger/Tools/HangboardCAD/native_cord_routes.py", line 124, in route
    raise ValueError("cord terminal or support is inside the rope-offset native solid")
ValueError: cord terminal or support is inside the rope-offset native solid
