0.0s curved-lip-front rotations=preferred
17.5s exterior-jug-back rotations=preferred
17.6s left-pocket-vertical rotations=preferred
78.3s rejected: native cord tubes intersect: left-lead/0, right-lead/1
78.3s left-pocket-vertical rotations={'left-lead': -5}
144.9s rejected: native cord tubes intersect: left-lead/0, right-lead/1
144.9s left-pocket-vertical rotations={'left-lead': 5}
202.7s rejected: native cord tubes intersect: left-lead/0, right-lead/1
202.7s left-pocket-vertical rotations={'right-lead': -5}
228.0s rejected: native cord tubes intersect: left-lead/6, right-lead/24
228.0s left-pocket-vertical rotations={'right-lead': 5}
254.6s rejected: native cord tubes intersect: left-lead/6, right-lead/29
254.6s left-pocket-vertical rotations={'left-lead': -5, 'right-lead': 5}
319.4s rejected: native cord tubes intersect: left-lead/0, right-lead/1
319.4s left-pocket-vertical rotations={'left-lead': 5, 'right-lead': -5}
382.9s rejected: native cord tubes intersect: left-lead/0, right-lead/1
382.9s left-pocket-vertical rotations={'left-lead': -10}
454.0s rejected: native cord tubes intersect: left-lead/29, right-lead/32
454.0s left-pocket-vertical rotations={'left-lead': 10}
488.2s rejected: native cord tubes intersect: left-lead/24, right-lead/29
488.2s left-pocket-vertical rotations={'right-lead': -10}
512.5s rejected: native cord tubes intersect: left-lead/6, right-lead/27
512.5s left-pocket-vertical rotations={'right-lead': 10}
563.0s rejected: native cord tubes intersect: left-lead/6, right-lead/27
563.0s left-pocket-vertical rotations={'left-lead': -10, 'right-lead': 10}
684.2s rejected: native cord tubes intersect: left-lead/29, right-lead/25
684.2s left-pocket-vertical rotations={'left-lead': 10, 'right-lead': -10}
737.1s rejected: native cord tubes intersect: left-lead/24, right-lead/25
737.1s left-pocket-vertical rotations={'left-lead': -20}
786.3s straight-lip-inverted rotations=preferred
802.3s tightening curved-lip-front begin
838.6s tightening curved-lip-front complete height=-0.198244267 iterations=2
838.6s tightening exterior-jug-back begin
868.0s tightening exterior-jug-back complete height=-0.209048812 iterations=2
868.0s tightening left-pocket-vertical begin
989.1s tightening left-pocket-vertical complete height=-0.17420943 iterations=2
989.1s tightening straight-lip-inverted begin
1019.7s tightening straight-lip-inverted complete height=-0.195993343 iterations=2
