0.0s curved-lip-front rotations=preferred
16.6s exterior-jug-back rotations=preferred
16.7s left-pocket-vertical rotations=preferred
84.5s rejected: native cord tubes intersect: left-lead/0, right-lead/1
84.5s left-pocket-vertical rotations={'left-lead': -5}
251.3s rejected: native cord tubes intersect: left-lead/0, right-lead/1
251.3s left-pocket-vertical rotations={'left-lead': 5}
311.4s rejected: native cord tubes intersect: left-lead/0, right-lead/1
311.4s left-pocket-vertical rotations={'right-lead': -5}
345.0s rejected: native cord tubes intersect: left-lead/6, right-lead/24
345.0s left-pocket-vertical rotations={'right-lead': 5}
374.2s rejected: native cord tubes intersect: left-lead/6, right-lead/29
374.2s left-pocket-vertical rotations={'left-lead': -5, 'right-lead': 5}
446.3s rejected: native cord tubes intersect: left-lead/0, right-lead/1
446.3s left-pocket-vertical rotations={'left-lead': 5, 'right-lead': -5}
512.8s rejected: native cord tubes intersect: left-lead/0, right-lead/1
512.8s left-pocket-vertical rotations={'left-lead': -10}
591.2s rejected: native cord tubes intersect: left-lead/29, right-lead/32
591.2s left-pocket-vertical rotations={'left-lead': 10}
630.1s rejected: native cord tubes intersect: left-lead/24, right-lead/29
630.1s left-pocket-vertical rotations={'right-lead': -10}
659.6s rejected: native cord tubes intersect: left-lead/6, right-lead/27
659.6s left-pocket-vertical rotations={'right-lead': 10}
694.3s rejected: native cord tubes intersect: left-lead/6, right-lead/27
694.3s left-pocket-vertical rotations={'left-lead': -10, 'right-lead': 10}
996.4s rejected: native cord tubes intersect: left-lead/29, right-lead/25
996.4s left-pocket-vertical rotations={'left-lead': 10, 'right-lead': -10}
1054.6s rejected: native cord tubes intersect: left-lead/24, right-lead/25
1054.6s left-pocket-vertical rotations={'left-lead': -20}
1100.5s straight-lip-inverted rotations=preferred
1116.6s tightening curved-lip-front begin
1153.3s tightening curved-lip-front complete height=-0.198244267 iterations=2
1153.3s tightening exterior-jug-back begin
1183.9s tightening exterior-jug-back complete height=-0.209048812 iterations=2
1183.9s tightening left-pocket-vertical begin
1364.0s tightening left-pocket-vertical complete height=-0.17420943 iterations=2
1364.0s tightening straight-lip-inverted begin
1403.1s tightening straight-lip-inverted complete height=-0.195993343 iterations=2
