<TopoShape> TopoShapeExpansion.cpp(983): hasher mismatch
<TopoShape> TopoShapeExpansion.cpp(983): hasher mismatch
<TopoShape> TopoShapeExpansion.cpp(983): hasher mismatch
<TopoShape> TopoShapeExpansion.cpp(983): hasher mismatch
<TopoShape> TopoShapeExpansion.cpp(983): hasher mismatch
<TopoShape> TopoShapeExpansion.cpp(983): hasher mismatch
<TopoShape> TopoShapeExpansion.cpp(983): hasher mismatch
<TopoShape> TopoShapeExpansion.cpp(983): hasher mismatch
<TopoShape> TopoShapeExpansion.cpp(983): hasher mismatch
<TopoShape> TopoShapeExpansion.cpp(983): hasher mismatch
<TopoShape> TopoShapeExpansion.cpp(983): hasher mismatch
<TopoShape> TopoShapeExpansion.cpp(983): hasher mismatch
<TopoShape> TopoShapeExpansion.cpp(983): hasher mismatch
Traceback (most recent call last):
  File "/Users/asherlc/.paseo/worktrees/0h78jp9r/placid-badger/.context/placid-badger/forge-review15/preflight/placid-badger-native-export-20261003T012743/placid-badger-tmp/placid-badger-native-gate-bootstrap.py", line 7, in <module>
    exec(compile(open(path).read(),path,'exec'),{'__name__':'__main__','__file__':path})
  File "/Users/asherlc/.paseo/worktrees/0h78jp9r/placid-badger/.context/placid-badger/forge-review15/preflight/placid-badger-native-export-20261003T012743/check-forge-native.py", line 175, in <module>
    main()
  File "/Users/asherlc/.paseo/worktrees/0h78jp9r/placid-badger/.context/placid-badger/forge-review15/preflight/placid-badger-native-export-20261003T012743/check-forge-native.py", line 94, in main
    assert outside < 1e-4 and not rear and inventory[contact_id]['sameSurfaceAsBaseline']
           ^^^^^^^^^^^^^^^^^^^^^^^^^^^^^^^^^^^^^^^^^^^^^^^^^^^^^^^^^^^^^^^^^^^^^^^^^^^^^^
AssertionError
