{
  "timestampUTC": "2026-10-02T01:29:22.727158+00:00",
  "package": "yy-travelboard",
  "filesBefore": {
    "Hangboards/yy-travelboard/suspension.json": "4dc0a687d4f7bd336cf40985bace19f09e92c80b5eb3753037125e0f0bce701b",
    "Hangboards/yy-travelboard/yy-travelboard.FCStd": "25e2fbf9a280e1e9aec5024cce5715f7a0237b60691f2497ed55e672c9fc3b5a",
    "Hangboards/yy-travelboard/assets/primary.usdz": "ab1df81dcae0c191f18eac7eead8181d3be425289ec338ef182345d4d5aea95f",
    "Hangboards/yy-travelboard/assets/primary.model.json": "f762552b6cee535cf4551f9934a512d3b17d0f4297b8359789a6189b9e6dcd69"
  },
  "schemaPassed": true,
  "boardID": "yy.travelboard",
  "usd": {
    "version": [
      0,
      26,
      8
    ],
    "meshes": [
      {
        "name": "yy_body",
        "faces": 45852
      },
      {
        "name": "yy_tray",
        "faces": 130
      },
      {
        "name": "yy_edge_25",
        "faces": 650
      },
      {
        "name": "yy_edge_15",
        "faces": 650
      },
      {
        "name": "yy_edge_10",
        "faces": 650
      },
      {
        "name": "yy_mono_left",
        "faces": 16380
      },
      {
        "name": "yy_mono_right",
        "faces": 16380
      }
    ],
    "materialsOrShaders": [],
    "materialBindings": [],
    "members": [
      "stage.usdc"
    ],
    "exactDescriptorNodes": true,
    "modelHashMatches": true,
    "unbound": true
  },
  "manifest": {
    "woodFinish": false,
    "suspensionType": "cadRoutedCord",
    "contactIDs": [
      "edge-10",
      "edge-15",
      "edge-25",
      "mono-left",
      "mono-right",
      "tray"
    ]
  },
  "staging": {
    "ios": {
      "generatedBoardMatchesSource": true,
      "descriptorBytesMatch": true,
      "modelBytesMatch": true,
      "authoringFilesOmitted": true,
      "usdzDeliveryLocationCorrect": true,
      "stagedFiles": [
        "assets/primary.model.json",
        "board.json"
      ]
    },
    "android": {
      "generatedBoardMatchesSource": true,
      "descriptorBytesMatch": true,
      "modelBytesMatch": true,
      "authoringFilesOmitted": true,
      "usdzDeliveryLocationCorrect": true,
      "stagedFiles": [
        "assets/primary.model.json",
        "assets/primary.usdz",
        "board.json"
      ]
    }
  },
  "sourceFilesUnchanged": true,
  "passed": true
}
