diff --git a/Hangboards/trango-rock-prodigy-forge/assets/primary.model.json b/Hangboards/trango-rock-prodigy-forge/assets/primary.model.json
index e62afcf95..5653a04f4 100644
--- a/Hangboards/trango-rock-prodigy-forge/assets/primary.model.json
+++ b/Hangboards/trango-rock-prodigy-forge/assets/primary.model.json
@@ -1,7 +1,7 @@
 {
   "schemaVersion": 1,
   "coordinateFrame": "hang-ten-board-v1",
-  "modelSHA256": "4b70e9231cf3c4b26cf9e69271cb1d6d91a1e3f31d001fe4f0456092cd8ea1f4",
+  "modelSHA256": "6af1091171a5251914983b6d9c17859eb7e85fe35e15628d5c3c164fe2b8ba61",
   "modelBounds": {
     "min": [
       -0.400050014,
diff --git a/Hangboards/trango-rock-prodigy-forge/assets/primary.usdz b/Hangboards/trango-rock-prodigy-forge/assets/primary.usdz
index 24ad3cff3..81eb710b6 100644
--- a/Hangboards/trango-rock-prodigy-forge/assets/primary.usdz
+++ b/Hangboards/trango-rock-prodigy-forge/assets/primary.usdz
@@ -1,3 +1,3 @@
 version https://git-lfs.github.com/spec/v1
-oid sha256:4b70e9231cf3c4b26cf9e69271cb1d6d91a1e3f31d001fe4f0456092cd8ea1f4
-size 604234
+oid sha256:6af1091171a5251914983b6d9c17859eb7e85fe35e15628d5c3c164fe2b8ba61
+size 645855
diff --git a/Hangboards/trango-rock-prodigy-forge/trango-rock-prodigy-forge.FCStd b/Hangboards/trango-rock-prodigy-forge/trango-rock-prodigy-forge.FCStd
index 2ddc6ba74..eae8854ee 100644
--- a/Hangboards/trango-rock-prodigy-forge/trango-rock-prodigy-forge.FCStd
+++ b/Hangboards/trango-rock-prodigy-forge/trango-rock-prodigy-forge.FCStd
@@ -1,3 +1,3 @@
 version https://git-lfs.github.com/spec/v1
-oid sha256:8376c4a3ab15979ceb39c513f7533b5891240321a74dd4fd2894e8057059d75a
-size 1830960
+oid sha256:4f970f46263bbf8e3cc4a1995fe48f4c3c6f638f65b816c9fb0a95a65843dc4e
+size 2560270
diff --git a/docs/model-delivery-lock.json b/docs/model-delivery-lock.json
index f503931f2..f597b38ad 100644
--- a/docs/model-delivery-lock.json
+++ b/docs/model-delivery-lock.json
@@ -62,7 +62,7 @@
     "zlagboard-evo",
     "zlagboard-pro"
   ],
-  "sha256Manifest": "b3b0b9bc93b07f3bed5df3888a3b106f30fededbad25d37743bcb37f97814bb9",
+  "sha256Manifest": "c2963fa7e5e8a39c7f1011c24ed5bac2b887d11ad48ab2f9f822ba66a0b593c8",
   "digestFormat": "SHA-256 of UTF-8 lines: <file SHA-256><two spaces><POSIX path><LF>, sorted by path; descriptor, USDZ, and board.json for committed-asset packages; descriptor and FCStd for source-backed packages, plus suspension.json when present; source-backed board.json is generated at build time",
   "supersededArchiveSHA256": "34772bb44c9b977652e399e5ffbd75838ac890ba8537851e62ca04fba5e2fc38",
   "nativeValidationRequired": true,
@@ -1065,25 +1065,47 @@
     },
     "trango-rock-prodigy-forge": {
       "source": "Hangboards/trango-rock-prodigy-forge/trango-rock-prodigy-forge.FCStd",
-      "sourceSHA256": "8376c4a3ab15979ceb39c513f7533b5891240321a74dd4fd2894e8057059d75a",
+      "sourceSHA256": "4f970f46263bbf8e3cc4a1995fe48f4c3c6f638f65b816c9fb0a95a65843dc4e",
       "boardMetadata": "Generated at build time from the embedded HangTenBoardManifest; exact metadata changes and source mappings retained in the review packet.",
-      "assetSHA256": "4b70e9231cf3c4b26cf9e69271cb1d6d91a1e3f31d001fe4f0456092cd8ea1f4",
-      "descriptorSHA256": "9f5fc4e0c07cb2e745e54007b303c9b10018d5c49c9e060ed77fea85c2bbe2ef",
+      "assetSHA256": "6af1091171a5251914983b6d9c17859eb7e85fe35e15628d5c3c164fe2b8ba61",
+      "descriptorSHA256": "ec716c7eddbfeeae7ca4881b146dd824138af137299ed23c10b5706076b989e6",
       "assets": {
         "assets/primary.usdz": {
-          "modelSHA256": "4b70e9231cf3c4b26cf9e69271cb1d6d91a1e3f31d001fe4f0456092cd8ea1f4",
+          "modelSHA256": "6af1091171a5251914983b6d9c17859eb7e85fe35e15628d5c3c164fe2b8ba61",
           "descriptorPath": "assets/primary.model.json",
-          "descriptorSHA256": "9f5fc4e0c07cb2e745e54007b303c9b10018d5c49c9e060ed77fea85c2bbe2ef"
+          "descriptorSHA256": "ec716c7eddbfeeae7ca4881b146dd824138af137299ed23c10b5706076b989e6"
         }
       },
       "compiler": "Tools/HangboardCAD/compile_board.py; pinned FreeCAD 1.1.3 and OCCT 7.8.1; unbound meshes.",
       "provenance": "docs/source-audits/2026-09-29-remaining-cad/trango-rock-prodigy-forge/source-audit.md",
-      "comparison": "docs/source-audits/2026-09-29-remaining-cad/trango-rock-prodigy-forge/source-audit.md",
-      "metadataAudit": "docs/source-audits/2026-09-29-remaining-cad/trango-rock-prodigy-forge/metadata-diff.json",
-      "nativeValidation": "Reopen/recompute and meaningful edit/restore checks; published depths, contact bindings, unbound export and independent fresh compiler reproduction verified. Exact hash-bound reports are retained in the packet.",
-      "nativeAppValidation": "docs/source-audits/2026-09-29-remaining-cad/trango-rock-prodigy-forge/app-review/validation.json",
-      "geometryAcceptance": "pending requested one-by-one user review",
-      "sourceReferenceCommit": "d0e4e95191e4a76822815bb4eeef3a32caa6fea0"
+      "comparison": "docs/source-audits/2026-09-29-remaining-cad/trango-rock-prodigy-forge/review15-2026-10-02/index.html",
+      "metadataAudit": "docs/source-audits/2026-09-29-remaining-cad/trango-rock-prodigy-forge/review15-2026-10-02/installation-proof.json",
+      "nativeValidation": "Open outer-wing recess and set-back lower pinch return restored from approved whole maker photos and diagrams. All 20 contact identities, factual fields and native contact surfaces preserved. Reversible native edits, independent depth/angle checks, unbound USDZ reimport, deterministic export and final whole export comparisons pass; see review15-2026-10-02.",
+      "nativeAppValidation": "docs/source-audits/2026-09-29-remaining-cad/trango-rock-prodigy-forge/review15-2026-10-02/runtime-validation.json",
+      "geometryAcceptance": "Pending #15 human CAD shape review; current app appearance and workflow unverified",
+      "sourceReferenceCommit": "d0e4e95191e4a76822815bb4eeef3a32caa6fea0",
+      "historicalMigrationReview": {
+        "source": "Hangboards/trango-rock-prodigy-forge/trango-rock-prodigy-forge.FCStd",
+        "sourceSHA256": "8376c4a3ab15979ceb39c513f7533b5891240321a74dd4fd2894e8057059d75a",
+        "boardMetadata": "Generated at build time from the embedded HangTenBoardManifest; exact metadata changes and source mappings retained in the review packet.",
+        "assetSHA256": "4b70e9231cf3c4b26cf9e69271cb1d6d91a1e3f31d001fe4f0456092cd8ea1f4",
+        "descriptorSHA256": "9f5fc4e0c07cb2e745e54007b303c9b10018d5c49c9e060ed77fea85c2bbe2ef",
+        "assets": {
+          "assets/primary.usdz": {
+            "modelSHA256": "4b70e9231cf3c4b26cf9e69271cb1d6d91a1e3f31d001fe4f0456092cd8ea1f4",
+            "descriptorPath": "assets/primary.model.json",
+            "descriptorSHA256": "9f5fc4e0c07cb2e745e54007b303c9b10018d5c49c9e060ed77fea85c2bbe2ef"
+          }
+        },
+        "compiler": "Tools/HangboardCAD/compile_board.py; pinned FreeCAD 1.1.3 and OCCT 7.8.1; unbound meshes.",
+        "provenance": "docs/source-audits/2026-09-29-remaining-cad/trango-rock-prodigy-forge/source-audit.md",
+        "comparison": "docs/source-audits/2026-09-29-remaining-cad/trango-rock-prodigy-forge/source-audit.md",
+        "metadataAudit": "docs/source-audits/2026-09-29-remaining-cad/trango-rock-prodigy-forge/metadata-diff.json",
+        "nativeValidation": "Reopen/recompute and meaningful edit/restore checks; published depths, contact bindings, unbound export and independent fresh compiler reproduction verified. Exact hash-bound reports are retained in the packet.",
+        "nativeAppValidation": "docs/source-audits/2026-09-29-remaining-cad/trango-rock-prodigy-forge/app-review/validation.json",
+        "geometryAcceptance": "pending requested one-by-one user review",
+        "sourceReferenceCommit": "d0e4e95191e4a76822815bb4eeef3a32caa6fea0"
+      }
     },
     "yy-baguette": {
       "source": "Hangboards/yy-baguette/yy-baguette.FCStd",
@@ -1323,6 +1345,12 @@
       "date": "2026-10-02",
       "reason": "Rejected Flash same-face stitches; replace with conditional inferred exterior barrel wraps",
       "path": "docs/source-audits/2026-09-29-remaining-cad/tension-flash-board/review14-2026-10-02/cord-feedback/rejected-delivery-checksums.txt"
+    },
+    {
+      "sha256Manifest": "b3b0b9bc93b07f3bed5df3888a3b106f30fededbad25d37743bcb37f97814bb9",
+      "date": "2026-10-02",
+      "reason": "Forge outer-wing recess, set-back lower lip and generic plastic display selector",
+      "path": "docs/source-audits/2026-09-29-remaining-cad/trango-rock-prodigy-forge/review15-2026-10-02/prior-delivery-checksums.txt"
     }
   ],
   "individualReviewRevisions": [
diff --git a/docs/source-audits/2026-09-29-remaining-cad/delivery-checksums.txt b/docs/source-audits/2026-09-29-remaining-cad/delivery-checksums.txt
index 49c72a869..d4cabac75 100644
--- a/docs/source-audits/2026-09-29-remaining-cad/delivery-checksums.txt
+++ b/docs/source-audits/2026-09-29-remaining-cad/delivery-checksums.txt
@@ -108,8 +108,8 @@ a62e392e26ad36ae13acd9b453ce3b9315d70e8516272b24f1c429e5803ea723  Hangboards/ten
 17c04e7fc31a8cbcfc93a9314e50700611c831dccd0cf63bb69222f3d43bf00c  Hangboards/tension-whetstone/tension-whetstone.FCStd
 6d0d41548748408a8a4b0d5c0037a498f17589aafddb1817cab83a221f75444b  Hangboards/the-hangboard/assets/primary.model.json
 1ff13aaf7b4442b682333c8cb845c2550ebe7170c75bf1936042d70e3aee3f0d  Hangboards/the-hangboard/the-hangboard.FCStd
-9f5fc4e0c07cb2e745e54007b303c9b10018d5c49c9e060ed77fea85c2bbe2ef  Hangboards/trango-rock-prodigy-forge/assets/primary.model.json
-8376c4a3ab15979ceb39c513f7533b5891240321a74dd4fd2894e8057059d75a  Hangboards/trango-rock-prodigy-forge/trango-rock-prodigy-forge.FCStd
+ec716c7eddbfeeae7ca4881b146dd824138af137299ed23c10b5706076b989e6  Hangboards/trango-rock-prodigy-forge/assets/primary.model.json
+4f970f46263bbf8e3cc4a1995fe48f4c3c6f638f65b816c9fb0a95a65843dc4e  Hangboards/trango-rock-prodigy-forge/trango-rock-prodigy-forge.FCStd
 7b888ca64b2065530c1953003f5ab662f6075518456879b331e5342d984d2ac8  Hangboards/trango-rock-prodigy-natural/assets/primary.model.json
 f913ecd901834c9e000ecc660144625c70e453856e150de9dd119b5bf6a0f17e  Hangboards/trango-rock-prodigy-natural/assets/primary.usdz
 2e6f7231c49f8ba1140e208277eb1d0d95fc235ac05f5f86ffd547aff160ea52  Hangboards/trango-rock-prodigy-natural/board.json
diff --git a/docs/source-audits/2026-09-29-remaining-cad/delivery-validation.json b/docs/source-audits/2026-09-29-remaining-cad/delivery-validation.json
index 5efdc923a..4d3ff3c15 100644
--- a/docs/source-audits/2026-09-29-remaining-cad/delivery-validation.json
+++ b/docs/source-audits/2026-09-29-remaining-cad/delivery-validation.json
@@ -61,7 +61,7 @@
     "zlagboard-evo",
     "zlagboard-pro"
   ],
-  "sha256Manifest": "b3b0b9bc93b07f3bed5df3888a3b106f30fededbad25d37743bcb37f97814bb9",
+  "sha256Manifest": "c2963fa7e5e8a39c7f1011c24ed5bac2b887d11ad48ab2f9f822ba66a0b593c8",
   "assetCommit": "bf8adac866787e79ecd071edda57bfe310518a6b",
   "scope": "exact-file identity for committed files; a source-backed board pins its compiled asset through descriptor modelSHA256 and its build-time board.json through the locked FCStd and optional suspension sidecar",
   "stoneHangerMiniReview10": {
@@ -117,5 +117,13 @@
       "unchangedLockedFiles": 134,
       "threadingStatus": "Conditional inferred display adaptation; hidden passage, continuity and contact order unobserved"
     }
+  },
+  "trangoForgeReview15": {
+    "report": "docs/source-audits/2026-09-29-remaining-cad/trango-rock-prodigy-forge/review15-2026-10-02/delivery-check.json",
+    "changedLockedFiles": [
+      "Hangboards/trango-rock-prodigy-forge/assets/primary.model.json",
+      "Hangboards/trango-rock-prodigy-forge/trango-rock-prodigy-forge.FCStd"
+    ],
+    "unchangedLockedFiles": 133
   }
 }
