PID	Status	Label
-	0	com.apple.progressd
-	0	com.apple.CoreAuthentication.daemon
-	0	com.apple.cloudphotod
56465	0	com.apple.homed
56512	0	com.apple.modelcatalogd
56498	0	com.apple.dataaccess.dataaccessd
-	0	com.apple.DragUI.druid
-	0	com.apple.bird
56495	0	com.apple.fitnesscoachingd
-	0	com.apple.knowledgeconstructiond
56401	0	com.apple.biomed
56441	0	com.apple.nsurlsessiond
-	0	com.apple.devicecheckd
-	0	com.apple.UIKit.KeyboardManagement
56507	0	com.apple.activityawardsd
56500	0	com.apple.ind
-	0	com.apple.iconservices.iconservicesagent
56485	0	com.apple.diagnosticextensionsd
-	0	com.apple.intelligenceplatformd
56490	0	com.apple.SafariBookmarksSyncAgent
56404	0	com.apple.syslogd
56467	0	com.apple.localizationswitcherd
56387	0	com.apple.SpringBoard
-	0	com.apple.commandandcontrol
-	0	com.apple.certui.relay
-	0	com.apple.NeighborhoodActivityConduitService
-	0	com.apple.appleaccounttransparencyd
56410	0	com.apple.ManagedSettingsAgent
56456	0	com.apple.datamigrator
56442	0	com.apple.securityd
-	0	com.apple.cfnetwork.cfnetworkagent
-	78	com.apple.tipsd
-	0	com.apple.MapKit.SnapshotService
-	0	com.apple.aps.tcpdump.pdp_ip0
56386	0	com.apple.UserEventAgent-System
-	0	com.apple.stickersd
-	0	com.apple.coresymbolicationd
-	0	com.apple.GeoServices.MapsOfflineServices
-	0	com.apple.TrustedPeersHelper
-	0	com.apple.itunesstored
-	0	com.apple.assistant_service
-	0	com.apple.PrintKit.PrinterTool
-	0	com.apple.MediaRemoteUI
-	0	com.apple.AppDistributionLaunchAngel
-	0	com.apple.managedconfiguration.passcodenagd
-	0	com.apple.icloudsubscriptionoptimizerd
-	0	com.apple.facetimemessagestored
56391	0	com.apple.peopled
56816	0	com.apple.fontservicesd
-	0	com.apple.PosterBoard
56392	0	com.apple.replicatord
-	0	com.apple.mediaanalysisd.service
56394	0	com.apple.mediaremoted
56396	0	com.apple.accessibility.axassetsd
-	0	com.apple.systemactions
-	0	com.apple.quicklook.ThumbnailsAgent
-	0	com.apple.asktod
-	0	com.apple.instruments.deviceservice
-	0	com.apple.tonelibraryd
56398	0	com.apple.ids_simd
-	0	com.apple.activitysharingd
-	0	com.apple.assistivetouchd
-	0	com.apple.webprivacyd
-	0	com.apple.ctcategories.service
-	0	com.apple.coredevice.dtconfigurationd
-	0	com.apple.ctkd
-	0	com.apple.exchangesyncd
-	0	com.apple.Maps.geocorrectiond
56406	0	com.apple.wcd
-	0	com.apple.voicebankingd
-	0	com.apple.gamesaved
56530	0	com.apple.countryd
56496	0	com.apple.Safari.passwordbreachd
-	0	com.apple.Safari.SafeBrowsing.Service
-	0	com.apple.maps.destinationd
56528	0	com.apple.ScreenTimeAgent
56450	0	com.apple.cloudd
-	0	com.apple.carkitd
-	0	com.apple.cmfsyncagent
-	0	com.apple.coredevice.dthidd
56489	0	com.apple.ap.adprivacyd
-	0	com.apple.ap.promotedcontentd
56438	0	com.apple.aslmanager
-	0	com.apple.intelligencetasksd
-	0	com.apple.contacts.postersyncd
56451	0	com.apple.nanoregistryd
-	0	com.apple.amsondevicestoraged
-	0	com.apple.coredevice.dticond
56390	0	com.apple.runningboardd
-	0	com.apple.tzlinkd
-	0	com.apple.synapse.contentlinkingd
-	0	com.apple.idcredd
-	0	com.apple.mediastream.mstreamd
-	0	com.apple.InputUI
-	0	com.apple.MusicKit.UI
-	0	com.apple.safetycheckd
-	0	com.apple.healthrecordsd
56397	0	com.apple.healthd
56445	0	com.apple.triald
-	0	com.apple.mobilegestalt.xpc
56399	0	com.apple.tccd
-	0	com.apple.nexusd
56471	0	com.apple.StatusKitAgent
-	0	com.apple.activityprogress.activityprogressui
-	0	com.apple.storekitd
-	0	com.apple.uikit.eyedropperd
-	0	com.apple.merchantd
-	0	com.apple.webkit.adattributiond
-	0	com.apple.devicemanagementclient.mdmd
56527	0	com.apple.textunderstandingd
56453	0	com.apple.liveactivitiesd
56502	0	com.apple.akd
-	0	com.apple.mobile.installd
-	0	com.apple.jetpackassetd
-	0	com.apple.homeeventsd
56526	0	com.apple.assetsd
-	0	com.apple.AXMediaUtilitiesService
-	0	com.apple.healtheventsd
56405	0	com.apple.appprotectiond
-	0	com.apple.searchtoold
-	0	com.apple.callintelligenced
-	0	com.apple.splashboard
-	0	com.apple.UIKit.SecureControlService
-	0	com.apple.managedassetsd
56407	0	com.apple.askpermissiond
56408	0	com.apple.backboardd
-	0	com.apple.CameraOverlayAngel
56447	0	com.apple.lsd
-	0	com.apple.announced
-	0	com.apple.webinspectord
-	0	com.apple.ProximityReaderSceneUI
56492	0	com.apple.avatarsd
-	0	com.apple.devicesharingd
56529	0	com.apple.siri.context.service
-	0	com.apple.mediaartworkd
56472	0	com.apple.pluginkit.pkd
-	0	com.apple.coredatad
56417	0	com.apple.CoreSimulator.bridge
-	0	com.apple.logind
56419	0	com.apple.remindd
56473	0	com.apple.findmy.findmylocated
56506	0	com.apple.searchd
57660	0	com.apple.nanoregistrylaunchd
-	0	com.apple.webkit.webpushd
56479	0	com.apple.weatherd
-	0	com.apple.tvremoted
-	0	com.apple.voiced
-	0	com.apple.GSSCred
-	0	com.apple.accounts.dom
-	0	com.apple.mdt
57855	0	com.apple.modelmanagerd
-	0	com.apple.coredevice.dtappserviced
56477	0	com.apple.appleaccountd
56400	0	com.apple.parsecd
-	0	com.apple.mlruntimed
-	0	com.apple.TextInput.kbd
-	0	com.apple.sensorkitd
56476	0	com.apple.dmd
-	0	com.apple.parsec-fbf
-	0	com.apple.security.swcagent
-	0	com.apple.healthcontentd
56480	0	com.apple.followupd
-	0	com.apple.PointerUI.pointeruid
56679	0	com.apple.coredevice.dtuhidd
56403	0	com.apple.identityservicesd
56464	0	com.apple.telephonyutilities.callservicesd
-	0	com.apple.MobileInstallationHelperService
56739	0	com.apple.generativeexperiencesd
-	0	com.apple.ScreenTimeSettingsAgent
-	0	com.apple.DesktopServicesHelper
-	0	com.apple.SecureBackupDaemon
-	0	com.apple.intelligenceflowd
56627	0	com.apple.businessservicesd
-	0	com.apple.and
-	0	com.apple.siri.acousticsignature
56487	0	com.apple.WebBookmarks.webbookmarksd
56411	0	com.apple.locationd
-	0	com.apple.feedbackd
56737	0	com.apple.coredevice.dtpasteboardd
56454	0	com.apple.containermanagerd
-	0	com.apple.rtcreportingd
-	0	com.apple.avconferenced
56412	0	com.apple.nanoprefsyncd.2
-	0	com.apple.imdpersistence.IMDPersistenceAgent
-	0	com.apple.MobileAsset.ManifestStorageService
-	0	com.apple.audio.systemsoundserver-simd
-	0	com.apple.devicemanagementclient.mdmuserd
-	0	com.apple.fitcore.session
-	0	com.apple.finhealthd
-	0	com.apple.browserkitd
-	0	com.apple.reversetemplated
56421	0	com.apple.rapportd
-	0	com.apple.accessibility.axremoted
-	0	com.apple.ABDatabaseDoctor
-	0	com.apple.mlhostd
57914	0	com.apple.assetsubscriptiond
56393	0	com.apple.accountsd
56466	0	com.apple.cdpd
56395	0	com.apple.routined
58180	0	com.apple.xpc.launchd.oneshot.0x10000001.launchctl
-	0	com.apple.managedappdistributiond
56459	0	com.apple.siriactionsd
-	0	com.apple.FileCoordination
-	0	com.apple.healthappd
-	0	com.apple.remoteappintentsd
56444	0	com.apple.pasteboard.pasted
-	0	com.apple.storagedatad
-	0	com.apple.AssetCacheLocatorService
-	0	com.apple.videosubscriptionsd
-	0	com.apple.speechmodeltrainingd
-	0	com.apple.familynotification
-	0	com.apple.protectedcloudstorage.protectedcloudkeysyncing
-	0	com.apple.FileProvider
-	0	com.apple.imcore.imtransferagent
56402	0	com.apple.mobiletimerd
-	0	com.apple.ckdiscretionaryd
56488	0	com.apple.featureaccessd
-	0	com.apple.fullkeyboardaccess
-	0	com.apple.AppSSODaemon
-	0	com.apple.EscrowSecurityAlert
-	0	com.apple.nanobackupd
-	0	com.apple.VoiceOverTouch
-	0	com.apple.spotlightknowledged
-	0	com.apple.securityuploadd
-	0	com.apple.midiserver.sim
-	0	com.apple.devicemanagementclient.teslad
-	0	com.apple.companiond
56499	0	com.apple.siriknowledged
-	0	com.apple.PassbookUISceneService
56409	0	com.apple.sharingd
-	0	com.apple.trustd
56470	0	com.apple.familycircled
-	0	com.apple.dt.ViewHierarchyAgent
-	0	com.apple.RemoteManagementAgent
-	0	com.apple.cloudsettingssyncagent
56497	0	com.apple.assistant_cdmd
-	0	com.apple.ShortcutsUI
-	0	com.apple.photoanalysisd
-	0	com.apple.logd_reporter
-	0	com.apple.imautomatichistorydeletionagent
56415	0	com.apple.distnoted.xpc.daemon
56509	0	com.apple.suggestd
56418	0	com.apple.navd
56483	0	com.apple.purplebuddy.budd
56420	0	com.apple.revisiond
-	0	com.apple.networkendpointpickerui
-	0	com.apple.appleidsetupd
56422	0	com.apple.amsaccountsd
-	0	com.apple.Maps.mapssyncd
56439	0	com.apple.cfprefsd.xpc.daemon
-	0	com.apple.applicensedeliveryd
-	0	com.apple.gputoolsserviced
56455	0	com.apple.usernotificationsd
-	0	com.apple.FamilyControlsAgent
-	0	com.apple.relatived
56389	0	com.apple.assistantd
56504	0	com.apple.siriinferenced
-	0	com.apple.coredevice.dtlocationd
-	0	com.apple.corespotlightservice
56491	0	com.apple.financed
-	0	com.apple.mediaanalysisd
-	0	com.apple.assessmentagent
-	0	com.apple.CarPlayApp
-	0	com.apple.dt.automationmode-writer
-	0	com.apple.testmanagerd
-	0	com.apple.dt.AutomationModeUI
-	0	com.apple.keychainsharingmessagingd
-	0	com.apple.CallKit.CallDirectory
56514	0	com.apple.biomesyncd
-	0	com.apple.iokitsimd
56503	0	com.apple.UsageTrackingAgent
56482	0	com.apple.email.maild
56424	0	com.apple.coredevice.dtdeviceinfod
-	0	com.apple.remotemanagementd
56446	0	com.apple.donotdisturbd
-	0	com.apple.livetranscriptionui
-	0	com.apple.Maps.mapspushd
-	0	com.apple.coreidvd
57865	0	com.apple.gamed
-	0	com.apple.medialibraryd
-	0	com.apple.intelligencecontextd
-	0	com.apple.devicemanagementclient.managedappsd
-	0	com.apple.usbsmartcardreaderd
-	0	com.apple.gamecontroller.ConfigService
56461	0	com.apple.AccessibilityUIServer
-	0	com.apple.communicationtrustd
-	0	com.apple.icloudmailagent
-	0	com.apple.sharing.airdropui
-	0	com.apple.toolkitd
56416	0	com.apple.passd
-	0	com.apple.sosd
-	0	com.apple.accessibility.axAuditDaemon.deviceservice
56626	0	com.apple.migrationpluginwrapper
-	0	com.apple.LocalAuthenticationUIService
-	0	com.apple.nanotimekitcompaniond
56508	0	com.apple.sociallayerd
56486	0	com.apple.deviceaccessd
56423	0	com.apple.configd_sim
-	0	com.apple.printbandservice
-	0	com.apple.accessibility.mediaaccessibilityd
56468	0	com.apple.syncdefaultsd
56458	0	com.apple.chronod
-	0	com.apple.accessibility.heard
-	0	com.apple.corespeechd
-	0	com.apple.geoanalyticsd
-	0	com.apple.itunescloudd
-	0	com.apple.scrod
-	0	com.apple.UIKit.OverlayUI
56484	0	com.apple.fitcore
-	0	com.apple.AuthenticationServicesCore.AuthenticationServicesAgent
-	0	com.apple.bookdatastored
-	0	com.apple.sharinguiservice
-	0	com.apple.appstorecomponentsd
56478	0	com.apple.mobileassetd
-	0	com.apple.datamigratorhelper
-	0	com.apple.privacyaccountingd
-	0	com.apple.amsengagementd
-	0	com.apple.proactiveeventtrackerd
56493	0	com.apple.linkd
56463	0	com.apple.managedconfiguration.profiled
-	0	com.apple.musicd
-	0	com.apple.ClockAngel
-	0	com.apple.idsfoundation.IDSRemoteURLConnectionAgent
-	0	com.apple.textcomposerd
-	0	com.apple.safarifetcherd
-	0	com.apple.recentsd
56518	0	com.apple.spotlightknowledged.updater
56513	0	com.apple.sirittsd
-	0	com.apple.installcoordinationd
-	0	com.apple.AccessorySetupUI
56462	0	com.apple.eligibilityd
-	0	com.apple.photos.ImageConversionService
-	0	com.apple.Safari.History
-	0	com.apple.translationd
57918	0	com.apple.calaccessd
56505	0	com.apple.appstored
-	0	com.apple.DataDetectorsSourceAccess
-	0	com.apple.newsd
56440	0	com.apple.apsd
56457	0	com.apple.contactsd
-	0	com.apple.fitnessintelligenced
-	0	com.apple.swcd
56448	0	com.apple.GameController.gamecontrollerd
-	0	com.apple.backgroundassets.user
-	0	com.apple.dt.previewsd
-	0	com.apple.shazamd
-	0	com.apple.CoreRoutine.helperservice
-	0	com.apple.assetsd.nebulad
-	0	com.apple.naturallanguaged
56413	0	com.apple.dasd
56414	0	com.apple.sleepd
56501	0	com.apple.ClipServices.clipserviced
56452	0	com.apple.systemstatusd
-	0	com.apple.handwritingd
56449	0	com.apple.geod
-	0	com.apple.ids.IDSCredentialsAgent
-	0	com.apple.StoreKitUISceneService
-	0	com.apple.photos.VideoConversionService
-	0	com.apple.mobile.MCInstall
-	0	com.apple.aps.tcpdump.en0
-	0	com.apple.photosface
-	0	com.apple.BarcodeSupport.BarcodeNotificationService
