Timestamp               Ty Process[PID:TID]
2026-10-01 22:16:18.138 F  com.apple.migrationpluginwrapper[37628:18451] [com.apple.migration:core] locationdmigrator fault: Migration plugin com.apple.locationd.migrator still running after 5 minutes
2026-10-01 22:16:18.138 A  com.apple.migrationpluginwrapper[37628:18451] (libsystem_trace.dylib) Activity for state dumps
2026-10-01 22:16:18.139 Sd com.apple.migrationpluginwrapper[37628:0] (TCC) TCC Authorization Cache
{
    kTCCServiceAddressBook =     {
        "<Credential (0x137dbd850) | Requestor>" = "<Authorization Record (0x137dbded0) | Service: kTCCServiceAddressBook, AuthRight: Allowed, Reason: Entitled, Version: 2, >";
    };
}
2026-10-01 22:17:10.593 Df com.apple.migrationpluginwrapper[56460:249e9] [com.apple.migration:core] MigrationPluginWrapper service starting...
2026-10-01 22:17:10.593 Df com.apple.migrationpluginwrapper[56460:249e9] [com.apple.xpc:connection] [0x105595500] activating connection: mach=false listener=true peer=false name=com.apple.migrationpluginwrapper
2026-10-01 22:17:10.594 Df com.apple.migrationpluginwrapper[56460:249f3] [com.apple.migration:core] MigrationPluginWrapper adding connection <DMMigrationPluginWrapperProxy: 0x105c540c0>
2026-10-01 22:17:10.594 Df com.apple.migrationpluginwrapper[56460:249f3] [com.apple.migration:core] MigrationPluginWrapper did resume connection <DMMigrationPluginWrapperProxy: 0x105c540c0>
2026-10-01 22:17:10.594 Df com.apple.migrationpluginwrapper[56460:249f3] [com.apple.xpc:connection] [0x105596b60] activating connection: mach=false listener=false peer=true name=com.apple.migrationpluginwrapper.peer[56456].0x105596b60
2026-10-01 22:17:10.594 Df com.apple.migrationpluginwrapper[56460:249f3] [com.apple.migration:core] DMMigrationPluginWrapperProxy handling event 0x105c74000 msgID 0 from client pid 56456
2026-10-01 22:17:10.594 Df com.apple.migrationpluginwrapper[56460:249f3] [com.apple.migration:core] DMMigrationPluginWrapperProxy will unpack event 0x105c74000
2026-10-01 22:17:10.594 A  com.apple.migrationpluginwrapper[56460:249f3] plugin.MobileContainerManagerContainerMigrator
2026-10-01 22:17:10.594 Df com.apple.migrationpluginwrapper[56460:249f3] [com.apple.migration:core] DMMigrationPluginWrapperProxy will load plugin
2026-10-01 22:17:10.594 Df com.apple.migrationpluginwrapper[56460:249f3] [com.apple.migration:core] Will create migrator bundle at /Library/Developer/CoreSimulator/Volumes/iOS_23F77/Library/Developer/CoreSimulator/Profiles/Runtimes/iOS 26.5.simruntime/Contents/Resources/RuntimeRoot/System/Library/DataClassMigrators/ContainerMigrator.migrator
2026-10-01 22:17:10.594 Df com.apple.migrationpluginwrapper[56460:249f3] [com.apple.migration:core] Will load migrator bundle
2026-10-01 22:17:10.598 Df com.apple.migrationpluginwrapper[56460:249f3] [com.apple.migration:core] Will get migrator bundle identifier
2026-10-01 22:17:10.598 Df com.apple.migrationpluginwrapper[56460:249f3] [com.apple.migration:core] Will check migrator principal class
2026-10-01 22:17:10.598 Df com.apple.migrationpluginwrapper[56460:249f3] [com.apple.migration:core] Will instantiate migrator principal class
2026-10-01 22:17:10.598 Df com.apple.migrationpluginwrapper[56460:249f3] [com.apple.migration:core] DMMigrationPluginWrapperProxy got userDataDisposition 0x1 restoredBackupBuildVersion (null) restoredBackupProductType (null) restoredBackupDeviceName (null)
2026-10-01 22:17:10.598 Df com.apple.migrationpluginwrapper[56460:249f3] [com.apple.migration:core] DMMigrationPluginWrapperProxy will call -performMigration
2026-10-01 22:17:10.598 A  com.apple.migrationpluginwrapper[56460:249f3] (libsystem_containermanager.dylib) container_perform_data_migration
2026-10-01 22:17:10.600 Df com.apple.migrationpluginwrapper[56460:249f3] [com.apple.containermanager:unspecified] container_perform_data_migration: success
2026-10-01 22:17:10.600 Df com.apple.migrationpluginwrapper[56460:249f3] [com.apple.xpc:connection] [0x105596b60] invalidated because the client process (pid 56456) either cancelled the connection or exited
2026-10-01 22:17:10.600 Df com.apple.migrationpluginwrapper[56460:249f3] [com.apple.migration:core] MigrationPluginWrapper will remove connection <DMMigrationPluginWrapperProxy: 0x105c540c0>
2026-10-01 22:17:10.600 Df com.apple.migrationpluginwrapper[56460:249f3] [com.apple.migration:core] MigrationPluginWrapper connections count went to zero.
2026-10-01 22:17:10.600 Df com.apple.migrationpluginwrapper[56460:249f3] [com.apple.migration:core] MigrationPluginWrapper did remove connection <DMMigrationPluginWrapperProxy: 0x105c540c0>
2026-10-01 22:17:10.600 Df com.apple.migrationpluginwrapper[56460:249f4] [com.apple.migration:core] MigrationPluginWrapper adding connection <DMMigrationPluginWrapperProxy: 0x105c540c0>
2026-10-01 22:17:10.600 Df com.apple.migrationpluginwrapper[56460:249f4] [com.apple.migration:core] MigrationPluginWrapper did resume connection <DMMigrationPluginWrapperProxy: 0x105c540c0>
2026-10-01 22:17:10.601 Df com.apple.migrationpluginwrapper[56460:249f4] [com.apple.xpc:connection] [0x105596b60] activating connection: mach=false listener=false peer=true name=com.apple.migrationpluginwrapper.peer[56456].0x105596b60
2026-10-01 22:17:10.601 Df com.apple.migrationpluginwrapper[56460:249f3] [com.apple.migration:core] DMMigrationPluginWrapperProxy handling event 0x105c74000 msgID 0 from client pid 56456
2026-10-01 22:17:10.601 Df com.apple.migrationpluginwrapper[56460:249f3] [com.apple.migration:core] DMMigrationPluginWrapperProxy will unpack event 0x105c74000
2026-10-01 22:17:10.601 A  com.apple.migrationpluginwrapper[56460:249f3] plugin.LaunchServicesMigrator
2026-10-01 22:17:10.601 Df com.apple.migrationpluginwrapper[56460:249f3] [com.apple.migration:core] DMMigrationPluginWrapperProxy will load plugin
2026-10-01 22:17:10.601 Df com.apple.migrationpluginwrapper[56460:249f3] [com.apple.migration:core] Will create migrator bundle at /Library/Developer/CoreSimulator/Volumes/iOS_23F77/Library/Developer/CoreSimulator/Profiles/Runtimes/iOS 26.5.simruntime/Contents/Resources/RuntimeRoot/System/Library/DataClassMigrators/00LaunchServicesMigrator.migrator
2026-10-01 22:17:10.601 Df com.apple.migrationpluginwrapper[56460:249f3] [com.apple.migration:core] Will load migrator bundle
2026-10-01 22:17:10.603 Df com.apple.migrationpluginwrapper[56460:249f3] [com.apple.migration:core] Will get migrator bundle identifier
2026-10-01 22:17:10.603 Df com.apple.migrationpluginwrapper[56460:249f3] [com.apple.migration:core] Will check migrator principal class
2026-10-01 22:17:10.603 Df com.apple.migrationpluginwrapper[56460:249f3] [com.apple.migration:core] Will instantiate migrator principal class
2026-10-01 22:17:10.603 Df com.apple.migrationpluginwrapper[56460:249f3] [com.apple.migration:core] DMMigrationPluginWrapperProxy got userDataDisposition 0x1 restoredBackupBuildVersion (null) restoredBackupProductType (null) restoredBackupDeviceName (null)
2026-10-01 22:17:10.603 Df com.apple.migrationpluginwrapper[56460:249f3] [com.apple.migration:core] DMMigrationPluginWrapperProxy will call -performMigration
2026-10-01 22:17:10.604 Df com.apple.migrationpluginwrapper[56460:249f3] [com.apple.xpc:connection] [0x10559b3e0] activating connection: mach=true listener=false peer=false name=com.apple.lsd.rebuild
2026-10-01 22:17:10.611 Df com.apple.migrationpluginwrapper[56460:249f3] [com.apple.xpc:connection] [0x10559b7b0] activating connection: mach=true listener=false peer=false name=com.apple.lsd.mapdb
2026-10-01 22:17:10.617 Df com.apple.migrationpluginwrapper[56460:249f3] [com.apple.xpc:connection] [0x105d2c000] activating connection: mach=true listener=false peer=false name=com.apple.cfprefsd.daemon
2026-10-01 22:17:10.619 Df com.apple.migrationpluginwrapper[56460:249f3] [com.apple.launchservices:default] Correct-TV-app-restriction migration has already run. Success!
2026-10-01 22:17:10.619 Df com.apple.migrationpluginwrapper[56460:249f3] [com.apple.xpc:connection] [0x105596b60] invalidated because the client process (pid 56456) either cancelled the connection or exited
2026-10-01 22:17:10.619 Df com.apple.migrationpluginwrapper[56460:249f3] [com.apple.migration:core] MigrationPluginWrapper will remove connection <DMMigrationPluginWrapperProxy: 0x105c540c0>
2026-10-01 22:17:10.619 Df com.apple.migrationpluginwrapper[56460:249f3] [com.apple.migration:core] MigrationPluginWrapper connections count went to zero.
2026-10-01 22:17:10.619 Df com.apple.migrationpluginwrapper[56460:249f3] [com.apple.migration:core] MigrationPluginWrapper did remove connection <DMMigrationPluginWrapperProxy: 0x105c540c0>
2026-10-01 22:17:10.619 Df com.apple.migrationpluginwrapper[56460:249f4] [com.apple.migration:core] MigrationPluginWrapper adding connection <DMMigrationPluginWrapperProxy: 0x105c540c0>
2026-10-01 22:17:10.619 Df com.apple.migrationpluginwrapper[56460:249f4] [com.apple.migration:core] MigrationPluginWrapper did resume connection <DMMigrationPluginWrapperProxy: 0x105c540c0>
2026-10-01 22:17:10.620 Df com.apple.migrationpluginwrapper[56460:249f4] [com.apple.xpc:connection] [0x105596b60] activating connection: mach=false listener=false peer=true name=com.apple.migrationpluginwrapper.peer[56456].0x105596b60
2026-10-01 22:17:10.620 Df com.apple.migrationpluginwrapper[56460:249f3] [com.apple.migration:core] DMMigrationPluginWrapperProxy handling event 0x105c74000 msgID 0 from client pid 56456
2026-10-01 22:17:10.620 Df com.apple.migrationpluginwrapper[56460:249f3] [com.apple.migration:core] DMMigrationPluginWrapperProxy will unpack event 0x105c74000
2026-10-01 22:17:10.620 A  com.apple.migrationpluginwrapper[56460:249f3] plugin.securitydKeychainMigrator
2026-10-01 22:17:10.620 Df com.apple.migrationpluginwrapper[56460:249f3] [com.apple.migration:core] DMMigrationPluginWrapperProxy will load plugin
2026-10-01 22:17:10.620 Df com.apple.migrationpluginwrapper[56460:249f3] [com.apple.migration:core] Will create migrator bundle at /Library/Developer/CoreSimulator/Volumes/iOS_23F77/Library/Developer/CoreSimulator/Profiles/Runtimes/iOS 26.5.simruntime/Contents/Resources/RuntimeRoot/System/Library/DataClassMigrators/KeychainMigrator.migrator
2026-10-01 22:17:10.620 Df com.apple.migrationpluginwrapper[56460:249f3] [com.apple.migration:core] Will load migrator bundle
2026-10-01 22:17:10.625 Df com.apple.migrationpluginwrapper[56460:249f3] [com.apple.migration:core] Will get migrator bundle identifier
2026-10-01 22:17:10.625 Df com.apple.migrationpluginwrapper[56460:249f3] [com.apple.migration:core] Will check migrator principal class
2026-10-01 22:17:10.625 Df com.apple.migrationpluginwrapper[56460:249f3] [com.apple.migration:core] Will instantiate migrator principal class
2026-10-01 22:17:10.625 Df com.apple.migrationpluginwrapper[56460:249f3] [com.apple.migration:core] DMMigrationPluginWrapperProxy got userDataDisposition 0x1 restoredBackupBuildVersion (null) restoredBackupProductType (null) restoredBackupDeviceName (null)
2026-10-01 22:17:10.625 Df com.apple.migrationpluginwrapper[56460:249f3] [com.apple.migration:core] DMMigrationPluginWrapperProxy will call -performMigration
2026-10-01 22:17:10.625 Df com.apple.migrationpluginwrapper[56460:249f3] (KeychainMigrator) Performing keychain migration
2026-10-01 22:17:10.626 Df com.apple.migrationpluginwrapper[56460:249f3] [com.apple.xpc:connection] [0x105d2c140] activating connection: mach=true listener=false peer=false name=com.apple.securityd.general
2026-10-01 22:17:10.627 Df com.apple.migrationpluginwrapper[56460:249f3] [com.apple.securityd:xpc] upgradeIfNeeded result: 0
2026-10-01 22:17:10.627 Df com.apple.migrationpluginwrapper[56460:249f3] [com.apple.migration:core] MigrationPluginWrapper adding connection <DMMigrationPluginWrapperProxy: 0x105c54100>
2026-10-01 22:17:10.627 Df com.apple.migrationpluginwrapper[56460:249f3] [com.apple.migration:core] MigrationPluginWrapper did resume connection <DMMigrationPluginWrapperProxy: 0x105c54100>
2026-10-01 22:17:10.627 Df com.apple.migrationpluginwrapper[56460:249f3] [com.apple.xpc:connection] [0x10559a8e0] activating connection: mach=false listener=false peer=true name=com.apple.migrationpluginwrapper.peer[56456].0x10559a8e0
2026-10-01 22:17:10.627 Df com.apple.migrationpluginwrapper[56460:249f4] [com.apple.xpc:connection] [0x105596b60] invalidated because the client process (pid 56456) either cancelled the connection or exited
2026-10-01 22:17:10.627 Df com.apple.migrationpluginwrapper[56460:249f3] [com.apple.migration:core] DMMigrationPluginWrapperProxy handling event 0x105c74000 msgID 0 from client pid 56456
2026-10-01 22:17:10.627 Df com.apple.migrationpluginwrapper[56460:249f3] [com.apple.migration:core] DMMigrationPluginWrapperProxy will unpack event 0x105c74000
2026-10-01 22:17:10.627 Df com.apple.migrationpluginwrapper[56460:249f4] [com.apple.migration:core] MigrationPluginWrapper will remove connection <DMMigrationPluginWrapperProxy: 0x105c540c0>
2026-10-01 22:17:10.627 A  com.apple.migrationpluginwrapper[56460:249f3] plugin.managedconfigurationmigrator
2026-10-01 22:17:10.627 Df com.apple.migrationpluginwrapper[56460:249f3] [com.apple.migration:core] DMMigrationPluginWrapperProxy will load plugin
2026-10-01 22:17:10.627 Df com.apple.migrationpluginwrapper[56460:249f3] [com.apple.migration:core] Will create migrator bundle at /Library/Developer/CoreSimulator/Volumes/iOS_23F77/Library/Developer/CoreSimulator/Profiles/Runtimes/iOS 26.5.simruntime/Contents/Resources/RuntimeRoot/System/Library/DataClassMigrators/MCProfile.migrator
2026-10-01 22:17:10.627 Df com.apple.migrationpluginwrapper[56460:249f3] [com.apple.migration:core] Will load migrator bundle
2026-10-01 22:17:10.635 Df com.apple.migrationpluginwrapper[56460:249f4] [com.apple.migration:core] MigrationPluginWrapper did remove connection <DMMigrationPluginWrapperProxy: 0x105c540c0>
2026-10-01 22:17:10.636 Df com.apple.migrationpluginwrapper[56460:249f3] [com.apple.migration:core] Will get migrator bundle identifier
2026-10-01 22:17:10.636 Df com.apple.migrationpluginwrapper[56460:249f3] [com.apple.migration:core] Will check migrator principal class
2026-10-01 22:17:10.636 Df com.apple.migrationpluginwrapper[56460:249f3] [com.apple.migration:core] Will instantiate migrator principal class
2026-10-01 22:17:10.636 Df com.apple.migrationpluginwrapper[56460:249f3] [com.apple.migration:core] DMMigrationPluginWrapperProxy got userDataDisposition 0x1 restoredBackupBuildVersion (null) restoredBackupProductType (null) restoredBackupDeviceName (null)
2026-10-01 22:17:10.636 Df com.apple.migrationpluginwrapper[56460:249f3] [com.apple.migration:core] DMMigrationPluginWrapperProxy will call -performMigration
2026-10-01 22:17:10.636 Df com.apple.migrationpluginwrapper[56460:249f3] [com.apple.migration:core] Starting ManagedConfiguration migration
2026-10-01 22:17:10.636 Df com.apple.migrationpluginwrapper[56460:249f3] [com.apple.migration:core] MCProfileMigrator: context: Device erasure
2026-10-01 22:17:10.636 A  com.apple.migrationpluginwrapper[56460:249f3] (libsystem_containermanager.dylib) container_system_group_path_for_identifier
2026-10-01 22:17:10.636 Df com.apple.migrationpluginwrapper[56460:249f3] [com.apple.containermanager:xpc] Requesting container lookup; class = 13, identifier = (null), group_identifier = systemgroup.com.apple.configurationprofiles, create = 1, temp = 0, euid = 502, uid = 502
2026-10-01 22:17:10.636 A  com.apple.migrationpluginwrapper[56460:249f3] (libsystem_containermanager.dylib) container_query_t
2026-10-01 22:17:10.636 Df com.apple.migrationpluginwrapper[56460:249f3] [com.apple.containermanager:xpc] Query; euid = 502, uid = 502, class = 13, identifier = [(null)](0), flags = 900000003
2026-10-01 22:17:10.637 Df com.apple.migrationpluginwrapper[56460:249f3] [com.apple.containermanager:unspecified] _container_query_get_result_at_index: success
2026-10-01 22:17:10.637 Df com.apple.migrationpluginwrapper[56460:249f3] [com.apple.containermanager:sandbox] Consumed sandbox extension; path = [/Users/asherlc/Library/Developer/CoreSimulator/Devices/1684856E-FC2D-4407-8063-9B343B99CAD6/data/Containers/Shared/SystemGroup/systemgroup.com.apple.configurationprofiles], handle = 0
2026-10-01 22:17:10.637 A  com.apple.migrationpluginwrapper[56460:249f3] (libsystem_containermanager.dylib) container_copy_object
2026-10-01 22:17:10.637 Df com.apple.migrationpluginwrapper[56460:249f3] [com.apple.containermanager:unspecified] container_system_group_path_for_identifier: success
2026-10-01 22:17:10.637 Df com.apple.migrationpluginwrapper[56460:249f3] [com.apple.migration:core] Checking for deprecated restrictions
2026-10-01 22:17:10.637 Df com.apple.migrationpluginwrapper[56460:249f3] [com.apple.migration:core] Applying heuristics to grandfathered restrictions if needed
2026-10-01 22:17:10.637 Df com.apple.migrationpluginwrapper[56460:249f3] [com.apple.migration:core] Shutting profiled down to prepare migration completion.
2026-10-01 22:17:10.638 Df com.apple.migrationpluginwrapper[56460:249f3] [com.apple.xpc:connection] [0x105d2c780] activating connection: mach=true listener=false peer=false name=com.apple.managedconfiguration.profiled
2026-10-01 22:17:10.954 Df com.apple.migrationpluginwrapper[56460:249f3] [com.apple.ManagedConfiguration:ProfileConnection] Waiting for profiled to shut down...
2026-10-01 22:17:20.954 F  com.apple.migrationpluginwrapper[56460:249f4] [com.apple.ManagedConfiguration:ProfileConnection] Timed out waiting for profiled to exit.
2026-10-01 22:17:20.954 A  com.apple.migrationpluginwrapper[56460:249f4] (libsystem_trace.dylib) Activity for state dumps
2026-10-01 22:17:20.954 Df com.apple.migrationpluginwrapper[56460:249e9] [com.apple.migration:core] DMMigrationPluginWrapperProxy will attempt to exit clean.
2026-10-01 22:17:21.140 Df com.apple.migrationpluginwrapper[56626:24de9] [com.apple.migration:core] MigrationPluginWrapper service starting...
2026-10-01 22:17:21.141 Df com.apple.migrationpluginwrapper[56626:24de9] [com.apple.xpc:connection] [0x102f59500] activating connection: mach=false listener=true peer=false name=com.apple.migrationpluginwrapper
2026-10-01 22:17:21.141 Df com.apple.migrationpluginwrapper[56626:24df4] [com.apple.migration:core] MigrationPluginWrapper adding connection <DMMigrationPluginWrapperProxy: 0x1034540c0>
2026-10-01 22:17:21.141 Df com.apple.migrationpluginwrapper[56626:24df4] [com.apple.migration:core] MigrationPluginWrapper did resume connection <DMMigrationPluginWrapperProxy: 0x1034540c0>
2026-10-01 22:17:21.141 Df com.apple.migrationpluginwrapper[56626:24df4] [com.apple.xpc:connection] [0x102f5ab60] activating connection: mach=false listener=false peer=true name=com.apple.migrationpluginwrapper.peer[56456].0x102f5ab60
2026-10-01 22:17:21.141 Df com.apple.migrationpluginwrapper[56626:24df4] [com.apple.migration:core] DMMigrationPluginWrapperProxy handling event 0x103474000 msgID 0 from client pid 56456
2026-10-01 22:17:21.141 Df com.apple.migrationpluginwrapper[56626:24df4] [com.apple.migration:core] DMMigrationPluginWrapperProxy will unpack event 0x103474000
2026-10-01 22:17:21.141 A  com.apple.migrationpluginwrapper[56626:24df4] plugin.MobileGestaltMobileGestaltMigrator
2026-10-01 22:17:21.141 Df com.apple.migrationpluginwrapper[56626:24df4] [com.apple.migration:core] DMMigrationPluginWrapperProxy will load plugin
2026-10-01 22:17:21.141 Df com.apple.migrationpluginwrapper[56626:24df4] [com.apple.migration:core] Will create migrator bundle at /Library/Developer/CoreSimulator/Volumes/iOS_23F77/Library/Developer/CoreSimulator/Profiles/Runtimes/iOS 26.5.simruntime/Contents/Resources/RuntimeRoot/System/Library/DataClassMigrators/MobileGestaltMigrator.migrator
2026-10-01 22:17:21.142 Df com.apple.migrationpluginwrapper[56626:24df4] [com.apple.migration:core] Will load migrator bundle
2026-10-01 22:17:21.145 Df com.apple.migrationpluginwrapper[56626:24df4] [com.apple.migration:core] Will get migrator bundle identifier
2026-10-01 22:17:21.145 Df com.apple.migrationpluginwrapper[56626:24df4] [com.apple.migration:core] Will check migrator principal class
2026-10-01 22:17:21.145 Df com.apple.migrationpluginwrapper[56626:24df4] [com.apple.migration:core] Will instantiate migrator principal class
2026-10-01 22:17:21.145 Df com.apple.migrationpluginwrapper[56626:24df4] [com.apple.migration:core] DMMigrationPluginWrapperProxy got userDataDisposition 0x1 restoredBackupBuildVersion (null) restoredBackupProductType (null) restoredBackupDeviceName (null)
2026-10-01 22:17:21.145 Df com.apple.migrationpluginwrapper[56626:24df4] [com.apple.migration:core] DMMigrationPluginWrapperProxy will call -performMigration
2026-10-01 22:17:21.145 Df com.apple.migrationpluginwrapper[56626:24df4] (libMobileGestalt.dylib) No persisted cache on this platform.
2026-10-01 22:17:21.145 Df com.apple.migrationpluginwrapper[56626:24df4] (MobileGestaltMigrator) MGCache was valid already. No need to rebuild it.
2026-10-01 22:17:21.145 Df com.apple.migrationpluginwrapper[56626:24df4] [com.apple.xpc:connection] [0x102f5ab60] invalidated because the client process (pid 56456) either cancelled the connection or exited
2026-10-01 22:17:21.145 Df com.apple.migrationpluginwrapper[56626:24df4] [com.apple.migration:core] MigrationPluginWrapper will remove connection <DMMigrationPluginWrapperProxy: 0x1034540c0>
2026-10-01 22:17:21.145 Df com.apple.migrationpluginwrapper[56626:24df4] [com.apple.migration:core] MigrationPluginWrapper connections count went to zero.
2026-10-01 22:17:21.145 Df com.apple.migrationpluginwrapper[56626:24df4] [com.apple.migration:core] MigrationPluginWrapper did remove connection <DMMigrationPluginWrapperProxy: 0x1034540c0>
2026-10-01 22:17:21.145 Df com.apple.migrationpluginwrapper[56626:24df5] [com.apple.migration:core] MigrationPluginWrapper adding connection <DMMigrationPluginWrapperProxy: 0x1034540c0>
2026-10-01 22:17:21.145 Df com.apple.migrationpluginwrapper[56626:24df5] [com.apple.migration:core] MigrationPluginWrapper did resume connection <DMMigrationPluginWrapperProxy: 0x1034540c0>
2026-10-01 22:17:21.145 Df com.apple.migrationpluginwrapper[56626:24df5] [com.apple.xpc:connection] [0x102f5ab60] activating connection: mach=false listener=false peer=true name=com.apple.migrationpluginwrapper.peer[56456].0x102f5ab60
2026-10-01 22:17:21.145 Df com.apple.migrationpluginwrapper[56626:24df4] [com.apple.migration:core] DMMigrationPluginWrapperProxy handling event 0x103474000 msgID 0 from client pid 56456
2026-10-01 22:17:21.145 Df com.apple.migrationpluginwrapper[56626:24df4] [com.apple.migration:core] DMMigrationPluginWrapperProxy will unpack event 0x103474000
2026-10-01 22:17:21.145 A  com.apple.migrationpluginwrapper[56626:24df4] plugin.addressbookmigrator
2026-10-01 22:17:21.146 Df com.apple.migrationpluginwrapper[56626:24df4] [com.apple.migration:core] DMMigrationPluginWrapperProxy will load plugin
2026-10-01 22:17:21.146 Df com.apple.migrationpluginwrapper[56626:24df4] [com.apple.migration:core] Will create migrator bundle at /Library/Developer/CoreSimulator/Volumes/iOS_23F77/Library/Developer/CoreSimulator/Profiles/Runtimes/iOS 26.5.simruntime/Contents/Resources/RuntimeRoot/System/Library/DataClassMigrators/AddressBookLegacy.migrator
2026-10-01 22:17:21.146 Df com.apple.migrationpluginwrapper[56626:24df4] [com.apple.migration:core] Will load migrator bundle
2026-10-01 22:17:21.164 Df com.apple.migrationpluginwrapper[56626:24df4] [com.apple.migration:core] Will get migrator bundle identifier
2026-10-01 22:17:21.164 Df com.apple.migrationpluginwrapper[56626:24df4] [com.apple.migration:core] Will check migrator principal class
2026-10-01 22:17:21.164 Df com.apple.migrationpluginwrapper[56626:24df4] [com.apple.migration:core] Will instantiate migrator principal class
2026-10-01 22:17:21.164 Df com.apple.migrationpluginwrapper[56626:24df4] [com.apple.migration:core] DMMigrationPluginWrapperProxy got userDataDisposition 0x1 restoredBackupBuildVersion (null) restoredBackupProductType (null) restoredBackupDeviceName (null)
2026-10-01 22:17:21.164 Df com.apple.migrationpluginwrapper[56626:24df4] [com.apple.migration:core] DMMigrationPluginWrapperProxy will call -performMigration
2026-10-01 22:17:21.164 Df com.apple.migrationpluginwrapper[56626:24df4] [com.apple.xpc:connection] [0x102f5e860] activating connection: mach=true listener=false peer=false name=com.apple.distributed_notifications@1v3
2026-10-01 22:17:21.164 Df com.apple.migrationpluginwrapper[56626:24df4] [com.apple.contacts.AddressBookLegacy:General] AB Migration - migrating main images database
2026-10-01 22:17:21.165 Df com.apple.migrationpluginwrapper[56626:24df4] [com.apple.contacts.AddressBookLegacy:General] AB Migration - main images database found at /Users/asherlc/Library/Developer/CoreSimulator/Devices/1684856E-FC2D-4407-8063-9B343B99CAD6/data/Library/AddressBook/AddressBookImages.sqlitedb
2026-10-01 22:17:21.165 Df com.apple.migrationpluginwrapper[56626:24df4] (libMobileGestalt.dylib) No persisted cache on this platform.
2026-10-01 22:17:21.166 A  com.apple.migrationpluginwrapper[56626:24df4] (TCC) tcc_send_request_authorization() IPC
2026-10-01 22:17:21.166 Df com.apple.migrationpluginwrapper[56626:24df4] [com.apple.xpc:connection] [0x102f61ab0] activating connection: mach=true listener=false peer=false name=com.apple.tccd
2026-10-01 22:17:21.167 Df com.apple.migrationpluginwrapper[56626:24df4] [com.apple.xpc:connection] [0x102f61ab0] invalidated after the last release of the connection object
2026-10-01 22:17:21.167 Df com.apple.migrationpluginwrapper[56626:24df4] [com.apple.runningboard:connection] Initializing connection
2026-10-01 22:17:21.167 Df com.apple.migrationpluginwrapper[56626:24df4] [com.apple.runningboard:process] Removing all cached process handles
2026-10-01 22:17:21.167 Df com.apple.migrationpluginwrapper[56626:24df5] [com.apple.runningboard:connection] Sending handshake request attempt #1 to server
2026-10-01 22:17:21.167 Df com.apple.migrationpluginwrapper[56626:24df5] [com.apple.runningboard:connection] Creating connection to com.apple.runningboard
2026-10-01 22:17:21.167 Df com.apple.migrationpluginwrapper[56626:24df5] [com.apple.xpc:connection] [0x102f61ab0] activating connection: mach=true listener=false peer=false name=com.apple.runningboard
2026-10-01 22:17:21.169 Df com.apple.migrationpluginwrapper[56626:24df5] [com.apple.runningboard:connection] Handshake succeeded
2026-10-01 22:17:21.169 Df com.apple.migrationpluginwrapper[56626:24df5] [com.apple.runningboard:connection] Identity resolved as xpcservice<com.apple.migrationpluginwrapper(no host)>{vt hash: 0}{definition:com.apple.migrationpluginwrapper[standard][system]}:56626
2026-10-01 22:17:21.172 Df com.apple.migrationpluginwrapper[56626:24df4] [com.apple.xpc:connection] [0x103564000] activating connection: mach=true listener=false peer=false name=com.apple.cfprefsd.daemon
2026-10-01 22:17:21.206 Df com.apple.migrationpluginwrapper[56626:24df4] [com.apple.contacts:CNContactMetadata] Did not perform migration, existing model is already compatible with store metadata
2026-10-01 22:17:21.206 E  com.apple.migrationpluginwrapper[56626:24df4] [com.apple.contacts.AddressBookLegacy:General] AB Migration - Contact metadata db was not migrated, (null)
2026-10-01 22:17:21.208 Df com.apple.migrationpluginwrapper[56626:24df4] [com.apple.contacts.AddressBookLegacy:General] AB Migration - main dbs migration took 0.006640s
2026-10-01 22:17:21.209 Df com.apple.migrationpluginwrapper[56626:24df4] [com.apple.contacts.AddressBookLegacy:General] AB Migration - image dbs migration took 0.006398s
2026-10-01 22:17:21.209 Df com.apple.migrationpluginwrapper[56626:24df4] [com.apple.xpc:connection] [0x102f5ab60] invalidated because the client process (pid 56456) either cancelled the connection or exited
2026-10-01 22:17:21.209 Df com.apple.migrationpluginwrapper[56626:24df4] [com.apple.migration:core] MigrationPluginWrapper will remove connection <DMMigrationPluginWrapperProxy: 0x1034540c0>
2026-10-01 22:17:21.209 Df com.apple.migrationpluginwrapper[56626:24df4] [com.apple.migration:core] MigrationPluginWrapper connections count went to zero.
2026-10-01 22:17:21.209 Df com.apple.migrationpluginwrapper[56626:24df4] [com.apple.migration:core] MigrationPluginWrapper did remove connection <DMMigrationPluginWrapperProxy: 0x1034540c0>
2026-10-01 22:17:21.209 Df com.apple.migrationpluginwrapper[56626:24dfb] [com.apple.migration:core] MigrationPluginWrapper adding connection <DMMigrationPluginWrapperProxy: 0x1034540c0>
2026-10-01 22:17:21.209 Df com.apple.migrationpluginwrapper[56626:24dfb] [com.apple.migration:core] MigrationPluginWrapper did resume connection <DMMigrationPluginWrapperProxy: 0x1034540c0>
2026-10-01 22:17:21.209 Df com.apple.migrationpluginwrapper[56626:24dfb] [com.apple.xpc:connection] [0x1034e0480] activating connection: mach=false listener=false peer=true name=com.apple.migrationpluginwrapper.peer[56456].0x1034e0480
2026-10-01 22:17:21.209 Df com.apple.migrationpluginwrapper[56626:24df4] [com.apple.migration:core] DMMigrationPluginWrapperProxy handling event 0x103474000 msgID 0 from client pid 56456
2026-10-01 22:17:21.209 Df com.apple.migrationpluginwrapper[56626:24df4] [com.apple.migration:core] DMMigrationPluginWrapperProxy will unpack event 0x103474000
2026-10-01 22:17:21.209 A  com.apple.migrationpluginwrapper[56626:24df4] plugin.WebBookmarksmigrator
2026-10-01 22:17:21.209 Df com.apple.migrationpluginwrapper[56626:24df4] [com.apple.migration:core] DMMigrationPluginWrapperProxy will load plugin
2026-10-01 22:17:21.209 Df com.apple.migrationpluginwrapper[56626:24df4] [com.apple.migration:core] Will create migrator bundle at /Library/Developer/CoreSimulator/Volumes/iOS_23F77/Library/Developer/CoreSimulator/Profiles/Runtimes/iOS 26.5.simruntime/Contents/Resources/RuntimeRoot/System/Library/DataClassMigrators/WebBookmarks.migrator
2026-10-01 22:17:21.209 Df com.apple.migrationpluginwrapper[56626:24df4] [com.apple.migration:core] Will load migrator bundle
2026-10-01 22:17:21.307 Df com.apple.migrationpluginwrapper[56626:24df4] [com.apple.migration:core] Will get migrator bundle identifier
2026-10-01 22:17:21.307 Df com.apple.migrationpluginwrapper[56626:24df4] [com.apple.migration:core] Will check migrator principal class
2026-10-01 22:17:21.307 Df com.apple.migrationpluginwrapper[56626:24df4] [com.apple.migration:core] Will instantiate migrator principal class
2026-10-01 22:17:21.307 Df com.apple.migrationpluginwrapper[56626:24df4] [com.apple.migration:core] DMMigrationPluginWrapperProxy got userDataDisposition 0x1 restoredBackupBuildVersion (null) restoredBackupProductType (null) restoredBackupDeviceName (null)
2026-10-01 22:17:21.307 Df com.apple.migrationpluginwrapper[56626:24df4] [com.apple.migration:core] DMMigrationPluginWrapperProxy will call -performMigration
2026-10-01 22:17:21.307 Df com.apple.migrationpluginwrapper[56626:24df4] [com.apple.mobilesafari:DataMigration] Starting WebBookmarks DataMigration
2026-10-01 22:17:21.307 Df com.apple.migrationpluginwrapper[56626:24df4] [com.apple.mobilesafari:DataMigration] No need to schedule bookmarks database maintenance for clean install
2026-10-01 22:17:21.307 Df com.apple.migrationpluginwrapper[56626:24df4] [com.apple.mobilesafari:DataMigration] Successfully completed WebBookmarks database maintenance tasks. Migration is successful
2026-10-01 22:17:21.307 Df com.apple.migrationpluginwrapper[56626:24df4] [com.apple.xpc:connection] [0x1034e0480] invalidated because the client process (pid 56456) either cancelled the connection or exited
2026-10-01 22:17:21.307 Df com.apple.migrationpluginwrapper[56626:24df4] [com.apple.migration:core] MigrationPluginWrapper will remove connection <DMMigrationPluginWrapperProxy: 0x1034540c0>
2026-10-01 22:17:21.307 Df com.apple.migrationpluginwrapper[56626:24df4] [com.apple.migration:core] MigrationPluginWrapper connections count went to zero.
2026-10-01 22:17:21.307 Df com.apple.migrationpluginwrapper[56626:24df4] [com.apple.migration:core] MigrationPluginWrapper did remove connection <DMMigrationPluginWrapperProxy: 0x1034540c0>
2026-10-01 22:17:21.307 Df com.apple.migrationpluginwrapper[56626:24dfb] [com.apple.migration:core] MigrationPluginWrapper adding connection <DMMigrationPluginWrapperProxy: 0x1034540c0>
2026-10-01 22:17:21.307 Df com.apple.migrationpluginwrapper[56626:24dfb] [com.apple.migration:core] MigrationPluginWrapper did resume connection <DMMigrationPluginWrapperProxy: 0x1034540c0>
2026-10-01 22:17:21.307 Df com.apple.migrationpluginwrapper[56626:24dfb] [com.apple.xpc:connection] [0x1034e0480] activating connection: mach=false listener=false peer=true name=com.apple.migrationpluginwrapper.peer[56456].0x1034e0480
2026-10-01 22:17:21.307 Df com.apple.migrationpluginwrapper[56626:24dfb] [com.apple.migration:core] DMMigrationPluginWrapperProxy handling event 0x103474000 msgID 0 from client pid 56456
2026-10-01 22:17:21.307 Df com.apple.migrationpluginwrapper[56626:24dfb] [com.apple.migration:core] DMMigrationPluginWrapperProxy will unpack event 0x103474000
2026-10-01 22:17:21.308 A  com.apple.migrationpluginwrapper[56626:24dfb] plugin.MobileSafarimigrator
2026-10-01 22:17:21.308 Df com.apple.migrationpluginwrapper[56626:24dfb] [com.apple.migration:core] DMMigrationPluginWrapperProxy will load plugin
2026-10-01 22:17:21.308 Df com.apple.migrationpluginwrapper[56626:24dfb] [com.apple.migration:core] Will create migrator bundle at /Library/Developer/CoreSimulator/Volumes/iOS_23F77/Library/Developer/CoreSimulator/Profiles/Runtimes/iOS 26.5.simruntime/Contents/Resources/RuntimeRoot/System/Library/DataClassMigrators/MobileSafari.migrator
2026-10-01 22:17:21.308 Df com.apple.migrationpluginwrapper[56626:24dfb] [com.apple.migration:core] Will load migrator bundle
2026-10-01 22:17:21.628 Df com.apple.migrationpluginwrapper[56626:24dfb] [com.apple.migration:core] Will get migrator bundle identifier
2026-10-01 22:17:21.629 Df com.apple.migrationpluginwrapper[56626:24dfb] [com.apple.migration:core] Will check migrator principal class
2026-10-01 22:17:21.629 Df com.apple.migrationpluginwrapper[56626:24dfb] [com.apple.migration:core] Will instantiate migrator principal class
2026-10-01 22:17:21.629 Df com.apple.migrationpluginwrapper[56626:24dfb] [com.apple.migration:core] DMMigrationPluginWrapperProxy got userDataDisposition 0x1 restoredBackupBuildVersion (null) restoredBackupProductType (null) restoredBackupDeviceName (null)
2026-10-01 22:17:21.629 Df com.apple.migrationpluginwrapper[56626:24dfb] [com.apple.migration:core] DMMigrationPluginWrapperProxy will call -performMigration
2026-10-01 22:17:21.629 Df com.apple.migrationpluginwrapper[56626:24dfb] [com.apple.mobilesafari:DataMigration] Starting main MobileSafari DataMigration
2026-10-01 22:17:21.629 A  com.apple.migrationpluginwrapper[56626:24dfb] (libsystem_containermanager.dylib) container_query_t
2026-10-01 22:17:21.629 Df com.apple.migrationpluginwrapper[56626:24dfb] [com.apple.containermanager:query] Query; euid = 502, uid = 502, class = 2, identifier = [com.apple.mobilesafari](1), flags = 100000002
2026-10-01 22:17:21.644 Df com.apple.migrationpluginwrapper[56626:24dfb] [com.apple.containermanager:unspecified] _container_query_get_result_at_index: success
2026-10-01 22:17:21.646 Df com.apple.migrationpluginwrapper[56626:24dfb] [com.apple.xpc:connection] [0x103564280] activating connection: mach=true listener=false peer=false name=com.apple.lsd.mapdb
2026-10-01 22:17:21.650 A  com.apple.migrationpluginwrapper[56626:24dfb] (Accounts) accounts/accounts-with-types-sync
2026-10-01 22:17:21.651 Df com.apple.migrationpluginwrapper[56626:24dfb] [com.apple.xpc:connection] [0x1035643c0] activating connection: mach=true listener=false peer=false name=com.apple.accountsd.accountmanager
2026-10-01 22:17:21.652 Df com.apple.migrationpluginwrapper[56626:24dfb] [com.apple.mobilesafari:DataMigration] Data migration does not need tab UUID regeneration
2026-10-01 22:17:21.652 Df com.apple.migrationpluginwrapper[56626:24dfb] [com.apple.mobilesafari:DataMigration] No need to restore tabs from CloudTabs because this is not a post iCloud restoration migration
2026-10-01 22:17:21.652 Df com.apple.migrationpluginwrapper[56626:24dfb] [com.apple.mobilesafari:DataMigration] Attempting to fetch latest on-device lookup cache for app clips
2026-10-01 22:17:21.652 Df com.apple.migrationpluginwrapper[56626:24dfb] [com.apple.xpc:connection] [0x103564500] activating connection: mach=true listener=false peer=false name=com.apple.businessservicesd
2026-10-01 22:17:21.652 Df com.apple.migrationpluginwrapper[56626:24dfb] [com.apple.BusinessServices:Common] -[BCSBusinessQueryService prefetchBloomFilterAndConfigCacheWithCompletion:] - connection:<BCSXPCDaemonConnection: 0x10353d8e0> remoteObjectProxy:<__NSXPCInterfaceProxy_BCSXPCDaemonProtocol: 0x1036e33e0>
2026-10-01 22:17:21.653 Df com.apple.migrationpluginwrapper[56626:24dfb] [com.apple.mobilesafari:DataMigration] Attempting to ensure web clip placeholder bundles if needed
2026-10-01 22:17:21.658 Df com.apple.migrationpluginwrapper[56626:24dfb] [com.apple.mobilesafari:DataMigration] Deleting contents of MobileSafari's /tmp directory
2026-10-01 22:17:21.658 Df com.apple.migrationpluginwrapper[56626:24dfb] [com.apple.mobilesafari:FileManager] safari_removeContentsOfDirectory:preservingContainerManagerMetadata:: about to remove 0 items from file:///Users/asherlc/Library/Developer/CoreSimulator/Devices/1684856E-FC2D-4407-8063-9B343B99CAD6/data/Containers/Data/Application/260E93A6-8C94-436D-8058-081140748053/tmp/
2026-10-01 22:17:21.658 Df com.apple.migrationpluginwrapper[56626:24dfb] [com.apple.mobilesafari:DataMigration] Finished MobileSafari DataMigration successfully
2026-10-01 22:17:21.658 Df com.apple.migrationpluginwrapper[56626:24dfb] [com.apple.xpc:connection] [0x1034e0480] invalidated because the client process (pid 56456) either cancelled the connection or exited
2026-10-01 22:17:21.658 Df com.apple.migrationpluginwrapper[56626:24dfb] [com.apple.migration:core] MigrationPluginWrapper will remove connection <DMMigrationPluginWrapperProxy: 0x1034540c0>
2026-10-01 22:17:21.658 Df com.apple.migrationpluginwrapper[56626:24dfb] [com.apple.migration:core] MigrationPluginWrapper connections count went to zero.
2026-10-01 22:17:21.658 Df com.apple.migrationpluginwrapper[56626:24dfb] [com.apple.migration:core] MigrationPluginWrapper did remove connection <DMMigrationPluginWrapperProxy: 0x1034540c0>
2026-10-01 22:17:21.658 Df com.apple.migrationpluginwrapper[56626:24df4] [com.apple.migration:core] MigrationPluginWrapper adding connection <DMMigrationPluginWrapperProxy: 0x1034540c0>
2026-10-01 22:17:21.658 Df com.apple.migrationpluginwrapper[56626:24df4] [com.apple.migration:core] MigrationPluginWrapper did resume connection <DMMigrationPluginWrapperProxy: 0x1034540c0>
2026-10-01 22:17:21.658 Df com.apple.migrationpluginwrapper[56626:24df4] [com.apple.xpc:connection] [0x1034e0480] activating connection: mach=false listener=false peer=true name=com.apple.migrationpluginwrapper.peer[56456].0x1034e0480
2026-10-01 22:17:21.658 Df com.apple.migrationpluginwrapper[56626:24dfb] [com.apple.migration:core] DMMigrationPluginWrapperProxy handling event 0x103474000 msgID 0 from client pid 56456
2026-10-01 22:17:21.658 Df com.apple.migrationpluginwrapper[56626:24dfb] [com.apple.migration:core] DMMigrationPluginWrapperProxy will unpack event 0x103474000
2026-10-01 22:17:21.659 A  com.apple.migrationpluginwrapper[56626:24dfb] plugin.appleaccountmergebuddyprovisioningresponsemigrator
2026-10-01 22:17:21.659 Df com.apple.migrationpluginwrapper[56626:24dfb] [com.apple.migration:core] DMMigrationPluginWrapperProxy will load plugin
2026-10-01 22:17:21.659 Df com.apple.migrationpluginwrapper[56626:24dfb] [com.apple.migration:core] Will create migrator bundle at /Library/Developer/CoreSimulator/Volumes/iOS_23F77/Library/Developer/CoreSimulator/Profiles/Runtimes/iOS 26.5.simruntime/Contents/Resources/RuntimeRoot/System/Library/DataClassMigrators/MergeBuddyProvisioningResponse.migrator
2026-10-01 22:17:21.659 Df com.apple.migrationpluginwrapper[56626:24dfb] [com.apple.migration:core] Will load migrator bundle
2026-10-01 22:17:21.662 Df com.apple.migrationpluginwrapper[56626:24dfb] [com.apple.migration:core] Will get migrator bundle identifier
2026-10-01 22:17:21.662 Df com.apple.migrationpluginwrapper[56626:24dfb] [com.apple.migration:core] Will check migrator principal class
2026-10-01 22:17:21.662 Df com.apple.migrationpluginwrapper[56626:24dfb] [com.apple.migration:core] Will instantiate migrator principal class
2026-10-01 22:17:21.662 Df com.apple.migrationpluginwrapper[56626:24dfb] [com.apple.migration:core] DMMigrationPluginWrapperProxy got userDataDisposition 0x1 restoredBackupBuildVersion (null) restoredBackupProductType (null) restoredBackupDeviceName (null)
2026-10-01 22:17:21.662 Df com.apple.migrationpluginwrapper[56626:24dfb] [com.apple.migration:core] DMMigrationPluginWrapperProxy will call -performMigration
2026-10-01 22:17:21.662 A  com.apple.migrationpluginwrapper[56626:24dfb] (Accounts) accounts/accounts-with-types-sync
2026-10-01 22:17:21.662 Df com.apple.migrationpluginwrapper[56626:24dfb] [com.apple.xpc:connection] [0x103564640] activating connection: mach=true listener=false peer=false name=com.apple.accountsd.accountmanager
2026-10-01 22:17:21.663 Df com.apple.migrationpluginwrapper[56626:24dfb] [com.apple.appleaccount:log] AALoginContextTransientStorage: retrieving stored login response parameters...
2026-10-01 22:17:21.663 A  com.apple.migrationpluginwrapper[56626:24dfb] (CoreFoundation) Loading Preferences From User Session CFPrefsD
2026-10-01 22:17:21.664 Df com.apple.migrationpluginwrapper[56626:24dfb] [com.apple.appleaccount:log] AALoginContextTransientStorage: no known stored Apple ID.
2026-10-01 22:17:21.664 Df com.apple.migrationpluginwrapper[56626:24dfb] [com.apple.xpc:connection] [0x103564640] invalidated because the current process cancelled the connection by calling xpc_connection_cancel()
2026-10-01 22:17:21.664 Df com.apple.migrationpluginwrapper[56626:24df4] [com.apple.accounts:core] "The connection to ACDAccountStore was invalidated."
2026-10-01 22:17:21.664 Df com.apple.migrationpluginwrapper[56626:24df4] [com.apple.xpc:connection] [0x1034e0480] invalidated because the client process (pid 56456) either cancelled the connection or exited
2026-10-01 22:17:21.664 Df com.apple.migrationpluginwrapper[56626:24df4] [com.apple.migration:core] MigrationPluginWrapper will remove connection <DMMigrationPluginWrapperProxy: 0x1034540c0>
2026-10-01 22:17:21.664 Df com.apple.migrationpluginwrapper[56626:24df4] [com.apple.migration:core] MigrationPluginWrapper connections count went to zero.
2026-10-01 22:17:21.664 Df com.apple.migrationpluginwrapper[56626:24df4] [com.apple.migration:core] MigrationPluginWrapper did remove connection <DMMigrationPluginWrapperProxy: 0x1034540c0>
2026-10-01 22:17:21.664 Df com.apple.migrationpluginwrapper[56626:24df4] [com.apple.migration:core] MigrationPluginWrapper adding connection <DMMigrationPluginWrapperProxy: 0x1034540c0>
2026-10-01 22:17:21.664 Df com.apple.migrationpluginwrapper[56626:24df4] [com.apple.migration:core] MigrationPluginWrapper did resume connection <DMMigrationPluginWrapperProxy: 0x1034540c0>
2026-10-01 22:17:21.664 Df com.apple.migrationpluginwrapper[56626:24df4] [com.apple.xpc:connection] [0x1034e0480] activating connection: mach=false listener=false peer=true name=com.apple.migrationpluginwrapper.peer[56456].0x1034e0480
2026-10-01 22:17:21.664 Df com.apple.migrationpluginwrapper[56626:24df5] [com.apple.migration:core] DMMigrationPluginWrapperProxy handling event 0x103474000 msgID 0 from client pid 56456
2026-10-01 22:17:21.664 Df com.apple.migrationpluginwrapper[56626:24df5] [com.apple.migration:core] DMMigrationPluginWrapperProxy will unpack event 0x103474000
2026-10-01 22:17:21.664 A  com.apple.migrationpluginwrapper[56626:24df5] plugin.appleaccountmigrator
2026-10-01 22:17:21.664 Df com.apple.migrationpluginwrapper[56626:24df5] [com.apple.migration:core] DMMigrationPluginWrapperProxy will load plugin
2026-10-01 22:17:21.664 Df com.apple.migrationpluginwrapper[56626:24df5] [com.apple.migration:core] Will create migrator bundle at /Library/Developer/CoreSimulator/Volumes/iOS_23F77/Library/Developer/CoreSimulator/Profiles/Runtimes/iOS 26.5.simruntime/Contents/Resources/RuntimeRoot/System/Library/DataClassMigrators/AppleAccountMigrator.migrator
2026-10-01 22:17:21.664 Df com.apple.migrationpluginwrapper[56626:24df5] [com.apple.migration:core] Will load migrator bundle
2026-10-01 22:17:21.667 Df com.apple.migrationpluginwrapper[56626:24df5] [com.apple.migration:core] Will get migrator bundle identifier
2026-10-01 22:17:21.667 Df com.apple.migrationpluginwrapper[56626:24df5] [com.apple.migration:core] Will check migrator principal class
2026-10-01 22:17:21.667 Df com.apple.migrationpluginwrapper[56626:24df5] [com.apple.migration:core] Will instantiate migrator principal class
2026-10-01 22:17:21.667 A  com.apple.migrationpluginwrapper[56626:24df5] (Accounts) accounts/accounts-with-types-sync
2026-10-01 22:17:21.667 Df com.apple.migrationpluginwrapper[56626:24df5] [com.apple.xpc:connection] [0x103564640] activating connection: mach=true listener=false peer=false name=com.apple.accountsd.accountmanager
2026-10-01 22:17:21.667 Df com.apple.migrationpluginwrapper[56626:24df5] [com.apple.migration:core] DMMigrationPluginWrapperProxy got userDataDisposition 0x1 restoredBackupBuildVersion (null) restoredBackupProductType (null) restoredBackupDeviceName (null)
2026-10-01 22:17:21.667 Df com.apple.migrationpluginwrapper[56626:24df5] [com.apple.migration:core] DMMigrationPluginWrapperProxy will call -performMigration
2026-10-01 22:17:21.667 Df com.apple.migrationpluginwrapper[56626:24df5] [com.apple.appleaccount:log] Begin AppleAccount Migration
2026-10-01 22:17:21.667 Df com.apple.migrationpluginwrapper[56626:24df5] [com.apple.appleaccount:log] Check for a primary iCloud account without a FMIP child account
2026-10-01 22:17:21.667 Df com.apple.migrationpluginwrapper[56626:24df5] [com.apple.appleaccount:log] Attempt to remove unused dataclasses from secondary accounts
2026-10-01 22:17:21.667 A  com.apple.migrationpluginwrapper[56626:24df5] (Accounts) accounts/accounts-with-types-sync
2026-10-01 22:17:21.667 Df com.apple.migrationpluginwrapper[56626:24df5] [com.apple.appleaccount:log] Check for a primary iCloud account without an FMF child account
2026-10-01 22:17:21.667 Df com.apple.migrationpluginwrapper[56626:24df5] [com.apple.appleaccount:log] Attempt to remove notes dataclass from ineligible secondary accounts
2026-10-01 22:17:21.667 Df com.apple.migrationpluginwrapper[56626:24df5] [com.apple.appleaccount:log] Looking for AIDA accounts without a DSID...
2026-10-01 22:17:21.667 A  com.apple.migrationpluginwrapper[56626:24df5] (Accounts) accounts/account-type-with-identifier-sync
2026-10-01 22:17:21.668 A  com.apple.migrationpluginwrapper[56626:24df5] (Accounts) accounts/accounts-with-type-sync
2026-10-01 22:17:21.668 A  com.apple.migrationpluginwrapper[56626:24df5] (Accounts) accounts/accounts-with-types-sync
2026-10-01 22:17:21.668 Df com.apple.migrationpluginwrapper[56626:24df5] [com.apple.appleaccount:log] Initialized AppleAccount information.
2026-10-01 22:17:21.671 Df com.apple.migrationpluginwrapper[56626:24df4] [com.apple.accounts:core] "The connection to ACDAccountStore was invalidated."
2026-10-01 22:17:21.671 Df com.apple.migrationpluginwrapper[56626:24df5] [com.apple.xpc:connection] [0x103564640] invalidated because the current process cancelled the connection by calling xpc_connection_cancel()
2026-10-01 22:17:21.671 Df com.apple.migrationpluginwrapper[56626:24df5] [com.apple.xpc:connection] [0x1034e0480] invalidated because the client process (pid 56456) either cancelled the connection or exited
2026-10-01 22:17:21.671 Df com.apple.migrationpluginwrapper[56626:24df5] [com.apple.migration:core] MigrationPluginWrapper will remove connection <DMMigrationPluginWrapperProxy: 0x1034540c0>
2026-10-01 22:17:21.671 Df com.apple.migrationpluginwrapper[56626:24df5] [com.apple.migration:core] MigrationPluginWrapper connections count went to zero.
2026-10-01 22:17:21.671 Df com.apple.migrationpluginwrapper[56626:24df5] [com.apple.migration:core] MigrationPluginWrapper did remove connection <DMMigrationPluginWrapperProxy: 0x1034540c0>
2026-10-01 22:17:21.671 Df com.apple.migrationpluginwrapper[56626:24df4] [com.apple.migration:core] MigrationPluginWrapper adding connection <DMMigrationPluginWrapperProxy: 0x1034540c0>
2026-10-01 22:17:21.671 Df com.apple.migrationpluginwrapper[56626:24df4] [com.apple.migration:core] MigrationPluginWrapper did resume connection <DMMigrationPluginWrapperProxy: 0x1034540c0>
2026-10-01 22:17:21.671 Df com.apple.migrationpluginwrapper[56626:24df4] [com.apple.xpc:connection] [0x1034e0480] activating connection: mach=false listener=false peer=true name=com.apple.migrationpluginwrapper.peer[56456].0x1034e0480
2026-10-01 22:17:21.671 Df com.apple.migrationpluginwrapper[56626:24df5] [com.apple.migration:core] DMMigrationPluginWrapperProxy handling event 0x103474000 msgID 0 from client pid 56456
2026-10-01 22:17:21.671 Df com.apple.migrationpluginwrapper[56626:24df5] [com.apple.migration:core] DMMigrationPluginWrapperProxy will unpack event 0x103474000
2026-10-01 22:17:21.672 A  com.apple.migrationpluginwrapper[56626:24df5] plugin.messageLegacyAccountsMigrator
2026-10-01 22:17:21.672 Df com.apple.migrationpluginwrapper[56626:24df5] [com.apple.migration:core] DMMigrationPluginWrapperProxy will load plugin
2026-10-01 22:17:21.672 Df com.apple.migrationpluginwrapper[56626:24df5] [com.apple.migration:core] Will create migrator bundle at /Library/Developer/CoreSimulator/Volumes/iOS_23F77/Library/Developer/CoreSimulator/Profiles/Runtimes/iOS 26.5.simruntime/Contents/Resources/RuntimeRoot/System/Library/DataClassMigrators/LegacyMessageAccountsMigrator.migrator
2026-10-01 22:17:21.672 Df com.apple.migrationpluginwrapper[56626:24df5] [com.apple.migration:core] Will load migrator bundle
2026-10-01 22:17:21.674 Df com.apple.migrationpluginwrapper[56626:24df5] [com.apple.migration:core] Will get migrator bundle identifier
2026-10-01 22:17:21.674 Df com.apple.migrationpluginwrapper[56626:24df5] [com.apple.migration:core] Will check migrator principal class
2026-10-01 22:17:21.674 Df com.apple.migrationpluginwrapper[56626:24df5] [com.apple.migration:core] Will instantiate migrator principal class
2026-10-01 22:17:21.674 Df com.apple.migrationpluginwrapper[56626:24df5] [com.apple.migration:core] DMMigrationPluginWrapperProxy got userDataDisposition 0x1 restoredBackupBuildVersion (null) restoredBackupProductType (null) restoredBackupDeviceName (null)
2026-10-01 22:17:21.674 Df com.apple.migrationpluginwrapper[56626:24df5] [com.apple.migration:core] DMMigrationPluginWrapperProxy will call -performMigration
2026-10-01 22:17:21.674 Df com.apple.migrationpluginwrapper[56626:24df5] [com.apple.mobilemail:General] No Message.framework accounts to migrate.
2026-10-01 22:17:21.675 Df com.apple.migrationpluginwrapper[56626:24df5] [com.apple.xpc:connection] [0x1034e0480] invalidated because the client process (pid 56456) either cancelled the connection or exited
2026-10-01 22:17:21.675 Df com.apple.migrationpluginwrapper[56626:24df5] [com.apple.migration:core] MigrationPluginWrapper will remove connection <DMMigrationPluginWrapperProxy: 0x1034540c0>
2026-10-01 22:17:21.675 Df com.apple.migrationpluginwrapper[56626:24df5] [com.apple.migration:core] MigrationPluginWrapper connections count went to zero.
2026-10-01 22:17:21.675 Df com.apple.migrationpluginwrapper[56626:24df5] [com.apple.migration:core] MigrationPluginWrapper did remove connection <DMMigrationPluginWrapperProxy: 0x1034540c0>
2026-10-01 22:17:21.675 Df com.apple.migrationpluginwrapper[56626:24df4] [com.apple.migration:core] MigrationPluginWrapper adding connection <DMMigrationPluginWrapperProxy: 0x1034540c0>
2026-10-01 22:17:21.675 Df com.apple.migrationpluginwrapper[56626:24df4] [com.apple.migration:core] MigrationPluginWrapper did resume connection <DMMigrationPluginWrapperProxy: 0x1034540c0>
2026-10-01 22:17:21.675 Df com.apple.migrationpluginwrapper[56626:24df4] [com.apple.xpc:connection] [0x1034e0480] activating connection: mach=false listener=false peer=true name=com.apple.migrationpluginwrapper.peer[56456].0x1034e0480
2026-10-01 22:17:21.675 Df com.apple.migrationpluginwrapper[56626:24df5] [com.apple.migration:core] DMMigrationPluginWrapperProxy handling event 0x103474000 msgID 0 from client pid 56456
2026-10-01 22:17:21.675 Df com.apple.migrationpluginwrapper[56626:24df5] [com.apple.migration:core] DMMigrationPluginWrapperProxy will unpack event 0x103474000
2026-10-01 22:17:21.675 A  com.apple.migrationpluginwrapper[56626:24df5] plugin.accountsmigrator
2026-10-01 22:17:21.675 Df com.apple.migrationpluginwrapper[56626:24df5] [com.apple.migration:core] DMMigrationPluginWrapperProxy will load plugin
2026-10-01 22:17:21.675 Df com.apple.migrationpluginwrapper[56626:24df5] [com.apple.migration:core] Will create migrator bundle at /Library/Developer/CoreSimulator/Volumes/iOS_23F77/Library/Developer/CoreSimulator/Profiles/Runtimes/iOS 26.5.simruntime/Contents/Resources/RuntimeRoot/System/Library/DataClassMigrators/Accounts.migrator
2026-10-01 22:17:21.675 Df com.apple.migrationpluginwrapper[56626:24df5] [com.apple.migration:core] Will load migrator bundle
2026-10-01 22:17:21.678 Df com.apple.migrationpluginwrapper[56626:24df5] [com.apple.migration:core] Will get migrator bundle identifier
2026-10-01 22:17:21.678 Df com.apple.migrationpluginwrapper[56626:24df5] [com.apple.migration:core] Will check migrator principal class
2026-10-01 22:17:21.678 Df com.apple.migrationpluginwrapper[56626:24df5] [com.apple.migration:core] Will instantiate migrator principal class
2026-10-01 22:17:21.678 Df com.apple.migrationpluginwrapper[56626:24df5] [com.apple.migration:core] DMMigrationPluginWrapperProxy got userDataDisposition 0x1 restoredBackupBuildVersion (null) restoredBackupProductType (null) restoredBackupDeviceName (null)
2026-10-01 22:17:21.678 Df com.apple.migrationpluginwrapper[56626:24df5] [com.apple.migration:core] DMMigrationPluginWrapperProxy will call -performMigration
2026-10-01 22:17:21.678 Df com.apple.migrationpluginwrapper[56626:24df5] [com.apple.accounts:core] "Migrations are done! Removing accountsettings.plist."
2026-10-01 22:17:21.678 Df com.apple.migrationpluginwrapper[56626:24df5] [com.apple.accounts:core] "The legacy accounts plist could not be found at: /Users/asherlc/Library/Developer/CoreSimulator/Devices/1684856E-FC2D-4407-8063-9B343B99CAD6/data/Library/Preferences/com.apple.accountsettings.plist"
2026-10-01 22:17:21.678 A  com.apple.migrationpluginwrapper[56626:24df5] (Accounts) accounts/account-type-with-identifier-sync
2026-10-01 22:17:21.679 A  com.apple.migrationpluginwrapper[56626:24df5] (Accounts) accounts/accounts-with-type-sync
2026-10-01 22:17:21.679 Df com.apple.migrationpluginwrapper[56626:24df5] [com.apple.accounts:core] "Attempting to migrate all keychain items if necessary."
2026-10-01 22:17:21.679 A  com.apple.migrationpluginwrapper[56626:24df5] (Accounts) accounts/trigger-keychain-migration
2026-10-01 22:17:21.679 Df com.apple.migrationpluginwrapper[56626:24df5] [com.apple.accounts:core] "Keychain migrated successfully!"
2026-10-01 22:17:21.679 Df com.apple.migrationpluginwrapper[56626:24df5] [com.apple.accounts:core] "Keychain migration finished with success YES, error: (null)"
2026-10-01 22:17:21.679 A  com.apple.migrationpluginwrapper[56626:24df5] (Accounts) accounts/schedule-backup
2026-10-01 22:17:21.679 Df com.apple.migrationpluginwrapper[56626:24df4] [com.apple.accounts:core] "Backup scheduled (if nonexistent) successfully!"
2026-10-01 22:17:21.681 Df com.apple.migrationpluginwrapper[56626:24df5] [com.apple.accounts:core] "Migration plugin run should only happen once per version to be safe!"
2026-10-01 22:17:21.681 Df com.apple.migrationpluginwrapper[56626:24df5] [com.apple.xpc:connection] [0x1034e0480] invalidated because the client process (pid 56456) either cancelled the connection or exited
2026-10-01 22:17:21.681 Df com.apple.migrationpluginwrapper[56626:24df5] [com.apple.migration:core] MigrationPluginWrapper will remove connection <DMMigrationPluginWrapperProxy: 0x1034540c0>
2026-10-01 22:17:21.681 Df com.apple.migrationpluginwrapper[56626:24df5] [com.apple.migration:core] MigrationPluginWrapper connections count went to zero.
2026-10-01 22:17:21.681 Df com.apple.migrationpluginwrapper[56626:24df5] [com.apple.migration:core] MigrationPluginWrapper did remove connection <DMMigrationPluginWrapperProxy: 0x1034540c0>
2026-10-01 22:17:21.682 Df com.apple.migrationpluginwrapper[56626:24e06] [com.apple.migration:core] MigrationPluginWrapper adding connection <DMMigrationPluginWrapperProxy: 0x1034540c0>
2026-10-01 22:17:21.682 Df com.apple.migrationpluginwrapper[56626:24e06] [com.apple.migration:core] MigrationPluginWrapper did resume connection <DMMigrationPluginWrapperProxy: 0x1034540c0>
2026-10-01 22:17:21.682 Df com.apple.migrationpluginwrapper[56626:24e06] [com.apple.xpc:connection] [0x1034e0480] activating connection: mach=false listener=false peer=true name=com.apple.migrationpluginwrapper.peer[56456].0x1034e0480
2026-10-01 22:17:21.682 Df com.apple.migrationpluginwrapper[56626:24e06] [com.apple.migration:core] DMMigrationPluginWrapperProxy handling event 0x103474000 msgID 0 from client pid 56456
2026-10-01 22:17:21.682 Df com.apple.migrationpluginwrapper[56626:24e06] [com.apple.migration:core] DMMigrationPluginWrapperProxy will unpack event 0x103474000
2026-10-01 22:17:21.682 A  com.apple.migrationpluginwrapper[56626:24e06] plugin.locationdmigrator
2026-10-01 22:17:21.682 Df com.apple.migrationpluginwrapper[56626:24e06] [com.apple.migration:core] DMMigrationPluginWrapperProxy will load plugin
2026-10-01 22:17:21.682 Df com.apple.migrationpluginwrapper[56626:24e06] [com.apple.migration:core] Will create migrator bundle at /Library/Developer/CoreSimulator/Volumes/iOS_23F77/Library/Developer/CoreSimulator/Profiles/Runtimes/iOS 26.5.simruntime/Contents/Resources/RuntimeRoot/System/Library/DataClassMigrators/CoreLocationMigrator.migrator
2026-10-01 22:17:21.682 Df com.apple.migrationpluginwrapper[56626:24e06] [com.apple.migration:core] Will load migrator bundle
2026-10-01 22:17:21.683 Df com.apple.migrationpluginwrapper[56626:24df5] [com.apple.migration:core] MigrationPluginWrapper adding connection <DMMigrationPluginWrapperProxy: 0x103455840>
2026-10-01 22:17:21.683 Df com.apple.migrationpluginwrapper[56626:24df5] [com.apple.migration:core] MigrationPluginWrapper did resume connection <DMMigrationPluginWrapperProxy: 0x103455840>
2026-10-01 22:17:21.683 Df com.apple.migrationpluginwrapper[56626:24df5] [com.apple.xpc:connection] [0x1034e0a80] activating connection: mach=false listener=false peer=true name=com.apple.migrationpluginwrapper.peer[56456].0x1034e0a80
2026-10-01 22:17:21.684 Df com.apple.migrationpluginwrapper[56626:24df5] [com.apple.migration:core] DMMigrationPluginWrapperProxy handling event 0x103474200 msgID 0 from client pid 56456
2026-10-01 22:17:21.684 Df com.apple.migrationpluginwrapper[56626:24df5] [com.apple.migration:core] DMMigrationPluginWrapperProxy will unpack event 0x103474200
2026-10-01 22:17:21.684 A  com.apple.migrationpluginwrapper[56626:24df5] plugin.MobileSlideShow
2026-10-01 22:17:21.684 Df com.apple.migrationpluginwrapper[56626:24df5] [com.apple.migration:core] DMMigrationPluginWrapperProxy will load plugin
2026-10-01 22:17:21.684 Df com.apple.migrationpluginwrapper[56626:24df5] [com.apple.migration:core] Will create migrator bundle at /Library/Developer/CoreSimulator/Volumes/iOS_23F77/Library/Developer/CoreSimulator/Profiles/Runtimes/iOS 26.5.simruntime/Contents/Resources/RuntimeRoot/System/Library/DataClassMigrators/MobileSlideShow.migrator
2026-10-01 22:17:21.684 Df com.apple.migrationpluginwrapper[56626:24df5] [com.apple.migration:core] Will load migrator bundle
2026-10-01 22:17:21.684 Df com.apple.migrationpluginwrapper[56626:24e06] [com.apple.migration:core] Will get migrator bundle identifier
2026-10-01 22:17:21.684 Df com.apple.migrationpluginwrapper[56626:24e06] [com.apple.migration:core] Will check migrator principal class
2026-10-01 22:17:21.684 Df com.apple.migrationpluginwrapper[56626:24e06] [com.apple.migration:core] Will instantiate migrator principal class
2026-10-01 22:17:21.684 Df com.apple.migrationpluginwrapper[56626:24e06] [com.apple.migration:core] DMMigrationPluginWrapperProxy got userDataDisposition 0x1 restoredBackupBuildVersion (null) restoredBackupProductType (null) restoredBackupDeviceName (null)
2026-10-01 22:17:21.684 Df com.apple.migrationpluginwrapper[56626:24e06] [com.apple.migration:core] DMMigrationPluginWrapperProxy will call -performMigration
2026-10-01 22:17:21.684 A  com.apple.migrationpluginwrapper[56626:24e06] (CoreLocation) CL: CLInternalPerformMigration
2026-10-01 22:17:21.684 Df com.apple.migrationpluginwrapper[56626:24e06] [com.apple.locationd.Core:Client] {"msg":"CLInternalPerformMigration", "event":activity}
2026-10-01 22:17:21.685 Df com.apple.migrationpluginwrapper[56626:24e06] [com.apple.xpc:connection] [0x103564640] activating connection: mach=true listener=false peer=false name=com.apple.locationd.synchronous
2026-10-01 22:17:21.687 Df com.apple.migrationpluginwrapper[56626:24df5] [com.apple.migration:core] Will get migrator bundle identifier
2026-10-01 22:17:21.687 Df com.apple.migrationpluginwrapper[56626:24df5] [com.apple.migration:core] Will check migrator principal class
2026-10-01 22:17:21.687 Df com.apple.migrationpluginwrapper[56626:24df5] [com.apple.migration:core] Will instantiate migrator principal class
2026-10-01 22:17:21.687 Df com.apple.migrationpluginwrapper[56626:24df5] [com.apple.migration:core] DMMigrationPluginWrapperProxy got userDataDisposition 0x1 restoredBackupBuildVersion (null) restoredBackupProductType (null) restoredBackupDeviceName (null)
2026-10-01 22:17:21.687 Df com.apple.migrationpluginwrapper[56626:24df5] [com.apple.migration:core] DMMigrationPluginWrapperProxy will call -performMigration
2026-10-01 22:17:21.687 Df com.apple.migrationpluginwrapper[56626:24df5] [com.apple.photos.backend:Migration] Starting migration at QoS: QOS_CLASS_USER_INITIATED
2026-10-01 22:17:21.687 Df com.apple.migrationpluginwrapper[56626:24df5] [com.apple.photos.backend:Migration] Skipping assetsd migration service requests (dataMigrationWillFinish not required for simulator)
2026-10-01 22:17:21.687 Df com.apple.migrationpluginwrapper[56626:24df5] [com.apple.photos.backend:Migration] Migration complete
2026-10-01 22:17:21.687 Df com.apple.migrationpluginwrapper[56626:24df5] [com.apple.xpc:connection] [0x1034e0a80] invalidated because the client process (pid 56456) either cancelled the connection or exited
2026-10-01 22:17:21.687 Df com.apple.migrationpluginwrapper[56626:24df5] [com.apple.migration:core] MigrationPluginWrapper will remove connection <DMMigrationPluginWrapperProxy: 0x103455840>
2026-10-01 22:17:21.687 Df com.apple.migrationpluginwrapper[56626:24df5] [com.apple.migration:core] MigrationPluginWrapper did remove connection <DMMigrationPluginWrapperProxy: 0x103455840>
2026-10-01 22:17:31.808 Df com.apple.migrationpluginwrapper[56626:24de9] [com.apple.migration:core] DMMigrationPluginWrapperProxy will attempt to exit clean.
2026-10-01 22:17:31.808 Df com.apple.migrationpluginwrapper[56626:24de9] [com.apple.xpc.transaction:all] Remaining transactions on activation of exit_when_clean: 2 (0 os_transaction + 2 xpc_transaction_begin)
2026-10-01 22:18:17.785 Df com.apple.migrationpluginwrapper[56626:254e9] [com.apple.xpc:connection] [0x1035643c0] invalidated because the current process cancelled the connection by calling xpc_connection_cancel()
2026-10-01 22:18:17.785 Df com.apple.migrationpluginwrapper[56626:24dfb] [com.apple.accounts:core] "The connection to ACDAccountStore was invalidated."
2026-10-01 22:20:12.559 A  com.apple.migrationpluginwrapper[56626:24de9] (Accounts) accounts/accounts-with-types-sync
2026-10-01 22:20:12.560 Df com.apple.migrationpluginwrapper[56626:24de9] [com.apple.xpc:connection] [0x103564140] activating connection: mach=true listener=false peer=false name=com.apple.accountsd.accountmanager
