Detected file type from extension: PNG
Note: No display specified. Defaulting to display: 80D4DA33-8A6F-46C4-8B93-8204307BB3CF (screenID: 1, name: LCD)
Wrote screenshot to: /Users/asherlc/.paseo/worktrees/0h78jp9r/placid-badger/.context/placid-badger/metolius-simulator-3d-plastic-review/ios/after-captures/jug-left.png
jug-left
Detected file type from extension: PNG
Note: No display specified. Defaulting to display: 80D4DA33-8A6F-46C4-8B93-8204307BB3CF (screenID: 1, name: LCD)
Wrote screenshot to: /Users/asherlc/.paseo/worktrees/0h78jp9r/placid-badger/.context/placid-badger/metolius-simulator-3d-plastic-review/ios/after-captures/jug-left-orbit.png
jug-left-orbit
Detected file type from extension: PNG
Note: No display specified. Defaulting to display: 80D4DA33-8A6F-46C4-8B93-8204307BB3CF (screenID: 1, name: LCD)
Wrote screenshot to: /Users/asherlc/.paseo/worktrees/0h78jp9r/placid-badger/.context/placid-badger/metolius-simulator-3d-plastic-review/ios/after-captures/flat-left.png
flat-left
Detected file type from extension: PNG
Note: No display specified. Defaulting to display: 80D4DA33-8A6F-46C4-8B93-8204307BB3CF (screenID: 1, name: LCD)
Wrote screenshot to: /Users/asherlc/.paseo/worktrees/0h78jp9r/placid-badger/.context/placid-badger/metolius-simulator-3d-plastic-review/ios/after-captures/flat-left-orbit.png
flat-left-orbit
Detected file type from extension: PNG
Note: No display specified. Defaulting to display: 80D4DA33-8A6F-46C4-8B93-8204307BB3CF (screenID: 1, name: LCD)
Wrote screenshot to: /Users/asherlc/.paseo/worktrees/0h78jp9r/placid-badger/.context/placid-badger/metolius-simulator-3d-plastic-review/ios/after-captures/round-center.png
round-center
Detected file type from extension: PNG
Note: No display specified. Defaulting to display: 80D4DA33-8A6F-46C4-8B93-8204307BB3CF (screenID: 1, name: LCD)
Wrote screenshot to: /Users/asherlc/.paseo/worktrees/0h78jp9r/placid-badger/.context/placid-badger/metolius-simulator-3d-plastic-review/ios/after-captures/round-center-orbit.png
round-center-orbit
Detected file type from extension: PNG
Note: No display specified. Defaulting to display: 80D4DA33-8A6F-46C4-8B93-8204307BB3CF (screenID: 1, name: LCD)
Wrote screenshot to: /Users/asherlc/.paseo/worktrees/0h78jp9r/placid-badger/.context/placid-badger/metolius-simulator-3d-plastic-review/ios/after-captures/shallow-edge.png
shallow-edge
Detected file type from extension: PNG
Note: No display specified. Defaulting to display: 80D4DA33-8A6F-46C4-8B93-8204307BB3CF (screenID: 1, name: LCD)
Wrote screenshot to: /Users/asherlc/.paseo/worktrees/0h78jp9r/placid-badger/.context/placid-badger/metolius-simulator-3d-plastic-review/ios/after-captures/deep-pocket.png
deep-pocket
{"captured": 8, "actualOrbitsVerified": 3, "actualDragsVerified": 0, "phase": "after", "sourceSHA256": "b7223032abe4b5c00a8b16d8ddcafed8b836d806795f1d37bbffab80ce5560ef"}
