{
  "sourceSHA256": "8c3d3331ea03cc029bb866a45157102ef291c0883b273e673e7e6d7d0d9566ec",
  "beforeSourceSHA256": "3ff3a89170bf35daa24a19f2f3e2226390d47359dcbcf9bdadcd1eed0330af6d",
  "status": "native-shape-probe-pass-contacts-pending",
  "frontFairingStationsYZAndDyDz": [
    [
      -72.128,
      135.0,
      -0.528
    ],
    [
      -65.0,
      117.0,
      -0.35
    ],
    [
      -55.0,
      87.0,
      -0.364
    ],
    [
      -44.0,
      59.0,
      -0.394
    ],
    [
      -32.0,
      29.0,
      -0.414
    ],
    [
      -18.0,
      -4.0,
      -0.43
    ]
  ],
  "upperProtectedZMinimumMM": 135,
  "upperBodyBidirectionalDifferenceVolumesMM3": [
    0.0,
    0.0
  ],
  "finalSolidValid": true,
  "solidCount": 1,
  "volumeMM3": 5746389.336551684,
  "fullyConstrainedRelief": true,
  "rawManifestUnchanged": true,
  "displayEstimate": "Author-selected shared slopes; original depth station positions retained. Complete primary images reviewed without measurement.",
  "existingGripFeatures": "Unchanged above Z135; same forward sloper profiles, center crest/return/nose, roof joins and semantic bounds."
}

								
								
								
								
