{
  "before": {
    "boundsModes": {
      "(False, False)": [
        711.0000002,
        94.00075012973058,
        222.00000010067734
      ],
      "(False, True)": [
        711.0008074605962,
        94.00113426681581,
        222.00050978084673
      ],
      "(True, False)": [
        711.0000002,
        94.00075012973058,
        222.00000010067734
      ],
      "(True, True)": [
        711.0008074605962,
        94.00113426681581,
        222.00050978084673
      ]
    },
    "tolerances": [
      4.705096440520068e-05,
      0.004264164716504,
      0.004264164716504
    ]
  },
  "candidate": {
    "boundsModes": {
      "(False, False)": [
        711.0000002,
        94.00075012973058,
        222.00000010067734
      ],
      "(False, True)": [
        711.000543352483,
        94.00117660565347,
        222.00049727260418
      ],
      "(True, False)": [
        711.0000002,
        94.00075012973058,
        222.00000010067734
      ],
      "(True, True)": [
        711.000543352483,
        94.00117660565347,
        222.00049727260418
      ]
    },
    "tolerances": [
      4.965445569164697e-05,
      0.003851557409949,
      0.003851557409949
    ]
  }
}

								
								
								
								
