Traceback (most recent call last):
  File "/Users/asherlc/.paseo/worktrees/0h78jp9r/placid-badger/.context/placid-badger/metolius-simulator-3d-front-fairing/diagnose-cavity-v2-tmp/hangten-freecad-m0f69tj7/run.py", line 5, in <module>
    exec(compile(open(path).read(), path, 'exec'), {'__name__': '__main__', '__file__': path})
  File "/Users/asherlc/.paseo/worktrees/0h78jp9r/placid-badger/.context/placid-badger/metolius-simulator-3d-front-fairing/diagnose_cavity_binding_v2.py", line 24, in <module>
    try:contact=bind_cutter(d,body,cid,cutter)
                ^^^^^^^^^^^^^^^^^^^^^^^^^^^^^^
  File "/Users/asherlc/.paseo/worktrees/0h78jp9r/placid-badger/.context/placid-badger/cad-wall-boards/author_wall.py", line 105, in bind_cutter
    return bind(d,body,cid,lambda f:face_overlap(f,cutter.Shape)>.97*f.Area and f.Area>1e-5)
           ^^^^^^^^^^^^^^^^^^^^^^^^^^^^^^^^^^^^^^^^^^^^^^^^^^^^^^^^^^^^^^^^^^^^^^^^^^^^^^^^^
  File "/Users/asherlc/.paseo/worktrees/0h78jp9r/placid-badger/.context/placid-badger/cad-wall-boards/author_wall.py", line 99, in bind
    if not names:raise RuntimeError('no faces for '+cid)
                 ^^^^^^^^^^^^^^^^^^^^^^^^^^^^^^^^^^^^^^^
RuntimeError: no faces for pocket-13-left

BIND pocket-4-left bodyValid True solids 1
DEPTH pocket-4-left delta 0.0 contactBounds BoundBox (-323.039, -81.4722, 123.981, -262.961, -51.4722, 154.019) cutterValid True cutterSolids 1
BIND edge-5-left bodyValid True solids 1
DEPTH edge-5-left delta -0.6478224701150026 contactBounds BoundBox (-309.623, -65.7384, 79.7712, -230.377, -40.0906, 119.131) cutterValid True cutterSolids 1
BIND edge-6-left bodyValid True solids 1
DEPTH edge-6-left delta -0.3622775284857269 contactBounds BoundBox (-216.803, -69.7157, 96.0984, -139.197, -50.3534, 129.902) cutterValid True cutterSolids 1
BIND edge-7-left bodyValid True solids 1
DEPTH edge-7-left delta -4.70460790324978e-08 contactBounds BoundBox (-128.301, -73.5947, 108.284, -51.6994, -37.5947, 137.937) cutterValid True cutterSolids 1
BIND pocket-8-left bodyValid True solids 1
DEPTH pocket-8-left delta -0.03204756584677426 contactBounds BoundBox (-270.999, -49.7588, 42.6152, -211.001, -34.7267, 73.3848) cutterValid True cutterSolids 1
BIND pocket-9-left bodyValid True solids 1
DEPTH pocket-9-left delta -0.5224864001332037 contactBounds BoundBox (-191.639, -55.5289, 59.5321, -132.361, -20.0064, 88.4679) cutterValid True cutterSolids 1
BIND pocket-10-left bodyValid True solids 1
DEPTH pocket-10-left delta -1.3097484798844548 contactBounds BoundBox (-110.627, -58.4768, 72.1458, -55.3731, -40.167, 97.1348) cutterValid True cutterSolids 1
BIND edge-11-left bodyValid True solids 1
DEPTH edge-11-left delta -0.6335740051944789 contactBounds BoundBox (-227.137, -36.9654, 12.8132, -158.863, -22.3319, 41.2191) cutterValid True cutterSolids 1
BIND pocket-12-left bodyValid True solids 1
DEPTH pocket-12-left delta 1.1263213904570435 contactBounds BoundBox (-143.698, -40.7247, 27.3116, -104.302, -11.851, 50.6884) cutterValid True cutterSolids 1
BIND pocket-13-left bodyValid True solids 1

								
								
								
								
								
								
								
								
								
								
								
								
