{"phase": "full native facet witness", "node": "body_board_001", "vertex": 962, "resolved": true}
{"phase": "full native facet witness", "node": "body_board_001", "vertex": 973, "resolved": true}
{"phase": "full native facet witness", "node": "body_board_001", "vertex": 974, "resolved": true}
{"phase": "full native facet witness", "node": "body_board_001", "vertex": 1402, "resolved": true}
{"phase": "full native facet witness", "node": "body_board_001", "vertex": 1406, "resolved": true}
{"phase": "full native facet witness", "node": "body_board_001", "vertex": 4607, "resolved": true}
{"phase": "full native facet witness", "node": "body_board_001", "vertex": 4618, "resolved": true}
{"phase": "full native facet witness", "node": "body_board_001", "vertex": 4619, "resolved": true}
{"phase": "full native facet witness", "node": "body_board_001", "vertex": 5046, "resolved": true}
{"phase": "full native facet witness", "node": "body_board_001", "vertex": 5051, "resolved": true}
{"phase": "full native facet witness", "node": "contact_closed_crimp_left", "vertex": 52, "resolved": true}
{"phase": "full native facet witness", "node": "contact_closed_crimp_left", "vertex": 71, "resolved": true}
{"phase": "full native facet witness", "node": "contact_closed_crimp_left", "vertex": 73, "resolved": true}
{"phase": "full native facet witness", "node": "contact_closed_crimp_left", "vertex": 895, "resolved": true}
{"phase": "full native facet witness", "node": "contact_closed_crimp_left", "vertex": 899, "resolved": true}
{"phase": "full native facet witness", "node": "contact_closed_crimp_left", "vertex": 907, "resolved": true}
{"phase": "full native facet witness", "node": "contact_closed_crimp_left", "vertex": 908, "resolved": true}
{"phase": "full native facet witness", "node": "contact_closed_crimp_left", "vertex": 913, "resolved": true}
{"phase": "full native facet witness", "node": "contact_closed_crimp_right", "vertex": 52, "resolved": true}
{"phase": "full native facet witness", "node": "contact_closed_crimp_right", "vertex": 71, "resolved": true}
{"phase": "full native facet witness", "node": "contact_closed_crimp_right", "vertex": 73, "resolved": true}
{"phase": "full native facet witness", "node": "contact_closed_crimp_right", "vertex": 895, "resolved": true}
{"phase": "full native facet witness", "node": "contact_closed_crimp_right", "vertex": 899, "resolved": true}
{"phase": "full native facet witness", "node": "contact_closed_crimp_right", "vertex": 907, "resolved": true}
{"phase": "full native facet witness", "node": "contact_closed_crimp_right", "vertex": 908, "resolved": true}
{"phase": "full native facet witness", "node": "contact_closed_crimp_right", "vertex": 913, "resolved": true}
{"phase": "full native facet witness", "node": "contact_slopey_crimper_left", "vertex": 13, "resolved": true}
{"phase": "full native facet witness", "node": "contact_slopey_crimper_right", "vertex": 13, "resolved": true}
{"passed": true, "report": "/Users/asherlc/.paseo/worktrees/0h78jp9r/placid-badger/.context/placid-badger/forge-review15/preflight/placid-badger-full-precision-normal-diagnostic-20261003T020854/flagged-native-normal-diagnostic.json"}
