2026-10-03 02:51:18 -0700 
Assertion status system-wide:
   BackgroundTask                 1
   ApplePushServiceTask           0
   UserIsActive                   0
   PreventUserIdleDisplaySleep    0
   SoftwareUpdateTask             0
   PreventSystemSleep             0
   PreventSystemSleepSecurityIndicator 0
   ExternalMedia                  0
   PreventUserIdleSystemSleep     1
   NetworkClientActive            0
Listed by owning process:
   pid 14856(caffeinate): [0x0001698900019c0f] 00:01:27 PreventUserIdleSystemSleep named: "caffeinate command-line tool"  
	Details: caffeinate asserting on behalf of Process ID 14855 for 360 secs
	Created for PID: 14855. 
	Localized=THE CAFFEINATE TOOL IS PREVENTING SLEEP.
	Timeout will fire in 272 secs Action=TimeoutActionRelease
   pid 325(coreaudiod): [0x000169310001a16c] 00:02:55 PreventUserIdleSystemSleep named: "com.apple.audio.BuiltInSpeakerDevice.context.preventuseridlesleep"  
	Created for PID: 1247. 
	Resources: audio-out BuiltInSpeakerDevice 
   pid 152(dasd): [0x0001693b000b9be3] 00:02:45 BackgroundTask named: "DASActivity:502:com.apple.corespotlight.knowledge"  
	Created for PID: 14572. 
Kernel Assertions: 0x100=MAGICWAKE
   id=581  level=255 0x100=MAGICWAKE creat=  mod= description=en0 owner=IOSkywalkNetworkBSDClient
