{
  "checks": {
    "completeStream": true,
    "handSuppressionAbsent": true,
    "perspectiveExperimentEnabled": true,
    "instrumentationVersion": true,
    "exactCountsMatchEventsAtEveryRecord": true,
    "actualCreatedAndMadePath": true,
    "allMakeRecordsHaveEarlierActualConstructor": true,
    "oneConfigurationPerCreatedCamera": true,
    "allFitsHaveEarlierSameCameraConfiguration": true,
    "everyActuallyMadePathHasFit": true,
    "actualCameraComponentsPerspective": true,
    "actualClipsUnchanged": true,
    "finiteVerticalPerspectiveFOV": true,
    "fitGeometryInsideClips": true,
    "noUnknownLifecycleOrCameraEvent": true,
    "completeTailAfterAllCaptures": true
  },
  "finalActualCounts": {
    "single.constructor-entry": 0,
    "single.make-entry": 0,
    "pair.constructor-entry": 2,
    "pair.make-entry": 2
  }
}
