{
  "candidateSHA256": "0a03a478d96ad7690cabd91c13cd3e4978434c964bc13442e4407e5a9e27994b",
  "reopenRecomputeValid": true,
  "fullyConstrainedSketchCount": 113,
  "all28Present": true,
  "noSharedFaces": true,
  "radiusEdit": {
    "feature": "TopTroughRounds",
    "beforeMM": 2,
    "editedMM": 2.2,
    "valid": true,
    "beforeVolumeMM3": 3443455.753733399,
    "editedVolumeMM3": 3443503.5570678916,
    "changedContacts": [
      "top-jug-left",
      "top-sloper-32-left",
      "top-sloper-20-left",
      "top-sloper-jug-center",
      "top-sloper-20-right",
      "top-sloper-32-right",
      "top-jug-right"
    ],
    "restoredVolumeMM3": 3443455.753733399,
    "maximumRestoredContactAreaErrorMM2": 0.0
  },
  "sourceBytesUnchanged": true
}

								
								
								
								
								
