object before#FrontLipRoundover
<Part> PartFeature.cpp(1998): invalid fillet edge link '?Edge20' in object before#FrontLipRoundover
<Part> PartFeature.cpp(1998): invalid fillet edge link '?Edge21' in object before#FrontLipRoundover
<Part> PartFeature.cpp(1998): invalid fillet edge link '?Edge40' in object before#FrontLipRoundover
<Part> PartFeature.cpp(1998): invalid fillet edge link '?Edge40' in object before#FrontLipRoundover
<Part> PartFeature.cpp(1998): invalid fillet edge link '?Edge44' in object before#FrontLipRoundover
<Part> PartFeature.cpp(1998): invalid fillet edge link '?Edge41' in object before#FrontLipRoundover
<Part> PartFeature.cpp(1998): invalid fillet edge link '?Edge43' in object before#FrontLipRoundover
<Part> PartFeature.cpp(1998): invalid fillet edge link '?Edge43' in object before#FrontLipRoundover
FrontLipRoundover: Missing edge link: ;#9b5:1;:Hf57,E.Edge16
Missing edge link: ;#9b6:1;:Hf57,E.Edge17
Missing edge link: ;#374c:1;:Hf57,E.Edge18
Missing edge link: ;#9b8:3;:Hf57,E.Edge19
Missing edge link: ;#374d:1;:Hf57,E.Edge20
Missing edge link: ;#374e:3;:Hf57,E.Edge21
Missing edge link: ;#9cd:1;:Hf57,E.Edge40
Missing edge link: ;#9cd:1;:Hf57,E.Edge40
Missing edge link: ;#9cf:1;:Hf57,E.Edge44
Missing edge link: ;#374f:1;:Hf57,E.Edge41
Missing edge link: ;#9d1:1;:Hf57,E.Edge43
Missing edge link: ;#9d1:1;:Hf57,E.Edge43

FrontLipRoundover: Missing edge link: ;#9b5:1;:Hf57,E.Edge16
Missing edge link: ;#9b6:1;:Hf57,E.Edge17
Missing edge link: ;#374c:1;:Hf57,E.Edge18
Missing edge link: ;#9b8:3;:Hf57,E.Edge19
Missing edge link: ;#374d:1;:Hf57,E.Edge20
Missing edge link: ;#374e:3;:Hf57,E.Edge21
Missing edge link: ;#9cd:1;:Hf57,E.Edge40
Missing edge link: ;#9cd:1;:Hf57,E.Edge40
Missing edge link: ;#9cf:1;:Hf57,E.Edge44
Missing edge link: ;#374f:1;:Hf57,E.Edge41
Missing edge link: ;#9d1:1;:Hf57,E.Edge43
Missing edge link: ;#9d1:1;:Hf57,E.Edge43

FrontLipRoundover: Missing edge link: ;#9b5:1;:Hf57,E.Edge16
Missing edge link: ;#9b6:1;:Hf57,E.Edge17
Missing edge link: ;#374c:1;:Hf57,E.Edge18
Missing edge link: ;#9b8:3;:Hf57,E.Edge19
Missing edge link: ;#374d:1;:Hf57,E.Edge20
Missing edge link: ;#374e:3;:Hf57,E.Edge21
Missing edge link: ;#9cd:1;:Hf57,E.Edge40
Missing edge link: ;#9cd:1;:Hf57,E.Edge40
Missing edge link: ;#9cf:1;:Hf57,E.Edge44
Missing edge link: ;#374f:1;:Hf57,E.Edge41
Missing edge link: ;#9d1:1;:Hf57,E.Edge43
Missing edge link: ;#9d1:1;:Hf57,E.Edge43

FrontLipRoundover: Missing edge link: ;#9b5:1;:Hf57,E.Edge16
Missing edge link: ;#9b6:1;:Hf57,E.Edge17
Missing edge link: ;#374c:1;:Hf57,E.Edge18
Missing edge link: ;#9b8:3;:Hf57,E.Edge19
Missing edge link: ;#374d:1;:Hf57,E.Edge20
Missing edge link: ;#374e:3;:Hf57,E.Edge21
Missing edge link: ;#9cd:1;:Hf57,E.Edge40
Missing edge link: ;#9cd:1;:Hf57,E.Edge40
Missing edge link: ;#9cf:1;:Hf57,E.Edge44
Missing edge link: ;#374f:1;:Hf57,E.Edge41
Missing edge link: ;#9d1:1;:Hf57,E.Edge43
Missing edge link: ;#9d1:1;:Hf57,E.Edge43

FrontLipRoundover: Missing edge link: ;#9b5:1;:Hf57,E.Edge16
Missing edge link: ;#9b6:1;:Hf57,E.Edge17
Missing edge link: ;#374c:1;:Hf57,E.Edge18
Missing edge link: ;#9b8:3;:Hf57,E.Edge19
Missing edge link: ;#374d:1;:Hf57,E.Edge20
Missing edge link: ;#374e:3;:Hf57,E.Edge21
Missing edge link: ;#9cd:1;:Hf57,E.Edge40
Missing edge link: ;#9cd:1;:Hf57,E.Edge40
Missing edge link: ;#9cf:1;:Hf57,E.Edge44
Missing edge link: ;#374f:1;:Hf57,E.Edge41
Missing edge link: ;#9d1:1;:Hf57,E.Edge43
Missing edge link: ;#9d1:1;:Hf57,E.Edge43

FrontLipRoundover: Missing edge link: ;#9b5:1;:Hf57,E.Edge16
Missing edge link: ;#9b6:1;:Hf57,E.Edge17
Missing edge link: ;#374c:1;:Hf57,E.Edge18
Missing edge link: ;#9b8:3;:Hf57,E.Edge19
Missing edge link: ;#374d:1;:Hf57,E.Edge20
Missing edge link: ;#374e:3;:Hf57,E.Edge21
Missing edge link: ;#9cd:1;:Hf57,E.Edge40
Missing edge link: ;#9cd:1;:Hf57,E.Edge40
Missing edge link: ;#9cf:1;:Hf57,E.Edge44
Missing edge link: ;#374f:1;:Hf57,E.Edge41
Missing edge link: ;#9d1:1;:Hf57,E.Edge43
Missing edge link: ;#9d1:1;:Hf57,E.Edge43


Rounded left10to20Cut radius 9.0 mm on edges [3, 4, 9, 10]
Rounded left15to25Cut radius 9.0 mm on edges [3, 4, 9, 10]
Rounded leftSixCut radius 8.5 mm on edges [6, 7, 11, 12]
Rounded leftTwelveEightCut radius 8.5 mm on edges [3, 4, 9, 10]
Rounded right10to20Cut radius 9.0 mm on edges [3, 4, 9, 10]
Rounded right15to25Cut radius 9.0 mm on edges [3, 4, 9, 10]
Rounded rightSixCut radius 8.5 mm on edges [6, 7, 11, 12]
Rounded rightTwelveEightCut radius 8.5 mm on edges [3, 4, 9, 10]
Rounded CentralTwentySixCut radius 8.5 mm on edges [3, 4, 9, 10]
Rounded CentralThirtyTwentyFiveCut radius 9.0 mm on edges [3, 4, 9, 10]

Stopped obsolete-edge downstream recompute after >2min; source untouched.
