<PropertyLinks> PropertyLinks.cpp(516): before#FrontLipRoundover.EdgeLinks missing element reference before#Cut13 ;#9b5:1;:Hf57,E.Edge16
<PropertyLinks> PropertyLinks.cpp(516): before#FrontLipRoundover.EdgeLinks missing element reference before#Cut13 ;#9b6:1;:Hf57,E.Edge17
<PropertyLinks> PropertyLinks.cpp(516): before#FrontLipRoundover.EdgeLinks missing element reference before#Cut13 ;#9b7:1;:Hf57,E.Edge18
<PropertyLinks> PropertyLinks.cpp(516): before#FrontLipRoundover.EdgeLinks missing element reference before#Cut13 ;#9b8:3;:Hf57,E.Edge19
<PropertyLinks> PropertyLinks.cpp(516): before#FrontLipRoundover.EdgeLinks missing element reference before#Cut13 ;#9b9:1;:Hf57,E.Edge20
<PropertyLinks> PropertyLinks.cpp(516): before#FrontLipRoundover.EdgeLinks missing element reference before#Cut13 ;#9ba:3;:Hf57,E.Edge21
<PropertyLinks> PropertyLinks.cpp(516): before#FrontLipRoundover.EdgeLinks missing element reference before#Cut13 ;#9cd:1;:Hf57,E.Edge40
<PropertyLinks> PropertyLinks.cpp(516): before#FrontLipRoundover.EdgeLinks missing element reference before#Cut13 ;#9ce:1;:Hf57,E.Edge41
<PropertyLinks> PropertyLinks.cpp(516): before#FrontLipRoundover.EdgeLinks missing element reference before#Cut13 ;#9cf:1;:Hf57,E.Edge42
<PropertyLinks> PropertyLinks.cpp(516): before#FrontLipRoundover.EdgeLinks missing element reference before#Cut13 ;#9d0:1;:Hf57,E.Edge43
<PropertyLinks> PropertyLinks.cpp(516): before#FrontLipRoundover.EdgeLinks missing element reference before#Cut13 ;#9d1:1;:Hf57,E.Edge44
<PropertyLinks> PropertyLinks.cpp(516): before#FrontLipRoundover.EdgeLinks missing element reference before#Cut13 ;#9d2:3;:Hf57,E.Edge45
<Part> PartFeature.cpp(1998): invalid fillet edge link '?Edge16' in object before#FrontLipRoundover
<Part> PartFeature.cpp(1998): invalid fillet edge link '?Edge17' in object before#FrontLipRoundover
<Part> PartFeature.cpp(1998): invalid fillet edge link '?Edge18' in object before#FrontLipRoundover
<Part> PartFeature.cpp(1998): invalid fillet edge link '?Edge19' in object before#FrontLipRoundover
<Part> PartFeature.cpp(1998): invalid fillet edge link '?Edge20' in object before#FrontLipRoundover
<Part> PartFeature.cpp(1998): invalid fillet edge link '?Edge21' in object before#FrontLipRoundover
<Part> PartFeature.cpp(1998): invalid fillet edge link '?Edge40' in object before#FrontLipRoundover
<Part> PartFeature.cpp(1998): invalid fillet edge link '?Edge41' in object before#FrontLipRoundover
<Part> PartFeature.cpp(1998): invalid fillet edge link '?Edge42' in object before#FrontLipRoundover
<Part> PartFeature.cpp(1998): invalid fillet edge link '?Edge43' in object before#FrontLipRoundover
<Part> PartFeature.cpp(1998): invalid fillet edge link '?Edge44' in object before#FrontLipRoundover
<Part> PartFeature.cpp(1998): invalid fillet edge link '?Edge45' in object before#FrontLipRoundover

Rounded left10to20Cut radius 9.0 mm on edges [3, 4, 9, 10]
Rounded left15to25Cut radius 9.0 mm on edges [3, 4, 9, 10]
Rounded leftSixCut radius 8.5 mm on edges [6, 7, 11, 12]
Rounded leftTwelveEightCut radius 8.5 mm on edges [3, 4, 9, 10]
Rounded right10to20Cut radius 9.0 mm on edges [3, 4, 9, 10]
Rounded right15to25Cut radius 9.0 mm on edges [3, 4, 9, 10]
Rounded rightSixCut radius 8.5 mm on edges [6, 7, 11, 12]
Rounded rightTwelveEightCut radius 8.5 mm on edges [3, 4, 9, 10]
Rounded CentralTwentySixCut radius 8.5 mm on edges [3, 4, 9, 10]
Rounded CentralThirtyTwentyFiveCut radius 9.0 mm on edges [3, 4, 9, 10]
Recomputed Cut0
Recomputed Cut1
Recomputed Cut2
Recomputed Cut3
Recomputed Cut4
Recomputed Cut5
Recomputed Cut6
Recomputed Cut7
Recomputed Cut8
Recomputed Cut9
Recomputed Cut10
Recomputed Cut11
Recomputed Cut12
Recomputed Cut13
Front lip 2.5 mm reselection: [32, 33, 34, 35, 36, 37, 38, 39, 40, 41, 68, 69, 70, 71, 72, 73, 74, 75, 76, 77]
Contact surfaces clipped to their rounded native tools
Recomputed Lower_SeamBox_xm220
Recomputed Upper_SeamBox_xm220
Recomputed Joined_SeamBox_xm220
Recomputed Lower_SeamBox_xm58_00001
Recomputed Upper_SeamBox_xm58_00001
Recomputed Joined_SeamBox_xm58_00001
Recomputed Lower_SeamBox_x58_00001
Recomputed Upper_SeamBox_x58_00001
Recomputed Joined_SeamBox_x58_00001
Recomputed Lower_SeamBox_x220
Recomputed Upper_SeamBox_x220
Recomputed Joined_SeamBox_x220
Recomputed Lower_SeamBox_ym18
Recomputed Upper_SeamBox_ym18
Recomputed Joined_SeamBox_ym18
Recomputed Lower_SeamBox_ym10
Recomputed Upper_SeamBox_ym10
Recomputed Joined_SeamBox_ym10
Recomputed Lower_SeamBox_y0
Recomputed Upper_SeamBox_y0
Recomputed Joined_SeamBox_y0
Recomputed Lower_SeamBox_z0
Recomputed Upper_SeamBox_z0
Recomputed Joined_SeamBox_z0
Saved corrected native source; body valid,20 open contact regions

								
								
								
