{
  "checks": {
    "workoutSceneFromCountdown": true,
    "hostObserved": true,
    "everyPostAttachmentCensusExactlyOneIntendedARView": true,
    "sameHost": true,
    "sameActualScene": true,
    "rootCameraActiveSameScene": true,
    "hostVisible": true,
    "sampledFramesOnMonotoneOwnEndpointPath": true,
    "allPostFirstCaptureCensusesFinal": true
  },
  "censuses": 128,
  "otherScenes": [
    "B5B0531C-36EF-4E27-A549-D9140A4972AA"
  ],
  "endpoints": [
    [
      232,
      182.33333333333331,
      410,
      70
    ],
    [
      332,
      240,
      210,
      36
    ]
  ]
}
