Traceback (most recent call last):
  File "/Users/asherlc/.paseo/worktrees/0h78jp9r/placid-badger-cad-second-half/Tools/HangboardCAD/solve_threaded_rope.py", line 435, in <module>
    main()
  File "/Users/asherlc/.paseo/worktrees/0h78jp9r/placid-badger-cad-second-half/Tools/HangboardCAD/solve_threaded_rope.py", line 402, in main
    solved = solve_native_routes(mesh, data, model)
             ^^^^^^^^^^^^^^^^^^^^^^^^^^^^^^^^^^^^^^
  File "/Users/asherlc/.paseo/worktrees/0h78jp9r/placid-badger-cad-second-half/Tools/HangboardCAD/native_cord_routes.py", line 515, in solve_native_routes
    return _solve_native_seed(mesh, data, descriptor)
           ^^^^^^^^^^^^^^^^^^^^^^^^^^^^^^^^^^^^^^^^^^
  File "/Users/asherlc/.paseo/worktrees/0h78jp9r/placid-badger-cad-second-half/Tools/HangboardCAD/native_cord_routes.py", line 633, in _solve_native_seed
    output.update(_solve_native_routes(mesh, one, descriptor))
                  ^^^^^^^^^^^^^^^^^^^^^^^^^^^^^^^^^^^^^^^^^^^
  File "/Users/asherlc/.paseo/worktrees/0h78jp9r/placid-badger-cad-second-half/Tools/HangboardCAD/native_cord_routes.py", line 822, in _solve_native_routes
    settled = settle()
              ^^^^^^^^
  File "/Users/asherlc/.paseo/worktrees/0h78jp9r/placid-badger-cad-second-half/Tools/HangboardCAD/native_cord_routes.py", line 789, in settle
    if max(evaluate(high)[1].values()) > 1+1e-6:
           ^^^^^^^^^^^^^^
  File "/Users/asherlc/.paseo/worktrees/0h78jp9r/placid-badger-cad-second-half/Tools/HangboardCAD/native_cord_routes.py", line 750, in evaluate
    path=first_section.route(local,lead_ends.get(identifier,points[0]))
         ^^^^^^^^^^^^^^^^^^^^^^^^^^^^^^^^^^^^^^^^^^^^^^^^^^^^^^^^^^^^^^
  File "/Users/asherlc/.paseo/worktrees/0h78jp9r/placid-badger-cad-second-half/Tools/HangboardCAD/native_cord_routes.py", line 151, in route
    adjacency = self.neighbors(index) + links.get(index, []) if index < n else endpoints[index]
                ^^^^^^^^^^^^^^^^^^^^^
  File "/Users/asherlc/.paseo/worktrees/0h78jp9r/placid-badger-cad-second-half/Tools/HangboardCAD/native_cord_routes.py", line 106, in neighbors
    if other != index and self.visible(point, candidate)]
                          ^^^^^^^^^^^^^^^^^^^^^^^^^^^^^^
  File "/Users/asherlc/.paseo/worktrees/0h78jp9r/placid-badger-cad-second-half/Tools/HangboardCAD/native_cord_routes.py", line 118, in visible
    return LineString([a,b]).relate(self.obstacle)[0] == "F"
           ^^^^^^^^^^^^^^^^^^^^^^^^^^^^^^^^^^^^^^^
  File "/Users/asherlc/.paseo/worktrees/0h78jp9r/placid-badger-cad-second-half/.context/placid-badger-cad-second-half/yy-baguette/venv/lib/python3.12/site-packages/shapely/geometry/base.py", line 762, in relate
    return shapely.relate(self, other)
           ^^^^^^^^^^^^^^^^^^^^^^^^^^^
  File "/Users/asherlc/.paseo/worktrees/0h78jp9r/placid-badger-cad-second-half/.context/placid-badger-cad-second-half/yy-baguette/venv/lib/python3.12/site-packages/shapely/predicates.py", line 1171, in relate
    return lib.relate(a, b, **kwargs)
           ^^^^^^^^^^^^^^^^^^^^^^^^^^
KeyboardInterrupt
[rtk] .context/placid-badger-cad-second-half/yy-baguette/venv/bin/python: process terminated by signal 2
