[1/10] validating nature-stone-hanger-mini.FCStd
[2/10] reopening and recomputing the source document
[3/10] extracting bound components and semantic regions
[4/10] tessellating with pinned quality
[5/10] partitioning the surface and preserving normals and materials
      nature_body: 21325 triangles, role=body
      nature_wood: 6991 triangles, role=contact
      nature_stone: 266 triangles, role=contact
      nature_pinch: 194 triangles, role=contact
      nature_jug: 66 triangles, role=contact
[6/10] writing the USDZ directly
[7/10] reopening the exported asset
[8/10] deriving the descriptor from the exported bytes
[9/10] validating the staged package
[10/10] publishing the asset and descriptor set
{
  "asset": ".context/placid-badger/mini-review10-correction/root/final-rebuild/assets/primary.usdz",
  "assetBytes": 622762,
  "assetSHA256": "0ba3b6b840611ede9a0b23a7b2d531c50759afe00bdbbf18c84d46afcf764754",
  "board": "Hangboards/nature-stone-hanger-mini/nature-stone-hanger-mini.FCStd#HangTenBoardManifest",
  "contacts": [
    "granite-edge-15",
    "pinch-60",
    "pull-up-jug",
    "wood-edge-15-incut"
  ],
  "descriptor": ".context/placid-badger/mini-review10-correction/root/final-rebuild/assets/primary.model.json",
  "measuredRegionDepthsMM": {
    "granite-edge-15": 15.0,
    "pinch-60": 60.0,
    "pull-up-jug": 22.5,
    "wood-edge-15-incut": 15.0
  },
  "modelSHA256": "0ba3b6b840611ede9a0b23a7b2d531c50759afe00bdbbf18c84d46afcf764754",
  "nodes": [
    "nature_body",
    "nature_jug",
    "nature_pinch",
    "nature_stone",
    "nature_wood"
  ],
  "package": "nature-stone-hanger-mini",
  "presentationID": "primary",
  "published": true,
  "schemaVersion": 1,
  "source": "Hangboards/nature-stone-hanger-mini/nature-stone-hanger-mini.FCStd",
  "sourceKind": "native-parametric-measured-profile",
  "sourceSHA256": "c0fbe85264ba8183fa356f7c1309daf71d76898df51c12b80a1b40a0961737c5",
  "sourceUnchanged": true,
  "tessellationDeflectionMM": 0.15,
  "triangles": 28842
}
