system = {
	type = system
	handle = 0
	active count = 26
	service count = 6
	active service count = 4
	maximum allowed shutdown time = 30 s
	service stats = {
	}
	trial factors = {
		reload count = 0
		memory = 0/0
		active config locked = 0
	}
		creator = launchd_sim[11622]
	creator euid = 502
	session = System
	security context = {
		uid unset
		session uid = -101
	}

	bringup time = 112 ms
	death port = 0x5803
	subdomains = {
		user/502
	}

	services = {
		   11758      - 	com.apple.logd_helper
		   11759      - 	com.apple.diagnosticd
		   11626      - 	com.apple.logd
		       0      - 	com.apple.containermanagerd.system
		   11662      - 	com.apple.notifyd
		       0      - 	com.apple.cfprefsd.xpc.daemon.system
	}

	unmanaged processes = {
	}

	endpoints = {
		  0x140b    M   A   com.apple.logd.events
		 0x19103    M   A   com.apple.diagnosticd
		       0    M   D   com.apple.cfprefsd.daemon.system
		  0x5103    M   A   com.apple.logd
		 0x1d303    M   A   com.apple.system.notification_center
		 0x19003    M   D   com.apple.logd_helper
		       0    M   D   com.apple.containermanagerd.system
		  0x2023    M   A   com.apple.logd.cachedelete
		  0x4503    M   A   com.apple.logd.realtime
		  0x5203    M   A   com.apple.logd.admin
	}

	task-special ports = {
			  0x1d03 4       bootstrap  com.apple.xpc.launchd.domain.system
	}


	properties = uncorked | bound
}
