system = {
	type = system
	handle = 0
	active count = 24
	service count = 6
	active service count = 4
	maximum allowed shutdown time = 30 s
	service stats = {
	}
	trial factors = {
		reload count = 0
		memory = 0/0
		active config locked = 0
	}
		creator = launchd_sim[73740]
	creator euid = 502
	session = System
	security context = {
		uid unset
		session uid = -101
	}

	bringup time = 115 ms
	death port = 0x2c03
	subdomains = {
		user/502
	}

	services = {
		   73884      - 	com.apple.logd_helper
		   73886      - 	com.apple.diagnosticd
		   73744      - 	com.apple.logd
		       0      - 	com.apple.containermanagerd.system
		   73780      - 	com.apple.notifyd
		       0      - 	com.apple.cfprefsd.xpc.daemon.system
	}

	unmanaged processes = {
	}

	endpoints = {
		  0x5603    M   A   com.apple.logd.events
		 0x1cc03    M   A   com.apple.diagnosticd
		       0    M   D   com.apple.cfprefsd.daemon.system
		  0x7d03    M   A   com.apple.logd
		   0xef3    M   A   com.apple.system.notification_center
		 0x19233    M   D   com.apple.logd_helper
		       0    M   D   com.apple.containermanagerd.system
		  0x5703    M   A   com.apple.logd.cachedelete
		  0x7f03    M   A   com.apple.logd.realtime
		  0x7e03    M   A   com.apple.logd.admin
	}

	task-special ports = {
			  0x1d03 4       bootstrap  com.apple.xpc.launchd.domain.system
	}


	properties = uncorked | bound
}
