{
  "completeStream": true,
  "exactEnvironmentKeys": true,
  "exactCommonValues": true,
  "releaseModeMatches": true,
  "exactRunID": true,
  "canonicalModelSHA": true,
  "exactTwoConstructorsAndMakes": true,
  "oneBeforeAfterTrainOnly": true,
  "actionFlagCorrect": true,
  "retentionModeCorrect": true,
  "allHostsCurrentValid": true,
  "tagMatchesPredecessor": true,
  "oneStableOwnerPerHost": true,
  "exactInitialReadiness": true,
  "beforeOwnershipObservedOrOrdinaryNaturalLoss": true,
  "disappearBeforeFirstHang": true,
  "postEveryTrialKeepsPredecessorRecord": true,
  "bothRecordsFromFirstHang": true,
  "workoutAliveAttachedUnchanged": true,
  "weakCensusRecordAtEveryPostPoint": true,
  "weakIdentityForEveryLivingEntity": true,
  "predecessorDisappearedThroughout": true,
  "zeroExplicitDetachesEntireStream": true,
  "zeroIntentionalRetentionEntireStream": true,
  "noUnexpectedOrdinaryOwnershipTransfer": true,
  "deadEntitiesHaveNoInventedOwnership": true,
  "throughTail": true
}
