[1/10] validating metolius-simulator-3d.FCStd
[2/10] reopening and recomputing the source document
[3/10] extracting bound components and semantic regions
[4/10] tessellating with pinned quality
[5/10] partitioning the surface and preserving normals and materials
      body_board_001: 19065 triangles, role=body
      contact_pocket_4_left: 440 triangles, role=contact
      contact_pocket_4_right: 447 triangles, role=contact
      contact_edge_5_left: 548 triangles, role=contact
      contact_edge_5_right: 545 triangles, role=contact
      contact_edge_6_left: 434 triangles, role=contact
      contact_edge_6_right: 444 triangles, role=contact
      contact_edge_7_left: 472 triangles, role=contact
      contact_edge_7_right: 475 triangles, role=contact
      contact_pocket_8_left: 435 triangles, role=contact
      contact_pocket_8_right: 454 triangles, role=contact
      contact_pocket_9_left: 584 triangles, role=contact
      contact_pocket_9_right: 571 triangles, role=contact
      contact_pocket_10_left: 462 triangles, role=contact
      contact_pocket_10_right: 476 triangles, role=contact
      contact_edge_11_left: 434 triangles, role=contact
      contact_edge_11_right: 444 triangles, role=contact
      contact_pocket_12_left: 458 triangles, role=contact
      contact_pocket_12_right: 463 triangles, role=contact
      contact_pocket_13_left: 585 triangles, role=contact
      contact_pocket_13_right: 579 triangles, role=contact
      contact_pocket_15_center: 620 triangles, role=contact
      contact_pocket_16_center: 479 triangles, role=contact
      contact_pocket_17_center: 610 triangles, role=contact
      contact_pocket_18_center: 478 triangles, role=contact
      contact_jug_14_center: 2346 triangles, role=contact
      contact_round_sloper_3_center: 140 triangles, role=contact
      contact_flat_sloper_2_left: 2 triangles, role=contact
      contact_jug_1_left: 570 triangles, role=contact
      contact_flat_sloper_2_right: 2 triangles, role=contact
      contact_jug_1_right: 572 triangles, role=contact
[6/10] writing the USDZ directly
[7/10] reopening the exported asset
[8/10] deriving the descriptor from the exported bytes
[9/10] validating the staged package
[10/10] publishing the asset and descriptor set
{
  "asset": ".context/placid-badger/metolius-simulator-3d-jagged/native-author/baseline-rebuild/assets/primary.usdz",
  "assetBytes": 994933,
  "assetSHA256": "a1d2a2a5e0cc4cc955ecf9b25c47b049bd71d8c70b3b2269fa167b9defbe6d16",
  "board": ".context/placid-badger/metolius-simulator-3d-jagged/native-author/before/metolius-simulator-3d.FCStd#HangTenBoardManifest",
  "contacts": [
    "edge-11-left",
    "edge-11-right",
    "edge-5-left",
    "edge-5-right",
    "edge-6-left",
    "edge-6-right",
    "edge-7-left",
    "edge-7-right",
    "flat-sloper-2-left",
    "flat-sloper-2-right",
    "jug-1-left",
    "jug-1-right",
    "jug-14-center",
    "pocket-10-left",
    "pocket-10-right",
    "pocket-12-left",
    "pocket-12-right",
    "pocket-13-left",
    "pocket-13-right",
    "pocket-15-center",
    "pocket-16-center",
    "pocket-17-center",
    "pocket-18-center",
    "pocket-4-left",
    "pocket-4-right",
    "pocket-8-left",
    "pocket-8-right",
    "pocket-9-left",
    "pocket-9-right",
    "round-sloper-3-center"
  ],
  "descriptor": ".context/placid-badger/metolius-simulator-3d-jagged/native-author/baseline-rebuild/assets/primary.model.json",
  "measuredRegionDepthsMM": {
    "edge-11-left": 14.0,
    "edge-11-right": 14.0,
    "edge-5-left": 25.0,
    "edge-5-right": 25.0,
    "edge-6-left": 18.999,
    "edge-6-right": 19.0,
    "edge-7-left": 36.0,
    "edge-7-right": 36.0,
    "flat-sloper-2-left": 55.0,
    "flat-sloper-2-right": 55.0,
    "jug-1-left": 93.999,
    "jug-1-right": 93.999,
    "jug-14-center": 87.664,
    "pocket-10-left": 17.0,
    "pocket-10-right": 17.0,
    "pocket-12-left": 30.0,
    "pocket-12-right": 30.0,
    "pocket-13-left": 14.0,
    "pocket-13-right": 14.0,
    "pocket-15-center": 50.0,
    "pocket-16-center": 37.0,
    "pocket-17-center": 28.0,
    "pocket-18-center": 32.0,
    "pocket-4-left": 30.0,
    "pocket-4-right": 29.999,
    "pocket-8-left": 15.0,
    "pocket-8-right": 15.0,
    "pocket-9-left": 35.0,
    "pocket-9-right": 35.0,
    "round-sloper-3-center": 65.0
  },
  "modelSHA256": "a1d2a2a5e0cc4cc955ecf9b25c47b049bd71d8c70b3b2269fa167b9defbe6d16",
  "nodes": [
    "body_board_001",
    "contact_edge_11_left",
    "contact_edge_11_right",
    "contact_edge_5_left",
    "contact_edge_5_right",
    "contact_edge_6_left",
    "contact_edge_6_right",
    "contact_edge_7_left",
    "contact_edge_7_right",
    "contact_flat_sloper_2_left",
    "contact_flat_sloper_2_right",
    "contact_jug_14_center",
    "contact_jug_1_left",
    "contact_jug_1_right",
    "contact_pocket_10_left",
    "contact_pocket_10_right",
    "contact_pocket_12_left",
    "contact_pocket_12_right",
    "contact_pocket_13_left",
    "contact_pocket_13_right",
    "contact_pocket_15_center",
    "contact_pocket_16_center",
    "contact_pocket_17_center",
    "contact_pocket_18_center",
    "contact_pocket_4_left",
    "contact_pocket_4_right",
    "contact_pocket_8_left",
    "contact_pocket_8_right",
    "contact_pocket_9_left",
    "contact_pocket_9_right",
    "contact_round_sloper_3_center"
  ],
  "package": "metolius-simulator-3d",
  "presentationID": "primary",
  "published": true,
  "schemaVersion": 1,
  "source": ".context/placid-badger/metolius-simulator-3d-jagged/native-author/before/metolius-simulator-3d.FCStd",
  "sourceKind": "native-parametric-measured-profile",
  "sourceSHA256": "9449f932e98c23fc9115d7a2cd0cfe5aacb158fd574d7ba573287ef7c5b67222",
  "sourceUnchanged": true,
  "tessellationDeflectionMM": 0.28,
  "triangles": 34634
}

								
								
								
