{
  "status": "requires-review",
  "blockingFindings": [
    "body_board_001 degenerate triangle or inconsistent authored normal"
  ],
  "modelSHA256": "c87d2acf4226a3f31ce11fd2e086b891b3608bef58e74f40d50c82f2318e8628",
  "weldedWholeExportTopology": [
    {
      "mode": "exactStoredPositions",
      "uniqueVertices": 127712,
      "uniqueEdges": 382682,
      "boundaryEdges": 591,
      "nonManifoldEdges": 110,
      "inconsistentPairedEdgeWinding": 0,
      "watertight": false,
      "windingConsistentOnPairedEdges": true
    },
    {
      "mode": "rounded0.0001mm",
      "uniqueVertices": 127684,
      "uniqueEdges": 382626,
      "boundaryEdges": 591,
      "nonManifoldEdges": 166,
      "inconsistentPairedEdgeWinding": 28,
      "watertight": false,
      "windingConsistentOnPairedEdges": false
    }
  ],
  "boundarySeamSpacing": {
    "method": "Five interior fractions per edge; nearest other boundary segment with abs(direction dot)>0.8. Diagnostic estimate of semantic seam spacing, not a certified global Hausdorff distance.",
    "boundaryEdgeCount": 591,
    "totalBoundaryLengthMM": 1238.2086100912384,
    "maximumSampledDistanceMM": 103.63394553536703,
    "edgesAboveDeflection028MM": 317,
    "worstEdges": [
      {
        "startRuntimeM": [
          -0.35529735684394836,
          0.13699999451637268,
          0.0060000000521540945
        ],
        "endRuntimeM": [
          -0.3496033251285553,
          0.13699999451637268,
          9.999999975056628e-07
        ],
        "lengthMM": 8.271033720259933,
        "maxSampledNearestParallelBoundaryDistanceMM": 103.63394553536703
      },
      {
        "startRuntimeM": [
          0.3496033251285553,
          0.13699999451637268,
          9.999999975056628e-07
        ],
        "endRuntimeM": [
          0.35529735684394836,
          0.13699999451637268,
          0.0060000000521540945
        ],
        "lengthMM": 8.271033720259933,
        "maxSampledNearestParallelBoundaryDistanceMM": 103.63394553536703
      },
      {
        "startRuntimeM": [
          0.35497385263442993,
          0.13886703550815582,
          0.006000000052154095
        ],
        "endRuntimeM": [
          0.35518813133239746,
          0.13773185014724731,
          0.0060000000521540945
        ],
        "lengthMM": 1.155232082320968,
        "maxSampledNearestParallelBoundaryDistanceMM": 8.244040869065113
      },
      {
        "startRuntimeM": [
          0.025540579110383987,
          0.2031083106994629,
          9.999999975203417e-07
        ],
        "endRuntimeM": [
          0.03151976689696312,
          0.19566506147384644,
          9.999999975186891e-07
        ],
        "lengthMM": 9.547389466331465,
        "maxSampledNearestParallelBoundaryDistanceMM": 4.7736947331657325
      },
      {
        "startRuntimeM": [
          -0.25768110156059265,
          0.16174612939357758,
          0.05096337944269184
        ],
        "endRuntimeM": [
          -0.2561294734477997,
          0.16091576218605042,
          0.050306335091590916
        ],
        "lengthMM": 1.8785012054985633,
        "maxSampledNearestParallelBoundaryDistanceMM": 4.315471503166184
      },
      {
        "startRuntimeM": [
          0.2561294734477997,
          0.16091576218605042,
          0.050306335091590916
        ],
        "endRuntimeM": [
          0.25768110156059265,
          0.16174612939357758,
          0.05096337944269184
        ],
        "lengthMM": 1.8785012054985633,
        "maxSampledNearestParallelBoundaryDistanceMM": 4.315471503166184
      },
      {
        "startRuntimeM": [
          -0.257999986410141,
          0.16161498427391052,
          0.05499999970197681
        ],
        "endRuntimeM": [
          -0.257999986410141,
          0.1638023406267166,
          0.027481617406010662
        ],
        "lengthMM": 27.605178717065105,
        "maxSampledNearestParallelBoundaryDistanceMM": 4.156537430831156
      },
      {
        "startRuntimeM": [
          0.257999986410141,
          0.16161498427391052,
          0.05499999970197681
        ],
        "endRuntimeM": [
          0.257999986410141,
          0.1638023406267166,
          0.027481617406010662
        ],
        "lengthMM": 27.605178717065105,
        "maxSampledNearestParallelBoundaryDistanceMM": 4.156537430831156
      },
      {
        "startRuntimeM": [
          -0.02990405075252056,
          0.1976550966501236,
          9.999999975191309e-07
        ],
        "endRuntimeM": [
          -0.02500355802476406,
          0.2037605345249176,
          9.999999975204865e-07
        ],
        "lengthMM": 7.828869689665519,
        "maxSampledNearestParallelBoundaryDistanceMM": 3.9144348448327597
      },
      {
        "startRuntimeM": [
          -0.257999986410141,
          0.1638023406267166,
          0.027481617406010662
        ],
        "endRuntimeM": [
          -0.257999986410141,
          0.16556119918823242,
          0.0053584892302751905
        ],
        "lengthMM": 22.192935446205357,
        "maxSampledNearestParallelBoundaryDistanceMM": 3.865757092074946
      },
      {
        "startRuntimeM": [
          0.257999986410141,
          0.1638023406267166,
          0.027481617406010662
        ],
        "endRuntimeM": [
          0.257999986410141,
          0.16556119918823242,
          0.0053584892302751905
        ],
        "lengthMM": 22.192935446205357,
        "maxSampledNearestParallelBoundaryDistanceMM": 3.865757092074946
      },
      {
        "startRuntimeM": [
          -0.2550901770591736,
          0.1622038036584854,
          0.032010592520237004
        ],
        "endRuntimeM": [
          -0.2540452182292938,
          0.16087721288204193,
          0.040610976517200505
        ],
        "lengthMM": 8.76460991371062,
        "maxSampledNearestParallelBoundaryDistanceMM": 3.7681576340919958
      },
      {
        "startRuntimeM": [
          0.2540452182292938,
          0.16087721288204193,
          0.040610976517200505
        ],
        "endRuntimeM": [
          0.2550901770591736,
          0.1622038036584854,
          0.032010592520237004
        ],
        "lengthMM": 8.76460991371062,
        "maxSampledNearestParallelBoundaryDistanceMM": 3.7681576340919958
      },
      {
        "startRuntimeM": [
          -0.2550901770591736,
          0.16508080065250397,
          0.0038868982810527455
        ],
        "endRuntimeM": [
          -0.2540452182292938,
          0.16376528143882751,
          0.014021469280123747
        ],
        "lengthMM": 10.272879785771204,
        "maxSampledNearestParallelBoundaryDistanceMM": 3.5358789990599533
      },
      {
        "startRuntimeM": [
          0.2540452182292938,
          0.16376528143882751,
          0.014021469280123747
        ],
        "endRuntimeM": [
          0.2550901770591736,
          0.16508080065250397,
          0.0038868982810527455
        ],
        "lengthMM": 10.272879785771204,
        "maxSampledNearestParallelBoundaryDistanceMM": 3.5358789990599533
      },
      {
        "startRuntimeM": [
          -0.2561294734477997,
          0.16091576218605042,
          0.050306335091590916
        ],
        "endRuntimeM": [
          -0.2540452182292938,
          0.16087721288204193,
          0.040610976517200505
        ],
        "lengthMM": 9.91693419110534,
        "maxSampledNearestParallelBoundaryDistanceMM": 3.2635938051944344
      },
      {
        "startRuntimeM": [
          0.2540452182292938,
          0.16087721288204193,
          0.040610976517200505
        ],
        "endRuntimeM": [
          0.2561294734477997,
          0.16091576218605042,
          0.050306335091590916
        ],
        "lengthMM": 9.91693419110534,
        "maxSampledNearestParallelBoundaryDistanceMM": 3.2635938051944344
      },
      {
        "startRuntimeM": [
          -0.25086188316345215,
          0.15782086551189423,
          0.054886758327484166
        ],
        "endRuntimeM": [
          -0.25086188316345215,
          0.158107727766037,
          0.052691500633955037
        ],
        "lengthMM": 2.213921022496218,
        "maxSampledNearestParallelBoundaryDistanceMM": 3.14354616969721
      },
      {
        "startRuntimeM": [
          0.25086188316345215,
          0.15782086551189423,
          0.054886758327484166
        ],
        "endRuntimeM": [
          0.25086188316345215,
          0.158107727766037,
          0.052691500633955037
        ],
        "lengthMM": 2.213921022496218,
        "maxSampledNearestParallelBoundaryDistanceMM": 3.14354616969721
      },
      {
        "startRuntimeM": [
          0.35468408465385437,
          0.14008595049381256,
          0.01803921163082126
        ],
        "endRuntimeM": [
          0.35479262471199036,
          0.13965871930122375,
          0.011466123163700135
        ],
        "lengthMM": 6.587852414310884,
        "maxSampledNearestParallelBoundaryDistanceMM": 2.9262301141897034
      }
    ]
  },
  "actualNativeEnvelopeXYZMM": [
    711.0000252723694,
    94.11818308581132,
    222.00000286102295
  ],
  "limits": [
    "Exact-coordinate topology is reported independently of normals and material gates.",
    "The secondary0.0001mm positional weld is diagnostic only; it does not repair or rewrite the model.",
    "No triangle self-intersection/global manufacturing certificate is claimed."
  ]
}
