rootface 3 checked
rootface 4 checked
rootface 12 checked
rootface 16 checked
rootface 37 checked
{
  "sourceSHA256": "ec348cea477014f3594d586438d1094c7fb8eeb4516f7c44e28b7d57989faa2d",
  "bodyOrientation": "Forward",
  "bodyVolumeMM3": 5737738.351101727,
  "bodyValid": true,
  "rootFaces": [
    {
      "face": 3,
      "orientation": "Forward",
      "surfaceType": "BSplineSurface",
      "bounds": [
        -47.0,
        47.0,
        -94.00000000000009,
        -79.99999999999993,
        182.7999999999999,
        216.55226837737493
      ],
      "area": 2880.5284802807205,
      "valid": true,
      "bopCheck": "None",
      "clips": [
        {
          "case": "original",
          "area": 2480.132492473429,
          "faces": 1,
          "valid": true
        },
        {
          "case": "reversedCopy",
          "area": 2480.132492473429,
          "faces": 1,
          "valid": true
        }
      ],
      "boxSectionEdges": 1,
      "samples": [
        {
          "point": [
            -28.316795644221532,
            -81.121,
            208.53675265924306
          ],
          "normal": [
            -0.2829341958768637,
            -0.7615300289749876,
            0.5831125584077805
          ],
          "insideWitnesses": [
            {
              "offsetMM": 0.05,
              "plusNormalInside": false,
              "minusNormalInside": true
            },
            {
              "offsetMM": 0.5,
              "plusNormalInside": false,
              "minusNormalInside": true
            }
          ]
        },
        {
          "point": [
            5.587129672703903e-15,
            -88.12499999999997,
            199.56434631785294
          ],
          "normal": [
            1.1364969212326815e-15,
            -0.9157441150662177,
            0.40176201378625864
          ],
          "insideWitnesses": [
            {
              "offsetMM": 0.05,
              "plusNormalInside": false,
              "minusNormalInside": true
            },
            {
              "offsetMM": 0.5,
              "plusNormalInside": false,
              "minusNormalInside": true
            }
          ]
        },
        {
          "point": [
            28.316795644221546,
            -93.68899999999994,
            184.62603144900467
          ],
          "normal": [
            0.0033493223469407657,
            -0.9647340144994673,
            0.26320536337156597
          ],
          "insideWitnesses": [
            {
              "offsetMM": 0.05,
              "plusNormalInside": false,
              "minusNormalInside": true
            },
            {
              "offsetMM": 0.5,
              "plusNormalInside": false,
              "minusNormalInside": true
            }
          ]
        }
      ]
    },
    {
      "face": 4,
      "orientation": "Reversed",
      "surfaceType": "BSplineSurface",
      "bounds": [
        -61.00000000000002,
        -45.49999999999999,
        -94.00000000000003,
        4.115e-14,
        169.07137670010434,
        193.45190038453086
      ],
      "area": 1764.196856592597,
      "valid": true,
      "bopCheckError": "ValueError('BOP check found the following errors:\\nError in Face: BOPAlgo GeomAbs_C0\\n')",
      "clips": [
        {
          "case": "original",
          "area": 0.0,
          "faces": 0,
          "valid": true
        },
        {
          "case": "reversedCopy",
          "area": 0.0,
          "faces": 0,
          "valid": true
        }
      ],
      "boxSectionEdges": 4,
      "samples": [
        {
          "point": [
            -47.88178230605815,
            -9.709596570442287,
            187.89191100445507
          ],
          "normal": [
            -0.04462757572213455,
            -0.004281826288524429,
            0.9989945172265963
          ],
          "insideWitnesses": [
            {
              "offsetMM": 0.05,
              "plusNormalInside": false,
              "minusNormalInside": true
            },
            {
              "offsetMM": 0.5,
              "plusNormalInside": false,
              "minusNormalInside": true
            }
          ]
        },
        {
          "point": [
            -52.30226553178184,
            -48.44618188270797,
            185.4552705432739
          ],
          "normal": [
            -0.2609846254027051,
            -0.08668705571137061,
            0.9614428634482153
          ],
          "insideWitnesses": [
            {
              "offsetMM": 0.05,
              "plusNormalInside": false,
              "minusNormalInside": true
            },
            {
              "offsetMM": 0.5,
              "plusNormalInside": false,
              "minusNormalInside": true
            }
          ]
        },
        {
          "point": [
            -57.40511757462262,
            -87.42757592669861,
            177.3704025847836
          ],
          "normal": [
            -0.41169595780657164,
            -0.3650798880060457,
            0.8349988704778125
          ],
          "insideWitnesses": [
            {
              "offsetMM": 0.05,
              "plusNormalInside": false,
              "minusNormalInside": true
            },
            {
              "offsetMM": 0.5,
              "plusNormalInside": false,
              "minusNormalInside": true
            }
          ]
        }
      ]
    },
    {
      "face": 12,
      "orientation": "Forward",
      "surfaceType": "BSplineSurface",
      "bounds": [
        45.49999999999999,
        61.00000000000002,
        -94.00000000000003,
        4.115e-14,
        169.07137670010434,
        193.45190038453086
      ],
      "area": 1764.196856592597,
      "valid": true,
      "bopCheckError": "ValueError('BOP check found the following errors:\\nError in Face: BOPAlgo GeomAbs_C0\\n')",
      "clips": [
        {
          "case": "original",
          "area": 0.0,
          "faces": 0,
          "valid": true
        },
        {
          "case": "reversedCopy",
          "area": 0.0,
          "faces": 0,
          "valid": true
        }
      ],
      "boxSectionEdges": 4,
      "samples": [
        {
          "point": [
            47.88178230605815,
            -9.709596570442287,
            187.89191100445507
          ],
          "normal": [
            0.04462757572213455,
            -0.004281826288524429,
            0.9989945172265963
          ],
          "insideWitnesses": [
            {
              "offsetMM": 0.05,
              "plusNormalInside": false,
              "minusNormalInside": true
            },
            {
              "offsetMM": 0.5,
              "plusNormalInside": false,
              "minusNormalInside": true
            }
          ]
        },
        {
          "point": [
            52.30226553178184,
            -48.44618188270797,
            185.4552705432739
          ],
          "normal": [
            0.2609846254027051,
            -0.08668705571137061,
            0.9614428634482153
          ],
          "insideWitnesses": [
            {
              "offsetMM": 0.05,
              "plusNormalInside": false,
              "minusNormalInside": true
            },
            {
              "offsetMM": 0.5,
              "plusNormalInside": false,
              "minusNormalInside": true
            }
          ]
        },
        {
          "point": [
            57.40511757462262,
            -87.42757592669861,
            177.3704025847836
          ],
          "normal": [
            0.41169595780657164,
            -0.3650798880060457,
            0.8349988704778125
          ],
          "insideWitnesses": [
            {
              "offsetMM": 0.05,
              "plusNormalInside": false,
              "minusNormalInside": true
            },
            {
              "offsetMM": 0.5,
              "plusNormalInside": false,
              "minusNormalInside": true
            }
          ]
        }
      ]
    },
    {
      "face": 16,
      "orientation": "Reversed",
      "surfaceType": "BSplineSurface",
      "bounds": [
        -61.0,
        -45.5,
        8.4e-16,
        4.115e-14,
        145.0,
        188.06733464060488
      ],
      "area": 657.1129123127938,
      "valid": true,
      "bopCheck": "None",
      "clips": [
        {
          "case": "original",
          "area": 0.0,
          "faces": 0,
          "valid": true
        },
        {
          "case": "reversedCopy",
          "area": 0.0,
          "faces": 0,
          "valid": true
        }
      ],
      "boxSectionEdges": 0,
      "samples": [
        {
          "point": [
            -47.8817823060581,
            6.403917954830403e-15,
            149.29029721306858
          ],
          "normal": [
            8.836805708793911e-16,
            1.0,
            -8.583078928001372e-16
          ],
          "insideWitnesses": [
            {
              "offsetMM": 0.05,
              "plusNormalInside": false,
              "minusNormalInside": true
            },
            {
              "offsetMM": 0.5,
              "plusNormalInside": false,
              "minusNormalInside": true
            }
          ]
        },
        {
          "point": [
            -52.30226553178179,
            1.9876220703125e-14,
            166.26971367112313
          ],
          "normal": [
            -2.682370245975677e-16,
            1.0,
            -5.143610614210204e-16
          ],
          "insideWitnesses": [
            {
              "offsetMM": 0.05,
              "plusNormalInside": false,
              "minusNormalInside": true
            },
            {
              "offsetMM": 0.5,
              "plusNormalInside": false,
              "minusNormalInside": true
            }
          ]
        },
        {
          "point": [
            -57.4051175746226,
            2.4715146693489595e-14,
            182.78618431355386
          ],
          "normal": [
            -5.9942749737731765e-16,
            1.0,
            -8.518495392423878e-16
          ],
          "insideWitnesses": [
            {
              "offsetMM": 0.05,
              "plusNormalInside": false,
              "minusNormalInside": true
            },
            {
              "offsetMM": 0.5,
              "plusNormalInside": false,
              "minusNormalInside": true
            }
          ]
        }
      ]
    },
    {
      "face": 37,
      "orientation": "Forward",
      "surfaceType": "BSplineSurface",
      "bounds": [
        45.5,
        61.0,
        8.4e-16,
        4.115e-14,
        145.0,
        188.06733464060488
      ],
      "area": 657.1129123127938,
      "valid": true,
      "bopCheck": "None",
      "clips": [
        {
          "case": "original",
          "area": 0.0,
          "faces": 0,
          "valid": true
        },
        {
          "case": "reversedCopy",
          "area": 0.0,
          "faces": 0,
          "valid": true
        }
      ],
      "boxSectionEdges": 0,
      "samples": [
        {
          "point": [
            47.8817823060581,
            6.403917954830403e-15,
            149.29029721306858
          ],
          "normal": [
            -8.836805708793911e-16,
            1.0,
            -8.583078928001372e-16
          ],
          "insideWitnesses": [
            {
              "offsetMM": 0.05,
              "plusNormalInside": false,
              "minusNormalInside": true
            },
            {
              "offsetMM": 0.5,
              "plusNormalInside": false,
              "minusNormalInside": true
            }
          ]
        },
        {
          "point": [
            52.30226553178179,
            1.9876220703125e-14,
            166.26971367112313
          ],
          "normal": [
            2.682370245975677e-16,
            1.0,
            -5.143610614210204e-16
          ],
          "insideWitnesses": [
            {
              "offsetMM": 0.05,
              "plusNormalInside": false,
              "minusNormalInside": true
            },
            {
              "offsetMM": 0.5,
              "plusNormalInside": false,
              "minusNormalInside": true
            }
          ]
        },
        {
          "point": [
            57.4051175746226,
            2.4715146693489595e-14,
            182.78618431355386
          ],
          "normal": [
            5.9942749737731765e-16,
            1.0,
            -8.518495392423878e-16
          ],
          "insideWitnesses": [
            {
              "offsetMM": 0.05,
              "plusNormalInside": false,
              "minusNormalInside": true
            },
            {
              "offsetMM": 0.5,
              "plusNormalInside": false,
              "minusNormalInside": true
            }
          ]
        }
      ]
    }
  ],
  "sourceBytesUnchanged": true,
  "scope": "Independent native classification diagnosis on immutableec348; reversed copies are diagnostic only, never exported or saved."
}

								
								
								
