[
  {
    "children" : [

    ],
    "traits" : [

    ],
    "AXUniqueId" : null,
    "AXFrame" : "{{0, 0}, {0, 0}}",
    "title" : null,
    "role_description" : "application",
    "custom_actions" : [

    ],
    "type" : "Application",
    "AXLabel" : null,
    "enabled" : true,
    "subrole" : null,
    "AXValue" : null,
    "frame" : {
      "width" : 0,
      "y" : 0,
      "height" : 0,
      "x" : 0
    },
    "role" : "AXApplication",
    "help" : null,
    "pid" : 69238,
    "content_required" : false
  }
]
