Timestamp               Ty Process[PID:TID]
2026-10-01 20:35:06.345 E  backboardd[70188:22e476f] [com.apple.BackBoard:Common] setiopolicy_np failed: [1: Operation not permitted]
2026-10-01 20:35:06.777 E  backboardd[70188:22e47be] [com.apple.BackBoard:Common] failed to clear the board for /Library/Developer/CoreSimulator/Volumes/iOS_23F77/Library/Developer/CoreSimulator/Profiles/Runtimes/iOS 26.5.simruntime/Contents/Resources/RuntimeRoot/usr/libexec/backboardd respawn : Error Domain=RBSRequestErrorDomain Code=3 "No such process found" UserInfo={NSLocalizedFailureReason=No such process found}
2026-10-01 20:35:06.807 E  backboardd[70188:22e476f] [com.apple.CFBundle:plugin] AddInstanceForFactory: No factory registered for id <CFUUID 0x10150b4c0> E9C16B10-46D0-462C-86DD-3446451056AA
2026-10-01 20:35:06.867 E  backboardd[70188:22e476f] [com.apple.coreanimation:WindowServer] SimDisplay : unsupported SimColorSpace
2026-10-01 20:35:06.975 E  backboardd[70188:22e4904] [com.apple.locationd.Core:Core] {"msg":"file does not exist... clearing", "file":/Library/Developer/CoreSimulator/Volumes/iOS_23F77/Library/Developer/CoreSimulator/Profiles/Runtimes/iOS 26.5.simruntime/Contents/Resources/RuntimeRoot/private/var/Managed Preferences/kCFPreferencesCurrentUser/com.apple.CoreMotion.plist, "error":Error Domain=NSCocoaErrorDomain Code=260 "The file “com.apple.CoreMotion.plist” couldn’t be opened because there is no such file." UserInfo={NSFilePath=/Library/Developer/CoreSimulator/Volumes/iOS_23F77/Library/Developer/CoreSimulator/Profiles/Runtimes/iOS 26.5.simruntime/Contents/Resources/RuntimeRoot/private/var/Managed Preferences/kCFPreferencesCurrentUser/com.apple.CoreMotion.plist, NSURL=file:///Library/Developer/CoreSimulator/Volumes/iOS_23F77/Library/Developer/CoreSimulator/Profiles/Runtimes/iOS%2026.5.simruntime/Contents/Resources/RuntimeRoot/private/var/Managed%20Preferences/kCFPreferencesCurrentUser/com.apple.CoreMotion.plist, NSUnderlyingError=0x10145a700 {Error Domain=NSPOSIXErrorDomain Code=2 "No such file or directory"}}}
2026-10-01 20:35:06.976 E  backboardd[70188:22e476f] [com.apple.BackBoard:OrientationDevice] missing accel HID service plugin (setUpdateInterval:0)
2026-10-01 20:35:06.976 E  backboardd[70188:22e476f] [com.apple.BackBoard:OrientationDevice] missing accel HID service plugin (setInterruptEventThresholds:0)
2026-10-01 20:35:06.990 E  backboardd[70188:22e48ee] (libCoreFSCache.dylib) fopen failed for data file: errno = 2 (No such file or directory)
2026-10-01 20:35:06.994 E  backboardd[70188:22e48e1] [com.apple.BackBoard:HID] setElementValue:(0) page:8 usage:2 failed:E00002C7
2026-10-01 20:35:07.024 E  SpringBoard[70167:22e476c] [com.apple.ControlCenter:ModuleSettings] Could not load configuration file (NSPropertyListSerialization error) at file:///Users/asherlc/Library/Developer/CoreSimulator/Devices/E9D3D8B4-1440-4417-862B-3023AF3841FA/data/Library/ControlCenter/ModuleConfiguration.plist, plist error Error Domain=NSCocoaErrorDomain Code=3842 "Property list reading could not be completed because the stream had an unknown error. Did you forget to open the stream?" UserInfo={NSDebugDescription=Property list reading could not be completed because the stream had an unknown error. Did you forget to open the stream?, NSUnderlyingError=0x101e26070 {Error Domain=NSPOSIXErrorDomain Code=2 "No such file or directory" UserInfo={_kCFStreamErrorCodeKey=2, _kCFStreamErrorDomainKey=1}}}
2026-10-01 20:35:07.227 E  backboardd[70188:22e4917] [com.apple.LightSourceSupport:Controller] XPC service is not available
2026-10-01 20:35:07.326 E  backboardd[70188:22e48ee] (libCoreFSCache.dylib) fopen failed for data file: errno = 2 (No such file or directory)
2026-10-01 20:35:07.385 E  SpringBoard[70167:22e48b7] [com.apple.runningboard:assertion] Error acquiring assertion: <Error Domain=RBSAssertionErrorDomain Code=2 "Specified target process 58123 does not exist" UserInfo={NSLocalizedFailureReason=Specified target process 58123 does not exist}>
2026-10-01 20:35:07.385 E  SpringBoard[70167:22e48b7] [com.apple.FrontBoard:ProcessWorkspace] failed to acquire restart assertion on 58123 : Error Domain=RBSAssertionErrorDomain Code=2 "Specified target process 58123 does not exist" UserInfo={NSLocalizedFailureReason=Specified target process 58123 does not exist}
2026-10-01 20:35:07.386 E  SpringBoard[70167:22e48b7] [com.apple.runningboard:assertion] Error acquiring assertion: <Error Domain=RBSAssertionErrorDomain Code=2 "Specified target process 58259 does not exist" UserInfo={NSLocalizedFailureReason=Specified target process 58259 does not exist}>
2026-10-01 20:35:07.386 E  SpringBoard[70167:22e48b7] [com.apple.FrontBoard:ProcessWorkspace] failed to acquire restart assertion on 58259 : Error Domain=RBSAssertionErrorDomain Code=2 "Specified target process 58259 does not exist" UserInfo={NSLocalizedFailureReason=Specified target process 58259 does not exist}
2026-10-01 20:35:07.387 E  SpringBoard[70167:22e48b7] [com.apple.runningboard:assertion] Error acquiring assertion: <Error Domain=RBSAssertionErrorDomain Code=2 "Specified target process 58125 does not exist" UserInfo={NSLocalizedFailureReason=Specified target process 58125 does not exist}>
2026-10-01 20:35:07.387 E  SpringBoard[70167:22e48b7] [com.apple.FrontBoard:ProcessWorkspace] failed to acquire restart assertion on 58125 : Error Domain=RBSAssertionErrorDomain Code=2 "Specified target process 58125 does not exist" UserInfo={NSLocalizedFailureReason=Specified target process 58125 does not exist}
2026-10-01 20:35:07.387 E  SpringBoard[70167:22e48b7] [com.apple.runningboard:assertion] Error acquiring assertion: <Error Domain=RBSAssertionErrorDomain Code=2 "Specified target process 58121 does not exist" UserInfo={NSLocalizedFailureReason=Specified target process 58121 does not exist}>
2026-10-01 20:35:07.387 E  SpringBoard[70167:22e48b7] [com.apple.FrontBoard:ProcessWorkspace] failed to acquire restart assertion on 58121 : Error Domain=RBSAssertionErrorDomain Code=2 "Specified target process 58121 does not exist" UserInfo={NSLocalizedFailureReason=Specified target process 58121 does not exist}
2026-10-01 20:35:07.388 E  SpringBoard[70167:22e48b7] [com.apple.runningboard:assertion] Error acquiring assertion: <Error Domain=RBSAssertionErrorDomain Code=2 "Specified target process 58272 does not exist" UserInfo={NSLocalizedFailureReason=Specified target process 58272 does not exist}>
2026-10-01 20:35:07.388 E  SpringBoard[70167:22e48b7] [com.apple.FrontBoard:ProcessWorkspace] failed to acquire restart assertion on 58272 : Error Domain=RBSAssertionErrorDomain Code=2 "Specified target process 58272 does not exist" UserInfo={NSLocalizedFailureReason=Specified target process 58272 does not exist}
2026-10-01 20:35:07.388 E  SpringBoard[70167:22e48b7] [com.apple.runningboard:assertion] Error acquiring assertion: <Error Domain=RBSAssertionErrorDomain Code=2 "Specified target process 58273 does not exist" UserInfo={NSLocalizedFailureReason=Specified target process 58273 does not exist}>
2026-10-01 20:35:07.388 E  SpringBoard[70167:22e48b7] [com.apple.FrontBoard:ProcessWorkspace] failed to acquire restart assertion on 58273 : Error Domain=RBSAssertionErrorDomain Code=2 "Specified target process 58273 does not exist" UserInfo={NSLocalizedFailureReason=Specified target process 58273 does not exist}
2026-10-01 20:35:07.389 E  SpringBoard[70167:22e48b7] [com.apple.runningboard:assertion] Error acquiring assertion: <Error Domain=RBSAssertionErrorDomain Code=2 "Specified target process 58434 does not exist" UserInfo={NSLocalizedFailureReason=Specified target process 58434 does not exist}>
2026-10-01 20:35:07.389 E  SpringBoard[70167:22e48b7] [com.apple.FrontBoard:ProcessWorkspace] failed to acquire restart assertion on 58434 : Error Domain=RBSAssertionErrorDomain Code=2 "Specified target process 58434 does not exist" UserInfo={NSLocalizedFailureReason=Specified target process 58434 does not exist}
2026-10-01 20:35:07.389 E  SpringBoard[70167:22e48b7] [com.apple.runningboard:assertion] Error acquiring assertion: <Error Domain=RBSAssertionErrorDomain Code=2 "Specified target process 58675 does not exist" UserInfo={NSLocalizedFailureReason=Specified target process 58675 does not exist}>
2026-10-01 20:35:07.389 E  SpringBoard[70167:22e48b7] [com.apple.FrontBoard:ProcessWorkspace] failed to acquire restart assertion on 58675 : Error Domain=RBSAssertionErrorDomain Code=2 "Specified target process 58675 does not exist" UserInfo={NSLocalizedFailureReason=Specified target process 58675 does not exist}
2026-10-01 20:35:07.389 E  SpringBoard[70167:22e48b7] [com.apple.runningboard:assertion] Error acquiring assertion: <Error Domain=RBSAssertionErrorDomain Code=2 "Specified target process 58714 does not exist" UserInfo={NSLocalizedFailureReason=Specified target process 58714 does not exist}>
2026-10-01 20:35:07.389 E  SpringBoard[70167:22e48b7] [com.apple.FrontBoard:ProcessWorkspace] failed to acquire restart assertion on 58714 : Error Domain=RBSAssertionErrorDomain Code=2 "Specified target process 58714 does not exist" UserInfo={NSLocalizedFailureReason=Specified target process 58714 does not exist}
2026-10-01 20:35:07.572 E  backboardd[70188:22e48e2] [com.apple.coreanimation:Render] synchronize timed out for 19d797d with (3,0): req r2(0)
2026-10-01 20:35:09.330 E  backboardd[70188:22e496d] [com.apple.BackBoard:HID] ignoring connection; bundleID is missing (or invalid) from the attributes: IOHIDEventSystemConnection uuid:0204C1FD-4B0C-4CCD-BDD3-DDB8A994B41E pid:70323 process:gamecontrollerd type:Passive entitlements:0x12 caller:GameControllerFoundation: -[GCHIDEventSystemClient initWithQueue:type:attributes:functions:] + 116 attributes:(null) state:0x0 events:0 mask:0x0 dropped:0 dropStatus:0 droppedMask:0x0 lastDroppedTime:NONE
2026-10-01 20:35:12.642 E  SpringBoard[70167:22e48d9] [com.apple.BoardServices:XPCErrors] [S:6] Error received: Connection invalidated.
2026-10-01 20:35:15.063 E  backboardd[70188:22e47be] [com.apple.BackBoard:TouchEvents] *** lost main display digitizer ***
2026-10-01 20:35:20.552 E  SpringBoard[70167:22e48d9] [com.apple.BoardServices:XPCErrors] [S:12] Error received: Connection invalidated.
2026-10-01 20:35:32.882 E  SpringBoard[70167:22e48d6] [com.apple.BoardServices:XPCErrors] [S:1a] Error received: Connection invalidated.
2026-10-01 20:35:33.121 E  SpringBoard[70167:22e4f4e] [com.apple.BoardServices:XPCErrors] [S:16] Error received: Connection invalidated.
getpwuid_r did not find a match for uid 502
