getpwuid_r did not find a match for uid 502
Timestamp               Ty Process[PID:TID]
2026-10-01 20:37:44.071 Df SpringBoard[70167:22e70f7] [com.apple.BoardServices:XPCErrors] [S:1c] Alloc com.apple.frontboard.systemappservices
2026-10-01 20:37:44.071 Df SpringBoard[70167:22e70f7] [com.apple.xpc:connection] [0x101e6b780] activating connection: mach=false listener=false peer=true name=com.apple.frontboard.systemappservices.peer[71086].0x101e6b780
2026-10-01 20:37:46.407 Df SpringBoard[70167:22e70f7] [com.apple.launchservices:db] NotifyToken::RegisterDispatch(com.apple.LaunchServices.database) fired for session key LSSessionKey(system: 0 uid: 502)
2026-10-01 20:37:46.416 Df SpringBoard[70167:22e70f7] [com.apple.launchservices:appinstallation] LaunchServices observer: InstallsStarted (
    "<LSApplicationProxy: 0x101ebf900> com.hangten.training file:///Users/asherlc/Library/Developer/CoreSimulator/Devices/E9D3D8B4-1440-4417-862B-3023AF3841FA/data/Containers/Bundle/Application/FBA9EAD1-24EA-4100-86F3-A833946F62F3/HangTen.app/ <com.hangten.training <placeholder >:1>"
)
2026-10-01 20:37:46.425 Df SpringBoard[70167:22e70f7] [com.apple.launchservices:appinstallation] LaunchServices observer: MetadataUpdate (
    "com.hangten.training"
)
2026-10-01 20:37:46.434 Df SpringBoard[70167:22e70f7] [com.apple.launchservices:appinstallation] LaunchServices observer: InstallsStarted (
    "<LSApplicationProxy: 0x101ebf900> com.hangten.training file:///Users/asherlc/Library/Developer/CoreSimulator/Devices/E9D3D8B4-1440-4417-862B-3023AF3841FA/data/Containers/Bundle/Application/FBA9EAD1-24EA-4100-86F3-A833946F62F3/HangTen.app/ <com.hangten.training <placeholder >:1>"
)
2026-10-01 20:37:46.602 Df SpringBoard[70167:22e70f7] [com.apple.launchservices:db] NotifyToken::RegisterDispatch(com.apple.LaunchServices.database) fired for session key LSSessionKey(system: 0 uid: 502)
2026-10-01 20:37:46.609 Df SpringBoard[70167:22e70f7] [com.apple.launchservices:appinstallation] Received applicationsDidInstall:(
    "<LSApplicationProxy: 0x101ebf900> com.hangten.training file:///Users/asherlc/Library/Developer/CoreSimulator/Devices/E9D3D8B4-1440-4417-862B-3023AF3841FA/data/Containers/Bundle/Application/30CFD1E3-2EFA-4F44-8446-FBD301509430/HangTen.app/ <com.hangten.training <installed >:0>"
)
2026-10-01 20:37:46.623 Df SpringBoard[70167:22e70f7] [com.apple.appinstallation:TransactionLog] com.hangten.training/Unknown Persona:5:8:3:1:applicationsDidInstall <LSApplicationProxy: 0x101ebf780> com.hangten.training file:///Users/asherlc/Library/Developer/CoreSimulator/Devices/E9D3D8B4-1440-4417-862B-3023AF3841FA/data/Containers/Bundle/Application/30CFD1E3-2EFA-4F44-8446-FBD301509430/HangTen.app/ <com.hangten.training <installed >:0>
2026-10-01 20:37:46.998 Df SpringBoard[70167:22e8a36] [com.apple.dmd:Policy] Received policy changed notification for registration dmf.policy.monitor.app
2026-10-01 20:37:46.999 Df SpringBoard[70167:22e8a36] [com.apple.launchservices:dmfsupport] getMonitor_block_invoke_2: DMF policies changed.
2026-10-01 20:37:46.999 Df SpringBoard[70167:22e8a36] [com.apple.dmd:Policy] Successfully requested policies for 32 bundleIdentifiers
2026-10-01 20:37:47.515 Df SpringBoard[70167:22e8a36] [com.apple.launchservices:db] NotifyToken::RegisterDispatch(com.apple.LaunchServices.database) fired for session key LSSessionKey(system: 0 uid: 502)
