PID	Status	Label
-	0	com.apple.progressd
-	0	com.apple.CoreAuthentication.daemon
-	0	com.apple.cloudphotod
2222	0	com.apple.homed
2241	0	com.apple.modelcatalogd
2282	0	com.apple.dataaccess.dataaccessd
-	0	com.apple.DragUI.druid
3368	0	com.apple.bird
2295	0	com.apple.fitnesscoachingd
-	0	com.apple.knowledgeconstructiond
2057	0	com.apple.biomed
2193	0	com.apple.nsurlsessiond
-	0	com.apple.devicecheckd
-	0	com.apple.UIKit.KeyboardManagement
-	0	com.apple.activityawardsd
2246	0	com.apple.ind
2238	0	com.apple.iconservices.iconservicesagent
2299	0	com.apple.diagnosticextensionsd
3697	0	com.apple.intelligenceplatformd
2298	0	com.apple.SafariBookmarksSyncAgent
2061	0	com.apple.syslogd
2216	0	com.apple.localizationswitcherd
2043	0	com.apple.SpringBoard
-	0	com.apple.commandandcontrol
-	0	com.apple.certui.relay
-	0	com.apple.NeighborhoodActivityConduitService
-	0	com.apple.appleaccounttransparencyd
2067	0	com.apple.ManagedSettingsAgent
2208	0	com.apple.datamigrator
2197	0	com.apple.securityd
-	0	com.apple.cfnetwork.cfnetworkagent
-	78	com.apple.tipsd
-	0	com.apple.MapKit.SnapshotService
-	0	com.apple.aps.tcpdump.pdp_ip0
2042	0	com.apple.UserEventAgent-System
-	0	com.apple.stickersd
-	0	com.apple.coresymbolicationd
-	0	com.apple.GeoServices.MapsOfflineServices
-	0	com.apple.TrustedPeersHelper
3017	0	com.apple.itunesstored
-	0	com.apple.assistant_service
-	0	com.apple.PrintKit.PrinterTool
-	0	com.apple.MediaRemoteUI
-	0	com.apple.AppDistributionLaunchAngel
-	0	com.apple.managedconfiguration.passcodenagd
-	0	com.apple.icloudsubscriptionoptimizerd
-	0	com.apple.facetimemessagestored
2047	0	com.apple.peopled
-	0	com.apple.fontservicesd
-	0	com.apple.PosterBoard
2048	0	com.apple.replicatord
-	0	com.apple.mediaanalysisd.service
2050	0	com.apple.mediaremoted
2052	0	com.apple.accessibility.axassetsd
-	0	com.apple.systemactions
-	0	com.apple.quicklook.ThumbnailsAgent
-	0	com.apple.asktod
-	0	com.apple.instruments.deviceservice
-	0	com.apple.tonelibraryd
2054	0	com.apple.ids_simd
-	0	com.apple.activitysharingd
-	0	com.apple.assistivetouchd
-	0	com.apple.webprivacyd
-	0	com.apple.ctcategories.service
-	0	com.apple.coredevice.dtconfigurationd
-	0	com.apple.ctkd
-	0	com.apple.exchangesyncd
-	0	com.apple.Maps.geocorrectiond
2063	0	com.apple.wcd
3690	0	com.apple.voicebankingd
-	0	com.apple.gamesaved
2253	0	com.apple.countryd
-	0	com.apple.Safari.passwordbreachd
-	0	com.apple.Safari.SafeBrowsing.Service
-	0	com.apple.maps.destinationd
3014	0	com.apple.ScreenTimeAgent
2210	0	com.apple.cloudd
-	0	com.apple.carkitd
-	0	com.apple.cmfsyncagent
-	0	com.apple.coredevice.dthidd
2297	0	com.apple.ap.adprivacyd
3378	0	com.apple.ap.promotedcontentd
2136	0	com.apple.aslmanager
-	0	com.apple.intelligencetasksd
-	0	com.apple.contacts.postersyncd
2206	0	com.apple.nanoregistryd
-	0	com.apple.amsondevicestoraged
-	0	com.apple.coredevice.dticond
2046	0	com.apple.runningboardd
-	0	com.apple.tzlinkd
-	0	com.apple.synapse.contentlinkingd
-	0	com.apple.idcredd
-	0	com.apple.mediastream.mstreamd
-	0	com.apple.InputUI
-	0	com.apple.MusicKit.UI
-	0	com.apple.safetycheckd
-	0	com.apple.healthrecordsd
2053	0	com.apple.healthd
2199	0	com.apple.triald
-	0	com.apple.mobilegestalt.xpc
2055	0	com.apple.tccd
-	0	com.apple.nexusd
2225	0	com.apple.StatusKitAgent
-	0	com.apple.activityprogress.activityprogressui
3373	0	com.apple.storekitd
-	0	com.apple.uikit.eyedropperd
-	0	com.apple.merchantd
-	0	com.apple.webkit.adattributiond
-	0	com.apple.devicemanagementclient.mdmd
2338	0	com.apple.textunderstandingd
2207	0	com.apple.liveactivitiesd
2267	0	com.apple.akd
3002	0	com.apple.mobile.installd
3649	0	com.apple.jetpackassetd
3689	0	com.apple.homeeventsd
2331	0	com.apple.assetsd
-	0	com.apple.AXMediaUtilitiesService
-	0	com.apple.healtheventsd
2062	0	com.apple.appprotectiond
-	0	com.apple.searchtoold
-	0	com.apple.callintelligenced
-	0	com.apple.splashboard
-	0	com.apple.UIKit.SecureControlService
3648	0	com.apple.managedassetsd
2064	0	com.apple.askpermissiond
2065	0	com.apple.backboardd
-	0	com.apple.CameraOverlayAngel
2198	0	com.apple.lsd
-	0	com.apple.announced
-	0	com.apple.webinspectord
-	0	com.apple.ProximityReaderSceneUI
2273	0	com.apple.avatarsd
-	0	com.apple.devicesharingd
2300	0	com.apple.siri.context.service
-	0	com.apple.mediaartworkd
2232	0	com.apple.pluginkit.pkd
-	0	com.apple.coredatad
2074	0	com.apple.CoreSimulator.bridge
-	0	com.apple.logind
2076	0	com.apple.remindd
2234	0	com.apple.findmy.findmylocated
2304	0	com.apple.searchd
3418	0	com.apple.nanoregistrylaunchd
-	0	com.apple.webkit.webpushd
2274	0	com.apple.weatherd
2303	0	com.apple.tvremoted
-	0	com.apple.voiced
-	0	com.apple.GSSCred
-	0	com.apple.accounts.dom
-	0	com.apple.mdt
3284	0	com.apple.modelmanagerd
-	0	com.apple.coredevice.dtappserviced
2237	0	com.apple.appleaccountd
2056	0	com.apple.parsecd
-	0	com.apple.mlruntimed
-	0	com.apple.TextInput.kbd
-	0	com.apple.sensorkitd
3013	0	com.apple.dmd
3004	0	com.apple.parsec-fbf
-	0	com.apple.security.swcagent
-	0	com.apple.healthcontentd
2268	0	com.apple.followupd
-	0	com.apple.PointerUI.pointeruid
3339	0	com.apple.coredevice.dtuhidd
2060	0	com.apple.identityservicesd
2220	0	com.apple.telephonyutilities.callservicesd
3003	0	com.apple.MobileInstallationHelperService
2227	0	com.apple.generativeexperiencesd
-	0	com.apple.ScreenTimeSettingsAgent
-	0	com.apple.DesktopServicesHelper
-	0	com.apple.SecureBackupDaemon
-	0	com.apple.intelligenceflowd
-	0	com.apple.businessservicesd
-	0	com.apple.and
-	0	com.apple.siri.acousticsignature
2233	0	com.apple.WebBookmarks.webbookmarksd
2068	0	com.apple.locationd
-	0	com.apple.feedbackd
3352	0	com.apple.coredevice.dtpasteboardd
2204	0	com.apple.containermanagerd
-	0	com.apple.rtcreportingd
-	0	com.apple.avconferenced
2069	0	com.apple.nanoprefsyncd.2
-	0	com.apple.imdpersistence.IMDPersistenceAgent
-	0	com.apple.MobileAsset.ManifestStorageService
-	0	com.apple.audio.systemsoundserver-simd
-	0	com.apple.devicemanagementclient.mdmuserd
-	0	com.apple.fitcore.session
-	0	com.apple.finhealthd
-	0	com.apple.browserkitd
-	0	com.apple.reversetemplated
2078	0	com.apple.rapportd
-	0	com.apple.accessibility.axremoted
-	0	com.apple.ABDatabaseDoctor
-	0	com.apple.mlhostd
2248	0	com.apple.assetsubscriptiond
2049	0	com.apple.accountsd
2223	0	com.apple.cdpd
2051	0	com.apple.routined
3715	0	com.apple.xpc.launchd.oneshot.0x10000001.launchctl
-	0	com.apple.managedappdistributiond
2211	0	com.apple.siriactionsd
3366	0	com.apple.FileCoordination
3691	0	com.apple.healthappd
-	0	com.apple.remoteappintentsd
2202	0	com.apple.pasteboard.pasted
-	0	com.apple.storagedatad
-	0	com.apple.AssetCacheLocatorService
3367	0	com.apple.videosubscriptionsd
-	0	com.apple.speechmodeltrainingd
-	0	com.apple.familynotification
-	0	com.apple.protectedcloudstorage.protectedcloudkeysyncing
3415	0	com.apple.FileProvider
-	0	com.apple.imcore.imtransferagent
2059	0	com.apple.mobiletimerd
-	0	com.apple.ckdiscretionaryd
2281	0	com.apple.featureaccessd
-	0	com.apple.fullkeyboardaccess
-	0	com.apple.AppSSODaemon
-	0	com.apple.EscrowSecurityAlert
-	0	com.apple.nanobackupd
-	0	com.apple.VoiceOverTouch
-	0	com.apple.spotlightknowledged
-	0	com.apple.securityuploadd
-	0	com.apple.midiserver.sim
-	0	com.apple.devicemanagementclient.teslad
-	0	com.apple.companiond
2242	0	com.apple.siriknowledged
-	0	com.apple.PassbookUISceneService
2066	0	com.apple.sharingd
2229	0	com.apple.trustd
2224	0	com.apple.familycircled
-	0	com.apple.dt.ViewHierarchyAgent
-	0	com.apple.RemoteManagementAgent
-	0	com.apple.cloudsettingssyncagent
2277	0	com.apple.assistant_cdmd
-	0	com.apple.ShortcutsUI
3698	0	com.apple.photoanalysisd
-	0	com.apple.logd_reporter
-	0	com.apple.imautomatichistorydeletionagent
2072	0	com.apple.distnoted.xpc.daemon
2337	0	com.apple.suggestd
2075	0	com.apple.navd
2228	0	com.apple.purplebuddy.budd
2077	0	com.apple.revisiond
-	0	com.apple.networkendpointpickerui
-	0	com.apple.appleidsetupd
2079	0	com.apple.amsaccountsd
3375	0	com.apple.Maps.mapssyncd
2191	0	com.apple.cfprefsd.xpc.daemon
-	0	com.apple.applicensedeliveryd
-	0	com.apple.gputoolsserviced
2205	0	com.apple.usernotificationsd
3374	0	com.apple.FamilyControlsAgent
-	0	com.apple.relatived
2045	0	com.apple.assistantd
2247	0	com.apple.siriinferenced
-	0	com.apple.coredevice.dtlocationd
-	0	com.apple.corespotlightservice
2272	0	com.apple.financed
3687	0	com.apple.mediaanalysisd
-	0	com.apple.assessmentagent
-	0	com.apple.CarPlayApp
-	0	com.apple.dt.automationmode-writer
-	0	com.apple.testmanagerd
-	0	com.apple.dt.AutomationModeUI
-	0	com.apple.keychainsharingmessagingd
-	0	com.apple.CallKit.CallDirectory
2278	0	com.apple.biomesyncd
-	0	com.apple.iokitsimd
2296	0	com.apple.UsageTrackingAgent
2276	0	com.apple.email.maild
2082	0	com.apple.coredevice.dtdeviceinfod
-	0	com.apple.remotemanagementd
2200	0	com.apple.donotdisturbd
-	0	com.apple.livetranscriptionui
-	0	com.apple.Maps.mapspushd
3370	0	com.apple.coreidvd
3371	0	com.apple.gamed
3033	0	com.apple.medialibraryd
-	0	com.apple.intelligencecontextd
-	0	com.apple.devicemanagementclient.managedappsd
-	0	com.apple.usbsmartcardreaderd
-	0	com.apple.gamecontroller.ConfigService
2215	0	com.apple.AccessibilityUIServer
-	0	com.apple.communicationtrustd
3012	0	com.apple.icloudmailagent
-	0	com.apple.sharing.airdropui
-	0	com.apple.toolkitd
2073	0	com.apple.passd
-	0	com.apple.sosd
-	0	com.apple.accessibility.axAuditDaemon.deviceservice
3007	0	com.apple.migrationpluginwrapper
-	0	com.apple.LocalAuthenticationUIService
3005	0	com.apple.nanotimekitcompaniond
3008	0	com.apple.sociallayerd
3006	0	com.apple.deviceaccessd
2080	0	com.apple.configd_sim
-	0	com.apple.printbandservice
-	0	com.apple.accessibility.mediaaccessibilityd
2218	0	com.apple.syncdefaultsd
2201	0	com.apple.chronod
-	0	com.apple.accessibility.heard
2243	0	com.apple.corespeechd
-	0	com.apple.geoanalyticsd
2271	0	com.apple.itunescloudd
-	0	com.apple.scrod
-	0	com.apple.UIKit.OverlayUI
2294	0	com.apple.fitcore
-	0	com.apple.AuthenticationServicesCore.AuthenticationServicesAgent
-	0	com.apple.bookdatastored
-	0	com.apple.sharinguiservice
-	0	com.apple.appstorecomponentsd
2217	0	com.apple.mobileassetd
-	0	com.apple.datamigratorhelper
-	0	com.apple.privacyaccountingd
2270	0	com.apple.amsengagementd
-	0	com.apple.proactiveeventtrackerd
2244	0	com.apple.linkd
3019	0	com.apple.managedconfiguration.profiled
-	0	com.apple.musicd
-	0	com.apple.ClockAngel
-	0	com.apple.idsfoundation.IDSRemoteURLConnectionAgent
-	0	com.apple.textcomposerd
-	0	com.apple.safarifetcherd
-	0	com.apple.recentsd
3010	0	com.apple.spotlightknowledged.updater
2245	0	com.apple.sirittsd
3018	0	com.apple.installcoordinationd
-	0	com.apple.AccessorySetupUI
2231	0	com.apple.eligibilityd
-	0	com.apple.photos.ImageConversionService
-	0	com.apple.Safari.History
-	0	com.apple.translationd
3024	0	com.apple.calaccessd
3011	0	com.apple.appstored
-	0	com.apple.DataDetectorsSourceAccess
-	0	com.apple.newsd
2192	0	com.apple.apsd
2221	0	com.apple.contactsd
3650	0	com.apple.fitnessintelligenced
3372	0	com.apple.swcd
2203	0	com.apple.GameController.gamecontrollerd
-	0	com.apple.backgroundassets.user
-	0	com.apple.dt.previewsd
-	0	com.apple.shazamd
-	0	com.apple.CoreRoutine.helperservice
-	0	com.apple.assetsd.nebulad
-	0	com.apple.naturallanguaged
2070	0	com.apple.dasd
2071	0	com.apple.sleepd
2226	0	com.apple.ClipServices.clipserviced
2235	0	com.apple.systemstatusd
-	0	com.apple.handwritingd
2219	0	com.apple.geod
-	0	com.apple.ids.IDSCredentialsAgent
-	0	com.apple.StoreKitUISceneService
-	0	com.apple.photos.VideoConversionService
-	0	com.apple.mobile.MCInstall
-	0	com.apple.aps.tcpdump.en0
-	0	com.apple.photosface
-	0	com.apple.BarcodeSupport.BarcodeNotificationService
