{
  "sourceSHA256": "6f44115b879b6a2214dff04f13477ec1bf949627dfccc4319f1f9da6ec28b58c",
  "modelSHA256": "9492a6d5a033bf1f11e0d6ac111711f8ea63d5d26226b6b638e72a288ae13eee",
  "descriptorSHA256": "946988dbe671ffb1edb78a3bc29ec35a09ff19a250d467150eb7e1369251debe",
  "realFCStdZIP": true,
  "all21ContactFactsExact": true,
  "woodFinish": true,
  "camera": {
    "type": "orthographic",
    "viewDirection": [
      0,
      -0.35,
      -1
    ],
    "up": [
      0,
      1,
      0
    ],
    "fitPadding": 0.08
  },
  "publishedPocketDepths": [
    {
      "contactID": "edge-30-left",
      "actualUSDDepthMM": 29.999999329447753,
      "expectedMM": 30,
      "matches": true
    },
    {
      "contactID": "sloper-edge-30-left",
      "actualUSDDepthMM": 29.999999329447753,
      "expectedMM": 30,
      "matches": true
    },
    {
      "contactID": "sloper-edge-25-left",
      "actualUSDDepthMM": 24.999998509883884,
      "expectedMM": 25,
      "matches": true
    },
    {
      "contactID": "edge-35-center",
      "actualUSDDepthMM": 34.999999217689044,
      "expectedMM": 35,
      "matches": true
    },
    {
      "contactID": "sloper-edge-25-right",
      "actualUSDDepthMM": 24.999998509883884,
      "expectedMM": 25,
      "matches": true
    },
    {
      "contactID": "sloper-edge-30-right",
      "actualUSDDepthMM": 29.999999329447753,
      "expectedMM": 30,
      "matches": true
    },
    {
      "contactID": "edge-30-right",
      "actualUSDDepthMM": 29.999999329447753,
      "expectedMM": 30,
      "matches": true
    },
    {
      "contactID": "edge-20-left",
      "actualUSDDepthMM": 19.99999955296517,
      "expectedMM": 20,
      "matches": true
    },
    {
      "contactID": "sloper-edge-25-lower-left",
      "actualUSDDepthMM": 24.999998509883888,
      "expectedMM": 25,
      "matches": true
    },
    {
      "contactID": "edge-30-inner-left",
      "actualUSDDepthMM": 29.999999329447753,
      "expectedMM": 30,
      "matches": true
    },
    {
      "contactID": "sloper-edge-30-center",
      "actualUSDDepthMM": 29.999999329447753,
      "expectedMM": 30,
      "matches": true
    },
    {
      "contactID": "edge-30-inner-right",
      "actualUSDDepthMM": 29.999999329447753,
      "expectedMM": 30,
      "matches": true
    },
    {
      "contactID": "sloper-edge-25-lower-right",
      "actualUSDDepthMM": 24.999998509883888,
      "expectedMM": 25,
      "matches": true
    },
    {
      "contactID": "edge-20-right",
      "actualUSDDepthMM": 19.99999955296517,
      "expectedMM": 20,
      "matches": true
    }
  ],
  "all14DepthsMatch": true,
  "all14NativePocketSurfacesUnchanged": true,
  "checkPublishModelEqual": true,
  "compilerSourceBound": true,
  "reproductionSourceBound": true,
  "reproductionAssetAndDescriptorExact": true,
  "passed": true
}
