{
  "runtimes" : [
    {
      "isAvailable" : true,
      "version" : "26.3.1",
      "isInternal" : false,
      "buildversion" : "23D8133",
      "supportedArchitectures" : [
        "arm64"
      ],
      "supportedDeviceTypes" : [
        {
          "bundlePath" : "\/Library\/Developer\/CoreSimulator\/Profiles\/DeviceTypes\/iPhone 17 Pro.simdevicetype",
          "name" : "iPhone 17 Pro",
          "productFamily" : "iPhone",
          "identifier" : "com.apple.CoreSimulator.SimDeviceType.iPhone-17-Pro"
        },
        {
          "bundlePath" : "\/Library\/Developer\/CoreSimulator\/Profiles\/DeviceTypes\/iPhone 17 Pro Max.simdevicetype",
          "name" : "iPhone 17 Pro Max",
          "productFamily" : "iPhone",
          "identifier" : "com.apple.CoreSimulator.SimDeviceType.iPhone-17-Pro-Max"
        },
        {
          "bundlePath" : "\/Library\/Developer\/CoreSimulator\/Profiles\/DeviceTypes\/iPhone 17e.simdevicetype",
          "name" : "iPhone 17e",
          "productFamily" : "iPhone",
          "identifier" : "com.apple.CoreSimulator.SimDeviceType.iPhone-17e"
        },
        {
          "bundlePath" : "\/Library\/Developer\/CoreSimulator\/Profiles\/DeviceTypes\/iPhone Air.simdevicetype",
          "name" : "iPhone Air",
          "productFamily" : "iPhone",
          "identifier" : "com.apple.CoreSimulator.SimDeviceType.iPhone-Air"
        },
        {
          "bundlePath" : "\/Library\/Developer\/CoreSimulator\/Profiles\/DeviceTypes\/iPhone 17.simdevicetype",
          "name" : "iPhone 17",
          "productFamily" : "iPhone",
          "identifier" : "com.apple.CoreSimulator.SimDeviceType.iPhone-17"
        },
        {
          "bundlePath" : "\/Library\/Developer\/CoreSimulator\/Profiles\/DeviceTypes\/iPhone 16 Pro.simdevicetype",
          "name" : "iPhone 16 Pro",
          "productFamily" : "iPhone",
          "identifier" : "com.apple.CoreSimulator.SimDeviceType.iPhone-16-Pro"
        },
        {
          "bundlePath" : "\/Library\/Developer\/CoreSimulator\/Profiles\/DeviceTypes\/iPhone 16 Pro Max.simdevicetype",
          "name" : "iPhone 16 Pro Max",
          "productFamily" : "iPhone",
          "identifier" : "com.apple.CoreSimulator.SimDeviceType.iPhone-16-Pro-Max"
        },
        {
          "bundlePath" : "\/Library\/Developer\/CoreSimulator\/Profiles\/DeviceTypes\/iPhone 16e.simdevicetype",
          "name" : "iPhone 16e",
          "productFamily" : "iPhone",
          "identifier" : "com.apple.CoreSimulator.SimDeviceType.iPhone-16e"
        },
        {
          "bundlePath" : "\/Library\/Developer\/CoreSimulator\/Profiles\/DeviceTypes\/iPhone 16.simdevicetype",
          "name" : "iPhone 16",
          "productFamily" : "iPhone",
          "identifier" : "com.apple.CoreSimulator.SimDeviceType.iPhone-16"
        },
        {
          "bundlePath" : "\/Library\/Developer\/CoreSimulator\/Profiles\/DeviceTypes\/iPhone 16 Plus.simdevicetype",
          "name" : "iPhone 16 Plus",
          "productFamily" : "iPhone",
          "identifier" : "com.apple.CoreSimulator.SimDeviceType.iPhone-16-Plus"
        },
        {
          "bundlePath" : "\/Library\/Developer\/CoreSimulator\/Profiles\/DeviceTypes\/iPhone 15 Pro.simdevicetype",
          "name" : "iPhone 15 Pro",
          "productFamily" : "iPhone",
          "identifier" : "com.apple.CoreSimulator.SimDeviceType.iPhone-15-Pro"
        },
        {
          "bundlePath" : "\/Library\/Developer\/CoreSimulator\/Profiles\/DeviceTypes\/iPhone 15 Pro Max.simdevicetype",
          "name" : "iPhone 15 Pro Max",
          "productFamily" : "iPhone",
          "identifier" : "com.apple.CoreSimulator.SimDeviceType.iPhone-15-Pro-Max"
        },
        {
          "bundlePath" : "\/Library\/Developer\/CoreSimulator\/Profiles\/DeviceTypes\/iPhone 15.simdevicetype",
          "name" : "iPhone 15",
          "productFamily" : "iPhone",
          "identifier" : "com.apple.CoreSimulator.SimDeviceType.iPhone-15"
        },
        {
          "bundlePath" : "\/Library\/Developer\/CoreSimulator\/Profiles\/DeviceTypes\/iPhone 15 Plus.simdevicetype",
          "name" : "iPhone 15 Plus",
          "productFamily" : "iPhone",
          "identifier" : "com.apple.CoreSimulator.SimDeviceType.iPhone-15-Plus"
        },
        {
          "bundlePath" : "\/Library\/Developer\/CoreSimulator\/Profiles\/DeviceTypes\/iPhone 14 Pro.simdevicetype",
          "name" : "iPhone 14 Pro",
          "productFamily" : "iPhone",
          "identifier" : "com.apple.CoreSimulator.SimDeviceType.iPhone-14-Pro"
        },
        {
          "bundlePath" : "\/Library\/Developer\/CoreSimulator\/Profiles\/DeviceTypes\/iPhone 14 Pro Max.simdevicetype",
          "name" : "iPhone 14 Pro Max",
          "productFamily" : "iPhone",
          "identifier" : "com.apple.CoreSimulator.SimDeviceType.iPhone-14-Pro-Max"
        },
        {
          "bundlePath" : "\/Library\/Developer\/CoreSimulator\/Profiles\/DeviceTypes\/iPhone 14.simdevicetype",
          "name" : "iPhone 14",
          "productFamily" : "iPhone",
          "identifier" : "com.apple.CoreSimulator.SimDeviceType.iPhone-14"
        },
        {
          "bundlePath" : "\/Library\/Developer\/CoreSimulator\/Profiles\/DeviceTypes\/iPhone 14 Plus.simdevicetype",
          "name" : "iPhone 14 Plus",
          "productFamily" : "iPhone",
          "identifier" : "com.apple.CoreSimulator.SimDeviceType.iPhone-14-Plus"
        },
        {
          "bundlePath" : "\/Library\/Developer\/CoreSimulator\/Profiles\/DeviceTypes\/iPhone SE (3rd generation).simdevicetype",
          "name" : "iPhone SE (3rd generation)",
          "productFamily" : "iPhone",
          "identifier" : "com.apple.CoreSimulator.SimDeviceType.iPhone-SE-3rd-generation"
        },
        {
          "bundlePath" : "\/Library\/Developer\/CoreSimulator\/Profiles\/DeviceTypes\/iPhone 13 Pro.simdevicetype",
          "name" : "iPhone 13 Pro",
          "productFamily" : "iPhone",
          "identifier" : "com.apple.CoreSimulator.SimDeviceType.iPhone-13-Pro"
        },
        {
          "bundlePath" : "\/Library\/Developer\/CoreSimulator\/Profiles\/DeviceTypes\/iPhone 13 Pro Max.simdevicetype",
          "name" : "iPhone 13 Pro Max",
          "productFamily" : "iPhone",
          "identifier" : "com.apple.CoreSimulator.SimDeviceType.iPhone-13-Pro-Max"
        },
        {
          "bundlePath" : "\/Library\/Developer\/CoreSimulator\/Profiles\/DeviceTypes\/iPhone 13.simdevicetype",
          "name" : "iPhone 13",
          "productFamily" : "iPhone",
          "identifier" : "com.apple.CoreSimulator.SimDeviceType.iPhone-13"
        },
        {
          "bundlePath" : "\/Library\/Developer\/CoreSimulator\/Profiles\/DeviceTypes\/iPhone 13 mini.simdevicetype",
          "name" : "iPhone 13 mini",
          "productFamily" : "iPhone",
          "identifier" : "com.apple.CoreSimulator.SimDeviceType.iPhone-13-mini"
        },
        {
          "bundlePath" : "\/Library\/Developer\/CoreSimulator\/Profiles\/DeviceTypes\/iPhone 12 Pro.simdevicetype",
          "name" : "iPhone 12 Pro",
          "productFamily" : "iPhone",
          "identifier" : "com.apple.CoreSimulator.SimDeviceType.iPhone-12-Pro"
        },
        {
          "bundlePath" : "\/Library\/Developer\/CoreSimulator\/Profiles\/DeviceTypes\/iPhone 12 Pro Max.simdevicetype",
          "name" : "iPhone 12 Pro Max",
          "productFamily" : "iPhone",
          "identifier" : "com.apple.CoreSimulator.SimDeviceType.iPhone-12-Pro-Max"
        },
        {
          "bundlePath" : "\/Library\/Developer\/CoreSimulator\/Profiles\/DeviceTypes\/iPhone 12.simdevicetype",
          "name" : "iPhone 12",
          "productFamily" : "iPhone",
          "identifier" : "com.apple.CoreSimulator.SimDeviceType.iPhone-12"
        },
        {
          "bundlePath" : "\/Library\/Developer\/CoreSimulator\/Profiles\/DeviceTypes\/iPhone 12 mini.simdevicetype",
          "name" : "iPhone 12 mini",
          "productFamily" : "iPhone",
          "identifier" : "com.apple.CoreSimulator.SimDeviceType.iPhone-12-mini"
        },
        {
          "bundlePath" : "\/Library\/Developer\/CoreSimulator\/Profiles\/DeviceTypes\/iPhone SE (2nd generation).simdevicetype",
          "name" : "iPhone SE (2nd generation)",
          "productFamily" : "iPhone",
          "identifier" : "com.apple.CoreSimulator.SimDeviceType.iPhone-SE--2nd-generation-"
        },
        {
          "bundlePath" : "\/Library\/Developer\/CoreSimulator\/Profiles\/DeviceTypes\/iPhone 11 Pro.simdevicetype",
          "name" : "iPhone 11 Pro",
          "productFamily" : "iPhone",
          "identifier" : "com.apple.CoreSimulator.SimDeviceType.iPhone-11-Pro"
        },
        {
          "bundlePath" : "\/Library\/Developer\/CoreSimulator\/Profiles\/DeviceTypes\/iPhone 11 Pro Max.simdevicetype",
          "name" : "iPhone 11 Pro Max",
          "productFamily" : "iPhone",
          "identifier" : "com.apple.CoreSimulator.SimDeviceType.iPhone-11-Pro-Max"
        },
        {
          "bundlePath" : "\/Library\/Developer\/CoreSimulator\/Profiles\/DeviceTypes\/iPhone 11.simdevicetype",
          "name" : "iPhone 11",
          "productFamily" : "iPhone",
          "identifier" : "com.apple.CoreSimulator.SimDeviceType.iPhone-11"
        },
        {
          "bundlePath" : "\/Library\/Developer\/CoreSimulator\/Profiles\/DeviceTypes\/iPad Pro 13-inch (M5) (16GB).simdevicetype",
          "name" : "iPad Pro 13-inch (M5) (16GB)",
          "productFamily" : "iPad",
          "identifier" : "com.apple.CoreSimulator.SimDeviceType.iPad-Pro-13-inch-M5-16GB"
        },
        {
          "bundlePath" : "\/Library\/Developer\/CoreSimulator\/Profiles\/DeviceTypes\/iPad Pro 13-inch (M5).simdevicetype",
          "name" : "iPad Pro 13-inch (M5)",
          "productFamily" : "iPad",
          "identifier" : "com.apple.CoreSimulator.SimDeviceType.iPad-Pro-13-inch-M5-12GB"
        },
        {
          "bundlePath" : "\/Library\/Developer\/CoreSimulator\/Profiles\/DeviceTypes\/iPad Pro 11-inch (M5) (16GB).simdevicetype",
          "name" : "iPad Pro 11-inch (M5) (16GB)",
          "productFamily" : "iPad",
          "identifier" : "com.apple.CoreSimulator.SimDeviceType.iPad-Pro-11-inch-M5-16GB"
        },
        {
          "bundlePath" : "\/Library\/Developer\/CoreSimulator\/Profiles\/DeviceTypes\/iPad Pro 11-inch (M5).simdevicetype",
          "name" : "iPad Pro 11-inch (M5)",
          "productFamily" : "iPad",
          "identifier" : "com.apple.CoreSimulator.SimDeviceType.iPad-Pro-11-inch-M5-12GB"
        },
        {
          "bundlePath" : "\/Library\/Developer\/CoreSimulator\/Profiles\/DeviceTypes\/iPad Pro 11-inch (M4) (16GB).simdevicetype",
          "name" : "iPad Pro 11-inch (M4) (16GB)",
          "productFamily" : "iPad",
          "identifier" : "com.apple.CoreSimulator.SimDeviceType.iPad-Pro-11-inch-M4-16GB"
        },
        {
          "bundlePath" : "\/Library\/Developer\/CoreSimulator\/Profiles\/DeviceTypes\/iPad Pro 11-inch (M4).simdevicetype",
          "name" : "iPad Pro 11-inch (M4)",
          "productFamily" : "iPad",
          "identifier" : "com.apple.CoreSimulator.SimDeviceType.iPad-Pro-11-inch-M4-8GB"
        },
        {
          "bundlePath" : "\/Library\/Developer\/CoreSimulator\/Profiles\/DeviceTypes\/iPad Pro 13-inch (M4) (16GB).simdevicetype",
          "name" : "iPad Pro 13-inch (M4) (16GB)",
          "productFamily" : "iPad",
          "identifier" : "com.apple.CoreSimulator.SimDeviceType.iPad-Pro-13-inch-M4-16GB"
        },
        {
          "bundlePath" : "\/Library\/Developer\/CoreSimulator\/Profiles\/DeviceTypes\/iPad Pro 13-inch (M4).simdevicetype",
          "name" : "iPad Pro 13-inch (M4)",
          "productFamily" : "iPad",
          "identifier" : "com.apple.CoreSimulator.SimDeviceType.iPad-Pro-13-inch-M4-8GB"
        },
        {
          "bundlePath" : "\/Library\/Developer\/CoreSimulator\/Profiles\/DeviceTypes\/iPad Air 13-inch (M4).simdevicetype",
          "name" : "iPad Air 13-inch (M4)",
          "productFamily" : "iPad",
          "identifier" : "com.apple.CoreSimulator.SimDeviceType.iPad-Air-13-inch-M4"
        },
        {
          "bundlePath" : "\/Library\/Developer\/CoreSimulator\/Profiles\/DeviceTypes\/iPad Air 11-inch (M4).simdevicetype",
          "name" : "iPad Air 11-inch (M4)",
          "productFamily" : "iPad",
          "identifier" : "com.apple.CoreSimulator.SimDeviceType.iPad-Air-11-inch-M4"
        },
        {
          "bundlePath" : "\/Library\/Developer\/CoreSimulator\/Profiles\/DeviceTypes\/iPad (A16).simdevicetype",
          "name" : "iPad (A16)",
          "productFamily" : "iPad",
          "identifier" : "com.apple.CoreSimulator.SimDeviceType.iPad-A16"
        },
        {
          "bundlePath" : "\/Library\/Developer\/CoreSimulator\/Profiles\/DeviceTypes\/iPad Air 13-inch (M3).simdevicetype",
          "name" : "iPad Air 13-inch (M3)",
          "productFamily" : "iPad",
          "identifier" : "com.apple.CoreSimulator.SimDeviceType.iPad-Air-13-inch-M3"
        },
        {
          "bundlePath" : "\/Library\/Developer\/CoreSimulator\/Profiles\/DeviceTypes\/iPad Air 11-inch (M3).simdevicetype",
          "name" : "iPad Air 11-inch (M3)",
          "productFamily" : "iPad",
          "identifier" : "com.apple.CoreSimulator.SimDeviceType.iPad-Air-11-inch-M3"
        },
        {
          "bundlePath" : "\/Library\/Developer\/CoreSimulator\/Profiles\/DeviceTypes\/iPad Air 11-inch (M2).simdevicetype",
          "name" : "iPad Air 11-inch (M2)",
          "productFamily" : "iPad",
          "identifier" : "com.apple.CoreSimulator.SimDeviceType.iPad-Air-11-inch-M2"
        },
        {
          "bundlePath" : "\/Library\/Developer\/CoreSimulator\/Profiles\/DeviceTypes\/iPad Air 13-inch (M2).simdevicetype",
          "name" : "iPad Air 13-inch (M2)",
          "productFamily" : "iPad",
          "identifier" : "com.apple.CoreSimulator.SimDeviceType.iPad-Air-13-inch-M2"
        },
        {
          "bundlePath" : "\/Library\/Developer\/CoreSimulator\/Profiles\/DeviceTypes\/iPad mini (A17 Pro).simdevicetype",
          "name" : "iPad mini (A17 Pro)",
          "productFamily" : "iPad",
          "identifier" : "com.apple.CoreSimulator.SimDeviceType.iPad-mini-A17-Pro"
        },
        {
          "bundlePath" : "\/Library\/Developer\/CoreSimulator\/Profiles\/DeviceTypes\/iPad Pro (11-inch) (4th generation) (16GB).simdevicetype",
          "name" : "iPad Pro (11-inch) (4th generation) (16GB)",
          "productFamily" : "iPad",
          "identifier" : "com.apple.CoreSimulator.SimDeviceType.iPad-Pro-11-inch-4th-generation-16GB"
        },
        {
          "bundlePath" : "\/Library\/Developer\/CoreSimulator\/Profiles\/DeviceTypes\/iPad Pro (11-inch) (4th generation).simdevicetype",
          "name" : "iPad Pro (11-inch) (4th generation)",
          "productFamily" : "iPad",
          "identifier" : "com.apple.CoreSimulator.SimDeviceType.iPad-Pro-11-inch-4th-generation-8GB"
        },
        {
          "bundlePath" : "\/Library\/Developer\/CoreSimulator\/Profiles\/DeviceTypes\/iPad Pro (12.9-inch) (6th generation) (16GB).simdevicetype",
          "name" : "iPad Pro (12.9-inch) (6th generation) (16GB)",
          "productFamily" : "iPad",
          "identifier" : "com.apple.CoreSimulator.SimDeviceType.iPad-Pro-12-9-inch-6th-generation-16GB"
        },
        {
          "bundlePath" : "\/Library\/Developer\/CoreSimulator\/Profiles\/DeviceTypes\/iPad Pro (12.9-inch) (6th generation).simdevicetype",
          "name" : "iPad Pro (12.9-inch) (6th generation)",
          "productFamily" : "iPad",
          "identifier" : "com.apple.CoreSimulator.SimDeviceType.iPad-Pro-12-9-inch-6th-generation-8GB"
        },
        {
          "bundlePath" : "\/Library\/Developer\/CoreSimulator\/Profiles\/DeviceTypes\/iPad (10th generation).simdevicetype",
          "name" : "iPad (10th generation)",
          "productFamily" : "iPad",
          "identifier" : "com.apple.CoreSimulator.SimDeviceType.iPad-10th-generation"
        },
        {
          "bundlePath" : "\/Library\/Developer\/CoreSimulator\/Profiles\/DeviceTypes\/iPad Air (5th generation).simdevicetype",
          "name" : "iPad Air (5th generation)",
          "productFamily" : "iPad",
          "identifier" : "com.apple.CoreSimulator.SimDeviceType.iPad-Air-5th-generation"
        },
        {
          "bundlePath" : "\/Library\/Developer\/CoreSimulator\/Profiles\/DeviceTypes\/iPad mini (6th generation).simdevicetype",
          "name" : "iPad mini (6th generation)",
          "productFamily" : "iPad",
          "identifier" : "com.apple.CoreSimulator.SimDeviceType.iPad-mini-6th-generation"
        },
        {
          "bundlePath" : "\/Library\/Developer\/CoreSimulator\/Profiles\/DeviceTypes\/iPad Pro (11-inch) (3rd generation).simdevicetype",
          "name" : "iPad Pro (11-inch) (3rd generation)",
          "productFamily" : "iPad",
          "identifier" : "com.apple.CoreSimulator.SimDeviceType.iPad-Pro-11-inch-3rd-generation"
        },
        {
          "bundlePath" : "\/Library\/Developer\/CoreSimulator\/Profiles\/DeviceTypes\/iPad Pro (12.9-inch) (5th generation).simdevicetype",
          "name" : "iPad Pro (12.9-inch) (5th generation)",
          "productFamily" : "iPad",
          "identifier" : "com.apple.CoreSimulator.SimDeviceType.iPad-Pro-12-9-inch-5th-generation"
        },
        {
          "bundlePath" : "\/Library\/Developer\/CoreSimulator\/Profiles\/DeviceTypes\/iPad (9th generation).simdevicetype",
          "name" : "iPad (9th generation)",
          "productFamily" : "iPad",
          "identifier" : "com.apple.CoreSimulator.SimDeviceType.iPad-9th-generation"
        },
        {
          "bundlePath" : "\/Library\/Developer\/CoreSimulator\/Profiles\/DeviceTypes\/iPad Air (4th generation).simdevicetype",
          "name" : "iPad Air (4th generation)",
          "productFamily" : "iPad",
          "identifier" : "com.apple.CoreSimulator.SimDeviceType.iPad-Air--4th-generation-"
        },
        {
          "bundlePath" : "\/Library\/Developer\/CoreSimulator\/Profiles\/DeviceTypes\/iPad (8th generation).simdevicetype",
          "name" : "iPad (8th generation)",
          "productFamily" : "iPad",
          "identifier" : "com.apple.CoreSimulator.SimDeviceType.iPad--8th-generation-"
        },
        {
          "bundlePath" : "\/Library\/Developer\/CoreSimulator\/Profiles\/DeviceTypes\/iPad Air (3rd generation).simdevicetype",
          "name" : "iPad Air (3rd generation)",
          "productFamily" : "iPad",
          "identifier" : "com.apple.CoreSimulator.SimDeviceType.iPad-Air--3rd-generation-"
        },
        {
          "bundlePath" : "\/Library\/Developer\/CoreSimulator\/Profiles\/DeviceTypes\/iPad mini (5th generation).simdevicetype",
          "name" : "iPad mini (5th generation)",
          "productFamily" : "iPad",
          "identifier" : "com.apple.CoreSimulator.SimDeviceType.iPad-mini--5th-generation-"
        },
        {
          "bundlePath" : "\/Library\/Developer\/CoreSimulator\/Profiles\/DeviceTypes\/iPad Pro (11-inch) (2nd generation).simdevicetype",
          "name" : "iPad Pro (11-inch) (2nd generation)",
          "productFamily" : "iPad",
          "identifier" : "com.apple.CoreSimulator.SimDeviceType.iPad-Pro--11-inch---2nd-generation-"
        },
        {
          "bundlePath" : "\/Library\/Developer\/CoreSimulator\/Profiles\/DeviceTypes\/iPad Pro (12.9-inch) (4th generation).simdevicetype",
          "name" : "iPad Pro (12.9-inch) (4th generation)",
          "productFamily" : "iPad",
          "identifier" : "com.apple.CoreSimulator.SimDeviceType.iPad-Pro--12-9-inch---4th-generation-"
        },
        {
          "bundlePath" : "\/Library\/Developer\/CoreSimulator\/Profiles\/DeviceTypes\/iPad Pro (11-inch) (1st generation).simdevicetype",
          "name" : "iPad Pro (11-inch) (1st generation)",
          "productFamily" : "iPad",
          "identifier" : "com.apple.CoreSimulator.SimDeviceType.iPad-Pro--11-inch-"
        },
        {
          "bundlePath" : "\/Library\/Developer\/CoreSimulator\/Profiles\/DeviceTypes\/iPad Pro (12.9-inch) (3rd generation).simdevicetype",
          "name" : "iPad Pro (12.9-inch) (3rd generation)",
          "productFamily" : "iPad",
          "identifier" : "com.apple.CoreSimulator.SimDeviceType.iPad-Pro--12-9-inch---3rd-generation-"
        }
      ],
      "identifier" : "com.apple.CoreSimulator.SimRuntime.iOS-26-3",
      "platform" : "iOS",
      "bundlePath" : "\/Library\/Developer\/CoreSimulator\/Volumes\/iOS_23D8133\/Library\/Developer\/CoreSimulator\/Profiles\/Runtimes\/iOS 26.3.simruntime",
      "runtimeRoot" : "\/Library\/Developer\/CoreSimulator\/Volumes\/iOS_23D8133\/Library\/Developer\/CoreSimulator\/Profiles\/Runtimes\/iOS 26.3.simruntime\/Contents\/Resources\/RuntimeRoot",
      "lastUsage" : {
        "arm64" : "2026-10-02T15:10:50Z"
      },
      "name" : "iOS 26.3"
    },
    {
      "isAvailable" : true,
      "version" : "26.4",
      "isInternal" : false,
      "buildversion" : "23E244",
      "supportedArchitectures" : [
        "arm64"
      ],
      "supportedDeviceTypes" : [
        {
          "bundlePath" : "\/Library\/Developer\/CoreSimulator\/Profiles\/DeviceTypes\/iPhone 17 Pro.simdevicetype",
          "name" : "iPhone 17 Pro",
          "productFamily" : "iPhone",
          "identifier" : "com.apple.CoreSimulator.SimDeviceType.iPhone-17-Pro"
        },
        {
          "bundlePath" : "\/Library\/Developer\/CoreSimulator\/Profiles\/DeviceTypes\/iPhone 17 Pro Max.simdevicetype",
          "name" : "iPhone 17 Pro Max",
          "productFamily" : "iPhone",
          "identifier" : "com.apple.CoreSimulator.SimDeviceType.iPhone-17-Pro-Max"
        },
        {
          "bundlePath" : "\/Library\/Developer\/CoreSimulator\/Profiles\/DeviceTypes\/iPhone 17e.simdevicetype",
          "name" : "iPhone 17e",
          "productFamily" : "iPhone",
          "identifier" : "com.apple.CoreSimulator.SimDeviceType.iPhone-17e"
        },
        {
          "bundlePath" : "\/Library\/Developer\/CoreSimulator\/Profiles\/DeviceTypes\/iPhone Air.simdevicetype",
          "name" : "iPhone Air",
          "productFamily" : "iPhone",
          "identifier" : "com.apple.CoreSimulator.SimDeviceType.iPhone-Air"
        },
        {
          "bundlePath" : "\/Library\/Developer\/CoreSimulator\/Profiles\/DeviceTypes\/iPhone 17.simdevicetype",
          "name" : "iPhone 17",
          "productFamily" : "iPhone",
          "identifier" : "com.apple.CoreSimulator.SimDeviceType.iPhone-17"
        },
        {
          "bundlePath" : "\/Library\/Developer\/CoreSimulator\/Profiles\/DeviceTypes\/iPhone 16 Pro.simdevicetype",
          "name" : "iPhone 16 Pro",
          "productFamily" : "iPhone",
          "identifier" : "com.apple.CoreSimulator.SimDeviceType.iPhone-16-Pro"
        },
        {
          "bundlePath" : "\/Library\/Developer\/CoreSimulator\/Profiles\/DeviceTypes\/iPhone 16 Pro Max.simdevicetype",
          "name" : "iPhone 16 Pro Max",
          "productFamily" : "iPhone",
          "identifier" : "com.apple.CoreSimulator.SimDeviceType.iPhone-16-Pro-Max"
        },
        {
          "bundlePath" : "\/Library\/Developer\/CoreSimulator\/Profiles\/DeviceTypes\/iPhone 16e.simdevicetype",
          "name" : "iPhone 16e",
          "productFamily" : "iPhone",
          "identifier" : "com.apple.CoreSimulator.SimDeviceType.iPhone-16e"
        },
        {
          "bundlePath" : "\/Library\/Developer\/CoreSimulator\/Profiles\/DeviceTypes\/iPhone 16.simdevicetype",
          "name" : "iPhone 16",
          "productFamily" : "iPhone",
          "identifier" : "com.apple.CoreSimulator.SimDeviceType.iPhone-16"
        },
        {
          "bundlePath" : "\/Library\/Developer\/CoreSimulator\/Profiles\/DeviceTypes\/iPhone 16 Plus.simdevicetype",
          "name" : "iPhone 16 Plus",
          "productFamily" : "iPhone",
          "identifier" : "com.apple.CoreSimulator.SimDeviceType.iPhone-16-Plus"
        },
        {
          "bundlePath" : "\/Library\/Developer\/CoreSimulator\/Profiles\/DeviceTypes\/iPhone 15 Pro.simdevicetype",
          "name" : "iPhone 15 Pro",
          "productFamily" : "iPhone",
          "identifier" : "com.apple.CoreSimulator.SimDeviceType.iPhone-15-Pro"
        },
        {
          "bundlePath" : "\/Library\/Developer\/CoreSimulator\/Profiles\/DeviceTypes\/iPhone 15 Pro Max.simdevicetype",
          "name" : "iPhone 15 Pro Max",
          "productFamily" : "iPhone",
          "identifier" : "com.apple.CoreSimulator.SimDeviceType.iPhone-15-Pro-Max"
        },
        {
          "bundlePath" : "\/Library\/Developer\/CoreSimulator\/Profiles\/DeviceTypes\/iPhone 15.simdevicetype",
          "name" : "iPhone 15",
          "productFamily" : "iPhone",
          "identifier" : "com.apple.CoreSimulator.SimDeviceType.iPhone-15"
        },
        {
          "bundlePath" : "\/Library\/Developer\/CoreSimulator\/Profiles\/DeviceTypes\/iPhone 15 Plus.simdevicetype",
          "name" : "iPhone 15 Plus",
          "productFamily" : "iPhone",
          "identifier" : "com.apple.CoreSimulator.SimDeviceType.iPhone-15-Plus"
        },
        {
          "bundlePath" : "\/Library\/Developer\/CoreSimulator\/Profiles\/DeviceTypes\/iPhone 14 Pro.simdevicetype",
          "name" : "iPhone 14 Pro",
          "productFamily" : "iPhone",
          "identifier" : "com.apple.CoreSimulator.SimDeviceType.iPhone-14-Pro"
        },
        {
          "bundlePath" : "\/Library\/Developer\/CoreSimulator\/Profiles\/DeviceTypes\/iPhone 14 Pro Max.simdevicetype",
          "name" : "iPhone 14 Pro Max",
          "productFamily" : "iPhone",
          "identifier" : "com.apple.CoreSimulator.SimDeviceType.iPhone-14-Pro-Max"
        },
        {
          "bundlePath" : "\/Library\/Developer\/CoreSimulator\/Profiles\/DeviceTypes\/iPhone 14.simdevicetype",
          "name" : "iPhone 14",
          "productFamily" : "iPhone",
          "identifier" : "com.apple.CoreSimulator.SimDeviceType.iPhone-14"
        },
        {
          "bundlePath" : "\/Library\/Developer\/CoreSimulator\/Profiles\/DeviceTypes\/iPhone 14 Plus.simdevicetype",
          "name" : "iPhone 14 Plus",
          "productFamily" : "iPhone",
          "identifier" : "com.apple.CoreSimulator.SimDeviceType.iPhone-14-Plus"
        },
        {
          "bundlePath" : "\/Library\/Developer\/CoreSimulator\/Profiles\/DeviceTypes\/iPhone SE (3rd generation).simdevicetype",
          "name" : "iPhone SE (3rd generation)",
          "productFamily" : "iPhone",
          "identifier" : "com.apple.CoreSimulator.SimDeviceType.iPhone-SE-3rd-generation"
        },
        {
          "bundlePath" : "\/Library\/Developer\/CoreSimulator\/Profiles\/DeviceTypes\/iPhone 13 Pro.simdevicetype",
          "name" : "iPhone 13 Pro",
          "productFamily" : "iPhone",
          "identifier" : "com.apple.CoreSimulator.SimDeviceType.iPhone-13-Pro"
        },
        {
          "bundlePath" : "\/Library\/Developer\/CoreSimulator\/Profiles\/DeviceTypes\/iPhone 13 Pro Max.simdevicetype",
          "name" : "iPhone 13 Pro Max",
          "productFamily" : "iPhone",
          "identifier" : "com.apple.CoreSimulator.SimDeviceType.iPhone-13-Pro-Max"
        },
        {
          "bundlePath" : "\/Library\/Developer\/CoreSimulator\/Profiles\/DeviceTypes\/iPhone 13.simdevicetype",
          "name" : "iPhone 13",
          "productFamily" : "iPhone",
          "identifier" : "com.apple.CoreSimulator.SimDeviceType.iPhone-13"
        },
        {
          "bundlePath" : "\/Library\/Developer\/CoreSimulator\/Profiles\/DeviceTypes\/iPhone 13 mini.simdevicetype",
          "name" : "iPhone 13 mini",
          "productFamily" : "iPhone",
          "identifier" : "com.apple.CoreSimulator.SimDeviceType.iPhone-13-mini"
        },
        {
          "bundlePath" : "\/Library\/Developer\/CoreSimulator\/Profiles\/DeviceTypes\/iPhone 12 Pro.simdevicetype",
          "name" : "iPhone 12 Pro",
          "productFamily" : "iPhone",
          "identifier" : "com.apple.CoreSimulator.SimDeviceType.iPhone-12-Pro"
        },
        {
          "bundlePath" : "\/Library\/Developer\/CoreSimulator\/Profiles\/DeviceTypes\/iPhone 12 Pro Max.simdevicetype",
          "name" : "iPhone 12 Pro Max",
          "productFamily" : "iPhone",
          "identifier" : "com.apple.CoreSimulator.SimDeviceType.iPhone-12-Pro-Max"
        },
        {
          "bundlePath" : "\/Library\/Developer\/CoreSimulator\/Profiles\/DeviceTypes\/iPhone 12.simdevicetype",
          "name" : "iPhone 12",
          "productFamily" : "iPhone",
          "identifier" : "com.apple.CoreSimulator.SimDeviceType.iPhone-12"
        },
        {
          "bundlePath" : "\/Library\/Developer\/CoreSimulator\/Profiles\/DeviceTypes\/iPhone 12 mini.simdevicetype",
          "name" : "iPhone 12 mini",
          "productFamily" : "iPhone",
          "identifier" : "com.apple.CoreSimulator.SimDeviceType.iPhone-12-mini"
        },
        {
          "bundlePath" : "\/Library\/Developer\/CoreSimulator\/Profiles\/DeviceTypes\/iPhone SE (2nd generation).simdevicetype",
          "name" : "iPhone SE (2nd generation)",
          "productFamily" : "iPhone",
          "identifier" : "com.apple.CoreSimulator.SimDeviceType.iPhone-SE--2nd-generation-"
        },
        {
          "bundlePath" : "\/Library\/Developer\/CoreSimulator\/Profiles\/DeviceTypes\/iPhone 11 Pro.simdevicetype",
          "name" : "iPhone 11 Pro",
          "productFamily" : "iPhone",
          "identifier" : "com.apple.CoreSimulator.SimDeviceType.iPhone-11-Pro"
        },
        {
          "bundlePath" : "\/Library\/Developer\/CoreSimulator\/Profiles\/DeviceTypes\/iPhone 11 Pro Max.simdevicetype",
          "name" : "iPhone 11 Pro Max",
          "productFamily" : "iPhone",
          "identifier" : "com.apple.CoreSimulator.SimDeviceType.iPhone-11-Pro-Max"
        },
        {
          "bundlePath" : "\/Library\/Developer\/CoreSimulator\/Profiles\/DeviceTypes\/iPhone 11.simdevicetype",
          "name" : "iPhone 11",
          "productFamily" : "iPhone",
          "identifier" : "com.apple.CoreSimulator.SimDeviceType.iPhone-11"
        },
        {
          "bundlePath" : "\/Library\/Developer\/CoreSimulator\/Profiles\/DeviceTypes\/iPad Pro 13-inch (M5) (16GB).simdevicetype",
          "name" : "iPad Pro 13-inch (M5) (16GB)",
          "productFamily" : "iPad",
          "identifier" : "com.apple.CoreSimulator.SimDeviceType.iPad-Pro-13-inch-M5-16GB"
        },
        {
          "bundlePath" : "\/Library\/Developer\/CoreSimulator\/Profiles\/DeviceTypes\/iPad Pro 13-inch (M5).simdevicetype",
          "name" : "iPad Pro 13-inch (M5)",
          "productFamily" : "iPad",
          "identifier" : "com.apple.CoreSimulator.SimDeviceType.iPad-Pro-13-inch-M5-12GB"
        },
        {
          "bundlePath" : "\/Library\/Developer\/CoreSimulator\/Profiles\/DeviceTypes\/iPad Pro 11-inch (M5) (16GB).simdevicetype",
          "name" : "iPad Pro 11-inch (M5) (16GB)",
          "productFamily" : "iPad",
          "identifier" : "com.apple.CoreSimulator.SimDeviceType.iPad-Pro-11-inch-M5-16GB"
        },
        {
          "bundlePath" : "\/Library\/Developer\/CoreSimulator\/Profiles\/DeviceTypes\/iPad Pro 11-inch (M5).simdevicetype",
          "name" : "iPad Pro 11-inch (M5)",
          "productFamily" : "iPad",
          "identifier" : "com.apple.CoreSimulator.SimDeviceType.iPad-Pro-11-inch-M5-12GB"
        },
        {
          "bundlePath" : "\/Library\/Developer\/CoreSimulator\/Profiles\/DeviceTypes\/iPad Pro 11-inch (M4) (16GB).simdevicetype",
          "name" : "iPad Pro 11-inch (M4) (16GB)",
          "productFamily" : "iPad",
          "identifier" : "com.apple.CoreSimulator.SimDeviceType.iPad-Pro-11-inch-M4-16GB"
        },
        {
          "bundlePath" : "\/Library\/Developer\/CoreSimulator\/Profiles\/DeviceTypes\/iPad Pro 11-inch (M4).simdevicetype",
          "name" : "iPad Pro 11-inch (M4)",
          "productFamily" : "iPad",
          "identifier" : "com.apple.CoreSimulator.SimDeviceType.iPad-Pro-11-inch-M4-8GB"
        },
        {
          "bundlePath" : "\/Library\/Developer\/CoreSimulator\/Profiles\/DeviceTypes\/iPad Pro 13-inch (M4) (16GB).simdevicetype",
          "name" : "iPad Pro 13-inch (M4) (16GB)",
          "productFamily" : "iPad",
          "identifier" : "com.apple.CoreSimulator.SimDeviceType.iPad-Pro-13-inch-M4-16GB"
        },
        {
          "bundlePath" : "\/Library\/Developer\/CoreSimulator\/Profiles\/DeviceTypes\/iPad Pro 13-inch (M4).simdevicetype",
          "name" : "iPad Pro 13-inch (M4)",
          "productFamily" : "iPad",
          "identifier" : "com.apple.CoreSimulator.SimDeviceType.iPad-Pro-13-inch-M4-8GB"
        },
        {
          "bundlePath" : "\/Library\/Developer\/CoreSimulator\/Profiles\/DeviceTypes\/iPad Air 13-inch (M4).simdevicetype",
          "name" : "iPad Air 13-inch (M4)",
          "productFamily" : "iPad",
          "identifier" : "com.apple.CoreSimulator.SimDeviceType.iPad-Air-13-inch-M4"
        },
        {
          "bundlePath" : "\/Library\/Developer\/CoreSimulator\/Profiles\/DeviceTypes\/iPad Air 11-inch (M4).simdevicetype",
          "name" : "iPad Air 11-inch (M4)",
          "productFamily" : "iPad",
          "identifier" : "com.apple.CoreSimulator.SimDeviceType.iPad-Air-11-inch-M4"
        },
        {
          "bundlePath" : "\/Library\/Developer\/CoreSimulator\/Profiles\/DeviceTypes\/iPad (A16).simdevicetype",
          "name" : "iPad (A16)",
          "productFamily" : "iPad",
          "identifier" : "com.apple.CoreSimulator.SimDeviceType.iPad-A16"
        },
        {
          "bundlePath" : "\/Library\/Developer\/CoreSimulator\/Profiles\/DeviceTypes\/iPad Air 13-inch (M3).simdevicetype",
          "name" : "iPad Air 13-inch (M3)",
          "productFamily" : "iPad",
          "identifier" : "com.apple.CoreSimulator.SimDeviceType.iPad-Air-13-inch-M3"
        },
        {
          "bundlePath" : "\/Library\/Developer\/CoreSimulator\/Profiles\/DeviceTypes\/iPad Air 11-inch (M3).simdevicetype",
          "name" : "iPad Air 11-inch (M3)",
          "productFamily" : "iPad",
          "identifier" : "com.apple.CoreSimulator.SimDeviceType.iPad-Air-11-inch-M3"
        },
        {
          "bundlePath" : "\/Library\/Developer\/CoreSimulator\/Profiles\/DeviceTypes\/iPad Air 11-inch (M2).simdevicetype",
          "name" : "iPad Air 11-inch (M2)",
          "productFamily" : "iPad",
          "identifier" : "com.apple.CoreSimulator.SimDeviceType.iPad-Air-11-inch-M2"
        },
        {
          "bundlePath" : "\/Library\/Developer\/CoreSimulator\/Profiles\/DeviceTypes\/iPad Air 13-inch (M2).simdevicetype",
          "name" : "iPad Air 13-inch (M2)",
          "productFamily" : "iPad",
          "identifier" : "com.apple.CoreSimulator.SimDeviceType.iPad-Air-13-inch-M2"
        },
        {
          "bundlePath" : "\/Library\/Developer\/CoreSimulator\/Profiles\/DeviceTypes\/iPad mini (A17 Pro).simdevicetype",
          "name" : "iPad mini (A17 Pro)",
          "productFamily" : "iPad",
          "identifier" : "com.apple.CoreSimulator.SimDeviceType.iPad-mini-A17-Pro"
        },
        {
          "bundlePath" : "\/Library\/Developer\/CoreSimulator\/Profiles\/DeviceTypes\/iPad Pro (11-inch) (4th generation) (16GB).simdevicetype",
          "name" : "iPad Pro (11-inch) (4th generation) (16GB)",
          "productFamily" : "iPad",
          "identifier" : "com.apple.CoreSimulator.SimDeviceType.iPad-Pro-11-inch-4th-generation-16GB"
        },
        {
          "bundlePath" : "\/Library\/Developer\/CoreSimulator\/Profiles\/DeviceTypes\/iPad Pro (11-inch) (4th generation).simdevicetype",
          "name" : "iPad Pro (11-inch) (4th generation)",
          "productFamily" : "iPad",
          "identifier" : "com.apple.CoreSimulator.SimDeviceType.iPad-Pro-11-inch-4th-generation-8GB"
        },
        {
          "bundlePath" : "\/Library\/Developer\/CoreSimulator\/Profiles\/DeviceTypes\/iPad Pro (12.9-inch) (6th generation) (16GB).simdevicetype",
          "name" : "iPad Pro (12.9-inch) (6th generation) (16GB)",
          "productFamily" : "iPad",
          "identifier" : "com.apple.CoreSimulator.SimDeviceType.iPad-Pro-12-9-inch-6th-generation-16GB"
        },
        {
          "bundlePath" : "\/Library\/Developer\/CoreSimulator\/Profiles\/DeviceTypes\/iPad Pro (12.9-inch) (6th generation).simdevicetype",
          "name" : "iPad Pro (12.9-inch) (6th generation)",
          "productFamily" : "iPad",
          "identifier" : "com.apple.CoreSimulator.SimDeviceType.iPad-Pro-12-9-inch-6th-generation-8GB"
        },
        {
          "bundlePath" : "\/Library\/Developer\/CoreSimulator\/Profiles\/DeviceTypes\/iPad (10th generation).simdevicetype",
          "name" : "iPad (10th generation)",
          "productFamily" : "iPad",
          "identifier" : "com.apple.CoreSimulator.SimDeviceType.iPad-10th-generation"
        },
        {
          "bundlePath" : "\/Library\/Developer\/CoreSimulator\/Profiles\/DeviceTypes\/iPad Air (5th generation).simdevicetype",
          "name" : "iPad Air (5th generation)",
          "productFamily" : "iPad",
          "identifier" : "com.apple.CoreSimulator.SimDeviceType.iPad-Air-5th-generation"
        },
        {
          "bundlePath" : "\/Library\/Developer\/CoreSimulator\/Profiles\/DeviceTypes\/iPad mini (6th generation).simdevicetype",
          "name" : "iPad mini (6th generation)",
          "productFamily" : "iPad",
          "identifier" : "com.apple.CoreSimulator.SimDeviceType.iPad-mini-6th-generation"
        },
        {
          "bundlePath" : "\/Library\/Developer\/CoreSimulator\/Profiles\/DeviceTypes\/iPad Pro (11-inch) (3rd generation).simdevicetype",
          "name" : "iPad Pro (11-inch) (3rd generation)",
          "productFamily" : "iPad",
          "identifier" : "com.apple.CoreSimulator.SimDeviceType.iPad-Pro-11-inch-3rd-generation"
        },
        {
          "bundlePath" : "\/Library\/Developer\/CoreSimulator\/Profiles\/DeviceTypes\/iPad Pro (12.9-inch) (5th generation).simdevicetype",
          "name" : "iPad Pro (12.9-inch) (5th generation)",
          "productFamily" : "iPad",
          "identifier" : "com.apple.CoreSimulator.SimDeviceType.iPad-Pro-12-9-inch-5th-generation"
        },
        {
          "bundlePath" : "\/Library\/Developer\/CoreSimulator\/Profiles\/DeviceTypes\/iPad (9th generation).simdevicetype",
          "name" : "iPad (9th generation)",
          "productFamily" : "iPad",
          "identifier" : "com.apple.CoreSimulator.SimDeviceType.iPad-9th-generation"
        },
        {
          "bundlePath" : "\/Library\/Developer\/CoreSimulator\/Profiles\/DeviceTypes\/iPad Air (4th generation).simdevicetype",
          "name" : "iPad Air (4th generation)",
          "productFamily" : "iPad",
          "identifier" : "com.apple.CoreSimulator.SimDeviceType.iPad-Air--4th-generation-"
        },
        {
          "bundlePath" : "\/Library\/Developer\/CoreSimulator\/Profiles\/DeviceTypes\/iPad (8th generation).simdevicetype",
          "name" : "iPad (8th generation)",
          "productFamily" : "iPad",
          "identifier" : "com.apple.CoreSimulator.SimDeviceType.iPad--8th-generation-"
        },
        {
          "bundlePath" : "\/Library\/Developer\/CoreSimulator\/Profiles\/DeviceTypes\/iPad Air (3rd generation).simdevicetype",
          "name" : "iPad Air (3rd generation)",
          "productFamily" : "iPad",
          "identifier" : "com.apple.CoreSimulator.SimDeviceType.iPad-Air--3rd-generation-"
        },
        {
          "bundlePath" : "\/Library\/Developer\/CoreSimulator\/Profiles\/DeviceTypes\/iPad mini (5th generation).simdevicetype",
          "name" : "iPad mini (5th generation)",
          "productFamily" : "iPad",
          "identifier" : "com.apple.CoreSimulator.SimDeviceType.iPad-mini--5th-generation-"
        },
        {
          "bundlePath" : "\/Library\/Developer\/CoreSimulator\/Profiles\/DeviceTypes\/iPad Pro (11-inch) (2nd generation).simdevicetype",
          "name" : "iPad Pro (11-inch) (2nd generation)",
          "productFamily" : "iPad",
          "identifier" : "com.apple.CoreSimulator.SimDeviceType.iPad-Pro--11-inch---2nd-generation-"
        },
        {
          "bundlePath" : "\/Library\/Developer\/CoreSimulator\/Profiles\/DeviceTypes\/iPad Pro (12.9-inch) (4th generation).simdevicetype",
          "name" : "iPad Pro (12.9-inch) (4th generation)",
          "productFamily" : "iPad",
          "identifier" : "com.apple.CoreSimulator.SimDeviceType.iPad-Pro--12-9-inch---4th-generation-"
        },
        {
          "bundlePath" : "\/Library\/Developer\/CoreSimulator\/Profiles\/DeviceTypes\/iPad Pro (11-inch) (1st generation).simdevicetype",
          "name" : "iPad Pro (11-inch) (1st generation)",
          "productFamily" : "iPad",
          "identifier" : "com.apple.CoreSimulator.SimDeviceType.iPad-Pro--11-inch-"
        },
        {
          "bundlePath" : "\/Library\/Developer\/CoreSimulator\/Profiles\/DeviceTypes\/iPad Pro (12.9-inch) (3rd generation).simdevicetype",
          "name" : "iPad Pro (12.9-inch) (3rd generation)",
          "productFamily" : "iPad",
          "identifier" : "com.apple.CoreSimulator.SimDeviceType.iPad-Pro--12-9-inch---3rd-generation-"
        }
      ],
      "identifier" : "com.apple.CoreSimulator.SimRuntime.iOS-26-4",
      "platform" : "iOS",
      "bundlePath" : "\/Library\/Developer\/CoreSimulator\/Volumes\/iOS_23E244\/Library\/Developer\/CoreSimulator\/Profiles\/Runtimes\/iOS 26.4.simruntime",
      "runtimeRoot" : "\/Library\/Developer\/CoreSimulator\/Volumes\/iOS_23E244\/Library\/Developer\/CoreSimulator\/Profiles\/Runtimes\/iOS 26.4.simruntime\/Contents\/Resources\/RuntimeRoot",
      "lastUsage" : {
        "arm64" : "2026-10-02T15:07:58Z"
      },
      "name" : "iOS 26.4"
    },
    {
      "isAvailable" : true,
      "version" : "26.5",
      "isInternal" : false,
      "buildversion" : "23F77",
      "supportedArchitectures" : [
        "arm64"
      ],
      "supportedDeviceTypes" : [
        {
          "bundlePath" : "\/Library\/Developer\/CoreSimulator\/Profiles\/DeviceTypes\/iPhone 17 Pro.simdevicetype",
          "name" : "iPhone 17 Pro",
          "productFamily" : "iPhone",
          "identifier" : "com.apple.CoreSimulator.SimDeviceType.iPhone-17-Pro"
        },
        {
          "bundlePath" : "\/Library\/Developer\/CoreSimulator\/Profiles\/DeviceTypes\/iPhone 17 Pro Max.simdevicetype",
          "name" : "iPhone 17 Pro Max",
          "productFamily" : "iPhone",
          "identifier" : "com.apple.CoreSimulator.SimDeviceType.iPhone-17-Pro-Max"
        },
        {
          "bundlePath" : "\/Library\/Developer\/CoreSimulator\/Profiles\/DeviceTypes\/iPhone 17e.simdevicetype",
          "name" : "iPhone 17e",
          "productFamily" : "iPhone",
          "identifier" : "com.apple.CoreSimulator.SimDeviceType.iPhone-17e"
        },
        {
          "bundlePath" : "\/Library\/Developer\/CoreSimulator\/Profiles\/DeviceTypes\/iPhone Air.simdevicetype",
          "name" : "iPhone Air",
          "productFamily" : "iPhone",
          "identifier" : "com.apple.CoreSimulator.SimDeviceType.iPhone-Air"
        },
        {
          "bundlePath" : "\/Library\/Developer\/CoreSimulator\/Profiles\/DeviceTypes\/iPhone 17.simdevicetype",
          "name" : "iPhone 17",
          "productFamily" : "iPhone",
          "identifier" : "com.apple.CoreSimulator.SimDeviceType.iPhone-17"
        },
        {
          "bundlePath" : "\/Library\/Developer\/CoreSimulator\/Profiles\/DeviceTypes\/iPhone 16 Pro.simdevicetype",
          "name" : "iPhone 16 Pro",
          "productFamily" : "iPhone",
          "identifier" : "com.apple.CoreSimulator.SimDeviceType.iPhone-16-Pro"
        },
        {
          "bundlePath" : "\/Library\/Developer\/CoreSimulator\/Profiles\/DeviceTypes\/iPhone 16 Pro Max.simdevicetype",
          "name" : "iPhone 16 Pro Max",
          "productFamily" : "iPhone",
          "identifier" : "com.apple.CoreSimulator.SimDeviceType.iPhone-16-Pro-Max"
        },
        {
          "bundlePath" : "\/Library\/Developer\/CoreSimulator\/Profiles\/DeviceTypes\/iPhone 16e.simdevicetype",
          "name" : "iPhone 16e",
          "productFamily" : "iPhone",
          "identifier" : "com.apple.CoreSimulator.SimDeviceType.iPhone-16e"
        },
        {
          "bundlePath" : "\/Library\/Developer\/CoreSimulator\/Profiles\/DeviceTypes\/iPhone 16.simdevicetype",
          "name" : "iPhone 16",
          "productFamily" : "iPhone",
          "identifier" : "com.apple.CoreSimulator.SimDeviceType.iPhone-16"
        },
        {
          "bundlePath" : "\/Library\/Developer\/CoreSimulator\/Profiles\/DeviceTypes\/iPhone 16 Plus.simdevicetype",
          "name" : "iPhone 16 Plus",
          "productFamily" : "iPhone",
          "identifier" : "com.apple.CoreSimulator.SimDeviceType.iPhone-16-Plus"
        },
        {
          "bundlePath" : "\/Library\/Developer\/CoreSimulator\/Profiles\/DeviceTypes\/iPhone 15 Pro.simdevicetype",
          "name" : "iPhone 15 Pro",
          "productFamily" : "iPhone",
          "identifier" : "com.apple.CoreSimulator.SimDeviceType.iPhone-15-Pro"
        },
        {
          "bundlePath" : "\/Library\/Developer\/CoreSimulator\/Profiles\/DeviceTypes\/iPhone 15 Pro Max.simdevicetype",
          "name" : "iPhone 15 Pro Max",
          "productFamily" : "iPhone",
          "identifier" : "com.apple.CoreSimulator.SimDeviceType.iPhone-15-Pro-Max"
        },
        {
          "bundlePath" : "\/Library\/Developer\/CoreSimulator\/Profiles\/DeviceTypes\/iPhone 15.simdevicetype",
          "name" : "iPhone 15",
          "productFamily" : "iPhone",
          "identifier" : "com.apple.CoreSimulator.SimDeviceType.iPhone-15"
        },
        {
          "bundlePath" : "\/Library\/Developer\/CoreSimulator\/Profiles\/DeviceTypes\/iPhone 15 Plus.simdevicetype",
          "name" : "iPhone 15 Plus",
          "productFamily" : "iPhone",
          "identifier" : "com.apple.CoreSimulator.SimDeviceType.iPhone-15-Plus"
        },
        {
          "bundlePath" : "\/Library\/Developer\/CoreSimulator\/Profiles\/DeviceTypes\/iPhone 14 Pro.simdevicetype",
          "name" : "iPhone 14 Pro",
          "productFamily" : "iPhone",
          "identifier" : "com.apple.CoreSimulator.SimDeviceType.iPhone-14-Pro"
        },
        {
          "bundlePath" : "\/Library\/Developer\/CoreSimulator\/Profiles\/DeviceTypes\/iPhone 14 Pro Max.simdevicetype",
          "name" : "iPhone 14 Pro Max",
          "productFamily" : "iPhone",
          "identifier" : "com.apple.CoreSimulator.SimDeviceType.iPhone-14-Pro-Max"
        },
        {
          "bundlePath" : "\/Library\/Developer\/CoreSimulator\/Profiles\/DeviceTypes\/iPhone 14.simdevicetype",
          "name" : "iPhone 14",
          "productFamily" : "iPhone",
          "identifier" : "com.apple.CoreSimulator.SimDeviceType.iPhone-14"
        },
        {
          "bundlePath" : "\/Library\/Developer\/CoreSimulator\/Profiles\/DeviceTypes\/iPhone 14 Plus.simdevicetype",
          "name" : "iPhone 14 Plus",
          "productFamily" : "iPhone",
          "identifier" : "com.apple.CoreSimulator.SimDeviceType.iPhone-14-Plus"
        },
        {
          "bundlePath" : "\/Library\/Developer\/CoreSimulator\/Profiles\/DeviceTypes\/iPhone SE (3rd generation).simdevicetype",
          "name" : "iPhone SE (3rd generation)",
          "productFamily" : "iPhone",
          "identifier" : "com.apple.CoreSimulator.SimDeviceType.iPhone-SE-3rd-generation"
        },
        {
          "bundlePath" : "\/Library\/Developer\/CoreSimulator\/Profiles\/DeviceTypes\/iPhone 13 Pro.simdevicetype",
          "name" : "iPhone 13 Pro",
          "productFamily" : "iPhone",
          "identifier" : "com.apple.CoreSimulator.SimDeviceType.iPhone-13-Pro"
        },
        {
          "bundlePath" : "\/Library\/Developer\/CoreSimulator\/Profiles\/DeviceTypes\/iPhone 13 Pro Max.simdevicetype",
          "name" : "iPhone 13 Pro Max",
          "productFamily" : "iPhone",
          "identifier" : "com.apple.CoreSimulator.SimDeviceType.iPhone-13-Pro-Max"
        },
        {
          "bundlePath" : "\/Library\/Developer\/CoreSimulator\/Profiles\/DeviceTypes\/iPhone 13.simdevicetype",
          "name" : "iPhone 13",
          "productFamily" : "iPhone",
          "identifier" : "com.apple.CoreSimulator.SimDeviceType.iPhone-13"
        },
        {
          "bundlePath" : "\/Library\/Developer\/CoreSimulator\/Profiles\/DeviceTypes\/iPhone 13 mini.simdevicetype",
          "name" : "iPhone 13 mini",
          "productFamily" : "iPhone",
          "identifier" : "com.apple.CoreSimulator.SimDeviceType.iPhone-13-mini"
        },
        {
          "bundlePath" : "\/Library\/Developer\/CoreSimulator\/Profiles\/DeviceTypes\/iPhone 12 Pro.simdevicetype",
          "name" : "iPhone 12 Pro",
          "productFamily" : "iPhone",
          "identifier" : "com.apple.CoreSimulator.SimDeviceType.iPhone-12-Pro"
        },
        {
          "bundlePath" : "\/Library\/Developer\/CoreSimulator\/Profiles\/DeviceTypes\/iPhone 12 Pro Max.simdevicetype",
          "name" : "iPhone 12 Pro Max",
          "productFamily" : "iPhone",
          "identifier" : "com.apple.CoreSimulator.SimDeviceType.iPhone-12-Pro-Max"
        },
        {
          "bundlePath" : "\/Library\/Developer\/CoreSimulator\/Profiles\/DeviceTypes\/iPhone 12.simdevicetype",
          "name" : "iPhone 12",
          "productFamily" : "iPhone",
          "identifier" : "com.apple.CoreSimulator.SimDeviceType.iPhone-12"
        },
        {
          "bundlePath" : "\/Library\/Developer\/CoreSimulator\/Profiles\/DeviceTypes\/iPhone 12 mini.simdevicetype",
          "name" : "iPhone 12 mini",
          "productFamily" : "iPhone",
          "identifier" : "com.apple.CoreSimulator.SimDeviceType.iPhone-12-mini"
        },
        {
          "bundlePath" : "\/Library\/Developer\/CoreSimulator\/Profiles\/DeviceTypes\/iPhone SE (2nd generation).simdevicetype",
          "name" : "iPhone SE (2nd generation)",
          "productFamily" : "iPhone",
          "identifier" : "com.apple.CoreSimulator.SimDeviceType.iPhone-SE--2nd-generation-"
        },
        {
          "bundlePath" : "\/Library\/Developer\/CoreSimulator\/Profiles\/DeviceTypes\/iPhone 11 Pro.simdevicetype",
          "name" : "iPhone 11 Pro",
          "productFamily" : "iPhone",
          "identifier" : "com.apple.CoreSimulator.SimDeviceType.iPhone-11-Pro"
        },
        {
          "bundlePath" : "\/Library\/Developer\/CoreSimulator\/Profiles\/DeviceTypes\/iPhone 11 Pro Max.simdevicetype",
          "name" : "iPhone 11 Pro Max",
          "productFamily" : "iPhone",
          "identifier" : "com.apple.CoreSimulator.SimDeviceType.iPhone-11-Pro-Max"
        },
        {
          "bundlePath" : "\/Library\/Developer\/CoreSimulator\/Profiles\/DeviceTypes\/iPhone 11.simdevicetype",
          "name" : "iPhone 11",
          "productFamily" : "iPhone",
          "identifier" : "com.apple.CoreSimulator.SimDeviceType.iPhone-11"
        },
        {
          "bundlePath" : "\/Library\/Developer\/CoreSimulator\/Profiles\/DeviceTypes\/iPad Pro 13-inch (M5) (16GB).simdevicetype",
          "name" : "iPad Pro 13-inch (M5) (16GB)",
          "productFamily" : "iPad",
          "identifier" : "com.apple.CoreSimulator.SimDeviceType.iPad-Pro-13-inch-M5-16GB"
        },
        {
          "bundlePath" : "\/Library\/Developer\/CoreSimulator\/Profiles\/DeviceTypes\/iPad Pro 13-inch (M5).simdevicetype",
          "name" : "iPad Pro 13-inch (M5)",
          "productFamily" : "iPad",
          "identifier" : "com.apple.CoreSimulator.SimDeviceType.iPad-Pro-13-inch-M5-12GB"
        },
        {
          "bundlePath" : "\/Library\/Developer\/CoreSimulator\/Profiles\/DeviceTypes\/iPad Pro 11-inch (M5) (16GB).simdevicetype",
          "name" : "iPad Pro 11-inch (M5) (16GB)",
          "productFamily" : "iPad",
          "identifier" : "com.apple.CoreSimulator.SimDeviceType.iPad-Pro-11-inch-M5-16GB"
        },
        {
          "bundlePath" : "\/Library\/Developer\/CoreSimulator\/Profiles\/DeviceTypes\/iPad Pro 11-inch (M5).simdevicetype",
          "name" : "iPad Pro 11-inch (M5)",
          "productFamily" : "iPad",
          "identifier" : "com.apple.CoreSimulator.SimDeviceType.iPad-Pro-11-inch-M5-12GB"
        },
        {
          "bundlePath" : "\/Library\/Developer\/CoreSimulator\/Profiles\/DeviceTypes\/iPad Pro 11-inch (M4) (16GB).simdevicetype",
          "name" : "iPad Pro 11-inch (M4) (16GB)",
          "productFamily" : "iPad",
          "identifier" : "com.apple.CoreSimulator.SimDeviceType.iPad-Pro-11-inch-M4-16GB"
        },
        {
          "bundlePath" : "\/Library\/Developer\/CoreSimulator\/Profiles\/DeviceTypes\/iPad Pro 11-inch (M4).simdevicetype",
          "name" : "iPad Pro 11-inch (M4)",
          "productFamily" : "iPad",
          "identifier" : "com.apple.CoreSimulator.SimDeviceType.iPad-Pro-11-inch-M4-8GB"
        },
        {
          "bundlePath" : "\/Library\/Developer\/CoreSimulator\/Profiles\/DeviceTypes\/iPad Pro 13-inch (M4) (16GB).simdevicetype",
          "name" : "iPad Pro 13-inch (M4) (16GB)",
          "productFamily" : "iPad",
          "identifier" : "com.apple.CoreSimulator.SimDeviceType.iPad-Pro-13-inch-M4-16GB"
        },
        {
          "bundlePath" : "\/Library\/Developer\/CoreSimulator\/Profiles\/DeviceTypes\/iPad Pro 13-inch (M4).simdevicetype",
          "name" : "iPad Pro 13-inch (M4)",
          "productFamily" : "iPad",
          "identifier" : "com.apple.CoreSimulator.SimDeviceType.iPad-Pro-13-inch-M4-8GB"
        },
        {
          "bundlePath" : "\/Library\/Developer\/CoreSimulator\/Profiles\/DeviceTypes\/iPad Air 13-inch (M4).simdevicetype",
          "name" : "iPad Air 13-inch (M4)",
          "productFamily" : "iPad",
          "identifier" : "com.apple.CoreSimulator.SimDeviceType.iPad-Air-13-inch-M4"
        },
        {
          "bundlePath" : "\/Library\/Developer\/CoreSimulator\/Profiles\/DeviceTypes\/iPad Air 11-inch (M4).simdevicetype",
          "name" : "iPad Air 11-inch (M4)",
          "productFamily" : "iPad",
          "identifier" : "com.apple.CoreSimulator.SimDeviceType.iPad-Air-11-inch-M4"
        },
        {
          "bundlePath" : "\/Library\/Developer\/CoreSimulator\/Profiles\/DeviceTypes\/iPad (A16).simdevicetype",
          "name" : "iPad (A16)",
          "productFamily" : "iPad",
          "identifier" : "com.apple.CoreSimulator.SimDeviceType.iPad-A16"
        },
        {
          "bundlePath" : "\/Library\/Developer\/CoreSimulator\/Profiles\/DeviceTypes\/iPad Air 13-inch (M3).simdevicetype",
          "name" : "iPad Air 13-inch (M3)",
          "productFamily" : "iPad",
          "identifier" : "com.apple.CoreSimulator.SimDeviceType.iPad-Air-13-inch-M3"
        },
        {
          "bundlePath" : "\/Library\/Developer\/CoreSimulator\/Profiles\/DeviceTypes\/iPad Air 11-inch (M3).simdevicetype",
          "name" : "iPad Air 11-inch (M3)",
          "productFamily" : "iPad",
          "identifier" : "com.apple.CoreSimulator.SimDeviceType.iPad-Air-11-inch-M3"
        },
        {
          "bundlePath" : "\/Library\/Developer\/CoreSimulator\/Profiles\/DeviceTypes\/iPad Air 11-inch (M2).simdevicetype",
          "name" : "iPad Air 11-inch (M2)",
          "productFamily" : "iPad",
          "identifier" : "com.apple.CoreSimulator.SimDeviceType.iPad-Air-11-inch-M2"
        },
        {
          "bundlePath" : "\/Library\/Developer\/CoreSimulator\/Profiles\/DeviceTypes\/iPad Air 13-inch (M2).simdevicetype",
          "name" : "iPad Air 13-inch (M2)",
          "productFamily" : "iPad",
          "identifier" : "com.apple.CoreSimulator.SimDeviceType.iPad-Air-13-inch-M2"
        },
        {
          "bundlePath" : "\/Library\/Developer\/CoreSimulator\/Profiles\/DeviceTypes\/iPad mini (A17 Pro).simdevicetype",
          "name" : "iPad mini (A17 Pro)",
          "productFamily" : "iPad",
          "identifier" : "com.apple.CoreSimulator.SimDeviceType.iPad-mini-A17-Pro"
        },
        {
          "bundlePath" : "\/Library\/Developer\/CoreSimulator\/Profiles\/DeviceTypes\/iPad Pro (11-inch) (4th generation) (16GB).simdevicetype",
          "name" : "iPad Pro (11-inch) (4th generation) (16GB)",
          "productFamily" : "iPad",
          "identifier" : "com.apple.CoreSimulator.SimDeviceType.iPad-Pro-11-inch-4th-generation-16GB"
        },
        {
          "bundlePath" : "\/Library\/Developer\/CoreSimulator\/Profiles\/DeviceTypes\/iPad Pro (11-inch) (4th generation).simdevicetype",
          "name" : "iPad Pro (11-inch) (4th generation)",
          "productFamily" : "iPad",
          "identifier" : "com.apple.CoreSimulator.SimDeviceType.iPad-Pro-11-inch-4th-generation-8GB"
        },
        {
          "bundlePath" : "\/Library\/Developer\/CoreSimulator\/Profiles\/DeviceTypes\/iPad Pro (12.9-inch) (6th generation) (16GB).simdevicetype",
          "name" : "iPad Pro (12.9-inch) (6th generation) (16GB)",
          "productFamily" : "iPad",
          "identifier" : "com.apple.CoreSimulator.SimDeviceType.iPad-Pro-12-9-inch-6th-generation-16GB"
        },
        {
          "bundlePath" : "\/Library\/Developer\/CoreSimulator\/Profiles\/DeviceTypes\/iPad Pro (12.9-inch) (6th generation).simdevicetype",
          "name" : "iPad Pro (12.9-inch) (6th generation)",
          "productFamily" : "iPad",
          "identifier" : "com.apple.CoreSimulator.SimDeviceType.iPad-Pro-12-9-inch-6th-generation-8GB"
        },
        {
          "bundlePath" : "\/Library\/Developer\/CoreSimulator\/Profiles\/DeviceTypes\/iPad (10th generation).simdevicetype",
          "name" : "iPad (10th generation)",
          "productFamily" : "iPad",
          "identifier" : "com.apple.CoreSimulator.SimDeviceType.iPad-10th-generation"
        },
        {
          "bundlePath" : "\/Library\/Developer\/CoreSimulator\/Profiles\/DeviceTypes\/iPad Air (5th generation).simdevicetype",
          "name" : "iPad Air (5th generation)",
          "productFamily" : "iPad",
          "identifier" : "com.apple.CoreSimulator.SimDeviceType.iPad-Air-5th-generation"
        },
        {
          "bundlePath" : "\/Library\/Developer\/CoreSimulator\/Profiles\/DeviceTypes\/iPad mini (6th generation).simdevicetype",
          "name" : "iPad mini (6th generation)",
          "productFamily" : "iPad",
          "identifier" : "com.apple.CoreSimulator.SimDeviceType.iPad-mini-6th-generation"
        },
        {
          "bundlePath" : "\/Library\/Developer\/CoreSimulator\/Profiles\/DeviceTypes\/iPad Pro (11-inch) (3rd generation).simdevicetype",
          "name" : "iPad Pro (11-inch) (3rd generation)",
          "productFamily" : "iPad",
          "identifier" : "com.apple.CoreSimulator.SimDeviceType.iPad-Pro-11-inch-3rd-generation"
        },
        {
          "bundlePath" : "\/Library\/Developer\/CoreSimulator\/Profiles\/DeviceTypes\/iPad Pro (12.9-inch) (5th generation).simdevicetype",
          "name" : "iPad Pro (12.9-inch) (5th generation)",
          "productFamily" : "iPad",
          "identifier" : "com.apple.CoreSimulator.SimDeviceType.iPad-Pro-12-9-inch-5th-generation"
        },
        {
          "bundlePath" : "\/Library\/Developer\/CoreSimulator\/Profiles\/DeviceTypes\/iPad (9th generation).simdevicetype",
          "name" : "iPad (9th generation)",
          "productFamily" : "iPad",
          "identifier" : "com.apple.CoreSimulator.SimDeviceType.iPad-9th-generation"
        },
        {
          "bundlePath" : "\/Library\/Developer\/CoreSimulator\/Profiles\/DeviceTypes\/iPad Air (4th generation).simdevicetype",
          "name" : "iPad Air (4th generation)",
          "productFamily" : "iPad",
          "identifier" : "com.apple.CoreSimulator.SimDeviceType.iPad-Air--4th-generation-"
        },
        {
          "bundlePath" : "\/Library\/Developer\/CoreSimulator\/Profiles\/DeviceTypes\/iPad (8th generation).simdevicetype",
          "name" : "iPad (8th generation)",
          "productFamily" : "iPad",
          "identifier" : "com.apple.CoreSimulator.SimDeviceType.iPad--8th-generation-"
        },
        {
          "bundlePath" : "\/Library\/Developer\/CoreSimulator\/Profiles\/DeviceTypes\/iPad Air (3rd generation).simdevicetype",
          "name" : "iPad Air (3rd generation)",
          "productFamily" : "iPad",
          "identifier" : "com.apple.CoreSimulator.SimDeviceType.iPad-Air--3rd-generation-"
        },
        {
          "bundlePath" : "\/Library\/Developer\/CoreSimulator\/Profiles\/DeviceTypes\/iPad mini (5th generation).simdevicetype",
          "name" : "iPad mini (5th generation)",
          "productFamily" : "iPad",
          "identifier" : "com.apple.CoreSimulator.SimDeviceType.iPad-mini--5th-generation-"
        },
        {
          "bundlePath" : "\/Library\/Developer\/CoreSimulator\/Profiles\/DeviceTypes\/iPad Pro (11-inch) (2nd generation).simdevicetype",
          "name" : "iPad Pro (11-inch) (2nd generation)",
          "productFamily" : "iPad",
          "identifier" : "com.apple.CoreSimulator.SimDeviceType.iPad-Pro--11-inch---2nd-generation-"
        },
        {
          "bundlePath" : "\/Library\/Developer\/CoreSimulator\/Profiles\/DeviceTypes\/iPad Pro (12.9-inch) (4th generation).simdevicetype",
          "name" : "iPad Pro (12.9-inch) (4th generation)",
          "productFamily" : "iPad",
          "identifier" : "com.apple.CoreSimulator.SimDeviceType.iPad-Pro--12-9-inch---4th-generation-"
        },
        {
          "bundlePath" : "\/Library\/Developer\/CoreSimulator\/Profiles\/DeviceTypes\/iPad Pro (11-inch) (1st generation).simdevicetype",
          "name" : "iPad Pro (11-inch) (1st generation)",
          "productFamily" : "iPad",
          "identifier" : "com.apple.CoreSimulator.SimDeviceType.iPad-Pro--11-inch-"
        },
        {
          "bundlePath" : "\/Library\/Developer\/CoreSimulator\/Profiles\/DeviceTypes\/iPad Pro (12.9-inch) (3rd generation).simdevicetype",
          "name" : "iPad Pro (12.9-inch) (3rd generation)",
          "productFamily" : "iPad",
          "identifier" : "com.apple.CoreSimulator.SimDeviceType.iPad-Pro--12-9-inch---3rd-generation-"
        }
      ],
      "identifier" : "com.apple.CoreSimulator.SimRuntime.iOS-26-5",
      "platform" : "iOS",
      "bundlePath" : "\/Library\/Developer\/CoreSimulator\/Volumes\/iOS_23F77\/Library\/Developer\/CoreSimulator\/Profiles\/Runtimes\/iOS 26.5.simruntime",
      "runtimeRoot" : "\/Library\/Developer\/CoreSimulator\/Volumes\/iOS_23F77\/Library\/Developer\/CoreSimulator\/Profiles\/Runtimes\/iOS 26.5.simruntime\/Contents\/Resources\/RuntimeRoot",
      "lastUsage" : {
        "arm64" : "2026-10-02T14:53:22Z"
      },
      "name" : "iOS 26.5"
    },
    {
      "isAvailable" : true,
      "version" : "26.2",
      "isInternal" : false,
      "buildversion" : "23S303",
      "supportedArchitectures" : [
        "arm64"
      ],
      "supportedDeviceTypes" : [
        {
          "bundlePath" : "\/Library\/Developer\/CoreSimulator\/Profiles\/DeviceTypes\/Apple Watch Series 11 (46mm).simdevicetype",
          "name" : "Apple Watch Series 11 (46mm)",
          "productFamily" : "Apple Watch",
          "identifier" : "com.apple.CoreSimulator.SimDeviceType.Apple-Watch-Series-11-46mm"
        },
        {
          "bundlePath" : "\/Library\/Developer\/CoreSimulator\/Profiles\/DeviceTypes\/Apple Watch Series 11 (42mm).simdevicetype",
          "name" : "Apple Watch Series 11 (42mm)",
          "productFamily" : "Apple Watch",
          "identifier" : "com.apple.CoreSimulator.SimDeviceType.Apple-Watch-Series-11-42mm"
        },
        {
          "bundlePath" : "\/Library\/Developer\/CoreSimulator\/Profiles\/DeviceTypes\/Apple Watch Series 10 (46mm).simdevicetype",
          "name" : "Apple Watch Series 10 (46mm)",
          "productFamily" : "Apple Watch",
          "identifier" : "com.apple.CoreSimulator.SimDeviceType.Apple-Watch-Series-10-46mm"
        },
        {
          "bundlePath" : "\/Library\/Developer\/CoreSimulator\/Profiles\/DeviceTypes\/Apple Watch Series 10 (42mm).simdevicetype",
          "name" : "Apple Watch Series 10 (42mm)",
          "productFamily" : "Apple Watch",
          "identifier" : "com.apple.CoreSimulator.SimDeviceType.Apple-Watch-Series-10-42mm"
        },
        {
          "bundlePath" : "\/Library\/Developer\/CoreSimulator\/Profiles\/DeviceTypes\/Apple Watch Series 9 (45mm).simdevicetype",
          "name" : "Apple Watch Series 9 (45mm)",
          "productFamily" : "Apple Watch",
          "identifier" : "com.apple.CoreSimulator.SimDeviceType.Apple-Watch-Series-9-45mm"
        },
        {
          "bundlePath" : "\/Library\/Developer\/CoreSimulator\/Profiles\/DeviceTypes\/Apple Watch Series 9 (41mm).simdevicetype",
          "name" : "Apple Watch Series 9 (41mm)",
          "productFamily" : "Apple Watch",
          "identifier" : "com.apple.CoreSimulator.SimDeviceType.Apple-Watch-Series-9-41mm"
        },
        {
          "bundlePath" : "\/Library\/Developer\/CoreSimulator\/Profiles\/DeviceTypes\/Apple Watch Ultra 3 (49mm).simdevicetype",
          "name" : "Apple Watch Ultra 3 (49mm)",
          "productFamily" : "Apple Watch",
          "identifier" : "com.apple.CoreSimulator.SimDeviceType.Apple-Watch-Ultra-3-49mm"
        },
        {
          "bundlePath" : "\/Library\/Developer\/CoreSimulator\/Profiles\/DeviceTypes\/Apple Watch Ultra 2 (49mm).simdevicetype",
          "name" : "Apple Watch Ultra 2 (49mm)",
          "productFamily" : "Apple Watch",
          "identifier" : "com.apple.CoreSimulator.SimDeviceType.Apple-Watch-Ultra-2-49mm"
        },
        {
          "bundlePath" : "\/Library\/Developer\/CoreSimulator\/Profiles\/DeviceTypes\/Apple Watch SE 3 (44mm).simdevicetype",
          "name" : "Apple Watch SE 3 (44mm)",
          "productFamily" : "Apple Watch",
          "identifier" : "com.apple.CoreSimulator.SimDeviceType.Apple-Watch-SE-3-44mm"
        },
        {
          "bundlePath" : "\/Library\/Developer\/CoreSimulator\/Profiles\/DeviceTypes\/Apple Watch SE 3 (40mm).simdevicetype",
          "name" : "Apple Watch SE 3 (40mm)",
          "productFamily" : "Apple Watch",
          "identifier" : "com.apple.CoreSimulator.SimDeviceType.Apple-Watch-SE-3-40mm"
        },
        {
          "bundlePath" : "\/Library\/Developer\/CoreSimulator\/Profiles\/DeviceTypes\/Apple Watch Series 8 (45mm).simdevicetype",
          "name" : "Apple Watch Series 8 (45mm)",
          "productFamily" : "Apple Watch",
          "identifier" : "com.apple.CoreSimulator.SimDeviceType.Apple-Watch-Series-8-45mm"
        },
        {
          "bundlePath" : "\/Library\/Developer\/CoreSimulator\/Profiles\/DeviceTypes\/Apple Watch Series 8 (41mm).simdevicetype",
          "name" : "Apple Watch Series 8 (41mm)",
          "productFamily" : "Apple Watch",
          "identifier" : "com.apple.CoreSimulator.SimDeviceType.Apple-Watch-Series-8-41mm"
        },
        {
          "bundlePath" : "\/Library\/Developer\/CoreSimulator\/Profiles\/DeviceTypes\/Apple Watch Ultra (49mm).simdevicetype",
          "name" : "Apple Watch Ultra (49mm)",
          "productFamily" : "Apple Watch",
          "identifier" : "com.apple.CoreSimulator.SimDeviceType.Apple-Watch-Ultra-49mm"
        },
        {
          "bundlePath" : "\/Library\/Developer\/CoreSimulator\/Profiles\/DeviceTypes\/Apple Watch SE (44mm) (2nd generation).simdevicetype",
          "name" : "Apple Watch SE (44mm) (2nd generation)",
          "productFamily" : "Apple Watch",
          "identifier" : "com.apple.CoreSimulator.SimDeviceType.Apple-Watch-SE-44mm-2nd-generation"
        },
        {
          "bundlePath" : "\/Library\/Developer\/CoreSimulator\/Profiles\/DeviceTypes\/Apple Watch SE (40mm) (2nd generation).simdevicetype",
          "name" : "Apple Watch SE (40mm) (2nd generation)",
          "productFamily" : "Apple Watch",
          "identifier" : "com.apple.CoreSimulator.SimDeviceType.Apple-Watch-SE-40mm-2nd-generation"
        },
        {
          "bundlePath" : "\/Library\/Developer\/CoreSimulator\/Profiles\/DeviceTypes\/Apple Watch Series 7 (45mm).simdevicetype",
          "name" : "Apple Watch Series 7 (45mm)",
          "productFamily" : "Apple Watch",
          "identifier" : "com.apple.CoreSimulator.SimDeviceType.Apple-Watch-Series-7-45mm"
        },
        {
          "bundlePath" : "\/Library\/Developer\/CoreSimulator\/Profiles\/DeviceTypes\/Apple Watch Series 7 (41mm).simdevicetype",
          "name" : "Apple Watch Series 7 (41mm)",
          "productFamily" : "Apple Watch",
          "identifier" : "com.apple.CoreSimulator.SimDeviceType.Apple-Watch-Series-7-41mm"
        },
        {
          "bundlePath" : "\/Library\/Developer\/CoreSimulator\/Profiles\/DeviceTypes\/Apple Watch Series 6 (44mm).simdevicetype",
          "name" : "Apple Watch Series 6 (44mm)",
          "productFamily" : "Apple Watch",
          "identifier" : "com.apple.CoreSimulator.SimDeviceType.Apple-Watch-Series-6-44mm"
        },
        {
          "bundlePath" : "\/Library\/Developer\/CoreSimulator\/Profiles\/DeviceTypes\/Apple Watch Series 6 (40mm).simdevicetype",
          "name" : "Apple Watch Series 6 (40mm)",
          "productFamily" : "Apple Watch",
          "identifier" : "com.apple.CoreSimulator.SimDeviceType.Apple-Watch-Series-6-40mm"
        }
      ],
      "identifier" : "com.apple.CoreSimulator.SimRuntime.watchOS-26-2",
      "platform" : "watchOS",
      "bundlePath" : "\/Library\/Developer\/CoreSimulator\/Volumes\/watchOS_23S303\/Library\/Developer\/CoreSimulator\/Profiles\/Runtimes\/watchOS 26.2.simruntime",
      "runtimeRoot" : "\/Library\/Developer\/CoreSimulator\/Volumes\/watchOS_23S303\/Library\/Developer\/CoreSimulator\/Profiles\/Runtimes\/watchOS 26.2.simruntime\/Contents\/Resources\/RuntimeRoot",
      "lastUsage" : {
        "arm64" : "0001-01-01T00:00:00Z"
      },
      "name" : "watchOS 26.2"
    },
    {
      "isAvailable" : true,
      "version" : "26.4",
      "isInternal" : false,
      "buildversion" : "23T239",
      "supportedArchitectures" : [
        "arm64"
      ],
      "supportedDeviceTypes" : [
        {
          "bundlePath" : "\/Library\/Developer\/CoreSimulator\/Profiles\/DeviceTypes\/Apple Watch Series 11 (46mm).simdevicetype",
          "name" : "Apple Watch Series 11 (46mm)",
          "productFamily" : "Apple Watch",
          "identifier" : "com.apple.CoreSimulator.SimDeviceType.Apple-Watch-Series-11-46mm"
        },
        {
          "bundlePath" : "\/Library\/Developer\/CoreSimulator\/Profiles\/DeviceTypes\/Apple Watch Series 11 (42mm).simdevicetype",
          "name" : "Apple Watch Series 11 (42mm)",
          "productFamily" : "Apple Watch",
          "identifier" : "com.apple.CoreSimulator.SimDeviceType.Apple-Watch-Series-11-42mm"
        },
        {
          "bundlePath" : "\/Library\/Developer\/CoreSimulator\/Profiles\/DeviceTypes\/Apple Watch Series 10 (46mm).simdevicetype",
          "name" : "Apple Watch Series 10 (46mm)",
          "productFamily" : "Apple Watch",
          "identifier" : "com.apple.CoreSimulator.SimDeviceType.Apple-Watch-Series-10-46mm"
        },
        {
          "bundlePath" : "\/Library\/Developer\/CoreSimulator\/Profiles\/DeviceTypes\/Apple Watch Series 10 (42mm).simdevicetype",
          "name" : "Apple Watch Series 10 (42mm)",
          "productFamily" : "Apple Watch",
          "identifier" : "com.apple.CoreSimulator.SimDeviceType.Apple-Watch-Series-10-42mm"
        },
        {
          "bundlePath" : "\/Library\/Developer\/CoreSimulator\/Profiles\/DeviceTypes\/Apple Watch Series 9 (45mm).simdevicetype",
          "name" : "Apple Watch Series 9 (45mm)",
          "productFamily" : "Apple Watch",
          "identifier" : "com.apple.CoreSimulator.SimDeviceType.Apple-Watch-Series-9-45mm"
        },
        {
          "bundlePath" : "\/Library\/Developer\/CoreSimulator\/Profiles\/DeviceTypes\/Apple Watch Series 9 (41mm).simdevicetype",
          "name" : "Apple Watch Series 9 (41mm)",
          "productFamily" : "Apple Watch",
          "identifier" : "com.apple.CoreSimulator.SimDeviceType.Apple-Watch-Series-9-41mm"
        },
        {
          "bundlePath" : "\/Library\/Developer\/CoreSimulator\/Profiles\/DeviceTypes\/Apple Watch Ultra 3 (49mm).simdevicetype",
          "name" : "Apple Watch Ultra 3 (49mm)",
          "productFamily" : "Apple Watch",
          "identifier" : "com.apple.CoreSimulator.SimDeviceType.Apple-Watch-Ultra-3-49mm"
        },
        {
          "bundlePath" : "\/Library\/Developer\/CoreSimulator\/Profiles\/DeviceTypes\/Apple Watch Ultra 2 (49mm).simdevicetype",
          "name" : "Apple Watch Ultra 2 (49mm)",
          "productFamily" : "Apple Watch",
          "identifier" : "com.apple.CoreSimulator.SimDeviceType.Apple-Watch-Ultra-2-49mm"
        },
        {
          "bundlePath" : "\/Library\/Developer\/CoreSimulator\/Profiles\/DeviceTypes\/Apple Watch SE 3 (44mm).simdevicetype",
          "name" : "Apple Watch SE 3 (44mm)",
          "productFamily" : "Apple Watch",
          "identifier" : "com.apple.CoreSimulator.SimDeviceType.Apple-Watch-SE-3-44mm"
        },
        {
          "bundlePath" : "\/Library\/Developer\/CoreSimulator\/Profiles\/DeviceTypes\/Apple Watch SE 3 (40mm).simdevicetype",
          "name" : "Apple Watch SE 3 (40mm)",
          "productFamily" : "Apple Watch",
          "identifier" : "com.apple.CoreSimulator.SimDeviceType.Apple-Watch-SE-3-40mm"
        },
        {
          "bundlePath" : "\/Library\/Developer\/CoreSimulator\/Profiles\/DeviceTypes\/Apple Watch Series 8 (45mm).simdevicetype",
          "name" : "Apple Watch Series 8 (45mm)",
          "productFamily" : "Apple Watch",
          "identifier" : "com.apple.CoreSimulator.SimDeviceType.Apple-Watch-Series-8-45mm"
        },
        {
          "bundlePath" : "\/Library\/Developer\/CoreSimulator\/Profiles\/DeviceTypes\/Apple Watch Series 8 (41mm).simdevicetype",
          "name" : "Apple Watch Series 8 (41mm)",
          "productFamily" : "Apple Watch",
          "identifier" : "com.apple.CoreSimulator.SimDeviceType.Apple-Watch-Series-8-41mm"
        },
        {
          "bundlePath" : "\/Library\/Developer\/CoreSimulator\/Profiles\/DeviceTypes\/Apple Watch Ultra (49mm).simdevicetype",
          "name" : "Apple Watch Ultra (49mm)",
          "productFamily" : "Apple Watch",
          "identifier" : "com.apple.CoreSimulator.SimDeviceType.Apple-Watch-Ultra-49mm"
        },
        {
          "bundlePath" : "\/Library\/Developer\/CoreSimulator\/Profiles\/DeviceTypes\/Apple Watch SE (44mm) (2nd generation).simdevicetype",
          "name" : "Apple Watch SE (44mm) (2nd generation)",
          "productFamily" : "Apple Watch",
          "identifier" : "com.apple.CoreSimulator.SimDeviceType.Apple-Watch-SE-44mm-2nd-generation"
        },
        {
          "bundlePath" : "\/Library\/Developer\/CoreSimulator\/Profiles\/DeviceTypes\/Apple Watch SE (40mm) (2nd generation).simdevicetype",
          "name" : "Apple Watch SE (40mm) (2nd generation)",
          "productFamily" : "Apple Watch",
          "identifier" : "com.apple.CoreSimulator.SimDeviceType.Apple-Watch-SE-40mm-2nd-generation"
        },
        {
          "bundlePath" : "\/Library\/Developer\/CoreSimulator\/Profiles\/DeviceTypes\/Apple Watch Series 7 (45mm).simdevicetype",
          "name" : "Apple Watch Series 7 (45mm)",
          "productFamily" : "Apple Watch",
          "identifier" : "com.apple.CoreSimulator.SimDeviceType.Apple-Watch-Series-7-45mm"
        },
        {
          "bundlePath" : "\/Library\/Developer\/CoreSimulator\/Profiles\/DeviceTypes\/Apple Watch Series 7 (41mm).simdevicetype",
          "name" : "Apple Watch Series 7 (41mm)",
          "productFamily" : "Apple Watch",
          "identifier" : "com.apple.CoreSimulator.SimDeviceType.Apple-Watch-Series-7-41mm"
        },
        {
          "bundlePath" : "\/Library\/Developer\/CoreSimulator\/Profiles\/DeviceTypes\/Apple Watch Series 6 (44mm).simdevicetype",
          "name" : "Apple Watch Series 6 (44mm)",
          "productFamily" : "Apple Watch",
          "identifier" : "com.apple.CoreSimulator.SimDeviceType.Apple-Watch-Series-6-44mm"
        },
        {
          "bundlePath" : "\/Library\/Developer\/CoreSimulator\/Profiles\/DeviceTypes\/Apple Watch Series 6 (40mm).simdevicetype",
          "name" : "Apple Watch Series 6 (40mm)",
          "productFamily" : "Apple Watch",
          "identifier" : "com.apple.CoreSimulator.SimDeviceType.Apple-Watch-Series-6-40mm"
        }
      ],
      "identifier" : "com.apple.CoreSimulator.SimRuntime.watchOS-26-4",
      "platform" : "watchOS",
      "bundlePath" : "\/Library\/Developer\/CoreSimulator\/Volumes\/watchOS_23T239\/Library\/Developer\/CoreSimulator\/Profiles\/Runtimes\/watchOS 26.4.simruntime",
      "runtimeRoot" : "\/Library\/Developer\/CoreSimulator\/Volumes\/watchOS_23T239\/Library\/Developer\/CoreSimulator\/Profiles\/Runtimes\/watchOS 26.4.simruntime\/Contents\/Resources\/RuntimeRoot",
      "lastUsage" : {
        "arm64" : "2026-07-24T02:31:59Z"
      },
      "name" : "watchOS 26.4"
    },
    {
      "isAvailable" : true,
      "version" : "26.5",
      "isInternal" : false,
      "buildversion" : "23T570",
      "supportedArchitectures" : [
        "arm64"
      ],
      "supportedDeviceTypes" : [
        {
          "bundlePath" : "\/Library\/Developer\/CoreSimulator\/Profiles\/DeviceTypes\/Apple Watch Series 11 (46mm).simdevicetype",
          "name" : "Apple Watch Series 11 (46mm)",
          "productFamily" : "Apple Watch",
          "identifier" : "com.apple.CoreSimulator.SimDeviceType.Apple-Watch-Series-11-46mm"
        },
        {
          "bundlePath" : "\/Library\/Developer\/CoreSimulator\/Profiles\/DeviceTypes\/Apple Watch Series 11 (42mm).simdevicetype",
          "name" : "Apple Watch Series 11 (42mm)",
          "productFamily" : "Apple Watch",
          "identifier" : "com.apple.CoreSimulator.SimDeviceType.Apple-Watch-Series-11-42mm"
        },
        {
          "bundlePath" : "\/Library\/Developer\/CoreSimulator\/Profiles\/DeviceTypes\/Apple Watch Series 10 (46mm).simdevicetype",
          "name" : "Apple Watch Series 10 (46mm)",
          "productFamily" : "Apple Watch",
          "identifier" : "com.apple.CoreSimulator.SimDeviceType.Apple-Watch-Series-10-46mm"
        },
        {
          "bundlePath" : "\/Library\/Developer\/CoreSimulator\/Profiles\/DeviceTypes\/Apple Watch Series 10 (42mm).simdevicetype",
          "name" : "Apple Watch Series 10 (42mm)",
          "productFamily" : "Apple Watch",
          "identifier" : "com.apple.CoreSimulator.SimDeviceType.Apple-Watch-Series-10-42mm"
        },
        {
          "bundlePath" : "\/Library\/Developer\/CoreSimulator\/Profiles\/DeviceTypes\/Apple Watch Series 9 (45mm).simdevicetype",
          "name" : "Apple Watch Series 9 (45mm)",
          "productFamily" : "Apple Watch",
          "identifier" : "com.apple.CoreSimulator.SimDeviceType.Apple-Watch-Series-9-45mm"
        },
        {
          "bundlePath" : "\/Library\/Developer\/CoreSimulator\/Profiles\/DeviceTypes\/Apple Watch Series 9 (41mm).simdevicetype",
          "name" : "Apple Watch Series 9 (41mm)",
          "productFamily" : "Apple Watch",
          "identifier" : "com.apple.CoreSimulator.SimDeviceType.Apple-Watch-Series-9-41mm"
        },
        {
          "bundlePath" : "\/Library\/Developer\/CoreSimulator\/Profiles\/DeviceTypes\/Apple Watch Ultra 3 (49mm).simdevicetype",
          "name" : "Apple Watch Ultra 3 (49mm)",
          "productFamily" : "Apple Watch",
          "identifier" : "com.apple.CoreSimulator.SimDeviceType.Apple-Watch-Ultra-3-49mm"
        },
        {
          "bundlePath" : "\/Library\/Developer\/CoreSimulator\/Profiles\/DeviceTypes\/Apple Watch Ultra 2 (49mm).simdevicetype",
          "name" : "Apple Watch Ultra 2 (49mm)",
          "productFamily" : "Apple Watch",
          "identifier" : "com.apple.CoreSimulator.SimDeviceType.Apple-Watch-Ultra-2-49mm"
        },
        {
          "bundlePath" : "\/Library\/Developer\/CoreSimulator\/Profiles\/DeviceTypes\/Apple Watch SE 3 (44mm).simdevicetype",
          "name" : "Apple Watch SE 3 (44mm)",
          "productFamily" : "Apple Watch",
          "identifier" : "com.apple.CoreSimulator.SimDeviceType.Apple-Watch-SE-3-44mm"
        },
        {
          "bundlePath" : "\/Library\/Developer\/CoreSimulator\/Profiles\/DeviceTypes\/Apple Watch SE 3 (40mm).simdevicetype",
          "name" : "Apple Watch SE 3 (40mm)",
          "productFamily" : "Apple Watch",
          "identifier" : "com.apple.CoreSimulator.SimDeviceType.Apple-Watch-SE-3-40mm"
        },
        {
          "bundlePath" : "\/Library\/Developer\/CoreSimulator\/Profiles\/DeviceTypes\/Apple Watch Series 8 (45mm).simdevicetype",
          "name" : "Apple Watch Series 8 (45mm)",
          "productFamily" : "Apple Watch",
          "identifier" : "com.apple.CoreSimulator.SimDeviceType.Apple-Watch-Series-8-45mm"
        },
        {
          "bundlePath" : "\/Library\/Developer\/CoreSimulator\/Profiles\/DeviceTypes\/Apple Watch Series 8 (41mm).simdevicetype",
          "name" : "Apple Watch Series 8 (41mm)",
          "productFamily" : "Apple Watch",
          "identifier" : "com.apple.CoreSimulator.SimDeviceType.Apple-Watch-Series-8-41mm"
        },
        {
          "bundlePath" : "\/Library\/Developer\/CoreSimulator\/Profiles\/DeviceTypes\/Apple Watch Ultra (49mm).simdevicetype",
          "name" : "Apple Watch Ultra (49mm)",
          "productFamily" : "Apple Watch",
          "identifier" : "com.apple.CoreSimulator.SimDeviceType.Apple-Watch-Ultra-49mm"
        },
        {
          "bundlePath" : "\/Library\/Developer\/CoreSimulator\/Profiles\/DeviceTypes\/Apple Watch SE (44mm) (2nd generation).simdevicetype",
          "name" : "Apple Watch SE (44mm) (2nd generation)",
          "productFamily" : "Apple Watch",
          "identifier" : "com.apple.CoreSimulator.SimDeviceType.Apple-Watch-SE-44mm-2nd-generation"
        },
        {
          "bundlePath" : "\/Library\/Developer\/CoreSimulator\/Profiles\/DeviceTypes\/Apple Watch SE (40mm) (2nd generation).simdevicetype",
          "name" : "Apple Watch SE (40mm) (2nd generation)",
          "productFamily" : "Apple Watch",
          "identifier" : "com.apple.CoreSimulator.SimDeviceType.Apple-Watch-SE-40mm-2nd-generation"
        },
        {
          "bundlePath" : "\/Library\/Developer\/CoreSimulator\/Profiles\/DeviceTypes\/Apple Watch Series 7 (45mm).simdevicetype",
          "name" : "Apple Watch Series 7 (45mm)",
          "productFamily" : "Apple Watch",
          "identifier" : "com.apple.CoreSimulator.SimDeviceType.Apple-Watch-Series-7-45mm"
        },
        {
          "bundlePath" : "\/Library\/Developer\/CoreSimulator\/Profiles\/DeviceTypes\/Apple Watch Series 7 (41mm).simdevicetype",
          "name" : "Apple Watch Series 7 (41mm)",
          "productFamily" : "Apple Watch",
          "identifier" : "com.apple.CoreSimulator.SimDeviceType.Apple-Watch-Series-7-41mm"
        },
        {
          "bundlePath" : "\/Library\/Developer\/CoreSimulator\/Profiles\/DeviceTypes\/Apple Watch Series 6 (44mm).simdevicetype",
          "name" : "Apple Watch Series 6 (44mm)",
          "productFamily" : "Apple Watch",
          "identifier" : "com.apple.CoreSimulator.SimDeviceType.Apple-Watch-Series-6-44mm"
        },
        {
          "bundlePath" : "\/Library\/Developer\/CoreSimulator\/Profiles\/DeviceTypes\/Apple Watch Series 6 (40mm).simdevicetype",
          "name" : "Apple Watch Series 6 (40mm)",
          "productFamily" : "Apple Watch",
          "identifier" : "com.apple.CoreSimulator.SimDeviceType.Apple-Watch-Series-6-40mm"
        }
      ],
      "identifier" : "com.apple.CoreSimulator.SimRuntime.watchOS-26-5",
      "platform" : "watchOS",
      "bundlePath" : "\/Library\/Developer\/CoreSimulator\/Volumes\/watchOS_23T570\/Library\/Developer\/CoreSimulator\/Profiles\/Runtimes\/watchOS 26.5.simruntime",
      "runtimeRoot" : "\/Library\/Developer\/CoreSimulator\/Volumes\/watchOS_23T570\/Library\/Developer\/CoreSimulator\/Profiles\/Runtimes\/watchOS 26.5.simruntime\/Contents\/Resources\/RuntimeRoot",
      "lastUsage" : {
        "arm64" : "2026-08-31T15:18:52Z"
      },
      "name" : "watchOS 26.5"
    }
  ]
}
