[Sentry] [error] [1790920863.974846] [SentryOptions:251] Could not parse the DSN: Error Domain=SentryErrorDomain Code=100 "Host component of DSN is missing" UserInfo={NSLocalizedDescription=Host component of DSN is missing}.
[Sentry] [fatal] [1790920863.978681] [SentryFileManager:162] No DSN provided, using base path for envelopes: /Users/asherlc/Library/Developer/CoreSimulator/Devices/1684856E-FC2D-4407-8063-9B343B99CAD6/data/Containers/Data/Application/5CBEA016-6D01-457E-8B32-170152C8ECD2/Library/Caches/io.sentry
[Sentry] [fatal] [1790920863.9822512] [SentryFileManager:162] No DSN provided, using base path for envelopes: /Users/asherlc/Library/Developer/CoreSimulator/Devices/1684856E-FC2D-4407-8063-9B343B99CAD6/data/Containers/Data/Application/5CBEA016-6D01-457E-8B32-170152C8ECD2/Library/Caches/io.sentry
[BoardHighlightTrace] t=3941.3821458750003 stage=workout-cue landscape=true step=max-hangs-1.segment-1 resting=false mode=active ids=["edge-20-left", "edge-20-right"]
[BoardHighlightTrace] t=3942.527802416667 stage=workout-cue landscape=true step=max-hangs-1.segment-1 resting=false mode=active ids=["edge-20-left", "edge-20-right"]
[BoardHighlightTrace] t=3942.55375175 stage=workout-cue landscape=true step=max-hangs-1.segment-1 resting=false mode=active ids=["edge-20-left", "edge-20-right"]
[BoardHighlightTrace] t=3942.61408625 stage=workout-cue landscape=true step=max-hangs-1.segment-1 resting=false mode=active ids=["edge-20-left", "edge-20-right"]
[BoardHighlightTrace] t=3942.6797854583338 stage=workout-cue landscape=true step=max-hangs-1.segment-1 resting=false mode=active ids=[]
[BoardHighlightTrace] t=3942.707737291667 stage=workout-cue landscape=true step=max-hangs-1.segment-1 resting=false mode=active ids=[]
[BoardHighlightTrace] t=3942.818121291667 stage=workout-cue landscape=true step=max-hangs-1.segment-1 resting=false mode=active ids=[]
[BoardHighlightTrace] t=3942.8718266250003 stage=surface-body board=Zlagboard.Evo scene=ObjectIdentifier(0x0000000114be0f00) mode=active ids=[] size=nil colors=[]
[BoardHighlightTrace] t=3942.947497041667 stage=applySync-after-highlight board=Zlagboard.Evo scene=ObjectIdentifier(0x0000000114be0f00) mode=active ids=[] size=Optional((264.0, 45.25714285714286)) colors=[]
[BoardHighlightTrace] t=3942.9483588750004 stage=applySync-after-highlight board=Zlagboard.Evo scene=ObjectIdentifier(0x0000000114be0f00) mode=active ids=[] size=Optional((264.0, 45.25714285714286)) colors=[]
[BoardHighlightTrace] t=3942.9498797083334 stage=applySync-after-highlight board=Zlagboard.Evo scene=ObjectIdentifier(0x0000000114be0f00) mode=active ids=[] size=Optional((264.0, 45.25714285714286)) colors=[]
[BoardHighlightTrace] t=3942.956362166667 stage=workout-cue landscape=true step=max-hangs-1.segment-1 resting=false mode=active ids=[]
[BoardHighlightTrace] t=3943.049882416667 stage=surface-body board=Zlagboard.Evo scene=ObjectIdentifier(0x000000014cb0cc00) mode=active ids=[] size=nil colors=[]
[BoardHighlightTrace] t=3943.0767233333336 stage=applySync-after-highlight board=Zlagboard.Evo scene=ObjectIdentifier(0x000000014cb0cc00) mode=active ids=[] size=Optional((410.0, 70.28571428571429)) colors=[]
[BoardHighlightTrace] t=3943.0775920833335 stage=applySync-after-highlight board=Zlagboard.Evo scene=ObjectIdentifier(0x000000014cb0cc00) mode=active ids=[] size=Optional((410.0, 70.28571428571429)) colors=[]
[BoardHighlightTrace] t=3943.0788410833334 stage=applySync-after-highlight board=Zlagboard.Evo scene=ObjectIdentifier(0x000000014cb0cc00) mode=active ids=[] size=Optional((410.0, 70.28571428571429)) colors=[]
[BoardHighlightTrace] t=3943.157077166667 stage=workout-cue landscape=true step=max-hangs-1.segment-1 resting=false mode=active ids=[]
[BoardHighlightTrace] t=3943.1608033333337 stage=applySync-after-highlight board=Zlagboard.Evo scene=ObjectIdentifier(0x0000000114be0f00) mode=active ids=[] size=Optional((264.0, 45.25714285714286)) colors=[]
[BoardHighlightTrace] t=3943.171439 stage=applySync-after-highlight board=Zlagboard.Evo scene=ObjectIdentifier(0x0000000114be0f00) mode=active ids=[] size=Optional((264.0, 45.25714285714286)) colors=[]
[BoardHighlightTrace] t=3943.418063916667 stage=workout-cue landscape=true step=max-hangs-1.segment-1 resting=false mode=active ids=[]
[BoardHighlightTrace] t=3943.6680458333335 stage=workout-cue landscape=true step=max-hangs-1.segment-1 resting=false mode=active ids=[]
[BoardHighlightTrace] t=3943.8834307083334 stage=workout-cue landscape=true step=max-hangs-1.segment-1 resting=false mode=active ids=[]
[BoardHighlightTrace] t=3944.1350365833337 stage=workout-cue landscape=true step=max-hangs-1.segment-1 resting=false mode=active ids=[]
[BoardHighlightTrace] t=3944.385911791667 stage=workout-cue landscape=true step=max-hangs-1.segment-1 resting=false mode=active ids=[]
[BoardHighlightTrace] t=3944.6346004583334 stage=workout-cue landscape=true step=max-hangs-1.segment-1 resting=false mode=active ids=[]
[BoardHighlightTrace] t=3944.8853785 stage=workout-cue landscape=true step=max-hangs-1.segment-1 resting=false mode=active ids=["edge-20-left", "edge-20-right"]
[BoardHighlightTrace] t=3944.8907235833335 stage=surface-body board=Zlagboard.Evo scene=ObjectIdentifier(0x000000014cb0cc00) mode=active ids=["edge-20-left", "edge-20-right"] size=nil colors=["edge-20-left=[\"baseline\"]", "edge-20-right=[\"baseline\"]"]
[BoardHighlightTrace] t=3944.941799666667 stage=applySync-after-highlight board=Zlagboard.Evo scene=ObjectIdentifier(0x000000014cb0cc00) mode=active ids=["edge-20-left", "edge-20-right"] size=Optional((210.0, 36.0)) colors=["edge-20-left=[\"0.9850000739097595,0.2749999761581421,0.10499999672174454,0.6000000238418579\"]", "edge-20-right=[\"0.9850000739097595,0.2749999761581421,0.10499999672174454,0.6000000238418579\"]"]
[BoardHighlightTrace] t=3944.9443714583335 stage=selection-onChange-before(previous=active,captured=active) board=Zlagboard.Evo scene=ObjectIdentifier(0x000000014cb0cc00) mode=active ids=["edge-20-left", "edge-20-right"] size=Optional((210.0, 36.0)) colors=["edge-20-left=[\"0.9850000739097595,0.2749999761581421,0.10499999672174454,0.6000000238418579\"]", "edge-20-right=[\"0.9850000739097595,0.2749999761581421,0.10499999672174454,0.6000000238418579\"]"]
[BoardHighlightTrace] t=3944.9446953333336 stage=applySync-after-highlight board=Zlagboard.Evo scene=ObjectIdentifier(0x000000014cb0cc00) mode=active ids=["edge-20-left", "edge-20-right"] size=Optional((210.0, 36.0)) colors=["edge-20-left=[\"0.9850000739097595,0.2749999761581421,0.10499999672174454,0.6000000238418579\"]", "edge-20-right=[\"0.9850000739097595,0.2749999761581421,0.10499999672174454,0.6000000238418579\"]"]
[BoardHighlightTrace] t=3944.944853375 stage=selection-onChange-after(previous=active,captured=active) board=Zlagboard.Evo scene=ObjectIdentifier(0x000000014cb0cc00) mode=active ids=["edge-20-left", "edge-20-right"] size=Optional((210.0, 36.0)) colors=["edge-20-left=[\"0.9850000739097595,0.2749999761581421,0.10499999672174454,0.6000000238418579\"]", "edge-20-right=[\"0.9850000739097595,0.2749999761581421,0.10499999672174454,0.6000000238418579\"]"]
[BoardHighlightTrace] t=3944.996939541667 stage=workout-cue landscape=true step=max-hangs-1.segment-1 resting=false mode=active ids=["edge-20-left", "edge-20-right"]
[BoardHighlightTrace] t=3945.2530269583335 stage=workout-cue landscape=true step=max-hangs-1.segment-1 resting=false mode=active ids=["edge-20-left", "edge-20-right"]
[BoardHighlightTrace] t=3945.5015742083337 stage=workout-cue landscape=true step=max-hangs-1.segment-1 resting=false mode=active ids=["edge-20-left", "edge-20-right"]
[BoardHighlightTrace] t=3945.768867666667 stage=workout-cue landscape=true step=max-hangs-1.segment-1 resting=false mode=active ids=["edge-20-left", "edge-20-right"]
[BoardHighlightTrace] t=3945.92639525 stage=workout-cue landscape=true step=max-hangs-1.segment-1 resting=false mode=active ids=["edge-20-left", "edge-20-right"]
[BoardHighlightTrace] t=3946.186274166667 stage=workout-cue landscape=true step=max-hangs-1.segment-1 resting=false mode=active ids=["edge-20-left", "edge-20-right"]
[BoardHighlightTrace] t=3946.435183375 stage=workout-cue landscape=true step=max-hangs-1.segment-1 resting=false mode=active ids=["edge-20-left", "edge-20-right"]
[BoardHighlightTrace] t=3946.7021673333334 stage=workout-cue landscape=true step=max-hangs-1.segment-1 resting=false mode=active ids=["edge-20-left", "edge-20-right"]
[BoardHighlightTrace] t=3946.935415625 stage=workout-cue landscape=true step=max-hangs-1.segment-1 resting=false mode=active ids=["edge-20-left", "edge-20-right"]
[BoardHighlightTrace] t=3947.1861955833338 stage=workout-cue landscape=true step=max-hangs-1.segment-1 resting=false mode=active ids=["edge-20-left", "edge-20-right"]
[BoardHighlightTrace] t=3947.4358345416667 stage=workout-cue landscape=true step=max-hangs-1.segment-1 resting=false mode=active ids=["edge-20-left", "edge-20-right"]
[BoardHighlightTrace] t=3947.685794375 stage=workout-cue landscape=true step=max-hangs-1.segment-1 resting=false mode=active ids=["edge-20-left", "edge-20-right"]
[BoardHighlightTrace] t=3947.93549475 stage=workout-cue landscape=true step=max-hangs-1.segment-1 resting=false mode=active ids=["edge-20-left", "edge-20-right"]
[BoardHighlightTrace] t=3947.9628045833338 stage=workout-cue landscape=true step=max-hangs-1.segment-1 resting=false mode=active ids=["edge-20-left", "edge-20-right"]
[BoardHighlightTrace] t=3948.218823416667 stage=workout-cue landscape=true step=max-hangs-1.segment-1 resting=false mode=active ids=["edge-20-left", "edge-20-right"]
[BoardHighlightTrace] t=3948.469504416667 stage=workout-cue landscape=true step=max-hangs-1.segment-1 resting=false mode=active ids=["edge-20-left", "edge-20-right"]
[BoardHighlightTrace] t=3948.734789 stage=workout-cue landscape=true step=max-hangs-1.segment-1 resting=false mode=active ids=["edge-20-left", "edge-20-right"]
[BoardHighlightTrace] t=3948.970162791667 stage=workout-cue landscape=true step=max-hangs-1.segment-1 resting=false mode=active ids=["edge-20-left", "edge-20-right"]
[BoardHighlightTrace] t=3949.220964666667 stage=workout-cue landscape=true step=max-hangs-1.segment-1 resting=false mode=active ids=["edge-20-left", "edge-20-right"]
[BoardHighlightTrace] t=3949.4740892083337 stage=workout-cue landscape=true step=max-hangs-1.segment-1 resting=false mode=active ids=["edge-20-left", "edge-20-right"]
[BoardHighlightTrace] t=3949.718083708334 stage=workout-cue landscape=true step=max-hangs-1.segment-1 resting=false mode=active ids=["edge-20-left", "edge-20-right"]
[BoardHighlightTrace] t=3949.9680593333337 stage=workout-cue landscape=true step=max-hangs-1.segment-1 resting=false mode=active ids=["edge-20-left", "edge-20-right"]
[BoardHighlightTrace] t=3950.2179768333335 stage=workout-cue landscape=true step=max-hangs-1.segment-1 resting=false mode=active ids=["edge-20-left", "edge-20-right"]
[BoardHighlightTrace] t=3950.4685957916668 stage=workout-cue landscape=true step=max-hangs-1.segment-1 resting=false mode=active ids=["edge-20-left", "edge-20-right"]
[BoardHighlightTrace] t=3950.7192909583337 stage=workout-cue landscape=true step=max-hangs-1.segment-1 resting=false mode=active ids=["edge-20-left", "edge-20-right"]
[BoardHighlightTrace] t=3950.967953041667 stage=workout-cue landscape=true step=max-hangs-1.segment-1 resting=false mode=active ids=["edge-20-left", "edge-20-right"]
[BoardHighlightTrace] t=3951.218858125 stage=workout-cue landscape=true step=max-hangs-1.segment-1 resting=false mode=active ids=["edge-20-left", "edge-20-right"]
[BoardHighlightTrace] t=3951.4679568750003 stage=workout-cue landscape=true step=max-hangs-1.segment-1 resting=false mode=active ids=["edge-20-left", "edge-20-right"]
[BoardHighlightTrace] t=3951.718525666667 stage=workout-cue landscape=true step=max-hangs-1.segment-1 resting=false mode=active ids=["edge-20-left", "edge-20-right"]
[BoardHighlightTrace] t=3951.9680378333337 stage=workout-cue landscape=true step=max-hangs-1.segment-2 resting=true mode=preview ids=["edge-20-left", "edge-20-right"]
[BoardHighlightTrace] t=3951.9699883750004 stage=surface-body board=Zlagboard.Evo scene=ObjectIdentifier(0x000000014cb0cc00) mode=preview ids=["edge-20-left", "edge-20-right"] size=nil colors=["edge-20-left=[\"0.9850000739097595,0.2749999761581421,0.10499999672174454,0.6000000238418579\"]", "edge-20-right=[\"0.9850000739097595,0.2749999761581421,0.10499999672174454,0.6000000238418579\"]"]
[BoardHighlightTrace] t=3951.977274416667 stage=applySync-after-highlight board=Zlagboard.Evo scene=ObjectIdentifier(0x000000014cb0cc00) mode=preview ids=["edge-20-left", "edge-20-right"] size=Optional((210.0, 36.0)) colors=["edge-20-left=[\"0.3050000071525574,0.5450001358985901,0.7400000095367432,0.6000000238418579\"]", "edge-20-right=[\"0.3050000071525574,0.5450001358985901,0.7400000095367432,0.6000000238418579\"]"]
[BoardHighlightTrace] t=3951.978488875 stage=selection-onChange-before(previous=active,captured=preview) board=Zlagboard.Evo scene=ObjectIdentifier(0x000000014cb0cc00) mode=preview ids=["edge-20-left", "edge-20-right"] size=Optional((210.0, 36.0)) colors=["edge-20-left=[\"0.3050000071525574,0.5450001358985901,0.7400000095367432,0.6000000238418579\"]", "edge-20-right=[\"0.3050000071525574,0.5450001358985901,0.7400000095367432,0.6000000238418579\"]"]
[BoardHighlightTrace] t=3951.978743416667 stage=applySync-after-highlight board=Zlagboard.Evo scene=ObjectIdentifier(0x000000014cb0cc00) mode=preview ids=["edge-20-left", "edge-20-right"] size=Optional((210.0, 36.0)) colors=["edge-20-left=[\"0.3050000071525574,0.5450001358985901,0.7400000095367432,0.6000000238418579\"]", "edge-20-right=[\"0.3050000071525574,0.5450001358985901,0.7400000095367432,0.6000000238418579\"]"]
[BoardHighlightTrace] t=3951.978874041667 stage=selection-onChange-after(previous=active,captured=preview) board=Zlagboard.Evo scene=ObjectIdentifier(0x000000014cb0cc00) mode=preview ids=["edge-20-left", "edge-20-right"] size=Optional((210.0, 36.0)) colors=["edge-20-left=[\"0.3050000071525574,0.5450001358985901,0.7400000095367432,0.6000000238418579\"]", "edge-20-right=[\"0.3050000071525574,0.5450001358985901,0.7400000095367432,0.6000000238418579\"]"]
[BoardHighlightTrace] t=3951.9849325 stage=workout-cue landscape=true step=max-hangs-1.segment-2 resting=true mode=preview ids=["edge-20-left", "edge-20-right"]
[BoardHighlightTrace] t=3952.2361859166667 stage=workout-cue landscape=true step=max-hangs-1.segment-2 resting=true mode=preview ids=["edge-20-left", "edge-20-right"]
[BoardHighlightTrace] t=3952.4855592500003 stage=workout-cue landscape=true step=max-hangs-1.segment-2 resting=true mode=preview ids=["edge-20-left", "edge-20-right"]
[BoardHighlightTrace] t=3952.753527916667 stage=workout-cue landscape=true step=max-hangs-1.segment-2 resting=true mode=preview ids=["edge-20-left", "edge-20-right"]
[BoardHighlightTrace] t=3952.9862309583336 stage=workout-cue landscape=true step=max-hangs-1.segment-2 resting=true mode=preview ids=["edge-20-left", "edge-20-right"]
[BoardHighlightTrace] t=3953.2382594583337 stage=workout-cue landscape=true step=max-hangs-1.segment-2 resting=true mode=preview ids=["edge-20-left", "edge-20-right"]
[BoardHighlightTrace] t=3953.486499166667 stage=workout-cue landscape=true step=max-hangs-1.segment-2 resting=true mode=preview ids=["edge-20-left", "edge-20-right"]
[BoardHighlightTrace] t=3953.7373228750002 stage=workout-cue landscape=true step=max-hangs-1.segment-2 resting=true mode=preview ids=["edge-20-left", "edge-20-right"]
[BoardHighlightTrace] t=3953.988177 stage=workout-cue landscape=true step=max-hangs-1.segment-2 resting=true mode=preview ids=["edge-20-left", "edge-20-right"]
[BoardHighlightTrace] t=3954.2359884166667 stage=workout-cue landscape=true step=max-hangs-1.segment-2 resting=true mode=preview ids=["edge-20-left", "edge-20-right"]
[BoardHighlightTrace] t=3954.48634975 stage=workout-cue landscape=true step=max-hangs-1.segment-2 resting=true mode=preview ids=["edge-20-left", "edge-20-right"]
[BoardHighlightTrace] t=3954.7525285 stage=workout-cue landscape=true step=max-hangs-1.segment-2 resting=true mode=preview ids=["edge-20-left", "edge-20-right"]
[BoardHighlightTrace] t=3954.9877310833335 stage=workout-cue landscape=true step=max-hangs-1.segment-2 resting=true mode=preview ids=["edge-20-left", "edge-20-right"]
[BoardHighlightTrace] t=3955.2379891250002 stage=workout-cue landscape=true step=max-hangs-1.segment-2 resting=true mode=preview ids=["edge-20-left", "edge-20-right"]
[BoardHighlightTrace] t=3955.487263791667 stage=workout-cue landscape=true step=max-hangs-1.segment-2 resting=true mode=preview ids=["edge-20-left", "edge-20-right"]
[BoardHighlightTrace] t=3955.7548355833337 stage=workout-cue landscape=true step=max-hangs-1.segment-2 resting=true mode=preview ids=["edge-20-left", "edge-20-right"]
[BoardHighlightTrace] t=3955.987457541667 stage=workout-cue landscape=true step=max-hangs-1.segment-2 resting=true mode=preview ids=["edge-20-left", "edge-20-right"]
[BoardHighlightTrace] t=3956.2378887500004 stage=workout-cue landscape=true step=max-hangs-1.segment-2 resting=true mode=preview ids=["edge-20-left", "edge-20-right"]
[BoardHighlightTrace] t=3956.5013898750003 stage=workout-cue landscape=true step=max-hangs-1.segment-2 resting=true mode=preview ids=["edge-20-left", "edge-20-right"]
[BoardHighlightTrace] t=3956.735247416667 stage=workout-cue landscape=true step=max-hangs-1.segment-2 resting=true mode=preview ids=["edge-20-left", "edge-20-right"]
[BoardHighlightTrace] t=3956.985869666667 stage=workout-cue landscape=true step=max-hangs-1.segment-2 resting=true mode=preview ids=["edge-20-left", "edge-20-right"]
[BoardHighlightTrace] t=3957.2388516250003 stage=workout-cue landscape=true step=max-hangs-1.segment-2 resting=true mode=preview ids=["edge-20-left", "edge-20-right"]
[BoardHighlightTrace] t=3957.4896148333337 stage=workout-cue landscape=true step=max-hangs-1.segment-2 resting=true mode=preview ids=["edge-20-left", "edge-20-right"]
[BoardHighlightTrace] t=3957.73850975 stage=workout-cue landscape=true step=max-hangs-1.segment-2 resting=true mode=preview ids=["edge-20-left", "edge-20-right"]
[BoardHighlightTrace] t=3957.9872325 stage=workout-cue landscape=true step=max-hangs-1.segment-2 resting=true mode=preview ids=["edge-20-left", "edge-20-right"]
[BoardHighlightTrace] t=3958.254830875 stage=workout-cue landscape=true step=max-hangs-1.segment-2 resting=true mode=preview ids=["edge-20-left", "edge-20-right"]
[BoardHighlightTrace] t=3960.4495190833336 stage=workout-cue landscape=true step=max-hangs-1.segment-2 resting=true mode=preview ids=["edge-20-left", "edge-20-right"]
[BoardHighlightTrace] t=3961.4599089583335 stage=workout-cue landscape=true step=max-hangs-1.segment-2 resting=true mode=preview ids=["edge-20-left", "edge-20-right"]
[BoardHighlightTrace] t=3962.4726236250003 stage=workout-cue landscape=true step=max-hangs-1.segment-2 resting=true mode=preview ids=["edge-20-left", "edge-20-right"]
[BoardHighlightTrace] t=3963.4791687083334 stage=workout-cue landscape=true step=max-hangs-1.segment-2 resting=true mode=preview ids=["edge-20-left", "edge-20-right"]
[BoardHighlightTrace] t=3963.50384325 stage=workout-cue landscape=true step=max-hangs-1.segment-2 resting=true mode=preview ids=["edge-20-left", "edge-20-right"]
[BoardHighlightTrace] t=3963.7531421666667 stage=workout-cue landscape=true step=max-hangs-1.segment-2 resting=true mode=preview ids=["edge-20-left", "edge-20-right"]
[BoardHighlightTrace] t=3963.986904791667 stage=workout-cue landscape=true step=max-hangs-1.segment-2 resting=true mode=preview ids=["edge-20-left", "edge-20-right"]
[BoardHighlightTrace] t=3964.254023541667 stage=workout-cue landscape=true step=max-hangs-1.segment-2 resting=true mode=preview ids=["edge-20-left", "edge-20-right"]
[BoardHighlightTrace] t=3964.485864875 stage=workout-cue landscape=true step=max-hangs-1.segment-2 resting=true mode=preview ids=["edge-20-left", "edge-20-right"]
[BoardHighlightTrace] t=3964.7386501250003 stage=workout-cue landscape=true step=max-hangs-1.segment-2 resting=true mode=preview ids=["edge-20-left", "edge-20-right"]
[BoardHighlightTrace] t=3964.9896443750004 stage=workout-cue landscape=true step=max-hangs-1.segment-2 resting=true mode=preview ids=["edge-20-left", "edge-20-right"]
[BoardHighlightTrace] t=3965.23756325 stage=workout-cue landscape=true step=max-hangs-1.segment-2 resting=true mode=preview ids=["edge-20-left", "edge-20-right"]
[BoardHighlightTrace] t=3965.489618541667 stage=workout-cue landscape=true step=max-hangs-1.segment-2 resting=true mode=preview ids=["edge-20-left", "edge-20-right"]
[BoardHighlightTrace] t=3965.754498166667 stage=workout-cue landscape=true step=max-hangs-1.segment-2 resting=true mode=preview ids=["edge-20-left", "edge-20-right"]
[BoardHighlightTrace] t=3965.985986125 stage=workout-cue landscape=true step=max-hangs-1.segment-2 resting=true mode=preview ids=["edge-20-left", "edge-20-right"]
[BoardHighlightTrace] t=3966.238674125 stage=workout-cue landscape=true step=max-hangs-1.segment-2 resting=true mode=preview ids=["edge-20-left", "edge-20-right"]
[BoardHighlightTrace] t=3966.487250291667 stage=workout-cue landscape=true step=max-hangs-1.segment-2 resting=true mode=preview ids=["edge-20-left", "edge-20-right"]
[BoardHighlightTrace] t=3966.751284625 stage=workout-cue landscape=true step=max-hangs-1.segment-2 resting=true mode=preview ids=["edge-20-left", "edge-20-right"]
[BoardHighlightTrace] t=3966.9851340833334 stage=workout-cue landscape=true step=max-hangs-1.segment-2 resting=true mode=preview ids=["edge-20-left", "edge-20-right"]
[BoardHighlightTrace] t=3967.2382860833336 stage=workout-cue landscape=true step=max-hangs-1.segment-2 resting=true mode=preview ids=["edge-20-left", "edge-20-right"]
[BoardHighlightTrace] t=3967.488589791667 stage=workout-cue landscape=true step=max-hangs-1.segment-2 resting=true mode=preview ids=["edge-20-left", "edge-20-right"]
[BoardHighlightTrace] t=3967.7370670833334 stage=workout-cue landscape=true step=max-hangs-1.segment-2 resting=true mode=preview ids=["edge-20-left", "edge-20-right"]
[BoardHighlightTrace] t=3967.9873193750004 stage=workout-cue landscape=true step=max-hangs-1.segment-2 resting=true mode=preview ids=["edge-20-left", "edge-20-right"]
[BoardHighlightTrace] t=3968.239757041667 stage=workout-cue landscape=true step=max-hangs-1.segment-2 resting=true mode=preview ids=["edge-20-left", "edge-20-right"]
[BoardHighlightTrace] t=3968.489907 stage=workout-cue landscape=true step=max-hangs-1.segment-2 resting=true mode=preview ids=["edge-20-left", "edge-20-right"]
[BoardHighlightTrace] t=3968.7524242500003 stage=workout-cue landscape=true step=max-hangs-1.segment-2 resting=true mode=preview ids=["edge-20-left", "edge-20-right"]
[BoardHighlightTrace] t=3968.9859487500003 stage=workout-cue landscape=true step=max-hangs-1.segment-2 resting=true mode=preview ids=["edge-20-left", "edge-20-right"]
[BoardHighlightTrace] t=3969.2351025000003 stage=workout-cue landscape=true step=max-hangs-1.segment-2 resting=true mode=preview ids=["edge-20-left", "edge-20-right"]
[BoardHighlightTrace] t=3969.486591166667 stage=workout-cue landscape=true step=max-hangs-1.segment-2 resting=true mode=preview ids=["edge-20-left", "edge-20-right"]
[BoardHighlightTrace] t=3969.7511435833335 stage=workout-cue landscape=true step=max-hangs-1.segment-2 resting=true mode=preview ids=["edge-20-left", "edge-20-right"]
[BoardHighlightTrace] t=3969.9856511250005 stage=workout-cue landscape=true step=max-hangs-1.segment-2 resting=true mode=preview ids=["edge-20-left", "edge-20-right"]
[BoardHighlightTrace] t=3970.2354874166667 stage=workout-cue landscape=true step=max-hangs-1.segment-2 resting=true mode=preview ids=["edge-20-left", "edge-20-right"]
[BoardHighlightTrace] t=3970.4876810416667 stage=workout-cue landscape=true step=max-hangs-1.segment-2 resting=true mode=preview ids=["edge-20-left", "edge-20-right"]
[BoardHighlightTrace] t=3970.7385748333336 stage=workout-cue landscape=true step=max-hangs-1.segment-2 resting=true mode=preview ids=["edge-20-left", "edge-20-right"]
[BoardHighlightTrace] t=3970.9857539583336 stage=workout-cue landscape=true step=max-hangs-1.segment-2 resting=true mode=preview ids=["edge-20-left", "edge-20-right"]
[BoardHighlightTrace] t=3971.2358349583337 stage=workout-cue landscape=true step=max-hangs-1.segment-2 resting=true mode=preview ids=["edge-20-left", "edge-20-right"]
[BoardHighlightTrace] t=3971.4879572083337 stage=workout-cue landscape=true step=max-hangs-1.segment-2 resting=true mode=preview ids=["edge-20-left", "edge-20-right"]
[BoardHighlightTrace] t=3971.7381512083334 stage=workout-cue landscape=true step=max-hangs-1.segment-2 resting=true mode=preview ids=["edge-20-left", "edge-20-right"]
[BoardHighlightTrace] t=3971.9858467083336 stage=workout-cue landscape=true step=max-hangs-1.segment-2 resting=true mode=preview ids=["edge-20-left", "edge-20-right"]
[BoardHighlightTrace] t=3972.239105416667 stage=workout-cue landscape=true step=max-hangs-1.segment-2 resting=true mode=preview ids=["edge-20-left", "edge-20-right"]
[BoardHighlightTrace] t=3972.4876566666667 stage=workout-cue landscape=true step=max-hangs-1.segment-2 resting=true mode=preview ids=["edge-20-left", "edge-20-right"]
[BoardHighlightTrace] t=3972.7556375833337 stage=workout-cue landscape=true step=max-hangs-1.segment-2 resting=true mode=preview ids=["edge-20-left", "edge-20-right"]
[BoardHighlightTrace] t=3972.9876628333336 stage=workout-cue landscape=true step=max-hangs-1.segment-2 resting=true mode=preview ids=["edge-20-left", "edge-20-right"]
[BoardHighlightTrace] t=3973.2399415833333 stage=workout-cue landscape=true step=max-hangs-1.segment-2 resting=true mode=preview ids=["edge-20-left", "edge-20-right"]
[BoardHighlightTrace] t=3973.489788916667 stage=workout-cue landscape=true step=max-hangs-1.segment-2 resting=true mode=preview ids=["edge-20-left", "edge-20-right"]
[BoardHighlightTrace] t=3973.754546125 stage=workout-cue landscape=true step=max-hangs-1.segment-2 resting=true mode=preview ids=["edge-20-left", "edge-20-right"]
[BoardHighlightTrace] t=3975.961881291667 stage=workout-cue landscape=true step=max-hangs-1.segment-2 resting=true mode=preview ids=["edge-20-left", "edge-20-right"]
[BoardHighlightTrace] t=3976.962065166667 stage=workout-cue landscape=true step=max-hangs-1.segment-2 resting=true mode=preview ids=["edge-20-left", "edge-20-right"]
[BoardHighlightTrace] t=3977.9741702083334 stage=workout-cue landscape=true step=max-hangs-1.segment-2 resting=true mode=preview ids=["edge-20-left", "edge-20-right"]
[BoardHighlightTrace] t=3978.976759666667 stage=workout-cue landscape=true step=max-hangs-1.segment-2 resting=true mode=preview ids=["edge-20-left", "edge-20-right"]
[BoardHighlightTrace] t=3979.981977375 stage=workout-cue landscape=true step=max-hangs-1.segment-2 resting=true mode=preview ids=["edge-20-left", "edge-20-right"]
[BoardHighlightTrace] t=3980.996436791667 stage=workout-cue landscape=true step=max-hangs-1.segment-2 resting=true mode=preview ids=["edge-20-left", "edge-20-right"]
[BoardHighlightTrace] t=3982.0056613750003 stage=workout-cue landscape=true step=max-hangs-1.segment-2 resting=true mode=preview ids=["edge-20-left", "edge-20-right"]
[BoardHighlightTrace] t=3983.0180765000005 stage=workout-cue landscape=true step=max-hangs-1.segment-2 resting=true mode=preview ids=["edge-20-left", "edge-20-right"]
[BoardHighlightTrace] t=3984.022616041667 stage=workout-cue landscape=true step=max-hangs-1.segment-2 resting=true mode=preview ids=["edge-20-left", "edge-20-right"]
[BoardHighlightTrace] t=3985.0346353333334 stage=workout-cue landscape=true step=max-hangs-1.segment-2 resting=true mode=preview ids=["edge-20-left", "edge-20-right"]
[BoardHighlightTrace] t=3985.2363969166668 stage=workout-cue landscape=true step=max-hangs-1.segment-2 resting=true mode=preview ids=["edge-20-left", "edge-20-right"]
[BoardHighlightTrace] t=3985.488053125 stage=workout-cue landscape=true step=max-hangs-1.segment-2 resting=true mode=preview ids=["edge-20-left", "edge-20-right"]
[BoardHighlightTrace] t=3985.755013791667 stage=workout-cue landscape=true step=max-hangs-1.segment-2 resting=true mode=preview ids=["edge-20-left", "edge-20-right"]
[BoardHighlightTrace] t=3985.9862095833337 stage=workout-cue landscape=true step=max-hangs-1.segment-2 resting=true mode=preview ids=["edge-20-left", "edge-20-right"]
[BoardHighlightTrace] t=3986.2379868750004 stage=workout-cue landscape=true step=max-hangs-1.segment-2 resting=true mode=preview ids=["edge-20-left", "edge-20-right"]
[BoardHighlightTrace] t=3986.4858555416668 stage=workout-cue landscape=true step=max-hangs-1.segment-2 resting=true mode=preview ids=["edge-20-left", "edge-20-right"]
[BoardHighlightTrace] t=3986.739616916667 stage=workout-cue landscape=true step=max-hangs-1.segment-2 resting=true mode=preview ids=["edge-20-left", "edge-20-right"]
[BoardHighlightTrace] t=3986.9863821666668 stage=workout-cue landscape=true step=max-hangs-1.segment-2 resting=true mode=preview ids=["edge-20-left", "edge-20-right"]
[BoardHighlightTrace] t=3987.23621325 stage=workout-cue landscape=true step=max-hangs-1.segment-2 resting=true mode=preview ids=["edge-20-left", "edge-20-right"]
[BoardHighlightTrace] t=3987.4868174583335 stage=workout-cue landscape=true step=max-hangs-1.segment-2 resting=true mode=preview ids=["edge-20-left", "edge-20-right"]
[BoardHighlightTrace] t=3987.755178166667 stage=workout-cue landscape=true step=max-hangs-1.segment-2 resting=true mode=preview ids=["edge-20-left", "edge-20-right"]
[BoardHighlightTrace] t=3987.98601175 stage=workout-cue landscape=true step=max-hangs-1.segment-2 resting=true mode=preview ids=["edge-20-left", "edge-20-right"]
[BoardHighlightTrace] t=3988.2375071250003 stage=workout-cue landscape=true step=max-hangs-1.segment-2 resting=true mode=preview ids=["edge-20-left", "edge-20-right"]
[BoardHighlightTrace] t=3988.488039791667 stage=workout-cue landscape=true step=max-hangs-1.segment-2 resting=true mode=preview ids=["edge-20-left", "edge-20-right"]
[BoardHighlightTrace] t=3988.7401861666667 stage=workout-cue landscape=true step=max-hangs-1.segment-2 resting=true mode=preview ids=["edge-20-left", "edge-20-right"]
[BoardHighlightTrace] t=3988.9891149583336 stage=workout-cue landscape=true step=max-hangs-1.segment-2 resting=true mode=preview ids=["edge-20-left", "edge-20-right"]
[BoardHighlightTrace] t=3989.2402000833335 stage=workout-cue landscape=true step=max-hangs-1.segment-2 resting=true mode=preview ids=["edge-20-left", "edge-20-right"]
[BoardHighlightTrace] t=3989.4874478333336 stage=workout-cue landscape=true step=max-hangs-1.segment-2 resting=true mode=preview ids=["edge-20-left", "edge-20-right"]
[BoardHighlightTrace] t=3989.7546989166667 stage=workout-cue landscape=true step=max-hangs-1.segment-2 resting=true mode=preview ids=["edge-20-left", "edge-20-right"]
[BoardHighlightTrace] t=3989.988536458334 stage=workout-cue landscape=true step=max-hangs-1.segment-2 resting=true mode=preview ids=["edge-20-left", "edge-20-right"]
[BoardHighlightTrace] t=3990.2512085000003 stage=workout-cue landscape=true step=max-hangs-1.segment-2 resting=true mode=preview ids=["edge-20-left", "edge-20-right"]
[BoardHighlightTrace] t=3990.485306666667 stage=workout-cue landscape=true step=max-hangs-1.segment-2 resting=true mode=preview ids=["edge-20-left", "edge-20-right"]
[BoardHighlightTrace] t=3990.7359288750004 stage=workout-cue landscape=true step=max-hangs-1.segment-2 resting=true mode=preview ids=["edge-20-left", "edge-20-right"]
[BoardHighlightTrace] t=3990.988945916667 stage=workout-cue landscape=true step=max-hangs-1.segment-2 resting=true mode=preview ids=["edge-20-left", "edge-20-right"]
[BoardHighlightTrace] t=3991.239375791667 stage=workout-cue landscape=true step=max-hangs-1.segment-2 resting=true mode=preview ids=["edge-20-left", "edge-20-right"]
[BoardHighlightTrace] t=3991.4895663750003 stage=workout-cue landscape=true step=max-hangs-1.segment-2 resting=true mode=preview ids=["edge-20-left", "edge-20-right"]
[BoardHighlightTrace] t=3991.7548473333336 stage=workout-cue landscape=true step=max-hangs-1.segment-2 resting=true mode=preview ids=["edge-20-left", "edge-20-right"]
[BoardHighlightTrace] t=3991.9865867083336 stage=workout-cue landscape=true step=max-hangs-1.segment-2 resting=true mode=preview ids=["edge-20-left", "edge-20-right"]
[BoardHighlightTrace] t=3992.2360225833336 stage=workout-cue landscape=true step=max-hangs-1.segment-2 resting=true mode=preview ids=["edge-20-left", "edge-20-right"]
[BoardHighlightTrace] t=3992.4860230000004 stage=workout-cue landscape=true step=max-hangs-1.segment-2 resting=true mode=preview ids=["edge-20-left", "edge-20-right"]
[BoardHighlightTrace] t=3992.73593075 stage=workout-cue landscape=true step=max-hangs-1.segment-2 resting=true mode=preview ids=["edge-20-left", "edge-20-right"]
[BoardHighlightTrace] t=3992.9863428750004 stage=workout-cue landscape=true step=max-hangs-1.segment-2 resting=true mode=preview ids=["edge-20-left", "edge-20-right"]
[BoardHighlightTrace] t=3993.236338541667 stage=workout-cue landscape=true step=max-hangs-1.segment-2 resting=true mode=preview ids=["edge-20-left", "edge-20-right"]
[BoardHighlightTrace] t=3993.4861382083336 stage=workout-cue landscape=true step=max-hangs-1.segment-2 resting=true mode=preview ids=["edge-20-left", "edge-20-right"]
[BoardHighlightTrace] t=3993.736553875 stage=workout-cue landscape=true step=max-hangs-1.segment-2 resting=true mode=preview ids=["edge-20-left", "edge-20-right"]
[BoardHighlightTrace] t=3993.9861138750002 stage=workout-cue landscape=true step=max-hangs-1.segment-2 resting=true mode=preview ids=["edge-20-left", "edge-20-right"]
[BoardHighlightTrace] t=3994.2533959166667 stage=workout-cue landscape=true step=max-hangs-1.segment-2 resting=true mode=preview ids=["edge-20-left", "edge-20-right"]
[BoardHighlightTrace] t=3994.487451791667 stage=workout-cue landscape=true step=max-hangs-1.segment-2 resting=true mode=preview ids=["edge-20-left", "edge-20-right"]
[BoardHighlightTrace] t=3994.7365871250004 stage=workout-cue landscape=true step=max-hangs-1.segment-2 resting=true mode=preview ids=["edge-20-left", "edge-20-right"]
[BoardHighlightTrace] t=3994.986678416667 stage=workout-cue landscape=true step=max-hangs-1.segment-2 resting=true mode=preview ids=["edge-20-left", "edge-20-right"]
[BoardHighlightTrace] t=3995.2356647916667 stage=workout-cue landscape=true step=max-hangs-1.segment-2 resting=true mode=preview ids=["edge-20-left", "edge-20-right"]
[BoardHighlightTrace] t=3997.3401857500003 stage=workout-cue landscape=true step=max-hangs-1.segment-2 resting=true mode=preview ids=["edge-20-left", "edge-20-right"]
[BoardHighlightTrace] t=3998.3459025 stage=workout-cue landscape=true step=max-hangs-1.segment-2 resting=true mode=preview ids=["edge-20-left", "edge-20-right"]
[BoardHighlightTrace] t=3999.3600838750003 stage=workout-cue landscape=true step=max-hangs-1.segment-2 resting=true mode=preview ids=["edge-20-left", "edge-20-right"]
[BoardHighlightTrace] t=4000.361064291667 stage=workout-cue landscape=true step=max-hangs-1.segment-2 resting=true mode=preview ids=["edge-20-left", "edge-20-right"]
[BoardHighlightTrace] t=4001.3720710000002 stage=workout-cue landscape=true step=max-hangs-1.segment-2 resting=true mode=preview ids=["edge-20-left", "edge-20-right"]
[BoardHighlightTrace] t=4002.3862382083335 stage=workout-cue landscape=true step=max-hangs-1.segment-2 resting=true mode=preview ids=["edge-20-left", "edge-20-right"]
[BoardHighlightTrace] t=4003.3925824166668 stage=workout-cue landscape=true step=max-hangs-1.segment-2 resting=true mode=preview ids=["edge-20-left", "edge-20-right"]
[BoardHighlightTrace] t=4004.4051841250002 stage=workout-cue landscape=true step=max-hangs-1.segment-2 resting=true mode=preview ids=["edge-20-left", "edge-20-right"]
[BoardHighlightTrace] t=4005.419049916667 stage=workout-cue landscape=true step=max-hangs-1.segment-2 resting=true mode=preview ids=["edge-20-left", "edge-20-right"]
[BoardHighlightTrace] t=4006.4271376250003 stage=workout-cue landscape=true step=max-hangs-1.segment-2 resting=true mode=preview ids=["edge-20-left", "edge-20-right"]
[BoardHighlightTrace] t=4007.431310625 stage=workout-cue landscape=true step=max-hangs-1.segment-2 resting=true mode=preview ids=["edge-20-left", "edge-20-right"]
[BoardHighlightTrace] t=4007.486360166667 stage=workout-cue landscape=true step=max-hangs-1.segment-2 resting=true mode=preview ids=["edge-20-left", "edge-20-right"]
[BoardHighlightTrace] t=4007.7544575833335 stage=workout-cue landscape=true step=max-hangs-1.segment-2 resting=true mode=preview ids=["edge-20-left", "edge-20-right"]
[BoardHighlightTrace] t=4008.002409166667 stage=workout-cue lan