Monitoring boot status for Hang Ten Paseo placid-badger-cad-second-half Review Zlagboard Pro iOS26.5 20261002 (F96B758F-638C-4C74-8732-08ACB950A84F).
[2026-10-02 14:03:41 +0000] Status=2, isTerminal=NO, Elapsed=00:01.
	Waiting on Data Migration
		Reason:(null)
		Migration Elapsed:00:00 seconds

[2026-10-02 14:03:41 +0000] Status=2, isTerminal=NO, Elapsed=00:01.
	Waiting on Data Migration
		Reason:Gathering plugins
		Migration Elapsed:00:00 seconds

[2026-10-02 14:03:42 +0000] Status=2, isTerminal=NO, Elapsed=00:02.
	Waiting on Data Migration
		Reason:Running plugin com.apple.managedconfiguration.migrator (MCProfile.migrator, user-agnostic)
		Migration Elapsed:00:00 seconds

[2026-10-02 14:03:43 +0000] Status=2, isTerminal=NO, Elapsed=00:03.
	Waiting on Data Migration
		Reason:Running plugin com.apple.managedconfiguration.migrator (MCProfile.migrator, user-agnostic)
		Migration Elapsed:00:01 seconds

[2026-10-02 14:03:43 +0000] Status=2, isTerminal=NO, Elapsed=00:04.
	Waiting on Data Migration
		Reason:Running plugin com.apple.managedconfiguration.migrator (MCProfile.migrator, user-agnostic)
		Migration Elapsed:00:02 seconds

[2026-10-02 14:03:44 +0000] Status=2, isTerminal=NO, Elapsed=00:05.
	Waiting on Data Migration
		Reason:Running plugin com.apple.managedconfiguration.migrator (MCProfile.migrator, user-agnostic)
		Migration Elapsed:00:03 seconds

[2026-10-02 14:03:45 +0000] Status=2, isTerminal=NO, Elapsed=00:06.
	Waiting on Data Migration
		Reason:Running plugin com.apple.managedconfiguration.migrator (MCProfile.migrator, user-agnostic)
		Migration Elapsed:00:04 seconds

[2026-10-02 14:03:46 +0000] Status=2, isTerminal=NO, Elapsed=00:07.
	Waiting on Data Migration
		Reason:Running plugin com.apple.managedconfiguration.migrator (MCProfile.migrator, user-agnostic)
		Migration Elapsed:00:05 seconds

[2026-10-02 14:03:48 +0000] Status=2, isTerminal=NO, Elapsed=00:08.
	Waiting on Data Migration
		Reason:Running plugin com.apple.managedconfiguration.migrator (MCProfile.migrator, user-agnostic)
		Migration Elapsed:00:06 seconds

[2026-10-02 14:03:49 +0000] Status=2, isTerminal=NO, Elapsed=00:09.
	Waiting on Data Migration
		Reason:Running plugin com.apple.MobileSafari.migrator (MobileSafari.migrator)
		Migration Elapsed:00:07 seconds

[2026-10-02 14:03:49 +0000] Status=4, isTerminal=NO, Elapsed=00:10.
	Waiting on System App

[2026-10-02 14:03:50 +0000] Status=4, isTerminal=NO, Elapsed=00:11.
	Waiting on System App

[2026-10-02 14:03:51 +0000] Status=4, isTerminal=NO, Elapsed=00:12.
	Waiting on System App

[2026-10-02 14:03:52 +0000] Status=4, isTerminal=NO, Elapsed=00:13.
	Waiting on System App

[2026-10-02 14:03:53 +0000] Status=4, isTerminal=NO, Elapsed=00:14.
	Waiting on System App

[2026-10-02 14:03:54 +0000] Status=4, isTerminal=NO, Elapsed=00:15.
	Waiting on System App

[2026-10-02 14:03:55 +0000] Status=4, isTerminal=NO, Elapsed=00:16.
	Waiting on System App

[2026-10-02 14:03:56 +0000] Status=4, isTerminal=NO, Elapsed=00:17.
	Waiting on System App

[2026-10-02 14:03:58 +0000] Status=4, isTerminal=NO, Elapsed=00:18.
	Waiting on System App

[2026-10-02 14:03:59 +0000] Status=4, isTerminal=NO, Elapsed=00:19.
	Waiting on System App

[2026-10-02 14:04:00 +0000] Status=4, isTerminal=NO, Elapsed=00:20.
	Waiting on System App

[2026-10-02 14:04:01 +0000] Status=4, isTerminal=NO, Elapsed=00:21.
	Waiting on System App

[2026-10-02 14:04:02 +0000] Status=4, isTerminal=NO, Elapsed=00:22.
	Waiting on System App

[2026-10-02 14:04:03 +0000] Status=4, isTerminal=NO, Elapsed=00:23.
	Waiting on System App

[2026-10-02 14:04:04 +0000] Status=4, isTerminal=NO, Elapsed=00:24.
	Waiting on System App

[2026-10-02 14:04:05 +0000] Status=4, isTerminal=NO, Elapsed=00:25.
	Waiting on System App

[2026-10-02 14:04:06 +0000] Status=4, isTerminal=NO, Elapsed=00:26.
	Waiting on System App

[2026-10-02 14:04:07 +0000] Status=4, isTerminal=NO, Elapsed=00:27.
	Waiting on System App

[2026-10-02 14:04:08 +0000] Status=4, isTerminal=NO, Elapsed=00:28.
	Waiting on System App

[2026-10-02 14:04:09 +0000] Status=4, isTerminal=NO, Elapsed=00:29.
	Waiting on System App

[2026-10-02 14:04:10 +0000] Status=4, isTerminal=NO, Elapsed=00:30.
	Waiting on System App

[2026-10-02 14:04:11 +0000] Status=4, isTerminal=NO, Elapsed=00:31.
	Waiting on System App

[2026-10-02 14:04:12 +0000] Status=4, isTerminal=NO, Elapsed=00:32.
	Waiting on System App

[2026-10-02 14:04:13 +0000] Status=4, isTerminal=NO, Elapsed=00:33.
	Waiting on System App

[2026-10-02 14:04:14 +0000] Status=4, isTerminal=NO, Elapsed=00:34.
	Waiting on System App

[2026-10-02 14:04:15 +0000] Status=4, isTerminal=NO, Elapsed=00:35.
	Waiting on System App

[2026-10-02 14:04:16 +0000] Status=4, isTerminal=NO, Elapsed=00:36.
	Waiting on System App

[2026-10-02 14:04:17 +0000] Status=4, isTerminal=NO, Elapsed=00:37.
	Waiting on System App

[2026-10-02 14:04:18 +0000] Status=4, isTerminal=NO, Elapsed=00:38.
	Waiting on System App

[2026-10-02 14:04:19 +0000] Status=4, isTerminal=NO, Elapsed=00:39.
	Waiting on System App

[2026-10-02 14:04:20 +0000] Status=4, isTerminal=NO, Elapsed=00:40.
	Waiting on System App

[2026-10-02 14:04:21 +0000] Status=4, isTerminal=NO, Elapsed=00:41.
	Waiting on System App

[2026-10-02 14:04:22 +0000] Status=4, isTerminal=NO, Elapsed=00:42.
	Waiting on System App

[2026-10-02 14:04:23 +0000] Status=4, isTerminal=NO, Elapsed=00:43.
	Waiting on System App

[2026-10-02 14:04:24 +0000] Status=4, isTerminal=NO, Elapsed=00:44.
	Waiting on System App

[2026-10-02 14:04:25 +0000] Status=4, isTerminal=NO, Elapsed=00:45.
	Waiting on System App

[2026-10-02 14:04:26 +0000] Status=4, isTerminal=NO, Elapsed=00:46.
	Waiting on System App

[2026-10-02 14:04:27 +0000] Status=4, isTerminal=NO, Elapsed=00:47.
	Waiting on System App

[2026-10-02 14:04:28 +0000] Status=4, isTerminal=NO, Elapsed=00:48.
	Waiting on System App

[2026-10-02 14:04:29 +0000] Status=4, isTerminal=NO, Elapsed=00:49.
	Waiting on System App

[2026-10-02 14:04:30 +0000] Status=4, isTerminal=NO, Elapsed=00:50.
	Waiting on System App

[2026-10-02 14:04:31 +0000] Status=4, isTerminal=NO, Elapsed=00:51.
	Waiting on System App

[2026-10-02 14:04:32 +0000] Status=4, isTerminal=NO, Elapsed=00:52.
	Waiting on System App

[2026-10-02 14:04:32 +0000] Status=4, isTerminal=NO, Elapsed=00:53.
	Waiting on System App

[2026-10-02 14:04:34 +0000] Status=4, isTerminal=NO, Elapsed=00:54.
	Waiting on System App

[2026-10-02 14:04:35 +0000] Status=4, isTerminal=NO, Elapsed=00:55.
	Waiting on System App

[2026-10-02 14:04:36 +0000] Status=4, isTerminal=NO, Elapsed=00:56.
	Waiting on System App

[2026-10-02 14:04:37 +0000] Status=4, isTerminal=NO, Elapsed=00:57.
	Waiting on System App

[2026-10-02 14:04:38 +0000] Status=4, isTerminal=NO, Elapsed=00:58.
	Waiting on System App

[2026-10-02 14:04:39 +0000] Status=4, isTerminal=NO, Elapsed=00:59.
	Waiting on System App

[2026-10-02 14:04:39 +0000] Status=4, isTerminal=NO, Elapsed=01:00.
	Waiting on System App

[2026-10-02 14:04:41 +0000] Status=4, isTerminal=NO, Elapsed=01:01.
	Waiting on System App

[2026-10-02 14:04:45 +0000] Status=4, isTerminal=NO, Elapsed=01:05.
	Waiting on System App

[2026-10-02 14:04:45 +0000] Status=4, isTerminal=NO, Elapsed=01:05.
	Waiting on System App

