Command line invocation:
    /Applications/Xcode.app/Contents/Developer/usr/bin/xcodebuild -project HangTen.xcodeproj -scheme HangTen -configuration Debug -destination "platform=iOS Simulator,id=E0AC7F37-369F-414E-B407-353435A0BE03" -derivedDataPath /Users/asherlc/.paseo/worktrees/0h78jp9r/placid-badger-cad-second-half/.context/placid-badger-cad-second-half/post-main-render-fix-2026-10-03/ios/DerivedData-placid-badger-cad-second-half -resultBundlePath /Users/asherlc/.paseo/worktrees/0h78jp9r/placid-badger-cad-second-half/.context/placid-badger-cad-second-half/post-main-render-fix-2026-10-03/ios/tests-placid-badger-cad-second-half.xcresult "-only-testing:HangTenTests/WorkoutRendererReadinessTests" "-only-testing:HangTenTests/WorkoutRendererStartGateTests" "-only-testing:HangTenTests/WorkoutTimelineTests" test

Resolve Package Graph


Resolved source packages:
  Amplitude-Swift: https://github.com/amplitude/Amplitude-Swift @ 1.18.8
  analytics-connector-ios: https://github.com/amplitude/analytics-connector-ios.git @ 1.3.2
  Sentry: https://github.com/getsentry/sentry-cocoa.git @ 8.58.4
  AmplitudeCore: https://github.com/amplitude/AmplitudeCore-Swift.git @ 1.5.0

Writing result bundle at path:
	/Users/asherlc/.paseo/worktrees/0h78jp9r/placid-badger-cad-second-half/.context/placid-badger-cad-second-half/post-main-render-fix-2026-10-03/ios/tests-placid-badger-cad-second-half.xcresult

ComputePackagePrebuildTargetDependencyGraph

Prepare packages

CreateBuildRequest

SendProjectDescription

CreateBuildOperation

ComputeTargetDependencyGraph
note: Building targets in dependency order
note: Target dependency graph (11 targets)
    Target 'HangTenTests' in project 'HangTen'
        ➜ Explicit dependency on target 'HangTen' in project 'HangTen'
    Target 'HangTenUITests' in project 'HangTen'
        ➜ Explicit dependency on target 'HangTen' in project 'HangTen'
    Target 'HangTen' in project 'HangTen'
        ➜ Explicit dependency on target 'AmplitudeSwift-product' in project 'Amplitude-Swift'
        ➜ Explicit dependency on target 'Sentry-product' in project 'Sentry'
    Target 'Sentry-product' in project 'Sentry'
        ➜ Explicit dependency on target 'SentryCppHelper' in project 'Sentry'
    Target 'SentryCppHelper' in project 'Sentry' (no dependencies)
    Target 'AmplitudeSwift-product' in project 'Amplitude-Swift'
        ➜ Explicit dependency on target 'AmplitudeSwift' in project 'Amplitude-Swift'
        ➜ Explicit dependency on target 'Amplitude-Swift_AmplitudeSwift' in project 'Amplitude-Swift'
        ➜ Explicit dependency on target 'AmplitudeCoreFramework-product' in project 'AmplitudeCore'
        ➜ Explicit dependency on target 'AnalyticsConnector-product' in project 'analytics-connector-ios'
    Target 'AmplitudeSwift' in project 'Amplitude-Swift'
        ➜ Explicit dependency on target 'Amplitude-Swift_AmplitudeSwift' in project 'Amplitude-Swift'
        ➜ Explicit dependency on target 'AmplitudeCoreFramework-product' in project 'AmplitudeCore'
        ➜ Explicit dependency on target 'AnalyticsConnector-product' in project 'analytics-connector-ios'
    Target 'AnalyticsConnector-product' in project 'analytics-connector-ios'
        ➜ Explicit dependency on target 'AnalyticsConnector' in project 'analytics-connector-ios'
    Target 'AnalyticsConnector' in project 'analytics-connector-ios' (no dependencies)
    Target 'AmplitudeCoreFramework-product' in project 'AmplitudeCore' (no dependencies)
    Target 'Amplitude-Swift_AmplitudeSwift' in project 'Amplitude-Swift' (no dependencies)

GatherProvisioningInputs

CreateBuildDescription

ExecuteExternalTool /Applications/Xcode.app/Contents/Developer/Toolchains/XcodeDefault.xctoolchain/usr/bin/swiftc --version

ExecuteExternalTool /Applications/Xcode.app/Contents/Developer/Toolchains/XcodeDefault.xctoolchain/usr/bin/clang -v -E -dM -isysroot /Applications/Xcode.app/Contents/Developer/Platforms/iPhoneSimulator.platform/Developer/SDKs/iPhoneSimulator27.0.sdk -x c -c /dev/null

ExecuteExternalTool /Applications/Xcode.app/Contents/Developer/usr/bin/actool --print-asset-tag-combinations --output-format xml1 /Users/asherlc/.paseo/worktrees/0h78jp9r/placid-badger-cad-second-half/HangTen/Resources/Assets.xcassets

ExecuteExternalTool /Applications/Xcode.app/Contents/Developer/Toolchains/XcodeDefault.xctoolchain/usr/bin/ld -version_details

ExecuteExternalTool /Applications/Xcode.app/Contents/Developer/usr/bin/actool --version --output-format xml1

Build description signature: 566237ca669c8b1926c8e8c988a6f0b6
Build description path: /Users/asherlc/.paseo/worktrees/0h78jp9r/placid-badger-cad-second-half/.context/placid-badger-cad-second-half/post-main-render-fix-2026-10-03/ios/DerivedData-placid-badger-cad-second-half/Build/Intermediates.noindex/XCBuildData/566237ca669c8b1926c8e8c988a6f0b6.xcbuilddata
ClangStatCache /Applications/Xcode.app/Contents/Developer/Toolchains/XcodeDefault.xctoolchain/usr/bin/clang-stat-cache /Applications/Xcode.app/Contents/Developer/Platforms/iPhoneSimulator.platform/Developer/SDKs/iPhoneSimulator27.0.sdk /Users/asherlc/.paseo/worktrees/0h78jp9r/placid-badger-cad-second-half/.context/placid-badger-cad-second-half/post-main-render-fix-2026-10-03/ios/DerivedData-placid-badger-cad-second-half/SDKStatCaches.noindex/iphonesimulator27.0-24A430-e829b21a6f8c9b70876ba0858053c0448dc58220667be655e1bcc261a7455254.sdkstatcache
    cd /Users/asherlc/.paseo/worktrees/0h78jp9r/placid-badger-cad-second-half/HangTen.xcodeproj
    /Applications/Xcode.app/Contents/Developer/Toolchains/XcodeDefault.xctoolchain/usr/bin/clang-stat-cache /Applications/Xcode.app/Contents/Developer/Platforms/iPhoneSimulator.platform/Developer/SDKs/iPhoneSimulator27.0.sdk -o /Users/asherlc/.paseo/worktrees/0h78jp9r/placid-badger-cad-second-half/.context/placid-badger-cad-second-half/post-main-render-fix-2026-10-03/ios/DerivedData-placid-badger-cad-second-half/SDKStatCaches.noindex/iphonesimulator27.0-24A430-e829b21a6f8c9b70876ba0858053c0448dc58220667be655e1bcc261a7455254.sdkstatcache

note: Run script build phase 'Stage Board Packages' will be run during every build because the option to run the script phase "Based on dependency analysis" is unchecked. (in target 'HangTen' from project 'HangTen')
SwiftDriver HangTen normal arm64 com.apple.xcode.tools.swift.compiler (in target 'HangTen' from project 'HangTen')
    cd /Users/asherlc/.paseo/worktrees/0h78jp9r/placid-badger-cad-second-half
    builtin-SwiftDriver -- /Applications/Xcode.app/Contents/Developer/Toolchains/XcodeDefault.xctoolchain/usr/bin/swiftc -module-name HangTen -Onone @/Users/asherlc/.paseo/worktrees/0h78jp9r/placid-badger-cad-second-half/.context/placid-badger-cad-second-half/post-main-render-fix-2026-10-03/ios/DerivedData-placid-badger-cad-second-half/Build/Intermediates.noindex/HangTen.build/Debug-iphonesimulator/HangTen.build/Objects-normal/arm64/HangTen.SwiftFileList -DDEBUG -Xcc -DACCELERATE_NEW_LAPACK -enable-bare-slash-regex -enable-experimental-feature DebugDescriptionMacro -sdk /Applications/Xcode.app/Contents/Developer/Platforms/iPhoneSimulator.platform/Developer/SDKs/iPhoneSimulator27.0.sdk -target arm64-apple-ios18.0-simulator -g -module-cache-path /Users/asherlc/.paseo/worktrees/0h78jp9r/placid-badger-cad-second-half/.context/placid-badger-cad-second-half/post-main-render-fix-2026-10-03/ios/DerivedData-placid-badger-cad-second-half/ModuleCache.noindex -Xfrontend -serialize-debugging-options -enable-testing -index-store-path /Users/asherlc/.paseo/worktrees/0h78jp9r/placid-badger-cad-second-half/.context/placid-badger-cad-second-half/post-main-render-fix-2026-10-03/ios/DerivedData-placid-badger-cad-second-half/Index.noindex/DataStore -swift-version 5 -I /Users/asherlc/.paseo/worktrees/0h78jp9r/placid-badger-cad-second-half/.context/placid-badger-cad-second-half/post-main-render-fix-2026-10-03/ios/DerivedData-placid-badger-cad-second-half/Build/Products/Debug-iphonesimulator -F /Users/asherlc/.paseo/worktrees/0h78jp9r/placid-badger-cad-second-half/.context/placid-badger-cad-second-half/post-main-render-fix-2026-10-03/ios/DerivedData-placid-badger-cad-second-half/Build/Products/Debug-iphonesimulator/PackageFrameworks -F /Users/asherlc/.paseo/worktrees/0h78jp9r/placid-badger-cad-second-half/.context/placid-badger-cad-second-half/post-main-render-fix-2026-10-03/ios/DerivedData-placid-badger-cad-second-half/Build/Products/Debug-iphonesimulator -c -j10 -enable-batch-mode -incremental -Xcc -ivfsstatcache -Xcc /Users/asherlc/.paseo/worktrees/0h78jp9r/placid-badger-cad-second-half/.context/placid-badger-cad-second-half/post-main-render-fix-2026-10-03/ios/DerivedData-placid-badger-cad-second-half/SDKStatCaches.noindex/iphonesimulator27.0-24A430-e829b21a6f8c9b70876ba0858053c0448dc58220667be655e1bcc261a7455254.sdkstatcache -output-file-map /Users/asherlc/.paseo/worktrees/0h78jp9r/placid-badger-cad-second-half/.context/placid-badger-cad-second-half/post-main-render-fix-2026-10-03/ios/DerivedData-placid-badger-cad-second-half/Build/Intermediates.noindex/HangTen.build/Debug-iphonesimulator/HangTen.build/Objects-normal/arm64/HangTen-OutputFileMap.json -save-temps -no-color-diagnostics -explicit-module-build -module-cache-path /Users/asherlc/.paseo/worktrees/0h78jp9r/placid-badger-cad-second-half/.context/placid-badger-cad-second-half/post-main-render-fix-2026-10-03/ios/DerivedData-placid-badger-cad-second-half/Build/Intermediates.noindex/SwiftExplicitPrecompiledModules -clang-scanner-module-cache-path /Users/asherlc/.paseo/worktrees/0h78jp9r/placid-badger-cad-second-half/.context/placid-badger-cad-second-half/post-main-render-fix-2026-10-03/ios/DerivedData-placid-badger-cad-second-half/ModuleCache.noindex -sdk-module-cache-path /Users/asherlc/.paseo/worktrees/0h78jp9r/placid-badger-cad-second-half/.context/placid-badger-cad-second-half/post-main-render-fix-2026-10-03/ios/DerivedData-placid-badger-cad-second-half/SDKExplicitPrecompiledModules -emit-dependencies -emit-module -emit-module-path /Users/asherlc/.paseo/worktrees/0h78jp9r/placid-badger-cad-second-half/.context/placid-badger-cad-second-half/post-main-render-fix-2026-10-03/ios/DerivedData-placid-badger-cad-second-half/Build/Intermediates.noindex/HangTen.build/Debug-iphonesimulator/HangTen.build/Objects-normal/arm64/HangTen.swiftmodule -serialize-diagnostics -dependency-scan-serialize-diagnostics-path /Users/asherlc/.paseo/worktrees/0h78jp9r/placid-badger-cad-second-half/.context/placid-badger-cad-second-half/post-main-render-fix-2026-10-03/ios/DerivedData-placid-badger-cad-second-half/Build/Intermediates.noindex/HangTen.build/Debug-iphonesimulator/HangTen.build/Objects-normal/arm64/HangTen-dependency-scan.dia -validate-clang-modules-once -clang-build-session-file /Users/asherlc/.paseo/worktrees/0h78jp9r/placid-badger-cad-second-half/.context/placid-badger-cad-second-half/post-main-render-fix-2026-10-03/ios/DerivedData-placid-badger-cad-second-half/ModuleCache.noindex/Session.modulevalidation -Xcc -fmodules-prune-interval\=86400 -Xcc -fmodules-prune-after\=345600 -emit-const-values -const-gather-protocols-list /Users/asherlc/.paseo/worktrees/0h78jp9r/placid-badger-cad-second-half/.context/placid-badger-cad-second-half/post-main-render-fix-2026-10-03/ios/DerivedData-placid-badger-cad-second-half/Build/Intermediates.noindex/HangTen.build/Debug-iphonesimulator/HangTen.build/Objects-normal/arm64/HangTen_const_extract_protocols.json -Xcc -iquote -Xcc /Users/asherlc/.paseo/worktrees/0h78jp9r/placid-badger-cad-second-half/.context/placid-badger-cad-second-half/post-main-render-fix-2026-10-03/ios/DerivedData-placid-badger-cad-second-half/Build/Intermediates.noindex/HangTen.build/Debug-iphonesimulator/HangTen.build/HangTen-generated-files.hmap -Xcc -I/Users/asherlc/.paseo/worktrees/0h78jp9r/placid-badger-cad-second-half/.context/placid-badger-cad-second-half/post-main-render-fix-2026-10-03/ios/DerivedData-placid-badger-cad-second-half/Build/Intermediates.noindex/HangTen.build/Debug-iphonesimulator/HangTen.build/HangTen-own-target-headers.hmap -Xcc -I/Users/asherlc/.paseo/worktrees/0h78jp9r/placid-badger-cad-second-half/.context/placid-badger-cad-second-half/post-main-render-fix-2026-10-03/ios/DerivedData-placid-badger-cad-second-half/Build/Intermediates.noindex/HangTen.build/Debug-iphonesimulator/HangTen.build/HangTen-all-non-framework-target-headers.hmap -Xcc -ivfsoverlay -Xcc /Users/asherlc/.paseo/worktrees/0h78jp9r/placid-badger-cad-second-half/.context/placid-badger-cad-second-half/post-main-render-fix-2026-10-03/ios/DerivedData-placid-badger-cad-second-half/Build/Intermediates.noindex/HangTen.build/Debug-iphonesimulator/HangTen-6dc035dee0c8e6595c34f1b51425d998-VFS-iphonesimulator/all-product-headers.yaml -Xcc -iquote -Xcc /Users/asherlc/.paseo/worktrees/0h78jp9r/placid-badger-cad-second-half/.context/placid-badger-cad-second-half/post-main-render-fix-2026-10-03/ios/DerivedData-placid-badger-cad-second-half/Build/Intermediates.noindex/HangTen.build/Debug-iphonesimulator/HangTen.build/HangTen-project-headers.hmap -Xcc -I/Users/asherlc/.paseo/worktrees/0h78jp9r/placid-badger-cad-second-half/.context/placid-badger-cad-second-half/post-main-render-fix-2026-10-03/ios/DerivedData-placid-badger-cad-second-half/Build/Products/Debug-iphonesimulator/include -Xcc -I/Users/asherlc/.paseo/worktrees/0h78jp9r/placid-badger-cad-second-half/.context/placid-badger-cad-second-half/post-main-render-fix-2026-10-03/ios/DerivedData-placid-badger-cad-second-half/Build/Intermediates.noindex/HangTen.build/Debug-iphonesimulator/HangTen.build/DerivedSources-normal/arm64 -Xcc -I/Users/asherlc/.paseo/worktrees/0h78jp9r/placid-badger-cad-second-half/.context/placid-badger-cad-second-half/post-main-render-fix-2026-10-03/ios/DerivedData-placid-badger-cad-second-half/Build/Intermediates.noindex/HangTen.build/Debug-iphonesimulator/HangTen.build/DerivedSources/arm64 -Xcc -I/Users/asherlc/.paseo/worktrees/0h78jp9r/placid-badger-cad-second-half/.context/placid-badger-cad-second-half/post-main-render-fix-2026-10-03/ios/DerivedData-placid-badger-cad-second-half/Build/Intermediates.noindex/HangTen.build/Debug-iphonesimulator/HangTen.build/DerivedSources -emit-objc-header -emit-objc-header-path /Users/asherlc/.paseo/worktrees/0h78jp9r/placid-badger-cad-second-half/.context/placid-badger-cad-second-half/post-main-render-fix-2026-10-03/ios/DerivedData-placid-badger-cad-second-half/Build/Intermediates.noindex/HangTen.build/Debug-iphonesimulator/HangTen.build/Objects-normal/arm64/HangTen-Swift.h -working-directory /Users/asherlc/.paseo/worktrees/0h78jp9r/placid-badger-cad-second-half -experimental-emit-module-separately -disable-cmo

SwiftEmitModule normal arm64 Emitting\ module\ for\ HangTen (in target 'HangTen' from project 'HangTen')

SwiftCompile normal arm64 (in target 'HangTen' from project 'HangTen')
    cd /Users/asherlc/.paseo/worktrees/0h78jp9r/placid-badger-cad-second-half
    

/Users/asherlc/.paseo/worktrees/0h78jp9r/placid-badger-cad-second-half/HangTen/Models/WorkoutAudioCoach.swift:235:78: warning: main actor-isolated static property 'systemSleep' can not be referenced from a nonisolated context; this is an error in the Swift 6 language mode
219 | 
220 |     private static let deactivationRetryDelay: Duration = .milliseconds(200)
221 |     private static let systemSleep: (Duration) async throws -> Void = { duration in
    |                        `- note: static property declared here
222 |         try await Task.sleep(for: duration)
223 |     }
    :
233 |         synthesizer: any WorkoutSpeechSynthesizing,
234 |         audioSession: any WorkoutAudioSessionManaging,
235 |         sleep: @escaping (Duration) async throws -> Void = WorkoutAudioCoach.systemSleep
    |                                                                              `- warning: main actor-isolated static property 'systemSleep' can not be referenced from a nonisolated context; this is an error in the Swift 6 language mode
236 |     ) {
237 |         self.init(

/Users/asherlc/.paseo/worktrees/0h78jp9r/placid-badger-cad-second-half/HangTen/Models/WorkoutAudioCoach.swift:257:78: warning: main actor-isolated static property 'systemSleep' can not be referenced from a nonisolated context; this is an error in the Swift 6 language mode
219 | 
220 |     private static let deactivationRetryDelay: Duration = .milliseconds(200)
221 |     private static let systemSleep: (Duration) async throws -> Void = { duration in
    |                        `- note: static property declared here
222 |         try await Task.sleep(for: duration)
223 |     }
    :
255 |         audioSession: any WorkoutAudioSessionManaging,
256 |         countdownScheduler: any CountdownAudioScheduling,
257 |         sleep: @escaping (Duration) async throws -> Void = WorkoutAudioCoach.systemSleep
    |                                                                              `- warning: main actor-isolated static property 'systemSleep' can not be referenced from a nonisolated context; this is an error in the Swift 6 language mode
258 |     ) {
259 |         self.init(

/Users/asherlc/.paseo/worktrees/0h78jp9r/placid-badger-cad-second-half/HangTen/Models/WorkoutAudioCoach.swift:273:78: warning: main actor-isolated static property 'systemSleep' can not be referenced from a nonisolated context; this is an error in the Swift 6 language mode
219 | 
220 |     private static let deactivationRetryDelay: Duration = .milliseconds(200)
221 |     private static let systemSleep: (Duration) async throws -> Void = { duration in
    |                        `- note: static property declared here
222 |         try await Task.sleep(for: duration)
223 |     }
    :
271 |         countdownScheduler: any CountdownAudioScheduling,
272 |         countdownCompletionScheduler: any WorkoutCountdownCompletionScheduling,
273 |         sleep: @escaping (Duration) async throws -> Void = WorkoutAudioCoach.systemSleep
    |                                                                              `- warning: main actor-isolated static property 'systemSleep' can not be referenced from a nonisolated context; this is an error in the Swift 6 language mode
274 |     ) {
275 |         self.init(

/Users/asherlc/.paseo/worktrees/0h78jp9r/placid-badger-cad-second-half/HangTen/Models/WorkoutAudioCoach.swift:289:78: warning: main actor-isolated static property 'systemSleep' can not be referenced from a nonisolated context; this is an error in the Swift 6 language mode
219 | 
220 |     private static let deactivationRetryDelay: Duration = .milliseconds(200)
221 |     private static let systemSleep: (Duration) async throws -> Void = { duration in
    |                        `- note: static property declared here
222 |         try await Task.sleep(for: duration)
223 |     }
    :
287 |         countdownSchedulerFactory: @escaping () -> any CountdownAudioScheduling,
288 |         countdownCompletionScheduler: any WorkoutCountdownCompletionScheduling,
289 |         sleep: @escaping (Duration) async throws -> Void = WorkoutAudioCoach.systemSleep
    |                                                                              `- warning: main actor-isolated static property 'systemSleep' can not be referenced from a nonisolated context; this is an error in the Swift 6 language mode
290 |     ) {
291 |         self.synthesizer = synthesizer
SwiftDriverJobDiscovery normal arm64 Emitting module for HangTen (in target 'HangTen' from project 'HangTen')

SwiftDriver\ Compilation\ Requirements HangTen normal arm64 com.apple.xcode.tools.swift.compiler (in target 'HangTen' from project 'HangTen')
    cd /Users/asherlc/.paseo/worktrees/0h78jp9r/placid-badger-cad-second-half
    builtin-Swift-Compilation-Requirements -- /Applications/Xcode.app/Contents/Developer/Toolchains/XcodeDefault.xctoolchain/usr/bin/swiftc -module-name HangTen -Onone @/Users/asherlc/.paseo/worktrees/0h78jp9r/placid-badger-cad-second-half/.context/placid-badger-cad-second-half/post-main-render-fix-2026-10-03/ios/DerivedData-placid-badger-cad-second-half/Build/Intermediates.noindex/HangTen.build/Debug-iphonesimulator/HangTen.build/Objects-normal/arm64/HangTen.SwiftFileList -DDEBUG -Xcc -DACCELERATE_NEW_LAPACK -enable-bare-slash-regex -enable-experimental-feature DebugDescriptionMacro -sdk /Applications/Xcode.app/Contents/Developer/Platforms/iPhoneSimulator.platform/Developer/SDKs/iPhoneSimulator27.0.sdk -target arm64-apple-ios18.0-simulator -g -module-cache-path /Users/asherlc/.paseo/worktrees/0h78jp9r/placid-badger-cad-second-half/.context/placid-badger-cad-second-half/post-main-render-fix-2026-10-03/ios/DerivedData-placid-badger-cad-second-half/ModuleCache.noindex -Xfrontend -serialize-debugging-options -enable-testing -index-store-path /Users/asherlc/.paseo/worktrees/0h78jp9r/placid-badger-cad-second-half/.context/placid-badger-cad-second-half/post-main-render-fix-2026-10-03/ios/DerivedData-placid-badger-cad-second-half/Index.noindex/DataStore -swift-version 5 -I /Users/asherlc/.paseo/worktrees/0h78jp9r/placid-badger-cad-second-half/.context/placid-badger-cad-second-half/post-main-render-fix-2026-10-03/ios/DerivedData-placid-badger-cad-second-half/Build/Products/Debug-iphonesimulator -F /Users/asherlc/.paseo/worktrees/0h78jp9r/placid-badger-cad-second-half/.context/placid-badger-cad-second-half/post-main-render-fix-2026-10-03/ios/DerivedData-placid-badger-cad-second-half/Build/Products/Debug-iphonesimulator/PackageFrameworks -F /Users/asherlc/.paseo/worktrees/0h78jp9r/placid-badger-cad-second-half/.context/placid-badger-cad-second-half/post-main-render-fix-2026-10-03/ios/DerivedData-placid-badger-cad-second-half/Build/Products/Debug-iphonesimulator -c -j10 -enable-batch-mode -incremental -Xcc -ivfsstatcache -Xcc /Users/asherlc/.paseo/worktrees/0h78jp9r/placid-badger-cad-second-half/.context/placid-badger-cad-second-half/post-main-render-fix-2026-10-03/ios/DerivedData-placid-badger-cad-second-half/SDKStatCaches.noindex/iphonesimulator27.0-24A430-e829b21a6f8c9b70876ba0858053c0448dc58220667be655e1bcc261a7455254.sdkstatcache -output-file-map /Users/asherlc/.paseo/worktrees/0h78jp9r/placid-badger-cad-second-half/.context/placid-badger-cad-second-half/post-main-render-fix-2026-10-03/ios/DerivedData-placid-badger-cad-second-half/Build/Intermediates.noindex/HangTen.build/Debug-iphonesimulator/HangTen.build/Objects-normal/arm64/HangTen-OutputFileMap.json -save-temps -no-color-diagnostics -explicit-module-build -module-cache-path /Users/asherlc/.paseo/worktrees/0h78jp9r/placid-badger-cad-second-half/.context/placid-badger-cad-second-half/post-main-render-fix-2026-10-03/ios/DerivedData-placid-badger-cad-second-half/Build/Intermediates.noindex/SwiftExplicitPrecompiledModules -clang-scanner-module-cache-path /Users/asherlc/.paseo/worktrees/0h78jp9r/placid-badger-cad-second-half/.context/placid-badger-cad-second-half/post-main-render-fix-2026-10-03/ios/DerivedData-placid-badger-cad-second-half/ModuleCache.noindex -sdk-module-cache-path /Users/asherlc/.paseo/worktrees/0h78jp9r/placid-badger-cad-second-half/.context/placid-badger-cad-second-half/post-main-render-fix-2026-10-03/ios/DerivedData-placid-badger-cad-second-half/SDKExplicitPrecompiledModules -emit-dependencies -emit-module -emit-module-path /Users/asherlc/.paseo/worktrees/0h78jp9r/placid-badger-cad-second-half/.context/placid-badger-cad-second-half/post-main-render-fix-2026-10-03/ios/DerivedData-placid-badger-cad-second-half/Build/Intermediates.noindex/HangTen.build/Debug-iphonesimulator/HangTen.build/Objects-normal/arm64/HangTen.swiftmodule -serialize-diagnostics -dependency-scan-serialize-diagnostics-path /Users/asherlc/.paseo/worktrees/0h78jp9r/placid-badger-cad-second-half/.context/placid-badger-cad-second-half/post-main-render-fix-2026-10-03/ios/DerivedData-placid-badger-cad-second-half/Build/Intermediates.noindex/HangTen.build/Debug-iphonesimulator/HangTen.build/Objects-normal/arm64/HangTen-dependency-scan.dia -validate-clang-modules-once -clang-build-session-file /Users/asherlc/.paseo/worktrees/0h78jp9r/placid-badger-cad-second-half/.context/placid-badger-cad-second-half/post-main-render-fix-2026-10-03/ios/DerivedData-placid-badger-cad-second-half/ModuleCache.noindex/Session.modulevalidation -Xcc -fmodules-prune-interval\=86400 -Xcc -fmodules-prune-after\=345600 -emit-const-values -const-gather-protocols-list /Users/asherlc/.paseo/worktrees/0h78jp9r/placid-badger-cad-second-half/.context/placid-badger-cad-second-half/post-main-render-fix-2026-10-03/ios/DerivedData-placid-badger-cad-second-half/Build/Intermediates.noindex/HangTen.build/Debug-iphonesimulator/HangTen.build/Objects-normal/arm64/HangTen_const_extract_protocols.json -Xcc -iquote -Xcc /Users/asherlc/.paseo/worktrees/0h78jp9r/placid-badger-cad-second-half/.context/placid-badger-cad-second-half/post-main-render-fix-2026-10-03/ios/DerivedData-placid-badger-cad-second-half/Build/Intermediates.noindex/HangTen.build/Debug-iphonesimulator/HangTen.build/HangTen-generated-files.hmap -Xcc -I/Users/asherlc/.paseo/worktrees/0h78jp9r/placid-badger-cad-second-half/.context/placid-badger-cad-second-half/post-main-render-fix-2026-10-03/ios/DerivedData-placid-badger-cad-second-half/Build/Intermediates.noindex/HangTen.build/Debug-iphonesimulator/HangTen.build/HangTen-own-target-headers.hmap -Xcc -I/Users/asherlc/.paseo/worktrees/0h78jp9r/placid-badger-cad-second-half/.context/placid-badger-cad-second-half/post-main-render-fix-2026-10-03/ios/DerivedData-placid-badger-cad-second-half/Build/Intermediates.noindex/HangTen.build/Debug-iphonesimulator/HangTen.build/HangTen-all-non-framework-target-headers.hmap -Xcc -ivfsoverlay -Xcc /Users/asherlc/.paseo/worktrees/0h78jp9r/placid-badger-cad-second-half/.context/placid-badger-cad-second-half/post-main-render-fix-2026-10-03/ios/DerivedData-placid-badger-cad-second-half/Build/Intermediates.noindex/HangTen.build/Debug-iphonesimulator/HangTen-6dc035dee0c8e6595c34f1b51425d998-VFS-iphonesimulator/all-product-headers.yaml -Xcc -iquote -Xcc /Users/asherlc/.paseo/worktrees/0h78jp9r/placid-badger-cad-second-half/.context/placid-badger-cad-second-half/post-main-render-fix-2026-10-03/ios/DerivedData-placid-badger-cad-second-half/Build/Intermediates.noindex/HangTen.build/Debug-iphonesimulator/HangTen.build/HangTen-project-headers.hmap -Xcc -I/Users/asherlc/.paseo/worktrees/0h78jp9r/placid-badger-cad-second-half/.context/placid-badger-cad-second-half/post-main-render-fix-2026-10-03/ios/DerivedData-placid-badger-cad-second-half/Build/Products/Debug-iphonesimulator/include -Xcc -I/Users/asherlc/.paseo/worktrees/0h78jp9r/placid-badger-cad-second-half/.context/placid-badger-cad-second-half/post-main-render-fix-2026-10-03/ios/DerivedData-placid-badger-cad-second-half/Build/Intermediates.noindex/HangTen.build/Debug-iphonesimulator/HangTen.build/DerivedSources-normal/arm64 -Xcc -I/Users/asherlc/.paseo/worktrees/0h78jp9r/placid-badger-cad-second-half/.context/placid-badger-cad-second-half/post-main-render-fix-2026-10-03/ios/DerivedData-placid-badger-cad-second-half/Build/Intermediates.noindex/HangTen.build/Debug-iphonesimulator/HangTen.build/DerivedSources/arm64 -Xcc -I/Users/asherlc/.paseo/worktrees/0h78jp9r/placid-badger-cad-second-half/.context/placid-badger-cad-second-half/post-main-render-fix-2026-10-03/ios/DerivedData-placid-badger-cad-second-half/Build/Intermediates.noindex/HangTen.build/Debug-iphonesimulator/HangTen.build/DerivedSources -emit-objc-header -emit-objc-header-path /Users/asherlc/.paseo/worktrees/0h78jp9r/placid-badger-cad-second-half/.context/placid-badger-cad-second-half/post-main-render-fix-2026-10-03/ios/DerivedData-placid-badger-cad-second-half/Build/Intermediates.noindex/HangTen.build/Debug-iphonesimulator/HangTen.build/Objects-normal/arm64/HangTen-Swift.h -working-directory /Users/asherlc/.paseo/worktrees/0h78jp9r/placid-badger-cad-second-half -experimental-emit-module-separately -disable-cmo

Copy /Users/asherlc/.paseo/worktrees/0h78jp9r/placid-badger-cad-second-half/.context/placid-badger-cad-second-half/post-main-render-fix-2026-10-03/ios/DerivedData-placid-badger-cad-second-half/Build/Products/Debug-iphonesimulator/HangTen.swiftmodule/Project/arm64-apple-ios-simulator.swiftsourceinfo /Users/asherlc/.paseo/worktrees/0h78jp9r/placid-badger-cad-second-half/.context/placid-badger-cad-second-half/post-main-render-fix-2026-10-03/ios/DerivedData-placid-badger-cad-second-half/Build/Intermediates.noindex/HangTen.build/Debug-iphonesimulator/HangTen.build/Objects-normal/arm64/HangTen.swiftsourceinfo (in target 'HangTen' from project 'HangTen')
    cd /Users/asherlc/.paseo/worktrees/0h78jp9r/placid-badger-cad-second-half
    builtin-copy -exclude .DS_Store -exclude CVS -exclude .svn -exclude .git -exclude .hg -resolve-src-symlinks -rename /Users/asherlc/.paseo/worktrees/0h78jp9r/placid-badger-cad-second-half/.context/placid-badger-cad-second-half/post-main-render-fix-2026-10-03/ios/DerivedData-placid-badger-cad-second-half/Build/Intermediates.noindex/HangTen.build/Debug-iphonesimulator/HangTen.build/Objects-normal/arm64/HangTen.swiftsourceinfo /Users/asherlc/.paseo/worktrees/0h78jp9r/placid-badger-cad-second-half/.context/placid-badger-cad-second-half/post-main-render-fix-2026-10-03/ios/DerivedData-placid-badger-cad-second-half/Build/Products/Debug-iphonesimulator/HangTen.swiftmodule/Project/arm64-apple-ios-simulator.swiftsourceinfo

ProcessInfoPlistFile /Users/asherlc/.paseo/worktrees/0h78jp9r/placid-badger-cad-second-half/.context/placid-badger-cad-second-half/post-main-render-fix-2026-10-03/ios/DerivedData-placid-badger-cad-second-half/Build/Products/Debug-iphonesimulator/Amplitude-Swift_AmplitudeSwift.bundle/Info.plist /Users/asherlc/.paseo/worktrees/0h78jp9r/placid-badger-cad-second-half/.context/placid-badger-cad-second-half/post-main-render-fix-2026-10-03/ios/DerivedData-placid-badger-cad-second-half/Build/Intermediates.noindex/Amplitude-Swift.build/Debug-iphonesimulator/Amplitude-Swift_AmplitudeSwift-b.build/empty-Amplitude-Swift_AmplitudeSwift.plist (in target 'Amplitude-Swift_AmplitudeSwift' from project 'Amplitude-Swift')
    cd /Users/asherlc/.paseo/worktrees/0h78jp9r/placid-badger-cad-second-half/.context/placid-badger-cad-second-half/post-main-render-fix-2026-10-03/ios/DerivedData-placid-badger-cad-second-half/SourcePackages/checkouts/Amplitude-Swift
    builtin-infoPlistUtility /Users/asherlc/.paseo/worktrees/0h78jp9r/placid-badger-cad-second-half/.context/placid-badger-cad-second-half/post-main-render-fix-2026-10-03/ios/DerivedData-placid-badger-cad-second-half/Build/Intermediates.noindex/Amplitude-Swift.build/Debug-iphonesimulator/Amplitude-Swift_AmplitudeSwift-b.build/empty-Amplitude-Swift_AmplitudeSwift.plist -producttype com.apple.product-type.bundle -expandbuildsettings -format binary -platform iphonesimulator -o /Users/asherlc/.paseo/worktrees/0h78jp9r/placid-badger-cad-second-half/.context/placid-badger-cad-second-half/post-main-render-fix-2026-10-03/ios/DerivedData-placid-badger-cad-second-half/Build/Products/Debug-iphonesimulator/Amplitude-Swift_AmplitudeSwift.bundle/Info.plist

Copy /Users/asherlc/.paseo/worktrees/0h78jp9r/placid-badger-cad-second-half/.context/placid-badger-cad-second-half/post-main-render-fix-2026-10-03/ios/DerivedData-placid-badger-cad-second-half/Build/Products/Debug-iphonesimulator/HangTen.swiftmodule/arm64-apple-ios-simulator.swiftmodule /Users/asherlc/.paseo/worktrees/0h78jp9r/placid-badger-cad-second-half/.context/placid-badger-cad-second-half/post-main-render-fix-2026-10-03/ios/DerivedData-placid-badger-cad-second-half/Build/Intermediates.noindex/HangTen.build/Debug-iphonesimulator/HangTen.build/Objects-normal/arm64/HangTen.swiftmodule (in target 'HangTen' from project 'HangTen')
    cd /Users/asherlc/.paseo/worktrees/0h78jp9r/placid-badger-cad-second-half
    builtin-copy -exclude .DS_Store -exclude CVS -exclude .svn -exclude .git -exclude .hg -resolve-src-symlinks -rename /Users/asherlc/.paseo/worktrees/0h78jp9r/placid-badger-cad-second-half/.context/placid-badger-cad-second-half/post-main-render-fix-2026-10-03/ios/DerivedData-placid-badger-cad-second-half/Build/Intermediates.noindex/HangTen.build/Debug-iphonesimulator/HangTen.build/Objects-normal/arm64/HangTen.swiftmodule /Users/asherlc/.paseo/worktrees/0h78jp9r/placid-badger-cad-second-half/.context/placid-badger-cad-second-half/post-main-render-fix-2026-10-03/ios/DerivedData-placid-badger-cad-second-half/Build/Products/Debug-iphonesimulator/HangTen.swiftmodule/arm64-apple-ios-simulator.swiftmodule

Copy /Users/asherlc/.paseo/worktrees/0h78jp9r/placid-badger-cad-second-half/.context/placid-badger-cad-second-half/post-main-render-fix-2026-10-03/ios/DerivedData-placid-badger-cad-second-half/Build/Products/Debug-iphonesimulator/HangTen.swiftmodule/arm64-apple-ios-simulator.abi.json /Users/asherlc/.paseo/worktrees/0h78jp9r/placid-badger-cad-second-half/.context/placid-badger-cad-second-half/post-main-render-fix-2026-10-03/ios/DerivedData-placid-badger-cad-second-half/Build/Intermediates.noindex/HangTen.build/Debug-iphonesimulator/HangTen.build/Objects-normal/arm64/HangTen.abi.json (in target 'HangTen' from project 'HangTen')
    cd /Users/asherlc/.paseo/worktrees/0h78jp9r/placid-badger-cad-second-half
    builtin-copy -exclude .DS_Store -exclude CVS -exclude .svn -exclude .git -exclude .hg -resolve-src-symlinks -rename /Users/asherlc/.paseo/worktrees/0h78jp9r/placid-badger-cad-second-half/.context/placid-badger-cad-second-half/post-main-render-fix-2026-10-03/ios/DerivedData-placid-badger-cad-second-half/Build/Intermediates.noindex/HangTen.build/Debug-iphonesimulator/HangTen.build/Objects-normal/arm64/HangTen.abi.json /Users/asherlc/.paseo/worktrees/0h78jp9r/placid-badger-cad-second-half/.context/placid-badger-cad-second-half/post-main-render-fix-2026-10-03/ios/DerivedData-placid-badger-cad-second-half/Build/Products/Debug-iphonesimulator/HangTen.swiftmodule/arm64-apple-ios-simulator.abi.json

SwiftCompile normal arm64 Compiling\ BoardMapView.swift /Users/asherlc/.paseo/worktrees/0h78jp9r/placid-badger-cad-second-half/HangTen/Views/BoardMapView.swift (in target 'HangTen' from project 'HangTen')

SwiftCompile normal arm64 /Users/asherlc/.paseo/worktrees/0h78jp9r/placid-badger-cad-second-half/HangTen/Views/BoardMapView.swift (in target 'HangTen' from project 'HangTen')
    cd /Users/asherlc/.paseo/worktrees/0h78jp9r/placid-badger-cad-second-half
    builtin-SwiftPerFileCompile BoardMapView.swift

SwiftCompile normal arm64 Compiling\ WorkoutView.swift /Users/asherlc/.paseo/worktrees/0h78jp9r/placid-badger-cad-second-half/HangTen/Views/WorkoutView.swift (in target 'HangTen' from project 'HangTen')

SwiftCompile normal arm64 /Users/asherlc/.paseo/worktrees/0h78jp9r/placid-badger-cad-second-half/HangTen/Views/WorkoutView.swift (in target 'HangTen' from project 'HangTen')
    cd /Users/asherlc/.paseo/worktrees/0h78jp9r/placid-badger-cad-second-half
    builtin-SwiftPerFileCompile WorkoutView.swift

SwiftCompile normal arm64 Compiling\ GripHandModelView.swift /Users/asherlc/.paseo/worktrees/0h78jp9r/placid-badger-cad-second-half/HangTen/Views/GripHandModelView.swift (in target 'HangTen' from project 'HangTen')
/Users/asherlc/.paseo/worktrees/0h78jp9r/placid-badger-cad-second-half/HangTen/Views/GripHandModelView.swift:165:44: error: extra argument 'preparationID' in call
 163 |                         ? .init() : .init(renderers: [preparationHostID: .init(
 164 |                             kind: .hand, isReady: synchronizedPreparation == currentPreparation(in: size) && !isUnavailable,
 165 |                             preparationID: preparationID)]))
     |                                            `- error: extra argument 'preparationID' in call
 166 |         }
 167 |     }

/Users/asherlc/.paseo/worktrees/0h78jp9r/placid-badger-cad-second-half/HangTen/Views/GripHandModelView.swift:892:44: error: extra argument 'preparationID' in call
 890 |                         ? .init() : .init(renderers: [preparationHostID: .init(
 891 |                             kind: .hand, isReady: synchronizedPreparation == currentPreparation(in: size) && !isUnavailable,
 892 |                             preparationID: preparationID)]))
     |                                            `- error: extra argument 'preparationID' in call
 893 |         }
 894 |     }
Failed frontend command:
/Applications/Xcode.app/Contents/Developer/Toolchains/XcodeDefault.xctoolchain/usr/bin/swift-frontend -frontend -c /Users/asherlc/.paseo/worktrees/0h78jp9r/placid-badger-cad-second-half/HangTen/HangTenApp.swift /Users/asherlc/.paseo/worktrees/0h78jp9r/placid-badger-cad-second-half/HangTen/Models/AppStore.swift /Users/asherlc/.paseo/worktrees/0h78jp9r/placid-badger-cad-second-half/HangTen/Models/TrainingModels.swift /Users/asherlc/.paseo/worktrees/0h78jp9r/placid-badger-cad-second-half/HangTen/Views/DesignSystem.swift /Users/asherlc/.paseo/worktrees/0h78jp9r/placid-badger-cad-second-half/HangTen/Views/BoardMapView.swift /Users/asherlc/.paseo/worktrees/0h78jp9r/placid-badger-cad-second-half/HangTen/Views/BoardModelView.swift /Users/asherlc/.paseo/worktrees/0h78jp9r/placid-badger-cad-second-half/HangTen/Models/BoardModelRealityTypes.swift /Users/asherlc/.paseo/worktrees/0h78jp9r/placid-badger-cad-second-half/HangTen/Views/SuspendedBoardPresentation.swift /Users/asherlc/.paseo/worktrees/0h78jp9r/placid-badger-cad-second-half/HangTen/Models/SuspensionProfiles.swift /Users/asherlc/.paseo/worktrees/0h78jp9r/placid-badger-cad-second-half/HangTen/Models/RopePhysicsDescriptor.swift /Users/asherlc/.paseo/worktrees/0h78jp9r/placid-badger-cad-second-half/HangTen/Models/RopeTriangleCollider.swift /Users/asherlc/.paseo/worktrees/0h78jp9r/placid-badger-cad-second-half/HangTen/Models/RopeSimulationState.swift /Users/asherlc/.paseo/worktrees/0h78jp9r/placid-badger-cad-second-half/HangTen/Models/RopeThreadedSeed.swift /Users/asherlc/.paseo/worktrees/0h78jp9r/placid-badger-cad-second-half/HangTen/Models/RopeBandedSystem.swift /Users/asherlc/.paseo/worktrees/0h78jp9r/placid-badger-cad-second-half/HangTen/Models/RopeContactSystem.swift /Users/asherlc/.paseo/worktrees/0h78jp9r/placid-badger-cad-second-half/HangTen/Models/RopeSimulationMetrics.swift /Users/asherlc/.paseo/worktrees/0h78jp9r/placid-badger-cad-second-half/HangTen/Models/RopeDynamicsSolver.swift /Users/asherlc/.paseo/worktrees/0h78jp9r/placid-badger-cad-second-half/HangTen/Models/RopeCordContacts.swift /Users/asherlc/.paseo/worktrees/0h78jp9r/placid-badger-cad-second-half/HangTen/Models/LiveRopeMesh.swift /Users/asherlc/.paseo/worktrees/0h78jp9r/placid-badger-cad-second-half/HangTen/Models/LiveRopeController.swift /Users/asherlc/.paseo/worktrees/0h78jp9r/placid-badger-cad-second-half/HangTen/Views/OrbitPanGestureDelegate.swift /Users/asherlc/.paseo/worktrees/0h78jp9r/placid-badger-cad-second-half/HangTen/Views/RootView.swift /Users/asherlc/.paseo/worktrees/0h78jp9r/placid-badger-cad-second-half/HangTen/Views/WorkoutCueCard.swift /Users/asherlc/.paseo/worktrees/0h78jp9r/placid-badger-cad-second-half/HangTen/Views/WorkoutControls.swift /Users/asherlc/.paseo/worktrees/0h78jp9r/placid-badger-cad-second-half/HangTen/Views/WorkoutTimerView.swift /Users/asherlc/.paseo/worktrees/0h78jp9r/placid-badger-cad-second-half/HangTen/Views/WorkoutPresentationContent.swift /Users/asherlc/.paseo/worktrees/0h78jp9r/placid-badger-cad-second-half/HangTen/Views/WorkoutView.swift /Users/asherlc/.paseo/worktrees/0h78jp9r/placid-badger-cad-second-half/HangTen/Views/WorkoutSessionState.swift /Users/asherlc/.paseo/worktrees/0h78jp9r/placid-badger-cad-second-half/HangTen/Views/PlanDetailView.swift /Users/asherlc/.paseo/worktrees/0h78jp9r/placid-badger-cad-second-half/HangTen/Views/PlansView.swift /Users/asherlc/.paseo/worktrees/0h78jp9r/placid-badger-cad-second-half/HangTen/Views/TrainView.swift /Users/asherlc/.paseo/worktrees/0h78jp9r/placid-badger-cad-second-half/HangTen/Views/AppSettingsView.swift /Users/asherlc/.paseo/worktrees/0h78jp9r/placid-badger-cad-second-half/HangTen/Views/GripDiagramView.swift -primary-file /Users/asherlc/.paseo/worktrees/0h78jp9r/placid-badger-cad-second-half/HangTen/Views/GripHandModelView.swift /Users/asherlc/.paseo/worktrees/0h78jp9r/placid-badger-cad-second-half/HangTen/Models/HealthKitService.swift /Users/asherlc/.paseo/worktrees/0h78jp9r/placid-badger-cad-second-half/HangTen/Models/PlanStorage.swift /Users/asherlc/.paseo/worktrees/0h78jp9r/placid-badger-cad-second-half/HangTen/Models/BoardStorage.swift /Users/asherlc/.paseo/worktrees/0h78jp9r/placid-badger-cad-second-half/HangTen/Models/WorkoutAudioCoach.swift /Users/asherlc/.paseo/worktrees/0h78jp9r/placid-badger-cad-second-half/HangTen/Models/CountdownAudioScheduler.swift /Users/asherlc/.paseo/worktrees/0h78jp9r/placid-badger-cad-second-half/HangTen/Models/ForceSensorModels.swift /Users/asherlc/.paseo/worktrees/0h78jp9r/placid-badger-cad-second-half/HangTen/Models/ProgressorProtocol.swift /Users/asherlc/.paseo/worktrees/0h78jp9r/placid-badger-cad-second-half/HangTen/Models/PitchSixProtocol.swift /Users/asherlc/.paseo/worktrees/0h78jp9r/placid-badger-cad-second-half/HangTen/Models/WHC06Protocol.swift /Users/asherlc/.paseo/worktrees/0h78jp9r/placid-badger-cad-second-half/HangTen/Models/EntralpiProtocol.swift /Users/asherlc/.paseo/worktrees/0h78jp9r/placid-badger-cad-second-half/HangTen/Models/ClimbroProtocol.swift /Users/asherlc/.paseo/worktrees/0h78jp9r/placid-badger-cad-second-half/HangTen/Models/MotherboardModels.swift /Users/asherlc/.paseo/worktrees/0h78jp9r/placid-badger-cad-second-half/HangTen/Models/MotherboardProtocol.swift /Users/asherlc/.paseo/worktrees/0h78jp9r/placid-badger-cad-second-half/HangTen/Models/MotherboardWorkoutRecorder.swift /Users/asherlc/.paseo/worktrees/0h78jp9r/placid-badger-cad-second-half/HangTen/Models/WorkoutSessionStore.swift /Users/asherlc/.paseo/worktrees/0h78jp9r/placid-badger-cad-second-half/HangTen/Models/MotherboardBluetoothService.swift /Users/asherlc/.paseo/worktrees/0h78jp9r/placid-badger-cad-second-half/HangTen/Views/MotherboardViews.swift /Users/asherlc/.paseo/worktrees/0h78jp9r/placid-badger-cad-second-half/HangTen/Views/WorkoutSummaryView.swift /Users/asherlc/.paseo/worktrees/0h78jp9r/placid-badger-cad-second-half/HangTen/Models/SimulatedMotherboardTransport.swift /Users/asherlc/.paseo/worktrees/0h78jp9r/placid-badger-cad-second-half/HangTen/Models/MotherboardWorkoutPreparation.swift /Users/asherlc/.paseo/worktrees/0h78jp9r/placid-badger-cad-second-half/HangTen/Views/MotherboardWorkoutPreparationView.swift /Users/asherlc/.paseo/worktrees/0h78jp9r/placid-badger-cad-second-half/HangTen/Models/WorkoutTimeline.swift /Users/asherlc/.paseo/worktrees/0h78jp9r/placid-badger-cad-second-half/HangTen/Views/WorkoutStepPickerView.swift /Users/asherlc/.paseo/worktrees/0h78jp9r/placid-badger-cad-second-half/HangTen/Models/PlanFilters.swift /Users/asherlc/.paseo/worktrees/0h78jp9r/placid-badger-cad-second-half/HangTen/Models/WorkoutActivityRecording.swift /Users/asherlc/.paseo/worktrees/0h78jp9r/placid-badger-cad-second-half/HangTen/Models/WorkoutStopwatch.swift /Users/asherlc/.paseo/worktrees/0h78jp9r/placid-badger-cad-second-half/HangTen/Models/WorkoutAccessStore.swift /Users/asherlc/.paseo/worktrees/0h78jp9r/placid-badger-cad-second-half/HangTen/Models/PurchaseManager.swift /Users/asherlc/.paseo/worktrees/0h78jp9r/placid-badger-cad-second-half/HangTen/Models/WorkoutHistory.swift /Users/asherlc/.paseo/worktrees/0h78jp9r/placid-badger-cad-second-half/HangTen/Models/LocalWorkoutHistoryStore.swift /Users/asherlc/.paseo/worktrees/0h78jp9r/placid-badger-cad-second-half/HangTen/Models/WorkoutHistoryService.swift /Users/asherlc/.paseo/worktrees/0h78jp9r/placid-badger-cad-second-half/HangTen/Models/WorkoutStepNormalization.swift /Users/asherlc/.paseo/worktrees/0h78jp9r/placid-badger-cad-second-half/HangTen/Models/CustomRoutineStore.swift /Users/asherlc/.paseo/worktrees/0h78jp9r/placid-badger-cad-second-half/HangTen/Models/CustomRoutineDraft.swift /Users/asherlc/.paseo/worktrees/0h78jp9r/placid-badger-cad-second-half/HangTen/Views/CustomRoutineEditorView.swift /Users/asherlc/.paseo/worktrees/0h78jp9r/placid-badger-cad-second-half/HangTen/Models/BoardPackageStore.swift /Users/asherlc/.paseo/worktrees/0h78jp9r/placid-badger-cad-second-half/HangTen/Views/WorkoutAccessGate.swift /Users/asherlc/.paseo/worktrees/0h78jp9r/placid-badger-cad-second-half/HangTen/Models/Telemetry.swift /Users/asherlc/.paseo/worktrees/0h78jp9r/placid-badger-cad-second-half/HangTen/Models/AmplitudeAnalyticsTelemetry.swift /Users/asherlc/.paseo/worktrees/0h78jp9r/placid-badger-cad-second-half/HangTen/Models/DeepLinkManager.swift /Users/asherlc/.paseo/worktrees/0h78jp9r/placid-badger-cad-second-half/HangTen/Models/SentryDiagnostics.swift /Users/asherlc/.paseo/worktrees/0h78jp9r/placid-badger-cad-second-half/HangTen/Models/SentryUserReports.swift /Users/asherlc/.paseo/worktrees/0h78jp9r/placid-badger-cad-second-half/HangTen/Views/ReportProblemView.swift /Users/asherlc/.paseo/worktrees/0h78jp9r/placid-badger-cad-second-half/HangTen/Models/FreeWorkoutDraft.swift /Users/asherlc/.paseo/worktrees/0h78jp9r/placid-badger-cad-second-half/HangTen/Models/FreeWorkoutDraftMigration.swift /Users/asherlc/.paseo/worktrees/0h78jp9r/placid-badger-cad-second-half/HangTen/Models/FreeWorkoutLog.swift /Users/asherlc/.paseo/worktrees/0h78jp9r/placid-badger-cad-second-half/HangTen/Models/FreeWorkoutLogStore.swift /Users/asherlc/.paseo/worktrees/0h78jp9r/placid-badger-cad-second-half/HangTen/Models/FreeWorkoutRestTimer.swift /Users/asherlc/.paseo/worktrees/0h78jp9r/placid-badger-cad-second-half/HangTen/Models/FreeWorkoutFinish.swift /Users/asherlc/.paseo/worktrees/0h78jp9r/placid-badger-cad-second-half/HangTen/Views/FreeWorkoutStartSheet.swift /Users/asherlc/.paseo/worktrees/0h78jp9r/placid-badger-cad-second-half/HangTen/Views/FreeWorkoutLogSessionView.swift /Users/asherlc/.paseo/worktrees/0h78jp9r/placid-badger-cad-second-half/HangTen/Views/FreeWorkoutAddExerciseSheet.swift /Users/asherlc/.paseo/worktrees/0h78jp9r/placid-badger-cad-second-half/HangTen/Views/FreeWorkoutGuidedHangView.swift /Users/asherlc/.paseo/worktrees/0h78jp9r/placid-badger-cad-second-half/HangTen/Views/FreeWorkoutLogSetSheet.swift /Users/asherlc/.paseo/worktrees/0h78jp9r/placid-badger-cad-second-half/HangTen/Models/FreeWorkoutGuidedHangCountdown.swift /Users/asherlc/.paseo/worktrees/0h78jp9r/placid-badger-cad-second-half/HangTen/Models/FreeWorkoutDecimalText.swift /Users/asherlc/.paseo/worktrees/0h78jp9r/placid-badger-cad-second-half/.context/placid-badger-cad-second-half/post-main-render-fix-2026-10-03/ios/DerivedData-placid-badger-cad-second-half/Build/Intermediates.noindex/HangTen.build/Debug-iphonesimulator/HangTen.build/DerivedSources/GeneratedAssetSymbols.swift -emit-dependencies-path /Users/asherlc/.paseo/worktrees/0h78jp9r/placid-badger-cad-second-half/.context/placid-badger-cad-second-half/post-main-render-fix-2026-10-03/ios/DerivedData-placid-badger-cad-second-half/Build/Intermediates.noindex/HangTen.build/Debug-iphonesimulator/HangTen.build/Objects-normal/arm64/GripHandModelView.d -emit-const-values-path /Users/asherlc/.paseo/worktrees/0h78jp9r/placid-badger-cad-second-half/.context/placid-badger-cad-second-half/post-main-render-fix-2026-10-03/ios/DerivedData-placid-badger-cad-second-half/Build/Intermediates.noindex/HangTen.build/Debug-iphonesimulator/HangTen.build/Objects-normal/arm64/GripHandModelView.swiftconstvalues -emit-reference-dependencies-path /Users/asherlc/.paseo/worktrees/0h78jp9r/placid-badger-cad-second-half/.context/placid-badger-cad-second-half/post-main-render-fix-2026-10-03/ios/DerivedData-placid-badger-cad-second-half/Build/Intermediates.noindex/HangTen.build/Debug-iphonesimulator/HangTen.build/Objects-normal/arm64/GripHandModelView.swiftdeps -serialize-diagnostics-path /Users/asherlc/.paseo/worktrees/0h78jp9r/placid-badger-cad-second-half/.context/placid-badger-cad-second-half/post-main-render-fix-2026-10-03/ios/DerivedData-placid-badger-cad-second-half/Build/Intermediates.noindex/HangTen.build/Debug-iphonesimulator/HangTen.build/Objects-normal/arm64/GripHandModelView.dia -target arm64-apple-ios18.0-simulator -module-can-import-version DeveloperToolsSupport 24.0.24 24.0.24 -module-can-import-version UIKit 9127.0.84.1 9127.0.84 -disable-cross-import-overlay-search -swift-module-cross-import RealityKit /Applications/Xcode.app/Contents/Developer/Platforms/iPhoneSimulator.platform/Developer/SDKs/iPhoneSimulator27.0.sdk/System/Library/Frameworks/RealityKit.framework/Modules/RealityKit.swiftcrossimport/ComputeGraph.swiftoverlay -swift-module-cross-import RealityKit /Applications/Xcode.app/Contents/Developer/Platforms/iPhoneSimulator.platform/Developer/SDKs/iPhoneSimulator27.0.sdk/System/Library/Frameworks/RealityKit.framework/Modules/RealityKit.swiftcrossimport/SwiftUI.swiftoverlay -swift-module-cross-import StoreKit /Applications/Xcode.app/Contents/Developer/Platforms/iPhoneSimulator.platform/Developer/SDKs/iPhoneSimulator.sdk/System/Library/Frameworks/StoreKit.framework/Modules/StoreKit.swiftcrossimport/SwiftUI.swiftoverlay -swift-module-cross-import StoreKit /Applications/Xcode.app/Contents/Developer/Platforms/iPhoneSimulator.platform/Developer/SDKs/iPhoneSimulator27.0.sdk/System/Library/Frameworks/StoreKit.framework/Modules/StoreKit.swiftcrossimport/SwiftUI.swiftoverlay -load-resolved-plugin /Applications/Xcode.app/Contents/Developer/Platforms/iPhoneOS.platform/Developer/usr/lib/swift/host/plugins/libFoundationMacros.dylib\#/Applications/Xcode.app/Contents/Developer/Platforms/iPhoneOS.platform/Developer/usr/bin/swift-plugin-server\#FoundationMacros -load-resolved-plugin /Applications/Xcode.app/Contents/Developer/Platforms/iPhoneOS.platform/Developer/usr/lib/swift/host/plugins/libObservationMacros.dylib\#/Applications/Xcode.app/Contents/Developer/Platforms/iPhoneOS.platform/Developer/usr/bin/swift-plugin-server\#ObservationMacros -load-resolved-plugin /Applications/Xcode.app/Contents/Developer/Platforms/iPhoneOS.platform/Developer/usr/lib/swift/host/plugins/libPreviewsMacros.dylib\#/Applications/Xcode.app/Contents/Developer/Platforms/iPhoneOS.platform/Developer/usr/bin/swift-plugin-server\#PreviewsMacros -load-resolved-plugin /Applications/Xcode.app/Contents/Developer/Platforms/iPhoneOS.platform/Developer/usr/lib/swift/host/plugins/libStateReportingMacros.dylib\#/Applications/Xcode.app/Contents/Developer/Platforms/iPhoneOS.platform/Developer/usr/bin/swift-plugin-server\#StateReportingMacros -load-resolved-plugin /Applications/Xcode.app/Contents/Developer/Platforms/iPhoneOS.platform/Developer/usr/lib/swift/host/plugins/libSwiftMacros.dylib\#/Applications/Xcode.app/Contents/Developer/Platforms/iPhoneOS.platform/Developer/usr/bin/swift-plugin-server\#SwiftMacros -load-resolved-plugin /Applications/Xcode.app/Contents/Developer/Platforms/iPhoneOS.platform/Developer/usr/lib/swift/host/plugins/libSwiftUIMacros.dylib\#/Applications/Xcode.app/Contents/Developer/Platforms/iPhoneOS.platform/Developer/usr/bin/swift-plugin-server\#SwiftUIMacros -disable-implicit-swift-modules -Xcc -fno-implicit-modules -Xcc -fno-implicit-module-maps -explicit-swift-module-map-file /Users/asherlc/.paseo/worktrees/0h78jp9r/placid-badger-cad-second-half/.context/placid-badger-cad-second-half/post-main-render-fix-2026-10-03/ios/DerivedData-placid-badger-cad-second-half/Build/Intermediates.noindex/HangTen.build/Debug-iphonesimulator/HangTen.build/Objects-normal/arm64/HangTen-dependencies-1.json -Xllvm -aarch64-use-tbi -enable-objc-interop -sdk /Applications/Xcode.app/Contents/Developer/Platforms/iPhoneSimulator.platform/Developer/SDKs/iPhoneSimulator27.0.sdk -I /Users/asherlc/.paseo/worktrees/0h78jp9r/placid-badger-cad-second-half/.context/placid-badger-cad-second-half/post-main-render-fix-2026-10-03/ios/DerivedData-placid-badger-cad-second-half/Build/Products/Debug-iphonesimulator -F /Users/asherlc/.paseo/worktrees/0h78jp9r/placid-badger-cad-second-half/.context/placid-badger-cad-second-half/post-main-render-fix-2026-10-03/ios/DerivedData-placid-badger-cad-second-half/Build/Products/Debug-iphonesimulator/PackageFrameworks -F /Users/asherlc/.paseo/worktrees/0h78jp9r/placid-badger-cad-second-half/.context/placid-badger-cad-second-half/post-main-render-fix-2026-10-03/ios/DerivedData-placid-badger-cad-second-half/Build/Products/Debug-iphonesimulator -module-cache-path /Users/asherlc/.paseo/worktrees/0h78jp9r/placid-badger-cad-second-half/.context/placid-badger-cad-second-half/post-main-render-fix-2026-10-03/ios/DerivedData-placid-badger-cad-second-half/Build/Intermediates.noindex/SwiftExplicitPrecompiledModules -no-color-diagnostics -Xcc -fno-color-diagnostics -enable-testing -g -debug-info-format\=dwarf -dwarf-version\=5 -swift-version 5 -Onone -D DEBUG -serialize-debugging-options -enable-experimental-feature DebugDescriptionMacro -enable-bare-slash-regex -empty-abi-descriptor -validate-clang-modules-once -clang-build-session-file /Users/asherlc/.paseo/worktrees/0h78jp9r/placid-badger-cad-second-half/.context/placid-badger-cad-second-half/post-main-render-fix-2026-10-03/ios/DerivedData-placid-badger-cad-second-half/ModuleCache.noindex/Session.modulevalidation -Xcc -working-directory -Xcc /Users/asherlc/.paseo/worktrees/0h78jp9r/placid-badger-cad-second-half -enable-anonymous-context-mangled-names -file-compilation-dir /Users/asherlc/.paseo/worktrees/0h78jp9r/placid-badger-cad-second-half -Xcc -DACCELERATE_NEW_LAPACK -Xcc -ivfsstatcache -Xcc /Users/asherlc/.paseo/worktrees/0h78jp9r/placid-badger-cad-second-half/.context/placid-badger-cad-second-half/post-main-render-fix-2026-10-03/ios/DerivedData-placid-badger-cad-second-half/SDKStatCaches.noindex/iphonesimulator27.0-24A430-e829b21a6f8c9b70876ba0858053c0448dc58220667be655e1bcc261a7455254.sdkstatcache -Xcc -fmodules-prune-interval\=86400 -Xcc -fmodules-prune-after\=345600 -Xcc -iquote -Xcc /Users/asherlc/.paseo/worktrees/0h78jp9r/placid-badger-cad-second-half/.context/placid-badger-cad-second-half/post-main-render-fix-2026-10-03/ios/DerivedData-placid-badger-cad-second-half/Build/Intermediates.noindex/HangTen.build/Debug-iphonesimulator/HangTen.build/HangTen-generated-files.hmap -Xcc -I/Users/asherlc/.paseo/worktrees/0h78jp9r/placid-badger-cad-second-half/.context/placid-badger-cad-second-half/post-main-render-fix-2026-10-03/ios/DerivedData-placid-badger-cad-second-half/Build/Intermediates.noindex/HangTen.build/Debug-iphonesimulator/HangTen.build/HangTen-own-target-headers.hmap -Xcc -I/Users/asherlc/.paseo/worktrees/0h78jp9r/placid-badger-cad-second-half/.context/placid-badger-cad-second-half/post-main-render-fix-2026-10-03/ios/DerivedData-placid-badger-cad-second-half/Build/Intermediates.noindex/HangTen.build/Debug-iphonesimulator/HangTen.build/HangTen-all-non-framework-target-headers.hmap -Xcc -ivfsoverlay -Xcc /Users/asherlc/.paseo/worktrees/0h78jp9r/placid-badger-cad-second-half/.context/placid-badger-cad-second-half/post-main-render-fix-2026-10-03/ios/DerivedData-placid-badger-cad-second-half/Build/Intermediates.noindex/HangTen.build/Debug-iphonesimulator/HangTen-6dc035dee0c8e6595c34f1b51425d998-VFS-iphonesimulator/all-product-headers.yaml -Xcc -iquote -Xcc /Users/asherlc/.paseo/worktrees/0h78jp9r/placid-badger-cad-second-half/.context/placid-badger-cad-second-half/post-main-render-fix-2026-10-03/ios/DerivedData-placid-badger-cad-second-half/Build/Intermediates.noindex/HangTen.build/Debug-iphonesimulator/HangTen.build/HangTen-project-headers.hmap -Xcc -I/Users/asherlc/.paseo/worktrees/0h78jp9r/placid-badger-cad-second-half/.context/placid-badger-cad-second-half/post-main-render-fix-2026-10-03/ios/DerivedData-placid-badger-cad-second-half/Build/Products/Debug-iphonesimulator/include -Xcc -I/Users/asherlc/.paseo/worktrees/0h78jp9r/placid-badger-cad-second-half/.context/placid-badger-cad-second-half/post-main-render-fix-2026-10-03/ios/DerivedData-placid-badger-cad-second-half/Build/Intermediates.noindex/HangTen.build/Debug-iphonesimulator/HangTen.build/DerivedSources-normal/arm64 -Xcc -I/Users/asherlc/.paseo/worktrees/0h78jp9r/placid-badger-cad-second-half/.context/placid-badger-cad-second-half/post-main-render-fix-2026-10-03/ios/DerivedData-placid-badger-cad-second-half/Build/Intermediates.noindex/HangTen.build/Debug-iphonesimulator/HangTen.build/DerivedSources/arm64 -Xcc -I/Users/asherlc/.paseo/worktrees/0h78jp9r/placid-badger-cad-second-half/.context/placid-badger-cad-second-half/post-main-render-fix-2026-10-03/ios/DerivedData-placid-badger-cad-second-half/Build/Intermediates.noindex/HangTen.build/Debug-iphonesimulator/HangTen.build/DerivedSources -no-auto-bridging-header-chaining -module-name HangTen -const-gather-protocols-file /Users/asherlc/.paseo/worktrees/0h78jp9r/placid-badger-cad-second-half/.context/placid-badger-cad-second-half/post-main-render-fix-2026-10-03/ios/DerivedData-placid-badger-cad-second-half/Build/Intermediates.noindex/HangTen.build/Debug-iphonesimulator/HangTen.build/Objects-normal/arm64/HangTen_const_extract_protocols.json -disable-clang-spi -clang-target arm64-apple-ios27.0-simulator -target-sdk-version 27.0 -target-sdk-name iphonesimulator27.0 -in-process-plugin-server-path /Applications/Xcode.app/Contents/Developer/Toolchains/XcodeDefault.xctoolchain/usr/lib/swift/host/libSwiftInProcPluginServer.dylib -o /Users/asherlc/.paseo/worktrees/0h78jp9r/placid-badger-cad-second-half/.context/placid-badger-cad-second-half/post-main-render-fix-2026-10-03/ios/DerivedData-placid-badger-cad-second-half/Build/Intermediates.noindex/HangTen.build/Debug-iphonesimulator/HangTen.build/Objects-normal/arm64/GripHandModelView.o -debug-module-path /Users/asherlc/.paseo/worktrees/0h78jp9r/placid-badger-cad-second-half/.context/placid-badger-cad-second-half/post-main-render-fix-2026-10-03/ios/DerivedData-placid-badger-cad-second-half/Build/Intermediates.noindex/HangTen.build/Debug-iphonesimulator/HangTen.build/Objects-normal/arm64/HangTen.swiftmodule -index-unit-output-path /HangTen.build/Debug-iphonesimulator/HangTen.build/Objects-normal/arm64/GripHandModelView.o -index-store-path /Users/asherlc/.paseo/worktrees/0h78jp9r/placid-badger-cad-second-half/.context/placid-badger-cad-second-half/post-main-render-fix-2026-10-03/ios/DerivedData-placid-badger-cad-second-half/Index.noindex/DataStore -index-system-modules

SwiftCompile normal arm64 /Users/asherlc/.paseo/worktrees/0h78jp9r/placid-badger-cad-second-half/HangTen/Views/GripHandModelView.swift (in target 'HangTen' from project 'HangTen')
    cd /Users/asherlc/.paseo/worktrees/0h78jp9r/placid-badger-cad-second-half
    builtin-SwiftPerFileCompile GripHandModelView.swift

SwiftCompile normal arm64 Compiling\ BoardModelView.swift /Users/asherlc/.paseo/worktrees/0h78jp9r/placid-badger-cad-second-half/HangTen/Views/BoardModelView.swift (in target 'HangTen' from project 'HangTen')

SwiftCompile normal arm64 /Users/asherlc/.paseo/worktrees/0h78jp9r/placid-badger-cad-second-half/HangTen/Views/BoardModelView.swift (in target 'HangTen' from project 'HangTen')
    cd /Users/asherlc/.paseo/worktrees/0h78jp9r/placid-badger-cad-second-half
    builtin-SwiftPerFileCompile BoardModelView.swift

PruneExplicitPrecompiledModules /Users/asherlc/.paseo/worktrees/0h78jp9r/placid-badger-cad-second-half/.context/placid-badger-cad-second-half/post-main-render-fix-2026-10-03/ios/DerivedData-placid-badger-cad-second-half/Build/Intermediates.noindex/ExplicitPrecompiledModules

PruneExplicitPrecompiledModules /Users/asherlc/.paseo/worktrees/0h78jp9r/placid-badger-cad-second-half/.context/placid-badger-cad-second-half/post-main-render-fix-2026-10-03/ios/DerivedData-placid-badger-cad-second-half/SDKExplicitPrecompiledModules

PruneExplicitPrecompiledModules /Users/asherlc/.paseo/worktrees/0h78jp9r/placid-badger-cad-second-half/.context/placid-badger-cad-second-half/post-main-render-fix-2026-10-03/ios/DerivedData-placid-badger-cad-second-half/Build/Intermediates.noindex/SwiftExplicitPrecompiledModules

warning: Run script build phase 'Verify Board Source Boundary Manifest' will be run during every build because it does not specify any outputs. To address this issue, either add output dependencies to the script phase, or configure it to run in every build by unchecking "Based on dependency analysis" in the script phase. (in target 'HangTenTests' from project 'HangTen')

Test session results, code coverage, and logs:
	/Users/asherlc/.paseo/worktrees/0h78jp9r/placid-badger-cad-second-half/.context/placid-badger-cad-second-half/post-main-render-fix-2026-10-03/ios/tests-placid-badger-cad-second-half.xcresult

