[1/10] validating metolius-contact.FCStd
[2/10] reopening and recomputing the source document
[3/10] extracting bound components and semantic regions
[4/10] tessellating with pinned quality
[5/10] partitioning the surface and preserving normals and materials
      body_board_001: 11379 triangles, role=body
      contact_pocket_4_left: 457 triangles, role=contact
      contact_pocket_4_right: 459 triangles, role=contact
      contact_pocket_5_left: 480 triangles, role=contact
      contact_pocket_5_right: 477 triangles, role=contact
      contact_pocket_6_left: 450 triangles, role=contact
      contact_pocket_6_right: 454 triangles, role=contact
      contact_pocket_7_left: 477 triangles, role=contact
      contact_pocket_7_right: 479 triangles, role=contact
      contact_pocket_8_left: 520 triangles, role=contact
      contact_pocket_8_right: 515 triangles, role=contact
      contact_pocket_9_left: 490 triangles, role=contact
      contact_pocket_9_right: 500 triangles, role=contact
      contact_pocket_10_left: 582 triangles, role=contact
      contact_pocket_10_right: 586 triangles, role=contact
      contact_pocket_11_left: 660 triangles, role=contact
      contact_pocket_11_right: 659 triangles, role=contact
      contact_pocket_12_left: 535 triangles, role=contact
      contact_pocket_12_right: 537 triangles, role=contact
      contact_pocket_13_left: 527 triangles, role=contact
      contact_pocket_13_right: 535 triangles, role=contact
      contact_pocket_14_left: 542 triangles, role=contact
      contact_pocket_14_right: 543 triangles, role=contact
      contact_edge_16_center: 803 triangles, role=contact
      contact_edge_17_center: 812 triangles, role=contact
      contact_edge_18_center: 775 triangles, role=contact
      contact_edge_19_center: 539 triangles, role=contact
      contact_flat_sloper_center: 8 triangles, role=contact
      contact_round_sloper_3_left: 1468 triangles, role=contact
      contact_jug_left: 1195 triangles, role=contact
      contact_round_sloper_3_right: 1666 triangles, role=contact
      contact_jug_right: 1118 triangles, role=contact
      contact_pinch_right: 2536 triangles, role=contact
      contact_pinch_left: 2536 triangles, role=contact
[6/10] writing the USDZ directly
[7/10] reopening the exported asset
[8/10] deriving the descriptor from the exported bytes
[9/10] validating the staged package
[10/10] publishing the asset and descriptor set
{
  "asset": ".context/placid-badger/metolius-contact-pinch-rails/native-author/candidate/assets/primary.usdz",
  "assetBytes": 1097512,
  "assetSHA256": "d313a7162db78c57650e91b1b35338eba38290a83d4209a640afa04504e16f07",
  "board": ".context/placid-badger/metolius-contact-pinch-rails/native-author/candidate/metolius-contact.FCStd#HangTenBoardManifest",
  "contacts": [
    "edge-16-center",
    "edge-17-center",
    "edge-18-center",
    "edge-19-center",
    "flat-sloper-center",
    "jug-left",
    "jug-right",
    "pinch-left",
    "pinch-right",
    "pocket-10-left",
    "pocket-10-right",
    "pocket-11-left",
    "pocket-11-right",
    "pocket-12-left",
    "pocket-12-right",
    "pocket-13-left",
    "pocket-13-right",
    "pocket-14-left",
    "pocket-14-right",
    "pocket-4-left",
    "pocket-4-right",
    "pocket-5-left",
    "pocket-5-right",
    "pocket-6-left",
    "pocket-6-right",
    "pocket-7-left",
    "pocket-7-right",
    "pocket-8-left",
    "pocket-8-right",
    "pocket-9-left",
    "pocket-9-right",
    "round-sloper-3-left",
    "round-sloper-3-right"
  ],
  "descriptor": ".context/placid-badger/metolius-contact-pinch-rails/native-author/candidate/assets/primary.model.json",
  "measuredRegionDepthsMM": {
    "edge-16-center": 15.0,
    "edge-17-center": 35.0,
    "edge-18-center": 28.0,
    "edge-19-center": 23.0,
    "flat-sloper-center": 53.0,
    "jug-left": 61.0,
    "jug-right": 61.0,
    "pinch-left": 56.47,
    "pinch-right": 56.47,
    "pocket-10-left": 25.0,
    "pocket-10-right": 25.0,
    "pocket-11-left": 25.0,
    "pocket-11-right": 25.0,
    "pocket-12-left": 12.0,
    "pocket-12-right": 12.0,
    "pocket-13-left": 17.0,
    "pocket-13-right": 17.0,
    "pocket-14-left": 17.0,
    "pocket-14-right": 17.0,
    "pocket-4-left": 30.0,
    "pocket-4-right": 29.999,
    "pocket-5-left": 40.0,
    "pocket-5-right": 40.0,
    "pocket-6-left": 20.0,
    "pocket-6-right": 20.0,
    "pocket-7-left": 30.0,
    "pocket-7-right": 30.0,
    "pocket-8-left": 32.0,
    "pocket-8-right": 32.0,
    "pocket-9-left": 20.0,
    "pocket-9-right": 20.0,
    "round-sloper-3-left": 63.0,
    "round-sloper-3-right": 63.0
  },
  "modelSHA256": "d313a7162db78c57650e91b1b35338eba38290a83d4209a640afa04504e16f07",
  "nodes": [
    "body_board_001",
    "contact_edge_16_center",
    "contact_edge_17_center",
    "contact_edge_18_center",
    "contact_edge_19_center",
    "contact_flat_sloper_center",
    "contact_jug_left",
    "contact_jug_right",
    "contact_pinch_left",
    "contact_pinch_right",
    "contact_pocket_10_left",
    "contact_pocket_10_right",
    "contact_pocket_11_left",
    "contact_pocket_11_right",
    "contact_pocket_12_left",
    "contact_pocket_12_right",
    "contact_pocket_13_left",
    "contact_pocket_13_right",
    "contact_pocket_14_left",
    "contact_pocket_14_right",
    "contact_pocket_4_left",
    "contact_pocket_4_right",
    "contact_pocket_5_left",
    "contact_pocket_5_right",
    "contact_pocket_6_left",
    "contact_pocket_6_right",
    "contact_pocket_7_left",
    "contact_pocket_7_right",
    "contact_pocket_8_left",
    "contact_pocket_8_right",
    "contact_pocket_9_left",
    "contact_pocket_9_right",
    "contact_round_sloper_3_left",
    "contact_round_sloper_3_right"
  ],
  "package": "metolius-contact",
  "presentationID": "primary",
  "published": true,
  "schemaVersion": 1,
  "source": ".context/placid-badger/metolius-contact-pinch-rails/native-author/candidate/metolius-contact.FCStd",
  "sourceKind": "native-parametric-measured-profile",
  "sourceSHA256": "b25efa337a9ac5def16392aa574c1ec0a0659daec0f27465fb2c7d2339a1f351",
  "sourceUnchanged": true,
  "tessellationDeflectionMM": 0.28,
  "triangles": 36299
}

								
								
								
