[1/10] validating mammut-diamond-finger.FCStd
[2/10] reopening and recomputing the source document
[3/10] extracting bound components and semantic regions
[4/10] tessellating with pinned quality
[5/10] partitioning the surface and preserving normals and materials
      body_board_001: 78685 triangles, role=body
      contact_mam_upper_open_bay_r: 998 triangles, role=contact
      contact_mam_mono_r: 762 triangles, role=contact
      contact_mam_upper_pocket_r: 922 triangles, role=contact
      contact_mam_upper_inset_r: 388 triangles, role=contact
      contact_mam_lateral_ledge_r: 4092 triangles, role=contact
      contact_mam_upper_open_bay_l: 998 triangles, role=contact
      contact_mam_mono_l: 762 triangles, role=contact
      contact_mam_upper_pocket_l: 922 triangles, role=contact
      contact_mam_upper_inset_l: 388 triangles, role=contact
      contact_mam_lateral_ledge_l: 4728 triangles, role=contact
      contact_mam_upper_pocket_c: 818 triangles, role=contact
      contact_mam_lower_edge_c: 1368 triangles, role=contact
      contact_mam_sloper_c: 7363 triangles, role=contact
      contact_mam_jug_l: 1533 triangles, role=contact
      contact_mam_jug_r: 1459 triangles, role=contact
      contact_mam_mid_edge_c: 86 triangles, role=contact
[6/10] writing the USDZ directly
[7/10] reopening the exported asset
[8/10] deriving the descriptor from the exported bytes
[9/10] validating the staged package
[10/10] publishing the asset and descriptor set
{
  "asset": ".context/placid-badger/mammut-geometry-revision/runtime-assets-final/primary.usdz",
  "assetBytes": 2423319,
  "assetSHA256": "736b9390c36ba8dfadbc8d272db42a3c79a8f61d64d9142167fc67faa2eddd12",
  "board": ".context/placid-badger/mammut-geometry-revision/runtime-source-final/mammut-diamond-finger.FCStd#HangTenBoardManifest",
  "contacts": [
    "mam-jug-l",
    "mam-jug-r",
    "mam-lateral-ledge-l",
    "mam-lateral-ledge-r",
    "mam-lower-edge-c",
    "mam-mid-edge-c",
    "mam-mono-l",
    "mam-mono-r",
    "mam-sloper-c",
    "mam-upper-inset-l",
    "mam-upper-inset-r",
    "mam-upper-open-bay-l",
    "mam-upper-open-bay-r",
    "mam-upper-pocket-c",
    "mam-upper-pocket-l",
    "mam-upper-pocket-r"
  ],
  "descriptor": ".context/placid-badger/mammut-geometry-revision/runtime-assets-final/primary.model.json",
  "measuredRegionDepthsMM": {
    "mam-jug-l": 74.0,
    "mam-jug-r": 74.0,
    "mam-lateral-ledge-l": 52.127,
    "mam-lateral-ledge-r": 52.127,
    "mam-lower-edge-c": 35.402,
    "mam-mid-edge-c": 16.0,
    "mam-mono-l": 42.0,
    "mam-mono-r": 42.0,
    "mam-sloper-c": 62.0,
    "mam-upper-inset-l": 5.0,
    "mam-upper-inset-r": 5.0,
    "mam-upper-open-bay-l": 44.5,
    "mam-upper-open-bay-r": 44.5,
    "mam-upper-pocket-c": 36.0,
    "mam-upper-pocket-l": 29.0,
    "mam-upper-pocket-r": 29.0
  },
  "modelSHA256": "736b9390c36ba8dfadbc8d272db42a3c79a8f61d64d9142167fc67faa2eddd12",
  "nodes": [
    "body_board_001",
    "contact_mam_jug_l",
    "contact_mam_jug_r",
    "contact_mam_lateral_ledge_l",
    "contact_mam_lateral_ledge_r",
    "contact_mam_lower_edge_c",
    "contact_mam_mid_edge_c",
    "contact_mam_mono_l",
    "contact_mam_mono_r",
    "contact_mam_sloper_c",
    "contact_mam_upper_inset_l",
    "contact_mam_upper_inset_r",
    "contact_mam_upper_open_bay_l",
    "contact_mam_upper_open_bay_r",
    "contact_mam_upper_pocket_c",
    "contact_mam_upper_pocket_l",
    "contact_mam_upper_pocket_r"
  ],
  "package": "mammut-diamond-finger",
  "presentationID": "primary",
  "published": true,
  "schemaVersion": 1,
  "source": ".context/placid-badger/mammut-geometry-revision/runtime-source-final/mammut-diamond-finger.FCStd",
  "sourceKind": "native-parametric-measured-profile",
  "sourceSHA256": "06fb78ae8190d4ee90fdc343889940df1a33ddc552e5b866242eb55fae2158fe",
  "sourceUnchanged": true,
  "tessellationDeflectionMM": 0.28,
  "triangles": 106272
}

								
								
								
