{
  "status": "pass",
  "sourceSHA256": "b7223032abe4b5c00a8b16d8ddcafed8b836d806795f1d37bbffab80ce5560ef",
  "compilerSHA256": "f4c0d4c2a9c79c02d349be2f71a14962fde3c5c2fa13b24b0b34d425272fc50d",
  "rawLegacyComparison": {
    "path": "/Users/asherlc/.paseo/worktrees/0h78jp9r/placid-badger/.context/placid-badger/metolius-simulator-3d-front-fairing/final-normal-comparison.json",
    "sha256": "2be544aefb3e9da417118cea2318f13af082075ef0dfc4afdd6ea21d876ce295",
    "status": "review-required",
    "maxAngleDegrees": 7.161516093117819
  },
  "cornersCompared": 192,
  "legacyAgreementCorners": 191,
  "actualOwnerDispositionCorners": 1,
  "tolerances": {
    "angleDegreesStrictlyLessThan": 0.001,
    "uvPositionMM": 2e-05,
    "exportPositionDifferenceMM": 0
  },
  "sourceAndCompilerAndRawComparisonUnchanged": true,
  "interpretation": "Opt-in exact unique native facet ownership takes precedence over legacy nearest-centroid ownership. One legacy-normal behavior difference is resolved by actual-owner inverse evaluation; no angular or position tolerance is widened. This finite sample is not a universal normal-equivalence certificate.",
  "blockingFindings": []
}

								
								
