pocket-4-left 0.0
edge-5-left 0.0
edge-6-left 0.0
edge-7-left 0.0
pocket-8-left 0.0
pocket-9-left 0.0
pocket-10-left 0.0
edge-11-left 0.0
pocket-12-left 0.0
pocket-13-left 0.0
pocket-15-center 0.0
pocket-16-center 0.0
pocket-17-center 0.0
pocket-18-center 0.0
pocket-13-right 0.0
pocket-12-right 0.0
edge-11-right 0.0
pocket-10-right 0.0
pocket-9-right 0.0
pocket-8-right 0.0
edge-7-right 0.0
edge-6-right 0.0
edge-5-right 0.0
pocket-4-right 0.0
{"status": "pass", "blockingFindings": []}

								
								
								
