{
  "status": "requires-review",
  "blockingFindings": [
    "body_board_001 degenerate triangle or inconsistent authored normal",
    "contact_jug_14_center degenerate triangle or inconsistent authored normal",
    "contact_flat_sloper_2_left degenerate triangle or inconsistent authored normal",
    "contact_jug_1_left degenerate triangle or inconsistent authored normal",
    "contact_flat_sloper_2_right degenerate triangle or inconsistent authored normal",
    "contact_jug_1_right degenerate triangle or inconsistent authored normal"
  ],
  "modelSHA256": "f06a5350e07862d1619556d1c81aefe5bf83c64f5688394d2763355c459f637b",
  "weldedWholeExportTopology": [
    {
      "mode": "exactStoredPositions",
      "uniqueVertices": 39389,
      "uniqueEdges": 114217,
      "boundaryEdges": 2974,
      "nonManifoldEdges": 62,
      "inconsistentPairedEdgeWinding": 0,
      "watertight": false,
      "windingConsistentOnPairedEdges": true
    },
    {
      "mode": "rounded0.0001mm",
      "uniqueVertices": 39387,
      "uniqueEdges": 114217,
      "boundaryEdges": 2974,
      "nonManifoldEdges": 62,
      "inconsistentPairedEdgeWinding": 0,
      "watertight": false,
      "windingConsistentOnPairedEdges": true
    }
  ],
  "boundarySeamSpacing": {
    "method": "Five interior fractions per edge; nearest other boundary segment with abs(direction dot)>0.8. Diagnostic estimate of semantic seam spacing, not a certified global Hausdorff distance.",
    "boundaryEdgeCount": 2974,
    "totalBoundaryLengthMM": 4104.896318592922,
    "maximumSampledDistanceMM": 82.03375711483159,
    "edgesAboveDeflection028MM": 610,
    "worstEdges": [
      {
        "startRuntimeM": [
          -0.35529735684394836,
          0.13699999451637268,
          0.0060000000521540945
        ],
        "endRuntimeM": [
          -0.3496033251285553,
          0.13699999451637268,
          9.999999975056628e-07
        ],
        "lengthMM": 8.271033720259933,
        "maxSampledNearestParallelBoundaryDistanceMM": 82.03375711483159
      },
      {
        "startRuntimeM": [
          0.3496033251285553,
          0.13699999451637268,
          9.999999975056628e-07
        ],
        "endRuntimeM": [
          0.35529735684394836,
          0.13699999451637268,
          0.0060000000521540945
        ],
        "lengthMM": 8.271033720259933,
        "maxSampledNearestParallelBoundaryDistanceMM": 81.3496186409268
      },
      {
        "startRuntimeM": [
          -0.1225501224398613,
          0.17949318885803223,
          0.029212070629000702
        ],
        "endRuntimeM": [
          -0.11837346851825714,
          0.17979298532009125,
          0.03430663049221043
        ],
        "lengthMM": 6.594608108094219,
        "maxSampledNearestParallelBoundaryDistanceMM": 47.78341135594353
      },
      {
        "startRuntimeM": [
          0.11837346851825714,
          0.17979298532009125,
          0.03430663049221043
        ],
        "endRuntimeM": [
          0.1225501224398613,
          0.17949318885803223,
          0.029212070629000702
        ],
        "lengthMM": 6.594608108094219,
        "maxSampledNearestParallelBoundaryDistanceMM": 47.78341135594353
      },
      {
        "startRuntimeM": [
          -0.35529062151908875,
          0.13704994320869443,
          0.07317253947257998
        ],
        "endRuntimeM": [
          -0.3549255132675171,
          0.1390896290540695,
          0.07148561626672748
        ],
        "lengthMM": 2.6719528973454594,
        "maxSampledNearestParallelBoundaryDistanceMM": 33.94456392495751
      },
      {
        "startRuntimeM": [
          -0.04139741510152817,
          0.18778111040592194,
          0.00915469601750378
        ],
        "endRuntimeM": [
          -0.03570232167840004,
          0.18803779780864716,
          0.0016583143733442248
        ],
        "lengthMM": 9.41784026599344,
        "maxSampledNearestParallelBoundaryDistanceMM": 30.640415713991473
      },
      {
        "startRuntimeM": [
          -0.045499999076128006,
          0.18798640370368958,
          0.004464008845388931
        ],
        "endRuntimeM": [
          -0.04139741510152817,
          0.18778111040592194,
          0.00915469601750378
        ],
        "lengthMM": 6.235053067408049,
        "maxSampledNearestParallelBoundaryDistanceMM": 25.806514324352314
      },
      {
        "startRuntimeM": [
          0.2581953704357147,
          0.16402728855609894,
          0.0244885012507439
        ],
        "endRuntimeM": [
          0.26891252398490906,
          0.1694198101758957,
          0.02444605343043808
        ],
        "lengthMM": 11.997436035855031,
        "maxSampledNearestParallelBoundaryDistanceMM": 18.64239071844558
      },
      {
        "startRuntimeM": [
          -0.26494041085243225,
          0.1668442189693451,
          0.033435761928558384
        ],
        "endRuntimeM": [
          -0.2581953704357147,
          0.16402728855609894,
          0.0244885012507439
        ],
        "lengthMM": 11.553533693766138,
        "maxSampledNearestParallelBoundaryDistanceMM": 17.31598147719687
      },
      {
        "startRuntimeM": [
          -0.14673066139221191,
          0.16672289371490476,
          0.08258902281522755
        ],
        "endRuntimeM": [
          -0.13504989445209503,
          0.17278459668159482,
          0.0672814175486565
        ],
        "lengthMM": 20.18681099537171,
        "maxSampledNearestParallelBoundaryDistanceMM": 13.762266206714214
      },
      {
        "startRuntimeM": [
          0.13504989445209503,
          0.17278459668159482,
          0.0672814175486565
        ],
        "endRuntimeM": [
          0.14673066139221191,
          0.16672289371490476,
          0.08258902281522755
        ],
        "lengthMM": 20.18681099537171,
        "maxSampledNearestParallelBoundaryDistanceMM": 13.762266206714214
      },
      {
        "startRuntimeM": [
          -0.13504989445209503,
          0.17466045916080475,
          0.054822929203510326
        ],
        "endRuntimeM": [
          -0.13504989445209503,
          0.17733439803123474,
          0.0291622988879681
        ],
        "lengthMM": 25.79957164903559,
        "maxSampledNearestParallelBoundaryDistanceMM": 13.24359448978488
      },
      {
        "startRuntimeM": [
          0.13504989445209503,
          0.17466045916080475,
          0.054822929203510326
        ],
        "endRuntimeM": [
          0.13504989445209503,
          0.17733439803123474,
          0.0291622988879681
        ],
        "lengthMM": 25.79957164903559,
        "maxSampledNearestParallelBoundaryDistanceMM": 13.24359448978488
      },
      {
        "startRuntimeM": [
          -0.17247435450553894,
          0.16643676161766052,
          0.04985154792666439
        ],
        "endRuntimeM": [
          -0.15998926758766174,
          0.1683765947818756,
          0.05515877157449726
        ],
        "lengthMM": 13.70426834603196,
        "maxSampledNearestParallelBoundaryDistanceMM": 12.333841511428764
      },
      {
        "startRuntimeM": [
          0.15998926758766174,
          0.1683765947818756,
          0.05515877157449726
        ],
        "endRuntimeM": [
          0.17247435450553894,
          0.16643676161766052,
          0.04985154792666439
        ],
        "lengthMM": 13.70426834603196,
        "maxSampledNearestParallelBoundaryDistanceMM": 12.333841511428764
      },
      {
        "startRuntimeM": [
          -0.061000000685453415,
          0.18519672751426697,
          0.04055986925959591
        ],
        "endRuntimeM": [
          -0.05534379929304123,
          0.18632487952709198,
          0.032409414649009746
        ],
        "lengthMM": 9.984750949061873,
        "maxSampledNearestParallelBoundaryDistanceMM": 11.958869230750567
      },
      {
        "startRuntimeM": [
          0.05534379929304123,
          0.18632487952709198,
          0.032409414649009746
        ],
        "endRuntimeM": [
          0.061000000685453415,
          0.18519672751426697,
          0.04055986925959591
        ],
        "lengthMM": 9.984750949061873,
        "maxSampledNearestParallelBoundaryDistanceMM": 11.958869230750567
      },
      {
        "startRuntimeM": [
          -0.16641445457935333,
          0.16945695877075195,
          0.03900000080466274
        ],
        "endRuntimeM": [
          -0.14800000190734863,
          0.1735774129629135,
          0.039000000804662746
        ],
        "lengthMM": 18.86982273258556,
        "maxSampledNearestParallelBoundaryDistanceMM": 11.677169528065962
      },
      {
        "startRuntimeM": [
          0.14800000190734863,
          0.1735774129629135,
          0.039000000804662746
        ],
        "endRuntimeM": [
          0.16641445457935333,
          0.16945695877075195,
          0.03900000080466274
        ],
        "lengthMM": 18.86982273258556,
        "maxSampledNearestParallelBoundaryDistanceMM": 11.677169528065962
      },
      {
        "startRuntimeM": [
          -0.15998926758766174,
          0.16629591584205625,
          0.06774595379829411
        ],
        "endRuntimeM": [
          -0.15998926758766174,
          0.1683765947818756,
          0.05515877157449726
        ],
        "lengthMM": 12.757992835304277,
        "maxSampledNearestParallelBoundaryDistanceMM": 11.482193551773854
      }
    ]
  },
  "actualNativeEnvelopeXYZMM": [
    711.0000252723694,
    93.99999678134922,
    221.99988365173337
  ],
  "limits": [
    "Exact-coordinate topology is reported independently of normals and material gates.",
    "The secondary0.0001mm positional weld is diagnostic only; it does not repair or rewrite the model.",
    "No triangle self-intersection/global manufacturing certificate is claimed."
  ]
}
