{
  "status": "pass",
  "blockingFindings": [],
  "candidateSHA256": {
    ".context/placid-badger/metolius-simulator-3d-front-fairing/candidate/metolius-simulator-3d.FCStd": "b7223032abe4b5c00a8b16d8ddcafed8b836d806795f1d37bbffab80ce5560ef",
    ".context/placid-badger/metolius-simulator-3d-front-fairing/candidate/assets/primary.usdz": "f06a5350e07862d1619556d1c81aefe5bf83c64f5688394d2763355c459f637b",
    ".context/placid-badger/metolius-simulator-3d-front-fairing/candidate/assets/primary.model.json": "147f8c18768831c7bc4e04c161c491cbfa7c95c37f99d6ca1ba7a527b9736ffb"
  },
  "rawManifestSHA256": "07d2eb6277beee925f45c15d561f1e124c687914ce0f2e933c33e4446dd46bf1",
  "contactCount": 30,
  "meshes": [
    {
      "name": "body_board_001",
      "triangles": 24844,
      "points": 17475,
      "normalCount": 17475
    },
    {
      "name": "contact_pocket_4_left",
      "triangles": 468,
      "points": 492,
      "normalCount": 492
    },
    {
      "name": "contact_edge_5_left",
      "triangles": 549,
      "points": 554,
      "normalCount": 554
    },
    {
      "name": "contact_edge_6_left",
      "triangles": 414,
      "points": 432,
      "normalCount": 432
    },
    {
      "name": "contact_edge_7_left",
      "triangles": 449,
      "points": 477,
      "normalCount": 477
    },
    {
      "name": "contact_pocket_8_left",
      "triangles": 413,
      "points": 431,
      "normalCount": 431
    },
    {
      "name": "contact_pocket_9_left",
      "triangles": 528,
      "points": 546,
      "normalCount": 546
    },
    {
      "name": "contact_pocket_10_left",
      "triangles": 540,
      "points": 561,
      "normalCount": 561
    },
    {
      "name": "contact_edge_11_left",
      "triangles": 430,
      "points": 452,
      "normalCount": 452
    },
    {
      "name": "contact_pocket_12_left",
      "triangles": 409,
      "points": 427,
      "normalCount": 427
    },
    {
      "name": "contact_pocket_13_left",
      "triangles": 452,
      "points": 476,
      "normalCount": 476
    },
    {
      "name": "contact_pocket_15_center",
      "triangles": 856,
      "points": 838,
      "normalCount": 838
    },
    {
      "name": "contact_pocket_16_center",
      "triangles": 463,
      "points": 487,
      "normalCount": 487
    },
    {
      "name": "contact_pocket_17_center",
      "triangles": 694,
      "points": 698,
      "normalCount": 698
    },
    {
      "name": "contact_pocket_18_center",
      "triangles": 416,
      "points": 434,
      "normalCount": 434
    },
    {
      "name": "contact_pocket_13_right",
      "triangles": 448,
      "points": 472,
      "normalCount": 472
    },
    {
      "name": "contact_pocket_12_right",
      "triangles": 435,
      "points": 453,
      "normalCount": 453
    },
    {
      "name": "contact_edge_11_right",
      "triangles": 436,
      "points": 458,
      "normalCount": 458
    },
    {
      "name": "contact_pocket_10_right",
      "triangles": 536,
      "points": 557,
      "normalCount": 557
    },
    {
      "name": "contact_pocket_9_right",
      "triangles": 537,
      "points": 555,
      "normalCount": 555
    },
    {
      "name": "contact_pocket_8_right",
      "triangles": 410,
      "points": 428,
      "normalCount": 428
    },
    {
      "name": "contact_edge_7_right",
      "triangles": 457,
      "points": 485,
      "normalCount": 485
    },
    {
      "name": "contact_edge_6_right",
      "triangles": 418,
      "points": 436,
      "normalCount": 436
    },
    {
      "name": "contact_edge_5_right",
      "triangles": 560,
      "points": 565,
      "normalCount": 565
    },
    {
      "name": "contact_pocket_4_right",
      "triangles": 473,
      "points": 497,
      "normalCount": 497
    },
    {
      "name": "contact_jug_14_center",
      "triangles": 2988,
      "points": 1816,
      "normalCount": 1816
    },
    {
      "name": "contact_round_sloper_3_center",
      "triangles": 3924,
      "points": 2337,
      "normalCount": 2337
    },
    {
      "name": "contact_flat_sloper_2_left",
      "triangles": 6856,
      "points": 3560,
      "normalCount": 3560
    },
    {
      "name": "contact_jug_1_left",
      "triangles": 8954,
      "points": 4641,
      "normalCount": 4641
    },
    {
      "name": "contact_flat_sloper_2_right",
      "triangles": 6862,
      "points": 3563,
      "normalCount": 3563
    },
    {
      "name": "contact_jug_1_right",
      "triangles": 8955,
      "points": 4632,
      "normalCount": 4632
    }
  ],
  "forbiddenMaterialPrimsOrBindings": [],
  "unrelatedPackageChanges": [],
  "unrelatedFilesExpectedUnchanged": 203,
  "limits": "Metadata and USD topology inspection only; no factory shape judgment or native physical clearance certification."
}
