<PropertyLinks> PropertyLinks.cpp(516): nature_stone_hanger_mini_karma8a#nature_wood.Support missing element reference nature_stone_hanger_mini_karma8a#FinalSolid ;#965:1;:M;FUS;:Hf34:7,F.Face12
<PropertyLinks> PropertyLinks.cpp(516): nature_stone_hanger_mini_karma8a#nature_wood.Support missing element reference nature_stone_hanger_mini_karma8a#FinalSolid ;#964:4;:M;FUS;:Hf34:7,F.Face27

{
  "status": "pass",
  "priorSourceSHA256": "edbde3e0ff0e8824bbea4e49ff821d535f423b0b9e6dd136f9b15d1f288781d4",
  "sourceSHA256BeforeMetadata": "22ae67aacc65c4da13cc78ae8c94eaead86b3bf416f640b0dd1a3fdff75ca70f",
  "manifestRawPreservedByGeometryAuthor": true,
  "contacts": {
    "wood-edge-15": {
      "valid": true,
      "areaMM2": 4168.152596645971,
      "depthYMM": 15.0,
      "oldMinusNewAreaMM2": 0.0,
      "newMinusOldAreaMM2": 0.0
    },
    "granite-edge-15": {
      "valid": true,
      "areaMM2": 2111.6471076205385,
      "depthYMM": 15.000000000000002,
      "oldMinusNewAreaMM2": 0.0,
      "newMinusOldAreaMM2": 926.6471076205387
    },
    "pinch-60": {
      "valid": true,
      "areaMM2": 5848.008730847458,
      "depthYMM": 30.000000000000014,
      "oldMinusNewAreaMM2": 0.0,
      "newMinusOldAreaMM2": 0.0
    }
  },
  "faceBindings": {
    "nature_wood": [
      "Face11",
      "Face12",
      "Face13",
      "Face23",
      "Face25",
      "Face27",
      "Face28",
      "Face29",
      "Face30"
    ],
    "nature_pinch": [
      "Face14",
      "Face21",
      "Face31",
      "Face43",
      "Face44",
      "Face69"
    ],
    "nature_stone": [
      "Face1",
      "Face2",
      "Face3",
      "Face8",
      "Face9",
      "Face10"
    ]
  },
  "woodStoneOverlapMM3": 0.0,
  "graniteWoodSurfaceOverlapMM2": 0.0,
  "gapWitnessMaterialMM3": 62.0,
  "gapWitnessTotalMM3": 62,
  "nativeEnvelopeMM": [
    105.0000002,
    30.00000020000001,
    60.00000020000002
  ],
  "sideRegionSymmetricDifference": {
    "left": {
      "removedMM3": 0.0,
      "addedMM3": 0.0
    },
    "right": {
      "removedMM3": 0.0,
      "addedMM3": 0.0
    }
  },
  "removedCombinedMaterialMM3": 0.0,
  "addedCombinedMaterialMM3": 34.43558886282476,
  "allNativeSketchesConstrained": true,
  "estimates": "Native fill box 83x15x11 at(-41.5,-15,-21) only restores existing lower rail under the insert. Stone dimensions, placement, upper cavity, outer silhouette and grooves unchanged. Fill top z=-10 equals the existing lower limit of upper wood contact surfaces. Exact stone is subtracted from wood seat.",
  "unsavedNativeEditTest": {
    "parameter": "GraniteOutline.Placement.Base.z",
    "deltaMM": 0.25,
    "bodyVolumeDeltaMM3": 311.2500029060466,
    "graniteCenterDeltaZMM": 0.2492649161127698,
    "bodyValid": true,
    "graniteValid": true
  }
}

								
								
								
								
								
								
