[
  {
    "pid" : 81863,
    "custom_actions" : [

    ],
    "content_required" : false,
    "role_description" : "application",
    "subrole" : null,
    "title" : null,
    "frame" : {
      "y" : 0,
      "width" : 0,
      "height" : 0,
      "x" : 0
    },
    "role" : "AXApplication",
    "type" : "Application",
    "children" : [

    ],
    "AXFrame" : "{{0, 0}, {0, 0}}",
    "enabled" : true,
    "traits" : [

    ],
    "AXLabel" : null,
    "AXUniqueId" : null,
    "help" : null,
    "AXValue" : null
  }
]
