........................................................................ [ 13%]
........................................................................ [ 27%]
........................................................................ [ 40%]
........................................................................ [ 54%]
........................................................................ [ 67%]
........................................................................ [ 81%]
........F............................................................... [ 94%]
........................F...                                             [100%]
=================================== FAILURES ===================================
________________ test_suspended_canonical_poses_face_the_camera ________________

    def test_suspended_canonical_poses_face_the_camera() -> None:
        from hangboard_packages.usd_mesh_chain import UsdcatUnavailable
    
        module = load_board_catalog_module()
        inventory = module.discover_board_packages(HANGBOARDS_ROOT, require_complete_inventory=True)
    
        failures: list[str] = []
        skip_reason: str | None = None
        checked = 0
        for package in inventory.packages:
            for presentation, suspension in _iter_suspended_presentations(module, package):
                descriptor_path = package.root / presentation.media.descriptor_path
                descriptor = json.loads(descriptor_path.read_text())
                body_min = descriptor["modelBounds"]["min"]
                body_max = descriptor["modelBounds"]["max"]
                body_center = tuple((body_min[axis] + body_max[axis]) / 2 for axis in range(3))
                try:
                    centroids = _contact_centroids(
                        package.root / presentation.media.asset_path, descriptor
                    )
                except UsdcatUnavailable as error:
                    skip_reason = str(error)
                    continue
    
                for pose_id, pose in suspension.canonical_poses.items():
                    contact_ids = package.board.contact_ids_for_position(pose_id)
                    offsets = [
                        tuple(centroids[cid][axis] - body_center[axis] for axis in range(3))
                        for cid in contact_ids
                        if cid in centroids
                    ]
                    normalized_offsets = [o for o in (_normalized(v) for v in offsets) if o is not None]
                    if not normalized_offsets:
                        continue
                    average_offset = tuple(
                        sum(o[axis] for o in normalized_offsets) / len(normalized_offsets)
                        for axis in range(3)
                    )
                    direction = _normalized(average_offset)
                    if direction is None:
                        # Selected contacts straddle the body center (no net
                        # outward side) -- this check can't say anything useful.
                        continue
                    if abs(direction[2]) < _Z_DOMINANCE_THRESHOLD:
                        # Not a front/back-style contact group (top-rail, side,
                        # or a deliberate oblique view) -- out of scope, see
                        # module docstring.
                        continue
                    declared = _normalized(tuple(pose.camera["viewDirection"]))
                    assert declared is not None, f"{package.board.id}/{pose_id}: non-finite camera.viewDirection"
                    checked += 1
                    facing = _dot(declared, direction)
                    if facing >= -_MIN_OPPOSING_DOT:
                        failures.append(
                            f"{package.board.id}/{pose_id}: camera.viewDirection {pose.camera['viewDirection']} "
                            f"does not oppose its selected contacts' local offset {tuple(round(v, 3) for v in direction)} "
                            f"(dot={facing:+.3f} >= {-_MIN_OPPOSING_DOT:+.2f}); the posed camera would look at the "
                            f"back of the selected face, not the front"
                        )
    
        assert checked > 0 or skip_reason is not None, (
            "expected at least one suspended canonical pose to check"
        )
        if checked == 0 and skip_reason is not None:
            pytest.skip(skip_reason)
>       assert not failures, "pose-camera-facing regressions:\n" + "\n".join(failures)
E       AssertionError: pose-camera-facing regressions:
E         yy.baguette-evo/central-20-6: camera.viewDirection (0.0, -0.939692621, 0.342020143) does not oppose its selected contacts' local offset (0.0, 0.396, 0.918) (dot=-0.058 >= -0.50); the posed camera would look at the back of the selected face, not the front
E       assert not ['yy.baguette-evo/central-20-6: camera.viewDirection (0.0, -0.939692621, 0.342020143) does not oppose its selected con...0.0, 0.396, 0.918) (dot=-0.058 >= -0.50); the posed camera would look at the back of the selected face, not the front']

Tools/HangboardPackages/tests/test_pose_camera_facing.py:216: AssertionError
_ test_single_half_maps_every_physical_contact_once[trango-rock-prodigy-forge-10] _

slug = 'trango-rock-prodigy-forge', count = 10

    @pytest.mark.parametrize('slug,count', [
        ('trango-rock-prodigy-forge', 10),
        ('trango-rock-prodigy-natural', 7),
        ('trango-rock-prodigy-training-center', 12),
    ])
    def test_single_half_maps_every_physical_contact_once(slug, count):
        package = ROOT / slug
        source = package / f'{slug}.FCStd'
        board = load_board(source) if source.exists() else json.loads((package / 'board.json').read_text())
        media = board['presentations'][0]['media']
        descriptor = json.loads((package / media['descriptorPath']).read_text())
>       assert descriptor['schemaVersion'] == 2
E       assert 1 == 2

Tools/HangboardPackages/tests/test_trango_mirrored_halves.py:22: AssertionError
=========================== short test summary info ============================
FAILED Tools/HangboardPackages/tests/test_pose_camera_facing.py::test_suspended_canonical_poses_face_the_camera
FAILED Tools/HangboardPackages/tests/test_trango_mirrored_halves.py::test_single_half_maps_every_physical_contact_once[trango-rock-prodigy-forge-10]
2 failed, 530 passed in 50.03s
