29cc4f7a9e9650625474125bc2a4cfe4808861bf
.gitignore
HangTen.xcodeproj/project.pbxproj
HangTen/Models/BoardModelRealityTypes.swift
HangTen/Models/BoardPackageStore.swift
HangTen/Models/WorkoutActivityRecording.swift
HangTen/Models/WorkoutTimeline.swift
HangTen/Views/BoardMapView.swift
HangTen/Views/RootView.swift
HangTenTests/BoardModelRealityTests.swift
HangTenTests/BoardPackageStoreTests.swift
HangTenTests/BoardSourceBoundaryTests.swift
HangTenTests/SuspendedBoardPresentationTests.swift
Hangboards/captain-fingerfood-dual/board.json
Hangboards/captain-fingerfood-unlevel/board.json
Hangboards/mammut-diamond-finger/board.json
Hangboards/nature-stone-hanger/board.json
Hangboards/owl-climb-poker/board.json
Hangboards/tension-flash-board/board.json
Hangboards/trango-rock-prodigy-forge/assets/primary.model.json
Hangboards/trango-rock-prodigy-forge/assets/primary.usdz
Hangboards/yy-penta-evo/board.json
Tools/HangboardCAD/prepare_assets.py
Tools/HangboardCAD/solve_threaded_rope.py
Tools/HangboardCAD/verify_reproducible.py
Tools/HangboardPackages/src/hangboard_packages/board_catalog.py
Tools/HangboardPackages/src/hangboard_packages/cad_source.py
Tools/HangboardPackages/src/hangboard_packages/cord_audit.py
Tools/HangboardPackages/tests/test_cord_audit_reusable_instances.py
Tools/HangboardPackages/tests/test_model_first_packages.py
Tools/HangboardPackages/tests/test_remove_primary_backdrops.py
docs/HANGBOARD_CORD_AUTHORING.md
docs/model-delivery-lock.json
docs/source-audits/2026-09-29-remaining-cad/yy-baguette-evo/individual-review-2026-10-01/finish/before-manifest.json
docs/source-audits/2026-09-29-remaining-cad/zlagboard-evo/individual-review-2026-10-01/initial/metadata/final-wood-manifest.json
scripts/verify-model-delivery.py

Auto-merging .gitignore
CONFLICT (content): Merge conflict in .gitignore
Auto-merging HangTen.xcodeproj/project.pbxproj
CONFLICT (content): Merge conflict in HangTen.xcodeproj/project.pbxproj
Auto-merging HangTen/Models/BoardModelRealityTypes.swift
CONFLICT (content): Merge conflict in HangTen/Models/BoardModelRealityTypes.swift
Auto-merging HangTen/Models/BoardPackageStore.swift
CONFLICT (content): Merge conflict in HangTen/Models/BoardPackageStore.swift
Auto-merging HangTen/Models/TrainingModels.swift
Auto-merging HangTen/Models/WorkoutActivityRecording.swift
CONFLICT (content): Merge conflict in HangTen/Models/WorkoutActivityRecording.swift
Auto-merging HangTen/Models/WorkoutTimeline.swift
CONFLICT (content): Merge conflict in HangTen/Models/WorkoutTimeline.swift
Auto-merging HangTen/Views/BoardMapView.swift
CONFLICT (content): Merge conflict in HangTen/Views/BoardMapView.swift
Auto-merging HangTen/Views/RootView.swift
CONFLICT (content): Merge conflict in HangTen/Views/RootView.swift
Auto-merging HangTen/Views/SuspendedBoardPresentation.swift
Auto-merging HangTen/Views/TrainView.swift
Auto-merging HangTenTests/BoardModelRealityTests.swift
CONFLICT (content): Merge conflict in HangTenTests/BoardModelRealityTests.swift
Auto-merging HangTenTests/BoardModelTests.swift
Auto-merging HangTenTests/BoardPackageStoreTests.swift
CONFLICT (content): Merge conflict in HangTenTests/BoardPackageStoreTests.swift
Auto-merging HangTenTests/BoardSourceBoundaryTests.swift
CONFLICT (content): Merge conflict in HangTenTests/BoardSourceBoundaryTests.swift
Auto-merging HangTenTests/BoardSourceBoundaryTrackedPaths.txt
Auto-merging HangTenTests/BoardTargetSubstitutionTests.swift
Auto-merging HangTenTests/SuspendedBoardPresentationTests.swift
CONFLICT (content): Merge conflict in HangTenTests/SuspendedBoardPresentationTests.swift
Auto-merging HangTenTests/WorkoutActivityRecordingTests.swift
Auto-merging HangTenTests/WorkoutTimelineTests.swift
CONFLICT (modify/delete): Hangboards/captain-fingerfood-dual/board.json deleted in HEAD and modified in origin/main.  Version origin/main of Hangboards/captain-fingerfood-dual/board.json left in tree.
CONFLICT (modify/delete): Hangboards/captain-fingerfood-unlevel/board.json deleted in HEAD and modified in origin/main.  Version origin/main of Hangboards/captain-fingerfood-unlevel/board.json left in tree.
CONFLICT (modify/delete): Hangboards/mammut-diamond-finger/board.json deleted in HEAD and modified in origin/main.  Version origin/main of Hangboards/mammut-diamond-finger/board.json left in tree.
CONFLICT (modify/delete): Hangboards/nature-stone-hanger/board.json deleted in HEAD and modified in origin/main.  Version origin/main of Hangboards/nature-stone-hanger/board.json left in tree.
CONFLICT (modify/delete): Hangboards/owl-climb-poker/board.json deleted in HEAD and modified in origin/main.  Version origin/main of Hangboards/owl-climb-poker/board.json left in tree.
CONFLICT (modify/delete): Hangboards/tension-flash-board/board.json deleted in HEAD and modified in origin/main.  Version origin/main of Hangboards/tension-flash-board/board.json left in tree.
Auto-merging Hangboards/trango-rock-prodigy-forge/assets/primary.model.json
CONFLICT (content): Merge conflict in Hangboards/trango-rock-prodigy-forge/assets/primary.model.json
Auto-merging Hangboards/trango-rock-prodigy-forge/assets/primary.usdz
CONFLICT (content): Merge conflict in Hangboards/trango-rock-prodigy-forge/assets/primary.usdz
CONFLICT (modify/delete): Hangboards/yy-penta-evo/board.json deleted in HEAD and modified in origin/main.  Version origin/main of Hangboards/yy-penta-evo/board.json left in tree.
Auto-merging Tools/HangboardCAD/README.md
Auto-merging Tools/HangboardCAD/compile_board.py
Auto-merging Tools/HangboardCAD/prepare_assets.py
CONFLICT (content): Merge conflict in Tools/HangboardCAD/prepare_assets.py
Auto-merging Tools/HangboardCAD/solve_threaded_rope.py
CONFLICT (content): Merge conflict in Tools/HangboardCAD/solve_threaded_rope.py
CONFLICT (modify/delete): Tools/HangboardCAD/verify_reproducible.py deleted in origin/main and modified in HEAD.  Version HEAD of Tools/HangboardCAD/verify_reproducible.py left in tree.
Auto-merging Tools/HangboardPackages/src/hangboard_packages/board_catalog.py
CONFLICT (content): Merge conflict in Tools/HangboardPackages/src/hangboard_packages/board_catalog.py
Auto-merging Tools/HangboardPackages/src/hangboard_packages/cad_source.py
CONFLICT (content): Merge conflict in Tools/HangboardPackages/src/hangboard_packages/cad_source.py
Auto-merging Tools/HangboardPackages/src/hangboard_packages/cord_audit.py
CONFLICT (content): Merge conflict in Tools/HangboardPackages/src/hangboard_packages/cord_audit.py
Auto-merging Tools/HangboardPackages/tests/test_board_package_staging.py
Auto-merging Tools/HangboardPackages/tests/test_cord_audit_reusable_instances.py
CONFLICT (content): Merge conflict in Tools/HangboardPackages/tests/test_cord_audit_reusable_instances.py
Auto-merging Tools/HangboardPackages/tests/test_model_first_packages.py
CONFLICT (content): Merge conflict in Tools/HangboardPackages/tests/test_model_first_packages.py
Auto-merging Tools/HangboardPackages/tests/test_remove_primary_backdrops.py
CONFLICT (content): Merge conflict in Tools/HangboardPackages/tests/test_remove_primary_backdrops.py
Auto-merging docs/3D_SUSPENSION_AND_ODR.md
Auto-merging docs/HANGBOARD_CORD_AUTHORING.md
CONFLICT (content): Merge conflict in docs/HANGBOARD_CORD_AUTHORING.md
CONFLICT (modify/delete): docs/model-delivery-lock.json deleted in origin/main and modified in HEAD.  Version HEAD of docs/model-delivery-lock.json left in tree.
Auto-merging docs/source-audits/2026-09-29-remaining-cad/yy-baguette-evo/individual-review-2026-10-01/finish/before-manifest.json
CONFLICT (content): Merge conflict in docs/source-audits/2026-09-29-remaining-cad/yy-baguette-evo/individual-review-2026-10-01/finish/before-manifest.json
Auto-merging docs/source-audits/2026-09-29-remaining-cad/zlagboard-evo/individual-review-2026-10-01/initial/metadata/final-wood-manifest.json
CONFLICT (content): Merge conflict in docs/source-audits/2026-09-29-remaining-cad/zlagboard-evo/individual-review-2026-10-01/initial/metadata/final-wood-manifest.json
CONFLICT (modify/delete): scripts/verify-model-delivery.py deleted in origin/main and modified in HEAD.  Version HEAD of scripts/verify-model-delivery.py left in tree.
