docs/source-audits/2026-09-29-remaining-cad/main-sync-2026-10-03/evidence/BoardModelRealityTests.conflicted.swift:8: leftover conflict marker
docs/source-audits/2026-09-29-remaining-cad/main-sync-2026-10-03/evidence/BoardModelRealityTests.conflicted.swift:60: leftover conflict marker
docs/source-audits/2026-09-29-remaining-cad/main-sync-2026-10-03/evidence/BoardModelRealityTests.conflicted.swift:905: leftover conflict marker
docs/source-audits/2026-09-29-remaining-cad/main-sync-2026-10-03/evidence/BoardModelRealityTests.conflicted.swift:1277: leftover conflict marker
docs/source-audits/2026-09-29-remaining-cad/main-sync-2026-10-03/evidence/BoardModelRealityTests.conflicted.swift:1379: leftover conflict marker
docs/source-audits/2026-09-29-remaining-cad/main-sync-2026-10-03/evidence/BoardModelRealityTests.conflicted.swift:1473: leftover conflict marker
docs/source-audits/2026-09-29-remaining-cad/main-sync-2026-10-03/evidence/BoardModelRealityTypes.conflicted.swift:293: leftover conflict marker
docs/source-audits/2026-09-29-remaining-cad/main-sync-2026-10-03/evidence/BoardModelRealityTypes.conflicted.swift:295: leftover conflict marker
docs/source-audits/2026-09-29-remaining-cad/main-sync-2026-10-03/evidence/BoardModelRealityTypes.conflicted.swift:297: leftover conflict marker
docs/source-audits/2026-09-29-remaining-cad/main-sync-2026-10-03/evidence/BoardModelRealityTypes.conflicted.swift:326: leftover conflict marker
docs/source-audits/2026-09-29-remaining-cad/main-sync-2026-10-03/evidence/BoardModelRealityTypes.conflicted.swift:339: leftover conflict marker
docs/source-audits/2026-09-29-remaining-cad/main-sync-2026-10-03/evidence/BoardModelRealityTypes.conflicted.swift:399: leftover conflict marker
docs/source-audits/2026-09-29-remaining-cad/main-sync-2026-10-03/evidence/BoardModelRealityTypes.conflicted.swift:412: leftover conflict marker
docs/source-audits/2026-09-29-remaining-cad/main-sync-2026-10-03/evidence/BoardModelRealityTypes.conflicted.swift:414: leftover conflict marker
docs/source-audits/2026-09-29-remaining-cad/main-sync-2026-10-03/evidence/BoardModelRealityTypes.conflicted.swift:416: leftover conflict marker
docs/source-audits/2026-09-29-remaining-cad/main-sync-2026-10-03/evidence/BoardModelRealityTypes.conflicted.swift:425: leftover conflict marker
docs/source-audits/2026-09-29-remaining-cad/main-sync-2026-10-03/evidence/BoardModelRealityTypes.conflicted.swift:426: leftover conflict marker
docs/source-audits/2026-09-29-remaining-cad/main-sync-2026-10-03/evidence/BoardModelRealityTypes.conflicted.swift:428: leftover conflict marker
docs/source-audits/2026-09-29-remaining-cad/main-sync-2026-10-03/evidence/BoardModelRealityTypes.conflicted.swift:448: leftover conflict marker
docs/source-audits/2026-09-29-remaining-cad/main-sync-2026-10-03/evidence/BoardModelRealityTypes.conflicted.swift:449: leftover conflict marker
docs/source-audits/2026-09-29-remaining-cad/main-sync-2026-10-03/evidence/BoardModelRealityTypes.conflicted.swift:451: leftover conflict marker
docs/source-audits/2026-09-29-remaining-cad/main-sync-2026-10-03/evidence/BoardModelRealityTypes.conflicted.swift:472: leftover conflict marker
docs/source-audits/2026-09-29-remaining-cad/main-sync-2026-10-03/evidence/BoardModelRealityTypes.conflicted.swift:473: leftover conflict marker
docs/source-audits/2026-09-29-remaining-cad/main-sync-2026-10-03/evidence/BoardModelRealityTypes.conflicted.swift:477: leftover conflict marker
docs/source-audits/2026-09-29-remaining-cad/main-sync-2026-10-03/evidence/ios/bootstatus.stdout:326: new blank line at EOF.
docs/source-audits/2026-09-29-remaining-cad/main-sync-2026-10-03/evidence/merged-package-suite-no-ci.stdout:14: trailing whitespace.
+    
docs/source-audits/2026-09-29-remaining-cad/main-sync-2026-10-03/evidence/merged-package-suite-no-ci.stdout:17: trailing whitespace.
+    
docs/source-audits/2026-09-29-remaining-cad/main-sync-2026-10-03/evidence/merged-package-suite-no-ci.stdout:35: trailing whitespace.
+    
docs/source-audits/2026-09-29-remaining-cad/main-sync-2026-10-03/evidence/merged-package-suite-no-ci.stdout:71: trailing whitespace.
+    
docs/source-audits/2026-09-29-remaining-cad/main-sync-2026-10-03/evidence/native-fixture-test-corrections.patch:4: trailing whitespace.
+ 
docs/source-audits/2026-09-29-remaining-cad/main-sync-2026-10-03/evidence/native-fixture-test-corrections.patch:80: trailing whitespace.
+ 
docs/source-audits/2026-09-29-remaining-cad/main-sync-2026-10-03/evidence/native-fixture-test-corrections.patch:105: trailing whitespace.
+ 
docs/source-audits/2026-09-29-remaining-cad/main-sync-2026-10-03/evidence/native-fixture-test-corrections.patch:110: trailing whitespace.
+ 
docs/source-audits/2026-09-29-remaining-cad/main-sync-2026-10-03/evidence/package-merge-tests-system.stdout:13: trailing whitespace.
+Tools/HangboardPackages/tests/test_cord_audit_reusable_instances.py:26: 
docs/source-audits/2026-09-29-remaining-cad/main-sync-2026-10-03/evidence/package-merge-tests-system.stdout:14: trailing whitespace.
+_ _ _ _ _ _ _ _ _ _ _ _ _ _ _ _ _ _ _ _ _ _ _ _ _ _ _ _ _ _ _ _ _ _ _ _ _ _ _ _ 
docs/source-audits/2026-09-29-remaining-cad/main-sync-2026-10-03/evidence/package-merge-tests-system.stdout:21: trailing whitespace.
+_ _ _ _ _ _ _ _ _ _ _ _ _ _ _ _ _ _ _ _ _ _ _ _ _ _ _ _ _ _ _ _ _ _ _ _ _ _ _ _ 
docs/source-audits/2026-09-29-remaining-cad/main-sync-2026-10-03/evidence/package-merge-tests-system.stdout:27: trailing whitespace.
+    
docs/source-audits/2026-09-29-remaining-cad/main-sync-2026-10-03/evidence/runtime-fixture-test-corrections.patch:4: trailing whitespace.
+ 
docs/source-audits/2026-09-29-remaining-cad/main-sync-2026-10-03/evidence/runtime-fixture-test-corrections.patch:80: trailing whitespace.
+ 
docs/source-audits/2026-09-29-remaining-cad/main-sync-2026-10-03/evidence/runtime-fixture-test-corrections.patch:105: trailing whitespace.
+ 
docs/source-audits/2026-09-29-remaining-cad/main-sync-2026-10-03/evidence/runtime-fixture-test-corrections.patch:110: trailing whitespace.
+ 
docs/source-audits/2026-09-29-remaining-cad/main-sync-2026-10-03/evidence/workout-fixture-correction.patch:29: trailing whitespace.
+ 
docs/source-audits/2026-09-29-remaining-cad/main-sync-2026-10-03/evidence/workout-fixture-correction.patch:29: new blank line at EOF.
docs/source-audits/2026-09-29-remaining-cad/main-sync-2026-10-03/evidence/xctest-affected.stdout:96: trailing whitespace.
+    
docs/source-audits/2026-09-29-remaining-cad/main-sync-2026-10-03/evidence/xctest-affected.stdout:99: trailing whitespace.
+219 | 
docs/source-audits/2026-09-29-remaining-cad/main-sync-2026-10-03/evidence/xctest-affected.stdout:114: trailing whitespace.
+219 | 
docs/source-audits/2026-09-29-remaining-cad/main-sync-2026-10-03/evidence/xctest-affected.stdout:129: trailing whitespace.
+219 | 
docs/source-audits/2026-09-29-remaining-cad/main-sync-2026-10-03/evidence/xctest-affected.stdout:144: trailing whitespace.
+219 | 
docs/source-audits/2026-09-29-remaining-cad/main-sync-2026-10-03/evidence/xctest-affected.stdout:393: trailing whitespace.
+    export FRAMEWORK_SEARCH_PATHS\=/Users/asherlc/.paseo/worktrees/0h78jp9r/placid-badger-cad-second-half/.context/placid-badger-cad-second-half/main-sync-2026-10-03/ios/DerivedData-placid-badger-cad-second-half/Build/Products/Debug-iphonesimulator/PackageFrameworks\ /Users/asherlc/.paseo/worktrees/0h78jp9r/placid-badger-cad-second-half/.context/placid-badger-cad-second-half/main-sync-2026-10-03/ios/DerivedData-placid-badger-cad-second-half/Build/Products/Debug-iphonesimulator/PackageFrameworks\ /Users/asherlc/.paseo/worktrees/0h78jp9r/placid-badger-cad-second-half/.context/placid-badger-cad-second-half/main-sync-2026-10-03/ios/DerivedData-placid-badger-cad-second-half/Build/Products/Debug-iphonesimulator/PackageFrameworks\ /Users/asherlc/.paseo/worktrees/0h78jp9r/placid-badger-cad-second-half/.context/placid-badger-cad-second-half/main-sync-2026-10-03/ios/DerivedData-placid-badger-cad-second-half/Build/Products/Debug-iphonesimulator\ 
docs/source-audits/2026-09-29-remaining-cad/main-sync-2026-10-03/evidence/xctest-affected.stdout:431: trailing whitespace.
+    export HEADER_SEARCH_PATHS\=/Users/asherlc/.paseo/worktrees/0h78jp9r/placid-badger-cad-second-half/.context/placid-badger-cad-second-half/main-sync-2026-10-03/ios/DerivedData-placid-badger-cad-second-half/Build/Products/Debug-iphonesimulator/include\ 
docs/source-audits/2026-09-29-remaining-cad/main-sync-2026-10-03/evidence/xctest-affected.stdout:505: trailing whitespace.
+    export LIBRARY_SEARCH_PATHS\=/Users/asherlc/.paseo/worktrees/0h78jp9r/placid-badger-cad-second-half/.context/placid-badger-cad-second-half/main-sync-2026-10-03/ios/DerivedData-placid-badger-cad-second-half/Build/Products/Debug-iphonesimulator\ 
docs/source-audits/2026-09-29-remaining-cad/main-sync-2026-10-03/evidence/xctest-affected.stdout:554: trailing whitespace.
+    export OTHER_CFLAGS\=-fmodule-map-file\=/Users/asherlc/.paseo/worktrees/0h78jp9r/placid-badger-cad-second-half/.context/placid-badger-cad-second-half/main-sync-2026-10-03/ios/DerivedData-placid-badger-cad-second-half/Build/Intermediates.noindex/GeneratedModuleMaps-iphonesimulator/AnalyticsConnector.modulemap\ -fmodule-map-file\=/Users/asherlc/.paseo/worktrees/0h78jp9r/placid-badger-cad-second-half/.context/placid-badger-cad-second-half/main-sync-2026-10-03/ios/DerivedData-placid-badger-cad-second-half/Build/Intermediates.noindex/GeneratedModuleMaps-iphonesimulator/AmplitudeSwift.modulemap\ -fmodule-map-file\=/Users/asherlc/.paseo/worktrees/0h78jp9r/placid-badger-cad-second-half/.context/placid-badger-cad-second-half/main-sync-2026-10-03/ios/DerivedData-placid-badger-cad-second-half/Build/Intermediates.noindex/GeneratedModuleMaps-iphonesimulator/SentryCppHelper.modulemap\ 
docs/source-audits/2026-09-29-remaining-cad/main-sync-2026-10-03/evidence/xctest-affected.stdout:555: trailing whitespace.
+    export OTHER_CPLUSPLUSFLAGS\=-fmodule-map-file\=/Users/asherlc/.paseo/worktrees/0h78jp9r/placid-badger-cad-second-half/.context/placid-badger-cad-second-half/main-sync-2026-10-03/ios/DerivedData-placid-badger-cad-second-half/Build/Intermediates.noindex/GeneratedModuleMaps-iphonesimulator/AnalyticsConnector.modulemap\ -fmodule-map-file\=/Users/asherlc/.paseo/worktrees/0h78jp9r/placid-badger-cad-second-half/.context/placid-badger-cad-second-half/main-sync-2026-10-03/ios/DerivedData-placid-badger-cad-second-half/Build/Intermediates.noindex/GeneratedModuleMaps-iphonesimulator/AmplitudeSwift.modulemap\ -fmodule-map-file\=/Users/asherlc/.paseo/worktrees/0h78jp9r/placid-badger-cad-second-half/.context/placid-badger-cad-second-half/main-sync-2026-10-03/ios/DerivedData-placid-badger-cad-second-half/Build/Intermediates.noindex/GeneratedModuleMaps-iphonesimulator/SentryCppHelper.modulemap\ 
docs/source-audits/2026-09-29-remaining-cad/main-sync-2026-10-03/evidence/xctest-affected.stdout:620: trailing whitespace.
+    export REZ_SEARCH_PATHS\=/Users/asherlc/.paseo/worktrees/0h78jp9r/placid-badger-cad-second-half/.context/placid-badger-cad-second-half/main-sync-2026-10-03/ios/DerivedData-placid-badger-cad-second-half/Build/Products/Debug-iphonesimulator\ 
docs/source-audits/2026-09-29-remaining-cad/main-sync-2026-10-03/evidence/xctest-affected.stdout:1280: trailing whitespace.
+    export FRAMEWORK_SEARCH_PATHS\=/Users/asherlc/.paseo/worktrees/0h78jp9r/placid-badger-cad-second-half/.context/placid-badger-cad-second-half/main-sync-2026-10-03/ios/DerivedData-placid-badger-cad-second-half/Build/Products/Debug-iphonesimulator/PackageFrameworks\ /Users/asherlc/.paseo/worktrees/0h78jp9r/placid-badger-cad-second-half/.context/placid-badger-cad-second-half/main-sync-2026-10-03/ios/DerivedData-placid-badger-cad-second-half/Build/Products/Debug-iphonesimulator/PackageFrameworks\ /Users/asherlc/.paseo/worktrees/0h78jp9r/placid-badger-cad-second-half/.context/placid-badger-cad-second-half/main-sync-2026-10-03/ios/DerivedData-placid-badger-cad-second-half/Build/Products/Debug-iphonesimulator/PackageFrameworks\ /Users/asherlc/.paseo/worktrees/0h78jp9r/placid-badger-cad-second-half/.context/placid-badger-cad-second-half/main-sync-2026-10-03/ios/DerivedData-placid-badger-cad-second-half/Build/Products/Debug-iphonesimulator\ 
docs/source-audits/2026-09-29-remaining-cad/main-sync-2026-10-03/evidence/xctest-affected.stdout:1319: trailing whitespace.
+    export HEADER_SEARCH_PATHS\=/Users/asherlc/.paseo/worktrees/0h78jp9r/placid-badger-cad-second-half/.context/placid-badger-cad-second-half/main-sync-2026-10-03/ios/DerivedData-placid-badger-cad-second-half/Build/Products/Debug-iphonesimulator/include\ 
docs/source-audits/2026-09-29-remaining-cad/main-sync-2026-10-03/evidence/xctest-affected.stdout:1425: trailing whitespace.
+    export OTHER_CFLAGS\=-fmodule-map-file\=/Users/asherlc/.paseo/worktrees/0h78jp9r/placid-badger-cad-second-half/.context/placid-badger-cad-second-half/main-sync-2026-10-03/ios/DerivedData-placid-badger-cad-second-half/Build/Intermediates.noindex/GeneratedModuleMaps-iphonesimulator/AnalyticsConnector.modulemap\ -fmodule-map-file\=/Users/asherlc/.paseo/worktrees/0h78jp9r/placid-badger-cad-second-half/.context/placid-badger-cad-second-half/main-sync-2026-10-03/ios/DerivedData-placid-badger-cad-second-half/Build/Intermediates.noindex/GeneratedModuleMaps-iphonesimulator/AmplitudeSwift.modulemap\ -fmodule-map-file\=/Users/asherlc/.paseo/worktrees/0h78jp9r/placid-badger-cad-second-half/.context/placid-badger-cad-second-half/main-sync-2026-10-03/ios/DerivedData-placid-badger-cad-second-half/Build/Intermediates.noindex/GeneratedModuleMaps-iphonesimulator/SentryCppHelper.modulemap\ 
docs/source-audits/2026-09-29-remaining-cad/main-sync-2026-10-03/evidence/xctest-affected.stdout:1426: trailing whitespace.
+    export OTHER_CPLUSPLUSFLAGS\=-fmodule-map-file\=/Users/asherlc/.paseo/worktrees/0h78jp9r/placid-badger-cad-second-half/.context/placid-badger-cad-second-half/main-sync-2026-10-03/ios/DerivedData-placid-badger-cad-second-half/Build/Intermediates.noindex/GeneratedModuleMaps-iphonesimulator/AnalyticsConnector.modulemap\ -fmodule-map-file\=/Users/asherlc/.paseo/worktrees/0h78jp9r/placid-badger-cad-second-half/.context/placid-badger-cad-second-half/main-sync-2026-10-03/ios/DerivedData-placid-badger-cad-second-half/Build/Intermediates.noindex/GeneratedModuleMaps-iphonesimulator/AmplitudeSwift.modulemap\ -fmodule-map-file\=/Users/asherlc/.paseo/worktrees/0h78jp9r/placid-badger-cad-second-half/.context/placid-badger-cad-second-half/main-sync-2026-10-03/ios/DerivedData-placid-badger-cad-second-half/Build/Intermediates.noindex/GeneratedModuleMaps-iphonesimulator/SentryCppHelper.modulemap\ 
docs/source-audits/2026-09-29-remaining-cad/main-sync-2026-10-03/evidence/xctest-affected.stdout:1494: trailing whitespace.
+    export REZ_SEARCH_PATHS\=/Users/asherlc/.paseo/worktrees/0h78jp9r/placid-badger-cad-second-half/.context/placid-badger-cad-second-half/main-sync-2026-10-03/ios/DerivedData-placid-badger-cad-second-half/Build/Products/Debug-iphonesimulator\ 
docs/source-audits/2026-09-29-remaining-cad/main-sync-2026-10-03/evidence/xctest-affected.stdout:1684: trailing whitespace.
+    
docs/source-audits/2026-09-29-remaining-cad/main-sync-2026-10-03/evidence/xctest-affected.stdout:1687: trailing whitespace.
+2168 | 
docs/source-audits/2026-09-29-remaining-cad/main-sync-2026-10-03/evidence/xctest-affected.stdout:1697: trailing whitespace.
+2193 | 
docs/source-audits/2026-09-29-remaining-cad/main-sync-2026-10-03/evidence/xctest-affected.stdout:1705: trailing whitespace.
+2168 | 
docs/source-audits/2026-09-29-remaining-cad/main-sync-2026-10-03/evidence/xctest-affected.stdout:1715: trailing whitespace.
+2200 | 
docs/source-audits/2026-09-29-remaining-cad/main-sync-2026-10-03/evidence/xctest-affected.stdout:1723: trailing whitespace.
+2168 | 
docs/source-audits/2026-09-29-remaining-cad/main-sync-2026-10-03/evidence/xctest-affected.stdout:1733: trailing whitespace.
+2204 | 
docs/source-audits/2026-09-29-remaining-cad/main-sync-2026-10-03/evidence/xctest-affected.stdout:1739: trailing whitespace.
+2208 | 
docs/source-audits/2026-09-29-remaining-cad/main-sync-2026-10-03/evidence/xctest-affected.stdout:1759: trailing whitespace.
+1075 | 
docs/source-audits/2026-09-29-remaining-cad/main-sync-2026-10-03/evidence/xctest-affected.stdout:1767: trailing whitespace.
+1093 | 
docs/source-audits/2026-09-29-remaining-cad/main-sync-2026-10-03/evidence/xctest-affected.stdout:1783: trailing whitespace.
+1923 | 
docs/source-audits/2026-09-29-remaining-cad/main-sync-2026-10-03/evidence/xctest-affected.stdout:1834: trailing whitespace.
+    
docs/source-audits/2026-09-29-remaining-cad/main-sync-2026-10-03/evidence/xctest-affected.stdout:1836: trailing whitespace.
+    
docs/source-audits/2026-09-29-remaining-cad/main-sync-2026-10-03/evidence/xctest-affected.stdout:1841: trailing whitespace.
+    
docs/source-audits/2026-09-29-remaining-cad/main-sync-2026-10-03/evidence/xctest-affected.stdout:1843: trailing whitespace.
+    
docs/source-audits/2026-09-29-remaining-cad/main-sync-2026-10-03/evidence/xctest-affected.stdout:1848: trailing whitespace.
+    
docs/source-audits/2026-09-29-remaining-cad/main-sync-2026-10-03/evidence/xctest-affected.stdout:1850: trailing whitespace.
+    
docs/source-audits/2026-09-29-remaining-cad/main-sync-2026-10-03/evidence/xctest-affected.stdout:1856: trailing whitespace.
+    
docs/source-audits/2026-09-29-remaining-cad/main-sync-2026-10-03/evidence/xctest-affected.stdout:1858: trailing whitespace.
+    
docs/source-audits/2026-09-29-remaining-cad/main-sync-2026-10-03/evidence/xctest-affected.stdout:3266: trailing whitespace.
+                                                 worker: <IDERunOperationWorkerGroup: 0x7695a015c0, unfinished subworkers : 
docs/source-audits/2026-09-29-remaining-cad/main-sync-2026-10-03/evidence/xctest-affected.stdout:3728: new blank line at EOF.
docs/source-audits/2026-09-29-remaining-cad/main-sync-2026-10-03/evidence/xctest-final-contracts.stdout:282: trailing whitespace.
+    export FRAMEWORK_SEARCH_PATHS\=/Users/asherlc/.paseo/worktrees/0h78jp9r/placid-badger-cad-second-half/.context/placid-badger-cad-second-half/main-sync-2026-10-03/ios/DerivedData-placid-badger-cad-second-half/Build/Products/Debug-iphonesimulator/PackageFrameworks\ /Users/asherlc/.paseo/worktrees/0h78jp9r/placid-badger-cad-second-half/.context/placid-badger-cad-second-half/main-sync-2026-10-03/ios/DerivedData-placid-badger-cad-second-half/Build/Products/Debug-iphonesimulator/PackageFrameworks\ /Users/asherlc/.paseo/worktrees/0h78jp9r/placid-badger-cad-second-half/.context/placid-badger-cad-second-half/main-sync-2026-10-03/ios/DerivedData-placid-badger-cad-second-half/Build/Products/Debug-iphonesimulator/PackageFrameworks\ /Users/asherlc/.paseo/worktrees/0h78jp9r/placid-badger-cad-second-half/.context/placid-badger-cad-second-half/main-sync-2026-10-03/ios/DerivedData-placid-badger-cad-second-half/Build/Products/Debug-iphonesimulator\ 
docs/source-audits/2026-09-29-remaining-cad/main-sync-2026-10-03/evidence/xctest-final-contracts.stdout:320: trailing whitespace.
+    export HEADER_SEARCH_PATHS\=/Users/asherlc/.paseo/worktrees/0h78jp9r/placid-badger-cad-second-half/.context/placid-badger-cad-second-half/main-sync-2026-10-03/ios/DerivedData-placid-badger-cad-second-half/Build/Products/Debug-iphonesimulator/include\ 
docs/source-audits/2026-09-29-remaining-cad/main-sync-2026-10-03/evidence/xctest-final-contracts.stdout:394: trailing whitespace.
+    export LIBRARY_SEARCH_PATHS\=/Users/asherlc/.paseo/worktrees/0h78jp9r/placid-badger-cad-second-half/.context/placid-badger-cad-second-half/main-sync-2026-10-03/ios/DerivedData-placid-badger-cad-second-half/Build/Products/Debug-iphonesimulator\ 
docs/source-audits/2026-09-29-remaining-cad/main-sync-2026-10-03/evidence/xctest-final-contracts.stdout:443: trailing whitespace.
+    export OTHER_CFLAGS\=-fmodule-map-file\=/Users/asherlc/.paseo/worktrees/0h78jp9r/placid-badger-cad-second-half/.context/placid-badger-cad-second-half/main-sync-2026-10-03/ios/DerivedData-placid-badger-cad-second-half/Build/Intermediates.noindex/GeneratedModuleMaps-iphonesimulator/AnalyticsConnector.modulemap\ -fmodule-map-file\=/Users/asherlc/.paseo/worktrees/0h78jp9r/placid-badger-cad-second-half/.context/placid-badger-cad-second-half/main-sync-2026-10-03/ios/DerivedData-placid-badger-cad-second-half/Build/Intermediates.noindex/GeneratedModuleMaps-iphonesimulator/AmplitudeSwift.modulemap\ -fmodule-map-file\=/Users/asherlc/.paseo/worktrees/0h78jp9r/placid-badger-cad-second-half/.context/placid-badger-cad-second-half/main-sync-2026-10-03/ios/DerivedData-placid-badger-cad-second-half/Build/Intermediates.noindex/GeneratedModuleMaps-iphonesimulator/SentryCppHelper.modulemap\ 
docs/source-audits/2026-09-29-remaining-cad/main-sync-2026-10-03/evidence/xctest-final-contracts.stdout:444: trailing whitespace.
+    export OTHER_CPLUSPLUSFLAGS\=-fmodule-map-file\=/Users/asherlc/.paseo/worktrees/0h78jp9r/placid-badger-cad-second-half/.context/placid-badger-cad-second-half/main-sync-2026-10-03/ios/DerivedData-placid-badger-cad-second-half/Build/Intermediates.noindex/GeneratedModuleMaps-iphonesimulator/AnalyticsConnector.modulemap\ -fmodule-map-file\=/Users/asherlc/.paseo/worktrees/0h78jp9r/placid-badger-cad-second-half/.context/placid-badger-cad-second-half/main-sync-2026-10-03/ios/DerivedData-placid-badger-cad-second-half/Build/Intermediates.noindex/GeneratedModuleMaps-iphonesimulator/AmplitudeSwift.modulemap\ -fmodule-map-file\=/Users/asherlc/.paseo/worktrees/0h78jp9r/placid-badger-cad-second-half/.context/placid-badger-cad-second-half/main-sync-2026-10-03/ios/DerivedData-placid-badger-cad-second-half/Build/Intermediates.noindex/GeneratedModuleMaps-iphonesimulator/SentryCppHelper.modulemap\ 
docs/source-audits/2026-09-29-remaining-cad/main-sync-2026-10-03/evidence/xctest-final-contracts.stdout:509: trailing whitespace.
+    export REZ_SEARCH_PATHS\=/Users/asherlc/.paseo/worktrees/0h78jp9r/placid-badger-cad-second-half/.context/placid-badger-cad-second-half/main-sync-2026-10-03/ios/DerivedData-placid-badger-cad-second-half/Build/Products/Debug-iphonesimulator\ 
docs/source-audits/2026-09-29-remaining-cad/main-sync-2026-10-03/evidence/xctest-final-contracts.stdout:1167: trailing whitespace.
+    export FRAMEWORK_SEARCH_PATHS\=/Users/asherlc/.paseo/worktrees/0h78jp9r/placid-badger-cad-second-half/.context/placid-badger-cad-second-half/main-sync-2026-10-03/ios/DerivedData-placid-badger-cad-second-half/Build/Products/Debug-iphonesimulator/PackageFrameworks\ /Users/asherlc/.paseo/worktrees/0h78jp9r/placid-badger-cad-second-half/.context/placid-badger-cad-second-half/main-sync-2026-10-03/ios/DerivedData-placid-badger-cad-second-half/Build/Products/Debug-iphonesimulator/PackageFrameworks\ /Users/asherlc/.paseo/worktrees/0h78jp9r/placid-badger-cad-second-half/.context/placid-badger-cad-second-half/main-sync-2026-10-03/ios/DerivedData-placid-badger-cad-second-half/Build/Products/Debug-iphonesimulator/PackageFrameworks\ /Users/asherlc/.paseo/worktrees/0h78jp9r/placid-badger-cad-second-half/.context/placid-badger-cad-second-half/main-sync-2026-10-03/ios/DerivedData-placid-badger-cad-second-half/Build/Products/Debug-iphonesimulator\ 
docs/source-audits/2026-09-29-remaining-cad/main-sync-2026-10-03/evidence/xctest-final-contracts.stdout:1206: trailing whitespace.
+    export HEADER_SEARCH_PATHS\=/Users/asherlc/.paseo/worktrees/0h78jp9r/placid-badger-cad-second-half/.context/placid-badger-cad-second-half/main-sync-2026-10-03/ios/DerivedData-placid-badger-cad-second-half/Build/Products/Debug-iphonesimulator/include\ 
docs/source-audits/2026-09-29-remaining-cad/main-sync-2026-10-03/evidence/xctest-final-contracts.stdout:1312: trailing whitespace.
+    export OTHER_CFLAGS\=-fmodule-map-file\=/Users/asherlc/.paseo/worktrees/0h78jp9r/placid-badger-cad-second-half/.context/placid-badger-cad-second-half/main-sync-2026-10-03/ios/DerivedData-placid-badger-cad-second-half/Build/Intermediates.noindex/GeneratedModuleMaps-iphonesimulator/AnalyticsConnector.modulemap\ -fmodule-map-file\=/Users/asherlc/.paseo/worktrees/0h78jp9r/placid-badger-cad-second-half/.context/placid-badger-cad-second-half/main-sync-2026-10-03/ios/DerivedData-placid-badger-cad-second-half/Build/Intermediates.noindex/GeneratedModuleMaps-iphonesimulator/AmplitudeSwift.modulemap\ -fmodule-map-file\=/Users/asherlc/.paseo/worktrees/0h78jp9r/placid-badger-cad-second-half/.context/placid-badger-cad-second-half/main-sync-2026-10-03/ios/DerivedData-placid-badger-cad-second-half/Build/Intermediates.noindex/GeneratedModuleMaps-iphonesimulator/SentryCppHelper.modulemap\ 
docs/source-audits/2026-09-29-remaining-cad/main-sync-2026-10-03/evidence/xctest-final-contracts.stdout:1313: trailing whitespace.
+    export OTHER_CPLUSPLUSFLAGS\=-fmodule-map-file\=/Users/asherlc/.paseo/worktrees/0h78jp9r/placid-badger-cad-second-half/.context/placid-badger-cad-second-half/main-sync-2026-10-03/ios/DerivedData-placid-badger-cad-second-half/Build/Intermediates.noindex/GeneratedModuleMaps-iphonesimulator/AnalyticsConnector.modulemap\ -fmodule-map-file\=/Users/asherlc/.paseo/worktrees/0h78jp9r/placid-badger-cad-second-half/.context/placid-badger-cad-second-half/main-sync-2026-10-03/ios/DerivedData-placid-badger-cad-second-half/Build/Intermediates.noindex/GeneratedModuleMaps-iphonesimulator/AmplitudeSwift.modulemap\ -fmodule-map-file\=/Users/asherlc/.paseo/worktrees/0h78jp9r/placid-badger-cad-second-half/.context/placid-badger-cad-second-half/main-sync-2026-10-03/ios/DerivedData-placid-badger-cad-second-half/Build/Intermediates.noindex/GeneratedModuleMaps-iphonesimulator/SentryCppHelper.modulemap\ 
docs/source-audits/2026-09-29-remaining-cad/main-sync-2026-10-03/evidence/xctest-final-contracts.stdout:1381: trailing whitespace.
+    export REZ_SEARCH_PATHS\=/Users/asherlc/.paseo/worktrees/0h78jp9r/placid-badger-cad-second-half/.context/placid-badger-cad-second-half/main-sync-2026-10-03/ios/DerivedData-placid-badger-cad-second-half/Build/Products/Debug-iphonesimulator\ 
docs/source-audits/2026-09-29-remaining-cad/main-sync-2026-10-03/evidence/xctest-final-contracts.stdout:1573: trailing whitespace.
+    
docs/source-audits/2026-09-29-remaining-cad/main-sync-2026-10-03/evidence/xctest-final-contracts.stdout:1575: trailing whitespace.
+    
docs/source-audits/2026-09-29-remaining-cad/main-sync-2026-10-03/evidence/xctest-final-contracts.stdout:1581: trailing whitespace.
+    
docs/source-audits/2026-09-29-remaining-cad/main-sync-2026-10-03/evidence/xctest-final-contracts.stdout:1583: trailing whitespace.
+    
docs/source-audits/2026-09-29-remaining-cad/main-sync-2026-10-03/evidence/xctest-final-contracts.stdout:1589: trailing whitespace.
+    
docs/source-audits/2026-09-29-remaining-cad/main-sync-2026-10-03/evidence/xctest-final-contracts.stdout:1591: trailing whitespace.
+    
docs/source-audits/2026-09-29-remaining-cad/main-sync-2026-10-03/evidence/xctest-final.stdout:286: trailing whitespace.
+    export FRAMEWORK_SEARCH_PATHS\=/Users/asherlc/.paseo/worktrees/0h78jp9r/placid-badger-cad-second-half/.context/placid-badger-cad-second-half/main-sync-2026-10-03/ios/DerivedData-placid-badger-cad-second-half/Build/Products/Debug-iphonesimulator/PackageFrameworks\ /Users/asherlc/.paseo/worktrees/0h78jp9r/placid-badger-cad-second-half/.context/placid-badger-cad-second-half/main-sync-2026-10-03/ios/DerivedData-placid-badger-cad-second-half/Build/Products/Debug-iphonesimulator/PackageFrameworks\ /Users/asherlc/.paseo/worktrees/0h78jp9r/placid-badger-cad-second-half/.context/placid-badger-cad-second-half/main-sync-2026-10-03/ios/DerivedData-placid-badger-cad-second-half/Build/Products/Debug-iphonesimulator/PackageFrameworks\ /Users/asherlc/.paseo/worktrees/0h78jp9r/placid-badger-cad-second-half/.context/placid-badger-cad-second-half/main-sync-2026-10-03/ios/DerivedData-placid-badger-cad-second-half/Build/Products/Debug-iphonesimulator\ 
docs/source-audits/2026-09-29-remaining-cad/main-sync-2026-10-03/evidence/xctest-final.stdout:324: trailing whitespace.
+    export HEADER_SEARCH_PATHS\=/Users/asherlc/.paseo/worktrees/0h78jp9r/placid-badger-cad-second-half/.context/placid-badger-cad-second-half/main-sync-2026-10-03/ios/DerivedData-placid-badger-cad-second-half/Build/Products/Debug-iphonesimulator/include\ 
docs/source-audits/2026-09-29-remaining-cad/main-sync-2026-10-03/evidence/xctest-final.stdout:398: trailing whitespace.
+    export LIBRARY_SEARCH_PATHS\=/Users/asherlc/.paseo/worktrees/0h78jp9r/placid-badger-cad-second-half/.context/placid-badger-cad-second-half/main-sync-2026-10-03/ios/DerivedData-placid-badger-cad-second-half/Build/Products/Debug-iphonesimulator\ 
docs/source-audits/2026-09-29-remaining-cad/main-sync-2026-10-03/evidence/xctest-final.stdout:447: trailing whitespace.
+    export OTHER_CFLAGS\=-fmodule-map-file\=/Users/asherlc/.paseo/worktrees/0h78jp9r/placid-badger-cad-second-half/.context/placid-badger-cad-second-half/main-sync-2026-10-03/ios/DerivedData-placid-badger-cad-second-half/Build/Intermediates.noindex/GeneratedModuleMaps-iphonesimulator/AnalyticsConnector.modulemap\ -fmodule-map-file\=/Users/asherlc/.paseo/worktrees/0h78jp9r/placid-badger-cad-second-half/.context/placid-badger-cad-second-half/main-sync-2026-10-03/ios/DerivedData-placid-badger-cad-second-half/Build/Intermediates.noindex/GeneratedModuleMaps-iphonesimulator/AmplitudeSwift.modulemap\ -fmodule-map-file\=/Users/asherlc/.paseo/worktrees/0h78jp9r/placid-badger-cad-second-half/.context/placid-badger-cad-second-half/main-sync-2026-10-03/ios/DerivedData-placid-badger-cad-second-half/Build/Intermediates.noindex/GeneratedModuleMaps-iphonesimulator/SentryCppHelper.modulemap\ 
docs/source-audits/2026-09-29-remaining-cad/main-sync-2026-10-03/evidence/xctest-final.stdout:448: trailing whitespace.
+    export OTHER_CPLUSPLUSFLAGS\=-fmodule-map-file\=/Users/asherlc/.paseo/worktrees/0h78jp9r/placid-badger-cad-second-half/.context/placid-badger-cad-second-half/main-sync-2026-10-03/ios/DerivedData-placid-badger-cad-second-half/Build/Intermediates.noindex/GeneratedModuleMaps-iphonesimulator/AnalyticsConnector.modulemap\ -fmodule-map-file\=/Users/asherlc/.paseo/worktrees/0h78jp9r/placid-badger-cad-second-half/.context/placid-badger-cad-second-half/main-sync-2026-10-03/ios/DerivedData-placid-badger-cad-second-half/Build/Intermediates.noindex/GeneratedModuleMaps-iphonesimulator/AmplitudeSwift.modulemap\ -fmodule-map-file\=/Users/asherlc/.paseo/worktrees/0h78jp9r/placid-badger-cad-second-half/.context/placid-badger-cad-second-half/main-sync-2026-10-03/ios/DerivedData-placid-badger-cad-second-half/Build/Intermediates.noindex/GeneratedModuleMaps-iphonesimulator/SentryCppHelper.modulemap\ 
docs/source-audits/2026-09-29-remaining-cad/main-sync-2026-10-03/evidence/xctest-final.stdout:513: trailing whitespace.
+    export REZ_SEARCH_PATHS\=/Users/asherlc/.paseo/worktrees/0h78jp9r/placid-badger-cad-second-half/.context/placid-badger-cad-second-half/main-sync-2026-10-03/ios/DerivedData-placid-badger-cad-second-half/Build/Products/Debug-iphonesimulator\ 
docs/source-audits/2026-09-29-remaining-cad/main-sync-2026-10-03/evidence/xctest-final.stdout:1170: trailing whitespace.
+    export FRAMEWORK_SEARCH_PATHS\=/Users/asherlc/.paseo/worktrees/0h78jp9r/placid-badger-cad-second-half/.context/placid-badger-cad-second-half/main-sync-2026-10-03/ios/DerivedData-placid-badger-cad-second-half/Build/Products/Debug-iphonesimulator/PackageFrameworks\ /Users/asherlc/.paseo/worktrees/0h78jp9r/placid-badger-cad-second-half/.context/placid-badger-cad-second-half/main-sync-2026-10-03/ios/DerivedData-placid-badger-cad-second-half/Build/Products/Debug-iphonesimulator/PackageFrameworks\ /Users/asherlc/.paseo/worktrees/0h78jp9r/placid-badger-cad-second-half/.context/placid-badger-cad-second-half/main-sync-2026-10-03/ios/DerivedData-placid-badger-cad-second-half/Build/Products/Debug-iphonesimulator/PackageFrameworks\ /Users/asherlc/.paseo/worktrees/0h78jp9r/placid-badger-cad-second-half/.context/placid-badger-cad-second-half/main-sync-2026-10-03/ios/DerivedData-placid-badger-cad-second-half/Build/Products/Debug-iphonesimulator\ 
docs/source-audits/2026-09-29-remaining-cad/main-sync-2026-10-03/evidence/xctest-final.stdout:1209: trailing whitespace.
+    export HEADER_SEARCH_PATHS\=/Users/asherlc/.paseo/worktrees/0h78jp9r/placid-badger-cad-second-half/.context/placid-badger-cad-second-half/main-sync-2026-10-03/ios/DerivedData-placid-badger-cad-second-half/Build/Products/Debug-iphonesimulator/include\ 
docs/source-audits/2026-09-29-remaining-cad/main-sync-2026-10-03/evidence/xctest-final.stdout:1315: trailing whitespace.
+    export OTHER_CFLAGS\=-fmodule-map-file\=/Users/asherlc/.paseo/worktrees/0h78jp9r/placid-badger-cad-second-half/.context/placid-badger-cad-second-half/main-sync-2026-10-03/ios/DerivedData-placid-badger-cad-second-half/Build/Intermediates.noindex/GeneratedModuleMaps-iphonesimulator/AnalyticsConnector.modulemap\ -fmodule-map-file\=/Users/asherlc/.paseo/worktrees/0h78jp9r/placid-badger-cad-second-half/.context/placid-badger-cad-second-half/main-sync-2026-10-03/ios/DerivedData-placid-badger-cad-second-half/Build/Intermediates.noindex/GeneratedModuleMaps-iphonesimulator/AmplitudeSwift.modulemap\ -fmodule-map-file\=/Users/asherlc/.paseo/worktrees/0h78jp9r/placid-badger-cad-second-half/.context/placid-badger-cad-second-half/main-sync-2026-10-03/ios/DerivedData-placid-badger-cad-second-half/Build/Intermediates.noindex/GeneratedModuleMaps-iphonesimulator/SentryCppHelper.modulemap\ 
docs/source-audits/2026-09-29-remaining-cad/main-sync-2026-10-03/evidence/xctest-final.stdout:1316: trailing whitespace.
+    export OTHER_CPLUSPLUSFLAGS\=-fmodule-map-file\=/Users/asherlc/.paseo/worktrees/0h78jp9r/placid-badger-cad-second-half/.context/placid-badger-cad-second-half/main-sync-2026-10-03/ios/DerivedData-placid-badger-cad-second-half/Build/Intermediates.noindex/GeneratedModuleMaps-iphonesimulator/AnalyticsConnector.modulemap\ -fmodule-map-file\=/Users/asherlc/.paseo/worktrees/0h78jp9r/placid-badger-cad-second-half/.context/placid-badger-cad-second-half/main-sync-2026-10-03/ios/DerivedData-placid-badger-cad-second-half/Build/Intermediates.noindex/GeneratedModuleMaps-iphonesimulator/AmplitudeSwift.modulemap\ -fmodule-map-file\=/Users/asherlc/.paseo/worktrees/0h78jp9r/placid-badger-cad-second-half/.context/placid-badger-cad-second-half/main-sync-2026-10-03/ios/DerivedData-placid-badger-cad-second-half/Build/Intermediates.noindex/GeneratedModuleMaps-iphonesimulator/SentryCppHelper.modulemap\ 
docs/source-audits/2026-09-29-remaining-cad/main-sync-2026-10-03/evidence/xctest-final.stdout:1384: trailing whitespace.
+    export REZ_SEARCH_PATHS\=/Users/asherlc/.paseo/worktrees/0h78jp9r/placid-badger-cad-second-half/.context/placid-badger-cad-second-half/main-sync-2026-10-03/ios/DerivedData-placid-badger-cad-second-half/Build/Products/Debug-iphonesimulator\ 
docs/source-audits/2026-09-29-remaining-cad/main-sync-2026-10-03/evidence/xctest-final.stdout:1578: trailing whitespace.
+    
docs/source-audits/2026-09-29-remaining-cad/main-sync-2026-10-03/evidence/xctest-final.stdout:1612: trailing whitespace.
+2 | 
docs/source-audits/2026-09-29-remaining-cad/main-sync-2026-10-03/evidence/xctest-final.stdout:1619: trailing whitespace.
+15 | 
docs/source-audits/2026-09-29-remaining-cad/main-sync-2026-10-03/evidence/xctest-final.stdout:1620: trailing whitespace.
+16 | 
docs/source-audits/2026-09-29-remaining-cad/main-sync-2026-10-03/evidence/xctest-final.stdout:1625: trailing whitespace.
+33 | 
docs/source-audits/2026-09-29-remaining-cad/main-sync-2026-10-03/evidence/xctest-final.stdout:1628: trailing whitespace.
+35 | 
docs/source-audits/2026-09-29-remaining-cad/main-sync-2026-10-03/evidence/xctest-final.stdout:1633: trailing whitespace.
+13 | 
docs/source-audits/2026-09-29-remaining-cad/main-sync-2026-10-03/evidence/xctest-final.stdout:1655: trailing whitespace.
+    
docs/source-audits/2026-09-29-remaining-cad/main-sync-2026-10-03/evidence/xctest-final.stdout:1658: trailing whitespace.
+2168 | 
docs/source-audits/2026-09-29-remaining-cad/main-sync-2026-10-03/evidence/xctest-final.stdout:1668: trailing whitespace.
+2193 | 
docs/source-audits/2026-09-29-remaining-cad/main-sync-2026-10-03/evidence/xctest-final.stdout:1676: trailing whitespace.
+2168 | 
docs/source-audits/2026-09-29-remaining-cad/main-sync-2026-10-03/evidence/xctest-final.stdout:1686: trailing whitespace.
+2200 | 
docs/source-audits/2026-09-29-remaining-cad/main-sync-2026-10-03/evidence/xctest-final.stdout:1694: trailing whitespace.
+2168 | 
docs/source-audits/2026-09-29-remaining-cad/main-sync-2026-10-03/evidence/xctest-final.stdout:1704: trailing whitespace.
+2204 | 
docs/source-audits/2026-09-29-remaining-cad/main-sync-2026-10-03/evidence/xctest-final.stdout:1710: trailing whitespace.
+2208 | 
docs/source-audits/2026-09-29-remaining-cad/main-sync-2026-10-03/evidence/xctest-final.stdout:1766: trailing whitespace.
+1028 | 
docs/source-audits/2026-09-29-remaining-cad/main-sync-2026-10-03/evidence/xctest-final.stdout:1774: trailing whitespace.
+1046 | 
docs/source-audits/2026-09-29-remaining-cad/main-sync-2026-10-03/evidence/xctest-final.stdout:1864: trailing whitespace.
+2168 | 
docs/source-audits/2026-09-29-remaining-cad/main-sync-2026-10-03/evidence/xctest-final.stdout:1874: trailing whitespace.
+2193 | 
docs/source-audits/2026-09-29-remaining-cad/main-sync-2026-10-03/evidence/xctest-final.stdout:1882: trailing whitespace.
+2168 | 
docs/source-audits/2026-09-29-remaining-cad/main-sync-2026-10-03/evidence/xctest-final.stdout:1892: trailing whitespace.
+2200 | 
docs/source-audits/2026-09-29-remaining-cad/main-sync-2026-10-03/evidence/xctest-final.stdout:1900: trailing whitespace.
+2168 | 
docs/source-audits/2026-09-29-remaining-cad/main-sync-2026-10-03/evidence/xctest-final.stdout:1910: trailing whitespace.
+2204 | 
docs/source-audits/2026-09-29-remaining-cad/main-sync-2026-10-03/evidence/xctest-final.stdout:1916: trailing whitespace.
+2208 | 
docs/source-audits/2026-09-29-remaining-cad/main-sync-2026-10-03/evidence/xctest-final.stdout:2186: new blank line at EOF.
docs/source-audits/2026-09-29-remaining-cad/main-sync-2026-10-03/evidence/xctest-integration.stderr:59: new blank line at EOF.
docs/source-audits/2026-09-29-remaining-cad/main-sync-2026-10-03/evidence/xctest-integration.stdout:282: trailing whitespace.
+    export FRAMEWORK_SEARCH_PATHS\=/Users/asherlc/.paseo/worktrees/0h78jp9r/placid-badger-cad-second-half/.context/placid-badger-cad-second-half/main-sync-2026-10-03/ios/DerivedData-placid-badger-cad-second-half/Build/Products/Debug-iphonesimulator/PackageFrameworks\ /Users/asherlc/.paseo/worktrees/0h78jp9r/placid-badger-cad-second-half/.context/placid-badger-cad-second-half/main-sync-2026-10-03/ios/DerivedData-placid-badger-cad-second-half/Build/Products/Debug-iphonesimulator/PackageFrameworks\ /Users/asherlc/.paseo/worktrees/0h78jp9r/placid-badger-cad-second-half/.context/placid-badger-cad-second-half/main-sync-2026-10-03/ios/DerivedData-placid-badger-cad-second-half/Build/Products/Debug-iphonesimulator/PackageFrameworks\ /Users/asherlc/.paseo/worktrees/0h78jp9r/placid-badger-cad-second-half/.context/placid-badger-cad-second-half/main-sync-2026-10-03/ios/DerivedData-placid-badger-cad-second-half/Build/Products/Debug-iphonesimulator\ 
docs/source-audits/2026-09-29-remaining-cad/main-sync-2026-10-03/evidence/xctest-integration.stdout:320: trailing whitespace.
+    export HEADER_SEARCH_PATHS\=/Users/asherlc/.paseo/worktrees/0h78jp9r/placid-badger-cad-second-half/.context/placid-badger-cad-second-half/main-sync-2026-10-03/ios/DerivedData-placid-badger-cad-second-half/Build/Products/Debug-iphonesimulator/include\ 
docs/source-audits/2026-09-29-remaining-cad/main-sync-2026-10-03/evidence/xctest-integration.stdout:394: trailing whitespace.
+    export LIBRARY_SEARCH_PATHS\=/Users/asherlc/.paseo/worktrees/0h78jp9r/placid-badger-cad-second-half/.context/placid-badger-cad-second-half/main-sync-2026-10-03/ios/DerivedData-placid-badger-cad-second-half/Build/Products/Debug-iphonesimulator\ 
docs/source-audits/2026-09-29-remaining-cad/main-sync-2026-10-03/evidence/xctest-integration.stdout:443: trailing whitespace.
+    export OTHER_CFLAGS\=-fmodule-map-file\=/Users/asherlc/.paseo/worktrees/0h78jp9r/placid-badger-cad-second-half/.context/placid-badger-cad-second-half/main-sync-2026-10-03/ios/DerivedData-placid-badger-cad-second-half/Build/Intermediates.noindex/GeneratedModuleMaps-iphonesimulator/AnalyticsConnector.modulemap\ -fmodule-map-file\=/Users/asherlc/.paseo/worktrees/0h78jp9r/placid-badger-cad-second-half/.context/placid-badger-cad-second-half/main-sync-2026-10-03/ios/DerivedData-placid-badger-cad-second-half/Build/Intermediates.noindex/GeneratedModuleMaps-iphonesimulator/AmplitudeSwift.modulemap\ -fmodule-map-file\=/Users/asherlc/.paseo/worktrees/0h78jp9r/placid-badger-cad-second-half/.context/placid-badger-cad-second-half/main-sync-2026-10-03/ios/DerivedData-placid-badger-cad-second-half/Build/Intermediates.noindex/GeneratedModuleMaps-iphonesimulator/SentryCppHelper.modulemap\ 
docs/source-audits/2026-09-29-remaining-cad/main-sync-2026-10-03/evidence/xctest-integration.stdout:444: trailing whitespace.
+    export OTHER_CPLUSPLUSFLAGS\=-fmodule-map-file\=/Users/asherlc/.paseo/worktrees/0h78jp9r/placid-badger-cad-second-half/.context/placid-badger-cad-second-half/main-sync-2026-10-03/ios/DerivedData-placid-badger-cad-second-half/Build/Intermediates.noindex/GeneratedModuleMaps-iphonesimulator/AnalyticsConnector.modulemap\ -fmodule-map-file\=/Users/asherlc/.paseo/worktrees/0h78jp9r/placid-badger-cad-second-half/.context/placid-badger-cad-second-half/main-sync-2026-10-03/ios/DerivedData-placid-badger-cad-second-half/Build/Intermediates.noindex/GeneratedModuleMaps-iphonesimulator/AmplitudeSwift.modulemap\ -fmodule-map-file\=/Users/asherlc/.paseo/worktrees/0h78jp9r/placid-badger-cad-second-half/.context/placid-badger-cad-second-half/main-sync-2026-10-03/ios/DerivedData-placid-badger-cad-second-half/Build/Intermediates.noindex/GeneratedModuleMaps-iphonesimulator/SentryCppHelper.modulemap\ 
docs/source-audits/2026-09-29-remaining-cad/main-sync-2026-10-03/evidence/xctest-integration.stdout:509: trailing whitespace.
+    export REZ_SEARCH_PATHS\=/Users/asherlc/.paseo/worktrees/0h78jp9r/placid-badger-cad-second-half/.context/placid-badger-cad-second-half/main-sync-2026-10-03/ios/DerivedData-placid-badger-cad-second-half/Build/Products/Debug-iphonesimulator\ 
docs/source-audits/2026-09-29-remaining-cad/main-sync-2026-10-03/evidence/xctest-integration.stdout:1167: trailing whitespace.
+    export FRAMEWORK_SEARCH_PATHS\=/Users/asherlc/.paseo/worktrees/0h78jp9r/placid-badger-cad-second-half/.context/placid-badger-cad-second-half/main-sync-2026-10-03/ios/DerivedData-placid-badger-cad-second-half/Build/Products/Debug-iphonesimulator/PackageFrameworks\ /Users/asherlc/.paseo/worktrees/0h78jp9r/placid-badger-cad-second-half/.context/placid-badger-cad-second-half/main-sync-2026-10-03/ios/DerivedData-placid-badger-cad-second-half/Build/Products/Debug-iphonesimulator/PackageFrameworks\ /Users/asherlc/.paseo/worktrees/0h78jp9r/placid-badger-cad-second-half/.context/placid-badger-cad-second-half/main-sync-2026-10-03/ios/DerivedData-placid-badger-cad-second-half/Build/Products/Debug-iphonesimulator/PackageFrameworks\ /Users/asherlc/.paseo/worktrees/0h78jp9r/placid-badger-cad-second-half/.context/placid-badger-cad-second-half/main-sync-2026-10-03/ios/DerivedData-placid-badger-cad-second-half/Build/Products/Debug-iphonesimulator\ 
docs/source-audits/2026-09-29-remaining-cad/main-sync-2026-10-03/evidence/xctest-integration.stdout:1206: trailing whitespace.
+    export HEADER_SEARCH_PATHS\=/Users/asherlc/.paseo/worktrees/0h78jp9r/placid-badger-cad-second-half/.context/placid-badger-cad-second-half/main-sync-2026-10-03/ios/DerivedData-placid-badger-cad-second-half/Build/Products/Debug-iphonesimulator/include\ 
docs/source-audits/2026-09-29-remaining-cad/main-sync-2026-10-03/evidence/xctest-integration.stdout:1312: trailing whitespace.
+    export OTHER_CFLAGS\=-fmodule-map-file\=/Users/asherlc/.paseo/worktrees/0h78jp9r/placid-badger-cad-second-half/.context/placid-badger-cad-second-half/main-sync-2026-10-03/ios/DerivedData-placid-badger-cad-second-half/Build/Intermediates.noindex/GeneratedModuleMaps-iphonesimulator/AnalyticsConnector.modulemap\ -fmodule-map-file\=/Users/asherlc/.paseo/worktrees/0h78jp9r/placid-badger-cad-second-half/.context/placid-badger-cad-second-half/main-sync-2026-10-03/ios/DerivedData-placid-badger-cad-second-half/Build/Intermediates.noindex/GeneratedModuleMaps-iphonesimulator/AmplitudeSwift.modulemap\ -fmodule-map-file\=/Users/asherlc/.paseo/worktrees/0h78jp9r/placid-badger-cad-second-half/.context/placid-badger-cad-second-half/main-sync-2026-10-03/ios/DerivedData-placid-badger-cad-second-half/Build/Intermediates.noindex/GeneratedModuleMaps-iphonesimulator/SentryCppHelper.modulemap\ 
docs/source-audits/2026-09-29-remaining-cad/main-sync-2026-10-03/evidence/xctest-integration.stdout:1313: trailing whitespace.
+    export OTHER_CPLUSPLUSFLAGS\=-fmodule-map-file\=/Users/asherlc/.paseo/worktrees/0h78jp9r/placid-badger-cad-second-half/.context/placid-badger-cad-second-half/main-sync-2026-10-03/ios/DerivedData-placid-badger-cad-second-half/Build/Intermediates.noindex/GeneratedModuleMaps-iphonesimulator/AnalyticsConnector.modulemap\ -fmodule-map-file\=/Users/asherlc/.paseo/worktrees/0h78jp9r/placid-badger-cad-second-half/.context/placid-badger-cad-second-half/main-sync-2026-10-03/ios/DerivedData-placid-badger-cad-second-half/Build/Intermediates.noindex/GeneratedModuleMaps-iphonesimulator/AmplitudeSwift.modulemap\ -fmodule-map-file\=/Users/asherlc/.paseo/worktrees/0h78jp9r/placid-badger-cad-second-half/.context/placid-badger-cad-second-half/main-sync-2026-10-03/ios/DerivedData-placid-badger-cad-second-half/Build/Intermediates.noindex/GeneratedModuleMaps-iphonesimulator/SentryCppHelper.modulemap\ 
docs/source-audits/2026-09-29-remaining-cad/main-sync-2026-10-03/evidence/xctest-integration.stdout:1381: trailing whitespace.
+    export REZ_SEARCH_PATHS\=/Users/asherlc/.paseo/worktrees/0h78jp9r/placid-badger-cad-second-half/.context/placid-badger-cad-second-half/main-sync-2026-10-03/ios/DerivedData-placid-badger-cad-second-half/Build/Products/Debug-iphonesimulator\ 
docs/source-audits/2026-09-29-remaining-cad/main-sync-2026-10-03/evidence/xctest-integration.stdout:1614: trailing whitespace.
+2168 | 
docs/source-audits/2026-09-29-remaining-cad/main-sync-2026-10-03/evidence/xctest-integration.stdout:1624: trailing whitespace.
+2193 | 
docs/source-audits/2026-09-29-remaining-cad/main-sync-2026-10-03/evidence/xctest-integration.stdout:1632: trailing whitespace.
+2168 | 
docs/source-audits/2026-09-29-remaining-cad/main-sync-2026-10-03/evidence/xctest-integration.stdout:1642: trailing whitespace.
+2200 | 
docs/source-audits/2026-09-29-remaining-cad/main-sync-2026-10-03/evidence/xctest-integration.stdout:1650: trailing whitespace.
+2168 | 
docs/source-audits/2026-09-29-remaining-cad/main-sync-2026-10-03/evidence/xctest-integration.stdout:1660: trailing whitespace.
+2204 | 
docs/source-audits/2026-09-29-remaining-cad/main-sync-2026-10-03/evidence/xctest-integration.stdout:1666: trailing whitespace.
+2208 | 
docs/source-audits/2026-09-29-remaining-cad/main-sync-2026-10-03/evidence/xctest-integration.stdout:1677: trailing whitespace.
+    
docs/source-audits/2026-09-29-remaining-cad/main-sync-2026-10-03/evidence/xctest-integration.stdout:1691: trailing whitespace.
+4046 | 
docs/source-audits/2026-09-29-remaining-cad/main-sync-2026-10-03/evidence/xctest-integration.stdout:1715: trailing whitespace.
+1051 | 
docs/source-audits/2026-09-29-remaining-cad/main-sync-2026-10-03/evidence/xctest-integration.stdout:1723: trailing whitespace.
+1069 | 
docs/source-audits/2026-09-29-remaining-cad/main-sync-2026-10-03/evidence/xctest-integration.stdout:1739: trailing whitespace.
+1873 | 
docs/source-audits/2026-09-29-remaining-cad/main-sync-2026-10-03/evidence/xctest-integration.stdout:1787: trailing whitespace.
+2168 | 
docs/source-audits/2026-09-29-remaining-cad/main-sync-2026-10-03/evidence/xctest-integration.stdout:1797: trailing whitespace.
+2193 | 
docs/source-audits/2026-09-29-remaining-cad/main-sync-2026-10-03/evidence/xctest-integration.stdout:1805: trailing whitespace.
+2168 | 
docs/source-audits/2026-09-29-remaining-cad/main-sync-2026-10-03/evidence/xctest-integration.stdout:1815: trailing whitespace.
+2200 | 
docs/source-audits/2026-09-29-remaining-cad/main-sync-2026-10-03/evidence/xctest-integration.stdout:1823: trailing whitespace.
+2168 | 
docs/source-audits/2026-09-29-remaining-cad/main-sync-2026-10-03/evidence/xctest-integration.stdout:1833: trailing whitespace.
+2204 | 
docs/source-audits/2026-09-29-remaining-cad/main-sync-2026-10-03/evidence/xctest-integration.stdout:1839: trailing whitespace.
+2208 | 
docs/source-audits/2026-09-29-remaining-cad/main-sync-2026-10-03/evidence/xctest-integration.stdout:2128: trailing whitespace.
+    
docs/source-audits/2026-09-29-remaining-cad/main-sync-2026-10-03/evidence/xctest-integration.stdout:2130: trailing whitespace.
+    
docs/source-audits/2026-09-29-remaining-cad/main-sync-2026-10-03/evidence/xctest-integration.stdout:2143: trailing whitespace.
+    
docs/source-audits/2026-09-29-remaining-cad/main-sync-2026-10-03/evidence/xctest-integration.stdout:2145: trailing whitespace.
+    
docs/source-audits/2026-09-29-remaining-cad/main-sync-2026-10-03/evidence/xctest-integration.stdout:2150: trailing whitespace.
+    
docs/source-audits/2026-09-29-remaining-cad/main-sync-2026-10-03/evidence/xctest-integration.stdout:2152: trailing whitespace.
+    
docs/source-audits/2026-09-29-remaining-cad/main-sync-2026-10-03/evidence/xctest-integration.stdout:2157: trailing whitespace.
+    
docs/source-audits/2026-09-29-remaining-cad/main-sync-2026-10-03/evidence/xctest-integration.stdout:2159: trailing whitespace.
+    
docs/source-audits/2026-09-29-remaining-cad/main-sync-2026-10-03/evidence/xctest-integration.stdout:2217: trailing whitespace.
+    
docs/source-audits/2026-09-29-remaining-cad/main-sync-2026-10-03/evidence/xctest-integration.stdout:2219: trailing whitespace.
+    
docs/source-audits/2026-09-29-remaining-cad/main-sync-2026-10-03/evidence/xctest-integration.stdout:2224: trailing whitespace.
+    
docs/source-audits/2026-09-29-remaining-cad/main-sync-2026-10-03/evidence/xctest-integration.stdout:2226: trailing whitespace.
+    
docs/source-audits/2026-09-29-remaining-cad/main-sync-2026-10-03/evidence/xctest-retry.stdout:286: trailing whitespace.
+    export FRAMEWORK_SEARCH_PATHS\=/Users/asherlc/.paseo/worktrees/0h78jp9r/placid-badger-cad-second-half/.context/placid-badger-cad-second-half/main-sync-2026-10-03/ios/DerivedData-placid-badger-cad-second-half/Build/Products/Debug-iphonesimulator/PackageFrameworks\ /Users/asherlc/.paseo/worktrees/0h78jp9r/placid-badger-cad-second-half/.context/placid-badger-cad-second-half/main-sync-2026-10-03/ios/DerivedData-placid-badger-cad-second-half/Build/Products/Debug-iphonesimulator/PackageFrameworks\ /Users/asherlc/.paseo/worktrees/0h78jp9r/placid-badger-cad-second-half/.context/placid-badger-cad-second-half/main-sync-2026-10-03/ios/DerivedData-placid-badger-cad-second-half/Build/Products/Debug-iphonesimulator/PackageFrameworks\ /Users/asherlc/.paseo/worktrees/0h78jp9r/placid-badger-cad-second-half/.context/placid-badger-cad-second-half/main-sync-2026-10-03/ios/DerivedData-placid-badger-cad-second-half/Build/Products/Debug-iphonesimulator\ 
docs/source-audits/2026-09-29-remaining-cad/main-sync-2026-10-03/evidence/xctest-retry.stdout:324: trailing whitespace.
+    export HEADER_SEARCH_PATHS\=/Users/asherlc/.paseo/worktrees/0h78jp9r/placid-badger-cad-second-half/.context/placid-badger-cad-second-half/main-sync-2026-10-03/ios/DerivedData-placid-badger-cad-second-half/Build/Products/Debug-iphonesimulator/include\ 
docs/source-audits/2026-09-29-remaining-cad/main-sync-2026-10-03/evidence/xctest-retry.stdout:398: trailing whitespace.
+    export LIBRARY_SEARCH_PATHS\=/Users/asherlc/.paseo/worktrees/0h78jp9r/placid-badger-cad-second-half/.context/placid-badger-cad-second-half/main-sync-2026-10-03/ios/DerivedData-placid-badger-cad-second-half/Build/Products/Debug-iphonesimulator\ 
docs/source-audits/2026-09-29-remaining-cad/main-sync-2026-10-03/evidence/xctest-retry.stdout:447: trailing whitespace.
+    export OTHER_CFLAGS\=-fmodule-map-file\=/Users/asherlc/.paseo/worktrees/0h78jp9r/placid-badger-cad-second-half/.context/placid-badger-cad-second-half/main-sync-2026-10-03/ios/DerivedData-placid-badger-cad-second-half/Build/Intermediates.noindex/GeneratedModuleMaps-iphonesimulator/AnalyticsConnector.modulemap\ -fmodule-map-file\=/Users/asherlc/.paseo/worktrees/0h78jp9r/placid-badger-cad-second-half/.context/placid-badger-cad-second-half/main-sync-2026-10-03/ios/DerivedData-placid-badger-cad-second-half/Build/Intermediates.noindex/GeneratedModuleMaps-iphonesimulator/AmplitudeSwift.modulemap\ -fmodule-map-file\=/Users/asherlc/.paseo/worktrees/0h78jp9r/placid-badger-cad-second-half/.context/placid-badger-cad-second-half/main-sync-2026-10-03/ios/DerivedData-placid-badger-cad-second-half/Build/Intermediates.noindex/GeneratedModuleMaps-iphonesimulator/SentryCppHelper.modulemap\ 
docs/source-audits/2026-09-29-remaining-cad/main-sync-2026-10-03/evidence/xctest-retry.stdout:448: trailing whitespace.
+    export OTHER_CPLUSPLUSFLAGS\=-fmodule-map-file\=/Users/asherlc/.paseo/worktrees/0h78jp9r/placid-badger-cad-second-half/.context/placid-badger-cad-second-half/main-sync-2026-10-03/ios/DerivedData-placid-badger-cad-second-half/Build/Intermediates.noindex/GeneratedModuleMaps-iphonesimulator/AnalyticsConnector.modulemap\ -fmodule-map-file\=/Users/asherlc/.paseo/worktrees/0h78jp9r/placid-badger-cad-second-half/.context/placid-badger-cad-second-half/main-sync-2026-10-03/ios/DerivedData-placid-badger-cad-second-half/Build/Intermediates.noindex/GeneratedModuleMaps-iphonesimulator/AmplitudeSwift.modulemap\ -fmodule-map-file\=/Users/asherlc/.paseo/worktrees/0h78jp9r/placid-badger-cad-second-half/.context/placid-badger-cad-second-half/main-sync-2026-10-03/ios/DerivedData-placid-badger-cad-second-half/Build/Intermediates.noindex/GeneratedModuleMaps-iphonesimulator/SentryCppHelper.modulemap\ 
docs/source-audits/2026-09-29-remaining-cad/main-sync-2026-10-03/evidence/xctest-retry.stdout:513: trailing whitespace.
+    export REZ_SEARCH_PATHS\=/Users/asherlc/.paseo/worktrees/0h78jp9r/placid-badger-cad-second-half/.context/placid-badger-cad-second-half/main-sync-2026-10-03/ios/DerivedData-placid-badger-cad-second-half/Build/Products/Debug-iphonesimulator\ 
docs/source-audits/2026-09-29-remaining-cad/main-sync-2026-10-03/evidence/xctest-retry.stdout:1174: trailing whitespace.
+    export FRAMEWORK_SEARCH_PATHS\=/Users/asherlc/.paseo/worktrees/0h78jp9r/placid-badger-cad-second-half/.context/placid-badger-cad-second-half/main-sync-2026-10-03/ios/DerivedData-placid-badger-cad-second-half/Build/Products/Debug-iphonesimulator/PackageFrameworks\ /Users/asherlc/.paseo/worktrees/0h78jp9r/placid-badger-cad-second-half/.context/placid-badger-cad-second-half/main-sync-2026-10-03/ios/DerivedData-placid-badger-cad-second-half/Build/Products/Debug-iphonesimulator/PackageFrameworks\ /Users/asherlc/.paseo/worktrees/0h78jp9r/placid-badger-cad-second-half/.context/placid-badger-cad-second-half/main-sync-2026-10-03/ios/DerivedData-placid-badger-cad-second-half/Build/Products/Debug-iphonesimulator/PackageFrameworks\ /Users/asherlc/.paseo/worktrees/0h78jp9r/placid-badger-cad-second-half/.context/placid-badger-cad-second-half/main-sync-2026-10-03/ios/DerivedData-placid-badger-cad-second-half/Build/Products/Debug-iphonesimulator\ 
docs/source-audits/2026-09-29-remaining-cad/main-sync-2026-10-03/evidence/xctest-retry.stdout:1213: trailing whitespace.
+    export HEADER_SEARCH_PATHS\=/Users/asherlc/.paseo/worktrees/0h78jp9r/placid-badger-cad-second-half/.context/placid-badger-cad-second-half/main-sync-2026-10-03/ios/DerivedData-placid-badger-cad-second-half/Build/Products/Debug-iphonesimulator/include\ 
docs/source-audits/2026-09-29-remaining-cad/main-sync-2026-10-03/evidence/xctest-retry.stdout:1319: trailing whitespace.
+    export OTHER_CFLAGS\=-fmodule-map-file\=/Users/asherlc/.paseo/worktrees/0h78jp9r/placid-badger-cad-second-half/.context/placid-badger-cad-second-half/main-sync-2026-10-03/ios/DerivedData-placid-badger-cad-second-half/Build/Intermediates.noindex/GeneratedModuleMaps-iphonesimulator/AnalyticsConnector.modulemap\ -fmodule-map-file\=/Users/asherlc/.paseo/worktrees/0h78jp9r/placid-badger-cad-second-half/.context/placid-badger-cad-second-half/main-sync-2026-10-03/ios/DerivedData-placid-badger-cad-second-half/Build/Intermediates.noindex/GeneratedModuleMaps-iphonesimulator/AmplitudeSwift.modulemap\ -fmodule-map-file\=/Users/asherlc/.paseo/worktrees/0h78jp9r/placid-badger-cad-second-half/.context/placid-badger-cad-second-half/main-sync-2026-10-03/ios/DerivedData-placid-badger-cad-second-half/Build/Intermediates.noindex/GeneratedModuleMaps-iphonesimulator/SentryCppHelper.modulemap\ 
docs/source-audits/2026-09-29-remaining-cad/main-sync-2026-10-03/evidence/xctest-retry.stdout:1320: trailing whitespace.
+    export OTHER_CPLUSPLUSFLAGS\=-fmodule-map-file\=/Users/asherlc/.paseo/worktrees/0h78jp9r/placid-badger-cad-second-half/.context/placid-badger-cad-second-half/main-sync-2026-10-03/ios/DerivedData-placid-badger-cad-second-half/Build/Intermediates.noindex/GeneratedModuleMaps-iphonesimulator/AnalyticsConnector.modulemap\ -fmodule-map-file\=/Users/asherlc/.paseo/worktrees/0h78jp9r/placid-badger-cad-second-half/.context/placid-badger-cad-second-half/main-sync-2026-10-03/ios/DerivedData-placid-badger-cad-second-half/Build/Intermediates.noindex/GeneratedModuleMaps-iphonesimulator/AmplitudeSwift.modulemap\ -fmodule-map-file\=/Users/asherlc/.paseo/worktrees/0h78jp9r/placid-badger-cad-second-half/.context/placid-badger-cad-second-half/main-sync-2026-10-03/ios/DerivedData-placid-badger-cad-second-half/Build/Intermediates.noindex/GeneratedModuleMaps-iphonesimulator/SentryCppHelper.modulemap\ 
docs/source-audits/2026-09-29-remaining-cad/main-sync-2026-10-03/evidence/xctest-retry.stdout:1388: trailing whitespace.
+    export REZ_SEARCH_PATHS\=/Users/asherlc/.paseo/worktrees/0h78jp9r/placid-badger-cad-second-half/.context/placid-badger-cad-second-half/main-sync-2026-10-03/ios/DerivedData-placid-badger-cad-second-half/Build/Products/Debug-iphonesimulator\ 
docs/source-audits/2026-09-29-remaining-cad/main-sync-2026-10-03/evidence/xctest-retry.stdout:1627: trailing whitespace.
+    
docs/source-audits/2026-09-29-remaining-cad/main-sync-2026-10-03/evidence/xctest-retry.stdout:1697: new blank line at EOF.
docs/source-audits/2026-09-29-remaining-cad/main-sync-2026-10-03/evidence/xctest-verified.stdout:286: trailing whitespace.
+    export FRAMEWORK_SEARCH_PATHS\=/Users/asherlc/.paseo/worktrees/0h78jp9r/placid-badger-cad-second-half/.context/placid-badger-cad-second-half/main-sync-2026-10-03/ios/DerivedData-placid-badger-cad-second-half/Build/Products/Debug-iphonesimulator/PackageFrameworks\ /Users/asherlc/.paseo/worktrees/0h78jp9r/placid-badger-cad-second-half/.context/placid-badger-cad-second-half/main-sync-2026-10-03/ios/DerivedData-placid-badger-cad-second-half/Build/Products/Debug-iphonesimulator/PackageFrameworks\ /Users/asherlc/.paseo/worktrees/0h78jp9r/placid-badger-cad-second-half/.context/placid-badger-cad-second-half/main-sync-2026-10-03/ios/DerivedData-placid-badger-cad-second-half/Build/Products/Debug-iphonesimulator/PackageFrameworks\ /Users/asherlc/.paseo/worktrees/0h78jp9r/placid-badger-cad-second-half/.context/placid-badger-cad-second-half/main-sync-2026-10-03/ios/DerivedData-placid-badger-cad-second-half/Build/Products/Debug-iphonesimulator\ 
docs/source-audits/2026-09-29-remaining-cad/main-sync-2026-10-03/evidence/xctest-verified.stdout:324: trailing whitespace.
+    export HEADER_SEARCH_PATHS\=/Users/asherlc/.paseo/worktrees/0h78jp9r/placid-badger-cad-second-half/.context/placid-badger-cad-second-half/main-sync-2026-10-03/ios/DerivedData-placid-badger-cad-second-half/Build/Products/Debug-iphonesimulator/include\ 
docs/source-audits/2026-09-29-remaining-cad/main-sync-2026-10-03/evidence/xctest-verified.stdout:398: trailing whitespace.
+    export LIBRARY_SEARCH_PATHS\=/Users/asherlc/.paseo/worktrees/0h78jp9r/placid-badger-cad-second-half/.context/placid-badger-cad-second-half/main-sync-2026-10-03/ios/DerivedData-placid-badger-cad-second-half/Build/Products/Debug-iphonesimulator\ 
docs/source-audits/2026-09-29-remaining-cad/main-sync-2026-10-03/evidence/xctest-verified.stdout:447: trailing whitespace.
+    export OTHER_CFLAGS\=-fmodule-map-file\=/Users/asherlc/.paseo/worktrees/0h78jp9r/placid-badger-cad-second-half/.context/placid-badger-cad-second-half/main-sync-2026-10-03/ios/DerivedData-placid-badger-cad-second-half/Build/Intermediates.noindex/GeneratedModuleMaps-iphonesimulator/AnalyticsConnector.modulemap\ -fmodule-map-file\=/Users/asherlc/.paseo/worktrees/0h78jp9r/placid-badger-cad-second-half/.context/placid-badger-cad-second-half/main-sync-2026-10-03/ios/DerivedData-placid-badger-cad-second-half/Build/Intermediates.noindex/GeneratedModuleMaps-iphonesimulator/AmplitudeSwift.modulemap\ -fmodule-map-file\=/Users/asherlc/.paseo/worktrees/0h78jp9r/placid-badger-cad-second-half/.context/placid-badger-cad-second-half/main-sync-2026-10-03/ios/DerivedData-placid-badger-cad-second-half/Build/Intermediates.noindex/GeneratedModuleMaps-iphonesimulator/SentryCppHelper.modulemap\ 
docs/source-audits/2026-09-29-remaining-cad/main-sync-2026-10-03/evidence/xctest-verified.stdout:448: trailing whitespace.
+    export OTHER_CPLUSPLUSFLAGS\=-fmodule-map-file\=/Users/asherlc/.paseo/worktrees/0h78jp9r/placid-badger-cad-second-half/.context/placid-badger-cad-second-half/main-sync-2026-10-03/ios/DerivedData-placid-badger-cad-second-half/Build/Intermediates.noindex/GeneratedModuleMaps-iphonesimulator/AnalyticsConnector.modulemap\ -fmodule-map-file\=/Users/asherlc/.paseo/worktrees/0h78jp9r/placid-badger-cad-second-half/.context/placid-badger-cad-second-half/main-sync-2026-10-03/ios/DerivedData-placid-badger-cad-second-half/Build/Intermediates.noindex/GeneratedModuleMaps-iphonesimulator/AmplitudeSwift.modulemap\ -fmodule-map-file\=/Users/asherlc/.paseo/worktrees/0h78jp9r/placid-badger-cad-second-half/.context/placid-badger-cad-second-half/main-sync-2026-10-03/ios/DerivedData-placid-badger-cad-second-half/Build/Intermediates.noindex/GeneratedModuleMaps-iphonesimulator/SentryCppHelper.modulemap\ 
docs/source-audits/2026-09-29-remaining-cad/main-sync-2026-10-03/evidence/xctest-verified.stdout:513: trailing whitespace.
+    export REZ_SEARCH_PATHS\=/Users/asherlc/.paseo/worktrees/0h78jp9r/placid-badger-cad-second-half/.context/placid-badger-cad-second-half/main-sync-2026-10-03/ios/DerivedData-placid-badger-cad-second-half/Build/Products/Debug-iphonesimulator\ 
docs/source-audits/2026-09-29-remaining-cad/main-sync-2026-10-03/evidence/xctest-verified.stdout:1170: trailing whitespace.
+    export FRAMEWORK_SEARCH_PATHS\=/Users/asherlc/.paseo/worktrees/0h78jp9r/placid-badger-cad-second-half/.context/placid-badger-cad-second-half/main-sync-2026-10-03/ios/DerivedData-placid-badger-cad-second-half/Build/Products/Debug-iphonesimulator/PackageFrameworks\ /Users/asherlc/.paseo/worktrees/0h78jp9r/placid-badger-cad-second-half/.context/placid-badger-cad-second-half/main-sync-2026-10-03/ios/DerivedData-placid-badger-cad-second-half/Build/Products/Debug-iphonesimulator/PackageFrameworks\ /Users/asherlc/.paseo/worktrees/0h78jp9r/placid-badger-cad-second-half/.context/placid-badger-cad-second-half/main-sync-2026-10-03/ios/DerivedData-placid-badger-cad-second-half/Build/Products/Debug-iphonesimulator/PackageFrameworks\ /Users/asherlc/.paseo/worktrees/0h78jp9r/placid-badger-cad-second-half/.context/placid-badger-cad-second-half/main-sync-2026-10-03/ios/DerivedData-placid-badger-cad-second-half/Build/Products/Debug-iphonesimulator\ 
docs/source-audits/2026-09-29-remaining-cad/main-sync-2026-10-03/evidence/xctest-verified.stdout:1209: trailing whitespace.
+    export HEADER_SEARCH_PATHS\=/Users/asherlc/.paseo/worktrees/0h78jp9r/placid-badger-cad-second-half/.context/placid-badger-cad-second-half/main-sync-2026-10-03/ios/DerivedData-placid-badger-cad-second-half/Build/Products/Debug-iphonesimulator/include\ 
docs/source-audits/2026-09-29-remaining-cad/main-sync-2026-10-03/evidence/xctest-verified.stdout:1315: trailing whitespace.
+    export OTHER_CFLAGS\=-fmodule-map-file\=/Users/asherlc/.paseo/worktrees/0h78jp9r/placid-badger-cad-second-half/.context/placid-badger-cad-second-half/main-sync-2026-10-03/ios/DerivedData-placid-badger-cad-second-half/Build/Intermediates.noindex/GeneratedModuleMaps-iphonesimulator/AnalyticsConnector.modulemap\ -fmodule-map-file\=/Users/asherlc/.paseo/worktrees/0h78jp9r/placid-badger-cad-second-half/.context/placid-badger-cad-second-half/main-sync-2026-10-03/ios/DerivedData-placid-badger-cad-second-half/Build/Intermediates.noindex/GeneratedModuleMaps-iphonesimulator/AmplitudeSwift.modulemap\ -fmodule-map-file\=/Users/asherlc/.paseo/worktrees/0h78jp9r/placid-badger-cad-second-half/.context/placid-badger-cad-second-half/main-sync-2026-10-03/ios/DerivedData-placid-badger-cad-second-half/Build/Intermediates.noindex/GeneratedModuleMaps-iphonesimulator/SentryCppHelper.modulemap\ 
docs/source-audits/2026-09-29-remaining-cad/main-sync-2026-10-03/evidence/xctest-verified.stdout:1316: trailing whitespace.
+    export OTHER_CPLUSPLUSFLAGS\=-fmodule-map-file\=/Users/asherlc/.paseo/worktrees/0h78jp9r/placid-badger-cad-second-half/.context/placid-badger-cad-second-half/main-sync-2026-10-03/ios/DerivedData-placid-badger-cad-second-half/Build/Intermediates.noindex/GeneratedModuleMaps-iphonesimulator/AnalyticsConnector.modulemap\ -fmodule-map-file\=/Users/asherlc/.paseo/worktrees/0h78jp9r/placid-badger-cad-second-half/.context/placid-badger-cad-second-half/main-sync-2026-10-03/ios/DerivedData-placid-badger-cad-second-half/Build/Intermediates.noindex/GeneratedModuleMaps-iphonesimulator/AmplitudeSwift.modulemap\ -fmodule-map-file\=/Users/asherlc/.paseo/worktrees/0h78jp9r/placid-badger-cad-second-half/.context/placid-badger-cad-second-half/main-sync-2026-10-03/ios/DerivedData-placid-badger-cad-second-half/Build/Intermediates.noindex/GeneratedModuleMaps-iphonesimulator/SentryCppHelper.modulemap\ 
docs/source-audits/2026-09-29-remaining-cad/main-sync-2026-10-03/evidence/xctest-verified.stdout:1384: trailing whitespace.
+    export REZ_SEARCH_PATHS\=/Users/asherlc/.paseo/worktrees/0h78jp9r/placid-badger-cad-second-half/.context/placid-badger-cad-second-half/main-sync-2026-10-03/ios/DerivedData-placid-badger-cad-second-half/Build/Products/Debug-iphonesimulator\ 
docs/source-audits/2026-09-29-remaining-cad/main-sync-2026-10-03/evidence/xctest-verified.stdout:1606: trailing whitespace.
+1051 | 
docs/source-audits/2026-09-29-remaining-cad/main-sync-2026-10-03/evidence/xctest-verified.stdout:1614: trailing whitespace.
+1069 | 
docs/source-audits/2026-09-29-remaining-cad/main-sync-2026-10-03/evidence/xctest-verified.stdout:1661: trailing whitespace.
+2168 | 
docs/source-audits/2026-09-29-remaining-cad/main-sync-2026-10-03/evidence/xctest-verified.stdout:1671: trailing whitespace.
+2193 | 
docs/source-audits/2026-09-29-remaining-cad/main-sync-2026-10-03/evidence/xctest-verified.stdout:1679: trailing whitespace.
+2168 | 
docs/source-audits/2026-09-29-remaining-cad/main-sync-2026-10-03/evidence/xctest-verified.stdout:1689: trailing whitespace.
+2200 | 
docs/source-audits/2026-09-29-remaining-cad/main-sync-2026-10-03/evidence/xctest-verified.stdout:1748: trailing whitespace.
+2168 | 
docs/source-audits/2026-09-29-remaining-cad/main-sync-2026-10-03/evidence/xctest-verified.stdout:1758: trailing whitespace.
+2193 | 
docs/source-audits/2026-09-29-remaining-cad/main-sync-2026-10-03/evidence/xctest-verified.stdout:1766: trailing whitespace.
+2168 | 
docs/source-audits/2026-09-29-remaining-cad/main-sync-2026-10-03/evidence/xctest-verified.stdout:1776: trailing whitespace.
+2200 | 
docs/source-audits/2026-09-29-remaining-cad/main-sync-2026-10-03/evidence/xctest-verified.stdout:1784: trailing whitespace.
+2168 | 
docs/source-audits/2026-09-29-remaining-cad/main-sync-2026-10-03/evidence/xctest-verified.stdout:1794: trailing whitespace.
+2204 | 
docs/source-audits/2026-09-29-remaining-cad/main-sync-2026-10-03/evidence/xctest-verified.stdout:1800: trailing whitespace.
+2208 | 
docs/source-audits/2026-09-29-remaining-cad/main-sync-2026-10-03/evidence/xctest-verified.stdout:1811: trailing whitespace.
+    
docs/source-audits/2026-09-29-remaining-cad/main-sync-2026-10-03/evidence/xctest-verified.stdout:1830: trailing whitespace.
+4046 | 
docs/source-audits/2026-09-29-remaining-cad/main-sync-2026-10-03/evidence/xctest-verified.stdout:1975: new blank line at EOF.
docs/source-audits/2026-09-29-remaining-cad/main-sync-2026-10-03/evidence/xctest.stdout:385: trailing whitespace.
+    
docs/source-audits/2026-09-29-remaining-cad/main-sync-2026-10-03/evidence/xctest.stdout:387: trailing whitespace.
+    
docs/source-audits/2026-09-29-remaining-cad/main-sync-2026-10-03/evidence/xctest.stdout:808: trailing whitespace.
+    
docs/source-audits/2026-09-29-remaining-cad/main-sync-2026-10-03/evidence/xctest.stdout:906: trailing whitespace.
+    
docs/source-audits/2026-09-29-remaining-cad/main-sync-2026-10-03/evidence/xctest.stdout:1066: trailing whitespace.
+    
docs/source-audits/2026-09-29-remaining-cad/main-sync-2026-10-03/evidence/xctest.stdout:1470: trailing whitespace.
+    
docs/source-audits/2026-09-29-remaining-cad/main-sync-2026-10-03/evidence/xctest.stdout:1472: trailing whitespace.
+    
docs/source-audits/2026-09-29-remaining-cad/main-sync-2026-10-03/evidence/xctest.stdout:1475: trailing whitespace.
+    
docs/source-audits/2026-09-29-remaining-cad/main-sync-2026-10-03/evidence/xctest.stdout:1480: trailing whitespace.
+    
docs/source-audits/2026-09-29-remaining-cad/main-sync-2026-10-03/evidence/xctest.stdout:1482: trailing whitespace.
+    
docs/source-audits/2026-09-29-remaining-cad/main-sync-2026-10-03/evidence/xctest.stdout:1487: trailing whitespace.
+    
docs/source-audits/2026-09-29-remaining-cad/main-sync-2026-10-03/evidence/xctest.stdout:1670: trailing whitespace.
+    
docs/source-audits/2026-09-29-remaining-cad/main-sync-2026-10-03/evidence/xctest.stdout:1672: trailing whitespace.
+    
docs/source-audits/2026-09-29-remaining-cad/main-sync-2026-10-03/evidence/xctest.stdout:1690: trailing whitespace.
+    
docs/source-audits/2026-09-29-remaining-cad/main-sync-2026-10-03/evidence/xctest.stdout:1692: trailing whitespace.
+    
docs/source-audits/2026-09-29-remaining-cad/main-sync-2026-10-03/evidence/xctest.stdout:1873: trailing whitespace.
+219 | 
docs/source-audits/2026-09-29-remaining-cad/main-sync-2026-10-03/evidence/xctest.stdout:1888: trailing whitespace.
+219 | 
docs/source-audits/2026-09-29-remaining-cad/main-sync-2026-10-03/evidence/xctest.stdout:1903: trailing whitespace.
+219 | 
docs/source-audits/2026-09-29-remaining-cad/main-sync-2026-10-03/evidence/xctest.stdout:1918: trailing whitespace.
+219 | 
docs/source-audits/2026-09-29-remaining-cad/main-sync-2026-10-03/evidence/xctest.stdout:1934: trailing whitespace.
+    
docs/source-audits/2026-09-29-remaining-cad/main-sync-2026-10-03/evidence/xctest.stdout:1938: trailing whitespace.
+219 | 
docs/source-audits/2026-09-29-remaining-cad/main-sync-2026-10-03/evidence/xctest.stdout:1953: trailing whitespace.
+219 | 
docs/source-audits/2026-09-29-remaining-cad/main-sync-2026-10-03/evidence/xctest.stdout:1968: trailing whitespace.
+219 | 
docs/source-audits/2026-09-29-remaining-cad/main-sync-2026-10-03/evidence/xctest.stdout:1983: trailing whitespace.
+219 | 
docs/source-audits/2026-09-29-remaining-cad/main-sync-2026-10-03/evidence/xctest.stdout:2667: trailing whitespace.
+    export FRAMEWORK_SEARCH_PATHS\=/Users/asherlc/.paseo/worktrees/0h78jp9r/placid-badger-cad-second-half/.context/placid-badger-cad-second-half/main-sync-2026-10-03/ios/DerivedData-placid-badger-cad-second-half/Build/Products/Debug-iphonesimulator/PackageFrameworks\ /Users/asherlc/.paseo/worktrees/0h78jp9r/placid-badger-cad-second-half/.context/placid-badger-cad-second-half/main-sync-2026-10-03/ios/DerivedData-placid-badger-cad-second-half/Build/Products/Debug-iphonesimulator/PackageFrameworks\ /Users/asherlc/.paseo/worktrees/0h78jp9r/placid-badger-cad-second-half/.context/placid-badger-cad-second-half/main-sync-2026-10-03/ios/DerivedData-placid-badger-cad-second-half/Build/Products/Debug-iphonesimulator/PackageFrameworks\ /Users/asherlc/.paseo/worktrees/0h78jp9r/placid-badger-cad-second-half/.context/placid-badger-cad-second-half/main-sync-2026-10-03/ios/DerivedData-placid-badger-cad-second-half/Build/Products/Debug-iphonesimulator\ 
docs/source-audits/2026-09-29-remaining-cad/main-sync-2026-10-03/evidence/xctest.stdout:2705: trailing whitespace.
+    export HEADER_SEARCH_PATHS\=/Users/asherlc/.paseo/worktrees/0h78jp9r/placid-badger-cad-second-half/.context/placid-badger-cad-second-half/main-sync-2026-10-03/ios/DerivedData-placid-badger-cad-second-half/Build/Products/Debug-iphonesimulator/include\ 
docs/source-audits/2026-09-29-remaining-cad/main-sync-2026-10-03/evidence/xctest.stdout:2779: trailing whitespace.
+    export LIBRARY_SEARCH_PATHS\=/Users/asherlc/.paseo/worktrees/0h78jp9r/placid-badger-cad-second-half/.context/placid-badger-cad-second-half/main-sync-2026-10-03/ios/DerivedData-placid-badger-cad-second-half/Build/Products/Debug-iphonesimulator\ 
docs/source-audits/2026-09-29-remaining-cad/main-sync-2026-10-03/evidence/xctest.stdout:2828: trailing whitespace.
+    export OTHER_CFLAGS\=-fmodule-map-file\=/Users/asherlc/.paseo/worktrees/0h78jp9r/placid-badger-cad-second-half/.context/placid-badger-cad-second-half/main-sync-2026-10-03/ios/DerivedData-placid-badger-cad-second-half/Build/Intermediates.noindex/GeneratedModuleMaps-iphonesimulator/AnalyticsConnector.modulemap\ -fmodule-map-file\=/Users/asherlc/.paseo/worktrees/0h78jp9r/placid-badger-cad-second-half/.context/placid-badger-cad-second-half/main-sync-2026-10-03/ios/DerivedData-placid-badger-cad-second-half/Build/Intermediates.noindex/GeneratedModuleMaps-iphonesimulator/AmplitudeSwift.modulemap\ -fmodule-map-file\=/Users/asherlc/.paseo/worktrees/0h78jp9r/placid-badger-cad-second-half/.context/placid-badger-cad-second-half/main-sync-2026-10-03/ios/DerivedData-placid-badger-cad-second-half/Build/Intermediates.noindex/GeneratedModuleMaps-iphonesimulator/SentryCppHelper.modulemap\ 
docs/source-audits/2026-09-29-remaining-cad/main-sync-2026-10-03/evidence/xctest.stdout:2829: trailing whitespace.
+    export OTHER_CPLUSPLUSFLAGS\=-fmodule-map-file\=/Users/asherlc/.paseo/worktrees/0h78jp9r/placid-badger-cad-second-half/.context/placid-badger-cad-second-half/main-sync-2026-10-03/ios/DerivedData-placid-badger-cad-second-half/Build/Intermediates.noindex/GeneratedModuleMaps-iphonesimulator/AnalyticsConnector.modulemap\ -fmodule-map-file\=/Users/asherlc/.paseo/worktrees/0h78jp9r/placid-badger-cad-second-half/.context/placid-badger-cad-second-half/main-sync-2026-10-03/ios/DerivedData-placid-badger-cad-second-half/Build/Intermediates.noindex/GeneratedModuleMaps-iphonesimulator/AmplitudeSwift.modulemap\ -fmodule-map-file\=/Users/asherlc/.paseo/worktrees/0h78jp9r/placid-badger-cad-second-half/.context/placid-badger-cad-second-half/main-sync-2026-10-03/ios/DerivedData-placid-badger-cad-second-half/Build/Intermediates.noindex/GeneratedModuleMaps-iphonesimulator/SentryCppHelper.modulemap\ 
docs/source-audits/2026-09-29-remaining-cad/main-sync-2026-10-03/evidence/xctest.stdout:2894: trailing whitespace.
+    export REZ_SEARCH_PATHS\=/Users/asherlc/.paseo/worktrees/0h78jp9r/placid-badger-cad-second-half/.context/placid-badger-cad-second-half/main-sync-2026-10-03/ios/DerivedData-placid-badger-cad-second-half/Build/Products/Debug-iphonesimulator\ 
docs/source-audits/2026-09-29-remaining-cad/main-sync-2026-10-03/evidence/xctest.stdout:3357: trailing whitespace.
+    
docs/source-audits/2026-09-29-remaining-cad/main-sync-2026-10-03/evidence/xctest.stdout:3359: trailing whitespace.
+    
docs/source-audits/2026-09-29-remaining-cad/main-sync-2026-10-03/evidence/xctest.stdout:3366: trailing whitespace.
+    
docs/source-audits/2026-09-29-remaining-cad/main-sync-2026-10-03/evidence/xctest.stdout:3594: trailing whitespace.
+    export FRAMEWORK_SEARCH_PATHS\=/Users/asherlc/.paseo/worktrees/0h78jp9r/placid-badger-cad-second-half/.context/placid-badger-cad-second-half/main-sync-2026-10-03/ios/DerivedData-placid-badger-cad-second-half/Build/Products/Debug-iphonesimulator/PackageFrameworks\ /Users/asherlc/.paseo/worktrees/0h78jp9r/placid-badger-cad-second-half/.context/placid-badger-cad-second-half/main-sync-2026-10-03/ios/DerivedData-placid-badger-cad-second-half/Build/Products/Debug-iphonesimulator/PackageFrameworks\ /Users/asherlc/.paseo/worktrees/0h78jp9r/placid-badger-cad-second-half/.context/placid-badger-cad-second-half/main-sync-2026-10-03/ios/DerivedData-placid-badger-cad-second-half/Build/Products/Debug-iphonesimulator/PackageFrameworks\ /Users/asherlc/.paseo/worktrees/0h78jp9r/placid-badger-cad-second-half/.context/placid-badger-cad-second-half/main-sync-2026-10-03/ios/DerivedData-placid-badger-cad-second-half/Build/Products/Debug-iphonesimulator\ 
docs/source-audits/2026-09-29-remaining-cad/main-sync-2026-10-03/evidence/xctest.stdout:3633: trailing whitespace.
+    export HEADER_SEARCH_PATHS\=/Users/asherlc/.paseo/worktrees/0h78jp9r/placid-badger-cad-second-half/.context/placid-badger-cad-second-half/main-sync-2026-10-03/ios/DerivedData-placid-badger-cad-second-half/Build/Products/Debug-iphonesimulator/include\ 
docs/source-audits/2026-09-29-remaining-cad/main-sync-2026-10-03/evidence/xctest.stdout:3739: trailing whitespace.
+    export OTHER_CFLAGS\=-fmodule-map-file\=/Users/asherlc/.paseo/worktrees/0h78jp9r/placid-badger-cad-second-half/.context/placid-badger-cad-second-half/main-sync-2026-10-03/ios/DerivedData-placid-badger-cad-second-half/Build/Intermediates.noindex/GeneratedModuleMaps-iphonesimulator/AnalyticsConnector.modulemap\ -fmodule-map-file\=/Users/asherlc/.paseo/worktrees/0h78jp9r/placid-badger-cad-second-half/.context/placid-badger-cad-second-half/main-sync-2026-10-03/ios/DerivedData-placid-badger-cad-second-half/Build/Intermediates.noindex/GeneratedModuleMaps-iphonesimulator/AmplitudeSwift.modulemap\ -fmodule-map-file\=/Users/asherlc/.paseo/worktrees/0h78jp9r/placid-badger-cad-second-half/.context/placid-badger-cad-second-half/main-sync-2026-10-03/ios/DerivedData-placid-badger-cad-second-half/Build/Intermediates.noindex/GeneratedModuleMaps-iphonesimulator/SentryCppHelper.modulemap\ 
docs/source-audits/2026-09-29-remaining-cad/main-sync-2026-10-03/evidence/xctest.stdout:3740: trailing whitespace.
+    export OTHER_CPLUSPLUSFLAGS\=-fmodule-map-file\=/Users/asherlc/.paseo/worktrees/0h78jp9r/placid-badger-cad-second-half/.context/placid-badger-cad-second-half/main-sync-2026-10-03/ios/DerivedData-placid-badger-cad-second-half/Build/Intermediates.noindex/GeneratedModuleMaps-iphonesimulator/AnalyticsConnector.modulemap\ -fmodule-map-file\=/Users/asherlc/.paseo/worktrees/0h78jp9r/placid-badger-cad-second-half/.context/placid-badger-cad-second-half/main-sync-2026-10-03/ios/DerivedData-placid-badger-cad-second-half/Build/Intermediates.noindex/GeneratedModuleMaps-iphonesimulator/AmplitudeSwift.modulemap\ -fmodule-map-file\=/Users/asherlc/.paseo/worktrees/0h78jp9r/placid-badger-cad-second-half/.context/placid-badger-cad-second-half/main-sync-2026-10-03/ios/DerivedData-placid-badger-cad-second-half/Build/Intermediates.noindex/GeneratedModuleMaps-iphonesimulator/SentryCppHelper.modulemap\ 
docs/source-audits/2026-09-29-remaining-cad/main-sync-2026-10-03/evidence/xctest.stdout:3808: trailing whitespace.
+    export REZ_SEARCH_PATHS\=/Users/asherlc/.paseo/worktrees/0h78jp9r/placid-badger-cad-second-half/.context/placid-badger-cad-second-half/main-sync-2026-10-03/ios/DerivedData-placid-badger-cad-second-half/Build/Products/Debug-iphonesimulator\ 
docs/source-audits/2026-09-29-remaining-cad/main-sync-2026-10-03/evidence/xctest.stdout:4070: new blank line at EOF.
