0.0s edge20-front rotations=preferred
22.9s edge25-inverted rotations=preferred
50.9s jug-reverse rotations=preferred
51.0s pocket-right-end rotations=preferred
84.6s rejected: native cord paths retrace: left-lead/0, right-lead/0
84.6s pocket-right-end rotations={'left-lead': -5}
103.6s rejected: native cord tubes intersect: left-lead/32, right-lead/6
103.6s pocket-right-end rotations={'left-lead': 5}
122.6s rejected: native cord tubes intersect: left-lead/30, right-lead/6
122.6s pocket-right-end rotations={'right-lead': -5}
150.5s rejected: native cord tubes intersect: left-lead/31, right-lead/6
150.5s pocket-right-end rotations={'right-lead': 5}
190.4s rejected: native cord tubes intersect: left-lead/33, right-lead/6
190.4s pocket-right-end rotations={'left-lead': -5, 'right-lead': 5}
221.2s rejected: native cord tubes intersect: left-lead/30, right-lead/6
221.2s pocket-right-end rotations={'left-lead': 5, 'right-lead': -5}
253.7s rejected: native cord tubes intersect: left-lead/29, right-lead/6
253.7s pocket-right-end rotations={'left-lead': -10}
278.7s rejected: native cord tubes intersect: left-lead/29, right-lead/6
278.7s pocket-right-end rotations={'left-lead': 10}
303.8s rejected: native cord tubes intersect: left-lead/30, right-lead/6
303.8s pocket-right-end rotations={'right-lead': -10}
373.2s rejected: native cord tubes intersect: left-lead/34, right-lead/6
373.2s pocket-right-end rotations={'right-lead': 10}
441.0s rejected: native cord tubes intersect: left-lead/34, right-lead/6
441.0s pocket-right-end rotations={'left-lead': -10, 'right-lead': 10}
508.6s rejected: native cord tubes intersect: left-lead/30, right-lead/6
508.6s pocket-right-end rotations={'left-lead': 10, 'right-lead': -10}
587.1s rejected: native cord tubes intersect: left-lead/31, right-lead/6
587.1s pocket-right-end rotations={'left-lead': -20}
606.3s rejected: native cord tubes intersect: left-lead/32, right-lead/6
606.3s pocket-right-end rotations={'left-lead': 20}
630.0s rejected: native cord tubes intersect: left-lead/33, right-lead/6
630.0s pocket-right-end rotations={'right-lead': -20}
760.0s tightening edge20-front begin
815.6s tightening edge20-front complete height=-0.193097215 iterations=2
815.6s tightening edge25-inverted begin
939.4s tightening edge25-inverted complete height=-0.193113789 iterations=2
939.4s tightening jug-reverse begin
956.3s tightening jug-reverse complete height=-0.208857751 iterations=2
956.3s tightening pocket-right-end begin
1100.6s tightening pocket-right-end complete height=-0.167817989 iterations=2
