{
  "status": "passed",
  "authoredMetadataUnchanged": true,
  "changedPackageFiles": [
    "Hangboards/captain-fingerfood-unlevel/suspension.json"
  ],
  "sourceSHA256": "9d9790500d6fd79023f9e0cd56701b952bbb93b98caca085ac422a52765138df",
  "modelSHA256": "ea9ae2ffbd6ca8995bb5779ef1f5220da7166e8c324335718075b530093fbc47",
  "descriptorSHA256": "740d634ad1301d51ebc5cc35f9778ef664be3987161f4a41b951169ef81b8a89",
  "sidecarSHA256": "83d4faec48fab8b6d82c44e1fc0496099c6effe762cbf350b5c8205e432f588e",
  "solverSHA256": "44f67792d613543da6aab1573e443a0f5b589d8901d0b596ab00fab104cc9f17",
  "poses": {
    "edge20-front": {
      "height": -0.193097215,
      "wholeTubeGate": "passed",
      "strands": {
        "left-lead": {
          "vertices": 12,
          "certifiedClearance": 0.001990158911644487,
          "length": 0.399998652375818,
          "lengthRatio": 0.9999966309395449,
          "frontEntryDot": 0.023252495,
          "actualMouthPreserved": true
        },
        "right-lead": {
          "vertices": 12,
          "certifiedClearance": 0.0019901867299556,
          "length": 0.4000000002054333,
          "lengthRatio": 1.0000000005135832,
          "frontEntryDot": 0.023257364000000003,
          "actualMouthPreserved": true
        }
      }
    },
    "edge25-inverted": {
      "height": -0.193113789,
      "wholeTubeGate": "passed",
      "strands": {
        "left-lead": {
          "vertices": 13,
          "certifiedClearance": 0.0019900452342554546,
          "length": 0.39999999997706887,
          "lengthRatio": 0.9999999999426721,
          "frontEntryDot": 0.0028487100000000004,
          "actualMouthPreserved": true
        },
        "right-lead": {
          "vertices": 13,
          "certifiedClearance": 0.001990012676328855,
          "length": 0.39999563626429757,
          "lengthRatio": 0.9999890906607439,
          "frontEntryDot": 0.002837146,
          "actualMouthPreserved": true
        }
      }
    },
    "jug-reverse": {
      "height": -0.208857751,
      "wholeTubeGate": "passed",
      "strands": {
        "left-lead": {
          "vertices": 5,
          "certifiedClearance": 0.0019904874160295927,
          "length": 0.39999893135056436,
          "lengthRatio": 0.9999973283764109,
          "frontEntryDot": 0.023096674,
          "actualMouthPreserved": true
        },
        "right-lead": {
          "vertices": 5,
          "certifiedClearance": 0.0019906599409822284,
          "length": 0.3999999997572186,
          "lengthRatio": 0.9999999993930465,
          "frontEntryDot": 0.023096541,
          "actualMouthPreserved": true
        }
      }
    },
    "pocket-right-end": {
      "height": -0.167817989,
      "wholeTubeGate": "passed",
      "strands": {
        "left-lead": {
          "vertices": 13,
          "certifiedClearance": 0.001990171302207156,
          "length": 0.3478544903917829,
          "lengthRatio": 0.8696362259794572,
          "frontEntryDot": 0.023115553,
          "actualMouthPreserved": true
        },
        "right-lead": {
          "vertices": 13,
          "certifiedClearance": 0.0019900803699990184,
          "length": 0.4000000002635787,
          "lengthRatio": 1.0000000006589467,
          "frontEntryDot": 0.0015607720000000002,
          "actualMouthPreserved": true
        }
      }
    }
  }
}
