candidate: /Users/asherlc/.paseo/worktrees/0h78jp9r/placid-badger-cad-second-half/Hangboards/yy-baguette/assets/primary.usdz
  nodes: 7
    yy_body                     76224 triangles  role=body
    yy_edge_10                    652 triangles  role=contact
    yy_edge_15                   1040 triangles  role=contact
    yy_edge_20                    784 triangles  role=contact
    yy_edge_25                   1316 triangles  role=contact
    yy_edge_30                    650 triangles  role=contact
    yy_tray                       130 triangles  role=contact
  modelBounds (mm): min [-235.0, -20.0, -20.0] max [235.0, 20.0, 20.0]
  info largest up-facing top facet: 7776 mm^2, depth span 36 mm
  info reference same metric: 7776 mm^2, depth span 36 mm (suspect only if the candidate is much larger/wider *and* the front render shows a bright depth-spanning band the reference lacks)
  wrote .context/placid-badger-cad-second-half/yy-baguette/groove-removal/exported-views/yy-baguette-front.png
  wrote .context/placid-badger-cad-second-half/yy-baguette/groove-removal/exported-views/yy-baguette-side.png
  wrote .context/placid-badger-cad-second-half/yy-baguette/groove-removal/exported-views/yy-baguette-top.png
reference: .context/placid-badger-cad-second-half/yy-baguette/groove-removal/before/assets/primary.usdz
  nodes: 7
    yy_body                     84790 triangles  role=?
    yy_edge_10                    652 triangles  role=?
    yy_edge_15                   1040 triangles  role=?
    yy_edge_20                    784 triangles  role=?
    yy_edge_25                   1316 triangles  role=?
    yy_edge_30                    650 triangles  role=?
    yy_tray                       346 triangles  role=?
  modelBounds (mm): min [-235.0, -20.0, -20.0] max [235.0, 20.0, 20.0]
  info largest up-facing top facet: 7776 mm^2, depth span 36 mm
  wrote reference renders next to the candidate renders
