Traceback (most recent call last):
  File "/Users/asherlc/.paseo/worktrees/0h78jp9r/placid-badger/Tools/HangboardCAD/native_cord_routes.py", line 782, in evaluate
    clearances[identifier]=checked_clearance(mesh,cached,strand["radius"])
                           ^^^^^^^^^^^^^^^^^^^^^^^^^^^^^^^^^^^^^^^^^^^^^^^
  File "/Users/asherlc/.paseo/worktrees/0h78jp9r/placid-badger/Tools/HangboardCAD/native_cord_routes.py", line 234, in checked_clearance
    midpoint = distances(middle)
               ^^^^^^^^^^^^^^^^^
  File "/Users/asherlc/.paseo/worktrees/0h78jp9r/placid-badger/Tools/HangboardCAD/native_cord_routes.py", line 215, in distances
    raise ValueError(f"native CAD cord collision: clearance {minimum:.9f} m < radius {radius:.9f} m")
ValueError: native CAD cord collision: clearance 0.000836062 m < radius 0.001000000 m

The above exception was the direct cause of the following exception:

Traceback (most recent call last):
  File "/Users/asherlc/.paseo/worktrees/0h78jp9r/placid-badger/.context/placid-badger/nature-stone-mini-review10/completion/solve_scratch.py", line 7, in <module>
    solve_threaded_rope.main()
  File "/Users/asherlc/.paseo/worktrees/0h78jp9r/placid-badger/Tools/HangboardCAD/solve_threaded_rope.py", line 402, in main
    solved = solve_native_routes(mesh, data, model, source_metadata=source)
             ^^^^^^^^^^^^^^^^^^^^^^^^^^^^^^^^^^^^^^^^^^^^^^^^^^^^^^^^^^^^^^
  File "/Users/asherlc/.paseo/worktrees/0h78jp9r/placid-badger/Tools/HangboardCAD/native_cord_routes.py", line 515, in solve_native_routes
    solved = solve_native_routes(mesh, reduced, descriptor)
             ^^^^^^^^^^^^^^^^^^^^^^^^^^^^^^^^^^^^^^^^^^^^^^
  File "/Users/asherlc/.paseo/worktrees/0h78jp9r/placid-badger/Tools/HangboardCAD/native_cord_routes.py", line 518, in solve_native_routes
    return _solve_native_seed(mesh, data, descriptor)
           ^^^^^^^^^^^^^^^^^^^^^^^^^^^^^^^^^^^^^^^^^^
  File "/Users/asherlc/.paseo/worktrees/0h78jp9r/placid-badger/Tools/HangboardCAD/native_cord_routes.py", line 631, in _solve_native_seed
    return _solve_native_routes(mesh, data, descriptor)
           ^^^^^^^^^^^^^^^^^^^^^^^^^^^^^^^^^^^^^^^^^^^^
  File "/Users/asherlc/.paseo/worktrees/0h78jp9r/placid-badger/Tools/HangboardCAD/native_cord_routes.py", line 833, in _solve_native_routes
    paths,ratios,minimums=evaluate(height,True)
                          ^^^^^^^^^^^^^^^^^^^^^
  File "/Users/asherlc/.paseo/worktrees/0h78jp9r/placid-badger/Tools/HangboardCAD/native_cord_routes.py", line 785, in evaluate
    raise error_type(f"{pose_id}/{identifier}: {error}") from error
ValueError: front-upright/left-lead: native CAD cord collision: clearance 0.000836062 m < radius 0.001000000 m
