{
  "sourceSHA256": "8fa07c203943d849101ba80926fb6c1d69c2ace7dff982a68f6e8a6476f618f7",
  "interiorSections": [
    {
      "xMM": 63,
      "yMM": -54.9,
      "probes": [
        {
          "epsilonMM": 0.001,
          "left": {
            "zMM": 179.14571011862387,
            "normals": [
              [
                0.13591922164975148,
                -0.373507032610454,
                0.917615639457316
              ]
            ]
          },
          "right": {
            "zMM": 179.14541397514932,
            "normals": [
              [
                0.13582786450725262,
                -0.37352031953361137,
                0.917623758475612
              ]
            ]
          },
          "heightDifferenceMM": 0.00029614347454298695,
          "maxNormalAngleDegrees": 0.005309865483315957
        },
        {
          "epsilonMM": 0.0001,
          "left": {
            "zMM": 179.14557682909523,
            "normals": [
              [
                0.1358781107164975,
                -0.37351301425674543,
                0.9176192931760728
              ]
            ]
          },
          "right": {
            "zMM": 179.14554721474784,
            "normals": [
              [
                0.13586897500217832,
                -0.37351434294906716,
                0.9176201050779044
              ]
            ]
          },
          "heightDifferenceMM": 2.9614347397455276e-05,
          "maxNormalAngleDegrees": 0.0005309861225805003
        }
      ]
    },
    {
      "xMM": 63,
      "yMM": -64.9,
      "probes": [
        {
          "epsilonMM": 0.001,
          "left": {
            "zMM": 170.50489839816402,
            "normals": [
              [
                0.1385038949616964,
                -0.973679004586887,
                0.18101344454798968
              ]
            ]
          },
          "right": {
            "zMM": 170.50336870538985,
            "normals": [
              [
                0.1382375072070104,
                -0.9737541633411648,
                0.18081266818710448
              ]
            ]
          },
          "heightDifferenceMM": 0.0015296927741701438,
          "maxNormalAngleDegrees": 0.01959167350799287
        },
        {
          "epsilonMM": 0.0001,
          "left": {
            "zMM": 170.50420988207225,
            "normals": [
              [
                0.13838401797834618,
                -0.9737128443323578,
                0.18092307854543627
              ]
            ]
          },
          "right": {
            "zMM": 170.50405691277967,
            "normals": [
              [
                0.13835737920223543,
                -0.9737203602079039,
                0.1809030009062282
              ]
            ]
          },
          "heightDifferenceMM": 0.00015296929257146985,
          "maxNormalAngleDegrees": 0.0019591673915783374
        }
      ]
    },
    {
      "xMM": 65,
      "yMM": -54.9,
      "probes": [
        {
          "epsilonMM": 0.001,
          "left": {
            "zMM": 178.94759424829545,
            "normals": [
              [
                0.048153874603272466,
                -0.3765768447850122,
                0.9251330089951699
              ]
            ]
          },
          "right": {
            "zMM": 178.94744318843743,
            "normals": [
              [
                0.09132069977940784,
                -0.3754346465807888,
                0.9223390677720192
              ]
            ]
          },
          "heightDifferenceMM": 0.00015105985801255883,
          "maxNormalAngleDegrees": 2.479509382324522
        },
        {
          "epsilonMM": 0.0001,
          "left": {
            "zMM": 178.94754742055622,
            "normals": [
              [
                0.04811715205161115,
                -0.3765737279287732,
                0.9251361884135051
              ]
            ]
          },
          "right": {
            "zMM": 178.94753229734832,
            "normals": [
              [
                0.09132069977940784,
                -0.3754346465807888,
                0.9223390677720192
              ]
            ]
          },
          "heightDifferenceMM": 1.5123207901979185e-05,
          "maxNormalAngleDegrees": 2.481615857722293
        }
      ]
    },
    {
      "xMM": 65,
      "yMM": -64.9,
      "probes": [
        {
          "epsilonMM": 0.001,
          "left": {
            "zMM": 170.30556401847224,
            "normals": [
              [
                -0.0998085646539735,
                -0.9782838081615197,
                0.18165638197076547
              ]
            ]
          },
          "right": {
            "zMM": 170.30601446870662,
            "normals": [
              [
                0.01808320123697291,
                -0.9830134825014935,
                0.18264033249342637
              ]
            ]
          },
          "heightDifferenceMM": 0.00045045023438206044,
          "maxNormalAngleDegrees": 6.764297090321247
        },
        {
          "epsilonMM": 0.0001,
          "left": {
            "zMM": 170.30605862380833,
            "normals": [
              [
                -0.09990349029953917,
                -0.9782574387481189,
                0.18174618609462065
              ]
            ]
          },
          "right": {
            "zMM": 170.30610357761753,
            "normals": [
              [
                0.01808320123697316,
                -0.9830134825014929,
                0.1826403324934289
              ]
            ]
          },
          "heightDifferenceMM": 4.4953809208436724e-05,
          "maxNormalAngleDegrees": 6.769760661326405
        }
      ]
    },
    {
      "xMM": 130,
      "yMM": -54.9,
      "probes": [
        {
          "epsilonMM": 0.001,
          "left": {
            "zMM": 172.51199764388298,
            "normals": [
              [
                0.09132069977940784,
                -0.3754346465807888,
                0.9223390677720192
              ]
            ]
          },
          "right": {
            "zMM": 172.51183826219793,
            "normals": [
              [
                0.05586688094593105,
                -0.37642143140182155,
                0.9247625628207367
              ]
            ]
          },
          "heightDifferenceMM": 0.000159381685051585,
          "maxNormalAngleDegrees": 2.0369866155581455
        },
        {
          "epsilonMM": 0.0001,
          "left": {
            "zMM": 172.5119085349721,
            "normals": [
              [
                0.09132069977940784,
                -0.3754346465807888,
                0.9223390677720192
              ]
            ]
          },
          "right": {
            "zMM": 172.51189261772913,
            "normals": [
              [
                0.05583535718505778,
                -0.37642188257170894,
                0.9247642830522746
              ]
            ]
          },
          "heightDifferenceMM": 1.5917242961904776e-05,
          "maxNormalAngleDegrees": 2.0387956176037707
        }
      ]
    },
    {
      "xMM": 130,
      "yMM": -64.9,
      "probes": [
        {
          "epsilonMM": 0.001,
          "left": {
            "zMM": 163.8705689241522,
            "normals": [
              [
                0.018083201236973347,
                -0.9830134825014925,
                0.1826403324934308
              ]
            ]
          },
          "right": {
            "zMM": 163.87015528592502,
            "normals": [
              [
                0.05737224717705143,
                -0.98156370244155,
                0.18232148338331233
              ]
            ]
          },
          "heightDifferenceMM": 0.0004136382271724415,
          "maxNormalAngleDegrees": 2.252847779108861
        },
        {
          "epsilonMM": 0.0001,
          "left": {
            "zMM": 163.87047981524134,
            "normals": [
              [
                0.018083201236973896,
                -0.9830134825014917,
                0.18264033249343634
              ]
            ]
          },
          "right": {
            "zMM": 163.87043854911315,
            "normals": [
              [
                0.0574077803517926,
                -0.9815536915125832,
                0.1823641890095234
              ]
            ]
          },
          "heightDifferenceMM": 4.1266128192773976e-05,
          "maxNormalAngleDegrees": 2.2548853305156653
        }
      ]
    },
    {
      "xMM": 132,
      "yMM": -54.9,
      "probes": [
        {
          "epsilonMM": 0.001,
          "left": {
            "zMM": 172.31401701190018,
            "normals": [
              [
                0.12691081836022947,
                -0.3739617837717228,
                0.9187198857439672
              ]
            ]
          },
          "right": {
            "zMM": 172.3137406552131,
            "normals": [
              [
                0.12698241963824008,
                -0.37395785129350423,
                0.9187115926985809
              ]
            ]
          },
          "heightDifferenceMM": 0.0002763566870669365,
          "maxNormalAngleDegrees": 0.004136017936887322
        },
        {
          "epsilonMM": 0.0001,
          "left": {
            "zMM": 172.3138926709889,
            "normals": [
              [
                0.12694303896533993,
                -0.373960014511185,
                0.9187161544269473
              ]
            ]
          },
          "right": {
            "zMM": 172.31386503532025,
            "normals": [
              [
                0.12695019909315672,
                -0.37395962126336074,
                0.9187153251224078
              ]
            ]
          },
          "heightDifferenceMM": 2.7635668658376744e-05,
          "maxNormalAngleDegrees": 0.0004136011238894551
        }
      ]
    },
    {
      "xMM": 132,
      "yMM": -64.9,
      "probes": [
        {
          "epsilonMM": 0.001,
          "left": {
            "zMM": 163.67233007054114,
            "normals": [
              [
                -0.021924976744629603,
                -0.9829469474376004,
                0.1825776380552962
              ]
            ]
          },
          "right": {
            "zMM": 163.67257052691463,
            "normals": [
              [
                -0.021988652984192194,
                -0.9829274745829978,
                0.18267478985845598
              ]
            ]
          },
          "heightDifferenceMM": 0.00024045637348990567,
          "maxNormalAngleDegrees": 0.006748345560516075
        },
        {
          "epsilonMM": 0.0001,
          "left": {
            "zMM": 163.6724382054401,
            "normals": [
              [
                -0.0219536378622793,
                -0.9829381894874344,
                0.18262133892778348
              ]
            ]
          },
          "right": {
            "zMM": 163.67246225108326,
            "normals": [
              [
                -0.02196000548637452,
                -0.9829362422019194,
                0.18263105410911928
              ]
            ]
          },
          "heightDifferenceMM": 2.4045643158387975e-05,
          "maxNormalAngleDegrees": 0.0006748339453746467
        }
      ]
    },
    {
      "xMM": 164,
      "yMM": -54.9,
      "probes": [
        {
          "epsilonMM": 0.001,
          "left": {
            "zMM": 166.3356038383813,
            "normals": [
              [
                0.14555414321730514,
                -0.1683940648763218,
                0.974914063036689
              ]
            ]
          },
          "right": {
            "zMM": 166.3353052655939,
            "normals": [
              [
                0.14552919690980118,
                -0.16839504351063012,
                0.974917618144139
              ]
            ]
          },
          "heightDifferenceMM": 0.00029857278741474147,
          "maxNormalAngleDegrees": 0.00144484762698582
        },
        {
          "epsilonMM": 0.0001,
          "left": {
            "zMM": 166.33546947415917,
            "normals": [
              [
                0.14554291729864513,
                -0.16839450536415973,
                0.9749156629100588
              ]
            ]
          },
          "right": {
            "zMM": 166.33543961688045,
            "normals": [
              [
                0.14554042266789574,
                -0.16839460322759084,
                0.9749160184208034
              ]
            ]
          },
          "heightDifferenceMM": 2.985727871873678e-05,
          "maxNormalAngleDegrees": 0.00014448211403166608
        }
      ]
    },
    {
      "xMM": 164,
      "yMM": -64.9,
      "probes": [
        {
          "epsilonMM": 0.001,
          "left": {
            "zMM": 157.4597017444636,
            "normals": [
              [
                0.06791941126661488,
                -0.6652833357090967,
                0.743495149144212
              ]
            ]
          },
          "right": {
            "zMM": 157.45951902808827,
            "normals": [
              [
                0.06792928332304847,
                -0.6652828704275926,
                0.743494663587332
              ]
            ]
          },
          "heightDifferenceMM": 0.0001827163753205241,
          "maxNormalAngleDegrees": 0.000566936559561929
        },
        {
          "epsilonMM": 0.0001,
          "left": {
            "zMM": 157.45961952539574,
            "normals": [
              [
                0.06792385345982607,
                -0.6652831271531832,
                0.7434949299467007
              ]
            ]
          },
          "right": {
            "zMM": 157.45960125375822,
            "normals": [
              [
                0.06792484066550936,
                -0.6652830806250308,
                0.7434948813910113
              ]
            ]
          },
          "heightDifferenceMM": 1.8271637514999384e-05,
          "maxNormalAngleDegrees": 5.669082727126171e-05
        }
      ]
    },
    {
      "xMM": 166,
      "yMM": -54.9,
      "probes": [
        {
          "epsilonMM": 0.001,
          "left": {
            "zMM": 166.06285084786893,
            "normals": [
              [
                0.12088516080390956,
                -0.16895885691136084,
                0.9781818249020062
              ]
            ]
          },
          "right": {
            "zMM": 166.06259090909091,
            "normals": [
              [
                0.13317690124442375,
                -0.1686907415762701,
                0.9766306091257743
              ]
            ]
          },
          "heightDifferenceMM": 0.0002599387780151119,
          "maxNormalAngleDegrees": 0.7100216458130583
        },
        {
          "epsilonMM": 0.0001,
          "left": {
            "zMM": 166.0627396296706,
            "normals": [
              [
                0.12087416165481786,
                -0.16895892927755174,
                0.9781831716307678
              ]
            ]
          },
          "right": {
            "zMM": 166.06271363636364,
            "normals": [
              [
                0.13317690124442375,
                -0.1686907415762701,
                0.9766306091257743
              ]
            ]
          },
          "heightDifferenceMM": 2.5993306962845963e-05,
          "maxNormalAngleDegrees": 0.7106565058868941
        }
      ]
    },
    {
      "xMM": 166,
      "yMM": -64.9,
      "probes": [
        {
          "epsilonMM": 0.001,
          "left": {
            "zMM": 157.26412943714985,
            "normals": [
              [
                0.07716861352950263,
                -0.661603971090981,
                0.7458721006463364
              ]
            ]
          },
          "right": {
            "zMM": 157.26392818181813,
            "normals": [
              [
                0.0729640546662853,
                -0.6618091692550981,
                0.7461131752063707
              ]
            ]
          },
          "heightDifferenceMM": 0.00020125533171722054,
          "maxNormalAngleDegrees": 0.24158556544657397
        },
        {
          "epsilonMM": 0.0001,
          "left": {
            "zMM": 157.26403632053655,
            "normals": [
              [
                0.07717181855781174,
                -0.6616009197852583,
                0.7458744756055006
              ]
            ]
          },
          "right": {
            "zMM": 157.2640161948052,
            "normals": [
              [
                0.07296392833258451,
                -0.6618106396012845,
                0.74611188334781
              ]
            ]
          },
          "heightDifferenceMM": 2.0125731339248887e-05,
          "maxNormalAngleDegrees": 0.24177672609854772
        }
      ]
    },
    {
      "xMM": 238,
      "yMM": -54.9,
      "probes": [
        {
          "epsilonMM": 0.001,
          "left": {
            "zMM": 156.24468181818185,
            "normals": [
              [
                0.13317690124442375,
                -0.1686907415762701,
                0.9766306091257743
              ]
            ]
          },
          "right": {
            "zMM": 156.24436272952494,
            "normals": [
              [
                0.17718755463567074,
                -0.16751433682303957,
                0.9698162286954
              ]
            ]
          },
          "heightDifferenceMM": 0.0003190886569086615,
          "maxNormalAngleDegrees": 2.552773369046851
        },
        {
          "epsilonMM": 0.0001,
          "left": {
            "zMM": 156.2445590909091,
            "normals": [
              [
                0.13317690124442375,
                -0.1686907415762701,
                0.9766306091257743
              ]
            ]
          },
          "right": {
            "zMM": 156.2445271799893,
            "normals": [
              [
                0.17722616419488055,
                -0.16751260773888701,
                0.9698094725116306
              ]
            ]
          },
          "heightDifferenceMM": 3.191091980170313e-05,
          "maxNormalAngleDegrees": 2.5550211071398317
        }
      ]
    },
    {
      "xMM": 238,
      "yMM": -64.9,
      "probes": [
        {
          "epsilonMM": 0.001,
          "left": {
            "zMM": 150.2230848051948,
            "normals": [
              [
                0.08332471385711872,
                -0.5167714654105715,
                0.852058826958585
              ]
            ]
          },
          "right": {
            "zMM": 150.2228057403256,
            "normals": [
              [
                0.15313135748290507,
                -0.5124552857263841,
                0.8449499201056432
              ]
            ]
          },
          "heightDifferenceMM": 0.0002790648691757269,
          "maxNormalAngleDegrees": 4.028740907168882
        },
        {
          "epsilonMM": 0.0001,
          "left": {
            "zMM": 150.22299679220782,
            "normals": [
              [
                0.08332484250858062,
                -0.5167692755505962,
                0.8520601425180221
              ]
            ]
          },
          "right": {
            "zMM": 150.22296888199685,
            "normals": [
              [
                0.15319271905851067,
                -0.5124512449033428,
                0.8449412479128204
              ]
            ]
          },
          "heightDifferenceMM": 2.7910210974368965e-05,
          "maxNormalAngleDegrees": 4.032291240565715
        }
      ]
    },
    {
      "xMM": 240,
      "yMM": -54.9,
      "probes": [
        {
          "epsilonMM": 0.001,
          "left": {
            "zMM": 155.9719075198774,
            "normals": [
              [
                0.0877184958180939,
                -0.16955141705723725,
                0.9816097913454683
              ]
            ]
          },
          "right": {
            "zMM": 155.97172889140018,
            "normals": [
              [
                0.08762570332141811,
                -0.169551573428921,
                0.9816180520269603
              ]
            ]
          },
          "heightDifferenceMM": 0.00017862847721517028,
          "maxNormalAngleDegrees": 0.005337651769864083
        },
        {
          "epsilonMM": 0.0001,
          "left": {
            "zMM": 155.97182711348034,
            "normals": [
              [
                0.08767673984996545,
                -0.1695514879066712,
                0.9816135096044244
              ]
            ]
          },
          "right": {
            "zMM": 155.9718092506326,
            "normals": [
              [
                0.08766746060028169,
                -0.1695515035438409,
                0.9816143356725803
              ]
            ]
          },
          "heightDifferenceMM": 1.786284775562308e-05,
          "maxNormalAngleDegrees": 0.0005337649173242417
        }
      ]
    },
    {
      "xMM": 240,
      "yMM": -64.9,
      "probes": [
        {
          "epsilonMM": 0.001,
          "left": {
            "zMM": 150.02741641928026,
            "normals": [
              [
                0.011894209182829388,
                -0.5136437747512409,
                0.8579210922032466
              ]
            ]
          },
          "right": {
            "zMM": 150.027388859749,
            "normals": [
              [
                0.011749778113945517,
                -0.513636843459951,
                0.8579272322025748
              ]
            ]
          },
          "heightDifferenceMM": 2.7559531247334235e-05,
          "maxNormalAngleDegrees": 0.00829228022746097
        },
        {
          "epsilonMM": 0.0001,
          "left": {
            "zMM": 150.0274039758003,
            "normals": [
              [
                0.011829215436757762,
                -0.513640657723633,
                0.857923856991624
              ]
            ]
          },
          "right": {
            "zMM": 150.02740121984718,
            "normals": [
              [
                0.011814772329814805,
                -0.5136399645945043,
                0.8579244709915617
              ]
            ]
          },
          "heightDifferenceMM": 2.7559531190490816e-06,
          "maxNormalAngleDegrees": 0.0008292282857433314
        }
      ]
    }
  ],
  "grazingSections": [
    {
      "xMM": 63,
      "yMM": -65,
      "probes": [
        {
          "epsilonMM": 0.01,
          "left": {
            "zMM": 169.5362575605963,
            "normals": []
          },
          "right": {
            "zMM": 169.41298768280467,
            "normals": []
          },
          "heightDifferenceMM": 0.12326987779164256
        },
        {
          "epsilonMM": 0.001,
          "left": {
            "zMM": 169.45357760138205,
            "normals": []
          },
          "right": {
            "zMM": 169.41555596622976,
            "normals": []
          },
          "heightDifferenceMM": 0.0380216351522904
        },
        {
          "epsilonMM": 0.0001,
          "left": {
            "zMM": 169.42774651497894,
            "normals": []
          },
          "right": {
            "zMM": 169.4158130200853,
            "normals": []
          },
          "heightDifferenceMM": 0.011933494893639818
        },
        {
          "epsilonMM": 1e-05,
          "left": {
            "zMM": 169.41960362011147,
            "normals": []
          },
          "right": {
            "zMM": 169.41583872772839,
            "normals": []
          },
          "heightDifferenceMM": 0.003764892383088636
        }
      ]
    },
    {
      "xMM": 132,
      "yMM": -65,
      "probes": [
        {
          "epsilonMM": 0.01,
          "left": {
            "zMM": 162.58509957493993,
            "normals": []
          },
          "right": {
            "zMM": 162.66348176463362,
            "normals": []
          },
          "heightDifferenceMM": 0.07838218969368427
        },
        {
          "epsilonMM": 0.001,
          "left": {
            "zMM": 162.58425251252044,
            "normals": []
          },
          "right": null,
          "heightDifferenceMM": null
        },
        {
          "epsilonMM": 0.0001,
          "left": {
            "zMM": 162.58416782531725,
            "normals": []
          },
          "right": {
            "zMM": 162.5909749807316,
            "normals": []
          },
          "heightDifferenceMM": 0.0068071554143500634
        },
        {
          "epsilonMM": 1e-05,
          "left": {
            "zMM": 162.5841593567872,
            "normals": []
          },
          "right": {
            "zMM": 162.58603759901055,
            "normals": []
          },
          "heightDifferenceMM": 0.0018782422233414309
        }
      ]
    }
  ],
  "sourceBytesUnchanged": true,
  "note": "Interior offset0.1mm avoids exact55/65mm support-depth boundary; finer grazing probes distinguish shrinking curved-edge differences from a finite roof step. Normals at intended support lips must not be interpreted as cross-strip seams."
}

								
								
								
