Outline joins measured
Roof station 35 complete
Roof station 37 complete
Roof station 47 complete
Roof station 63 complete
Roof station 65 complete
Roof station 130 complete
Roof station 132 complete
Roof station 148 complete
Roof station 164 complete
Roof station 166 complete
Roof station 238 complete
Roof station 240 complete
Roof station 258 complete
Roof station 276 complete
Roof station 278 complete
{
  "status": "fail",
  "blockingFindings": [
    "x63/y-65 no finite roof step",
    "x132/y-65 roof exists"
  ],
  "sourceSHA256": "8fa07c203943d849101ba80926fb6c1d69c2ace7dff982a68f6e8a6476f618f7",
  "maxMirroredVertexShellDistanceMM": 9.41365350115575e-07,
  "maxExtrapolatedRoofStepMM": 0.028549608192362384,
  "maxNormalAngleAtSmallestEpsilonDegrees": 32.004260903441484,
  "sourceBytesUnchanged": true,
  "limits": "Finite local sections test positional continuity by shrinking epsilon; normal-angle measurements identify remaining derivative creases without asserting global curvature continuity. Shape interpretation and human acceptance remain separate."
}

								
								
								
