{
  "currentSource": "3ff3a89170bf35daa24a19f2f3e2226390d47359dcbcf9bdadcd1eed0330af6d",
  "profileExactEqualToOriginal": true,
  "curves": [
    {
      "poles": [
        [
          -15.0,
          222.0
        ],
        [
          -15.0,
          211.66666666666666
        ],
        [
          -87.0,
          201.33333333333334
        ],
        [
          -87.0,
          191.0
        ]
      ],
      "normalTiltRange": [
        -73.98456039373433,
        0.0
      ]
    },
    {
      "poles": [
        [
          -87.0,
          191.0
        ],
        [
          -87.0,
          184.0
        ],
        [
          -94.0,
          177.0
        ],
        [
          -94.0,
          170.0
        ]
      ],
      "normalTiltRange": [
        -26.56505117707799,
        0.0
      ]
    },
    {
      "poles": [
        [
          -94.0,
          170.0
        ],
        [
          -94.0,
          162.33333333333334
        ],
        [
          -76.0,
          154.66666666666666
        ],
        [
          -76.0,
          147.0
        ]
      ],
      "normalTiltRange": [
        0.0,
        49.57392125990085
      ]
    },
    {
      "poles": [
        [
          -76.0,
          147.0
        ],
        [
          -76.0,
          137.0
        ],
        [
          -65.0,
          127.0
        ],
        [
          -65.0,
          117.0
        ]
      ],
      "normalTiltRange": [
        0.0,
        28.810793742973058
      ]
    },
    {
      "poles": [
        [
          -65.0,
          117.0
        ],
        [
          -65.0,
          107.0
        ],
        [
          -55.0,
          97.0
        ],
        [
          -55.0,
          87.0
        ]
      ],
      "normalTiltRange": [
        0.0,
        26.56505117707799
      ]
    },
    {
      "poles": [
        [
          -55.0,
          87.0
        ],
        [
          -55.0,
          77.66666666666667
        ],
        [
          -44.0,
          68.33333333333333
        ],
        [
          -44.0,
          59.0
        ]
      ],
      "normalTiltRange": [
        0.0,
        30.510237406115543
      ]
    },
    {
      "poles": [
        [
          -44.0,
          59.0
        ],
        [
          -44.0,
          49.0
        ],
        [
          -32.0,
          39.0
        ],
        [
          -32.0,
          29.0
        ]
      ],
      "normalTiltRange": [
        0.0,
        30.96375653207352
      ]
    },
    {
      "poles": [
        [
          -32.0,
          29.0
        ],
        [
          -32.0,
          18.0
        ],
        [
          -18.0,
          7.0
        ],
        [
          -18.0,
          -4.0
        ]
      ],
      "normalTiltRange": [
        0.0,
        32.47119229084849
      ]
    }
  ]
}

								
								
								
								
