..............FFF.                                                       [100%]
=================================== FAILURES ===================================
_ test_unrelated_sharing_cannot_make_separate_twenty_mm_edges_pass_sixty[False] _

shared_first = False

    @pytest.mark.parametrize("shared_first", [False, True])
    def test_unrelated_sharing_cannot_make_separate_twenty_mm_edges_pass_sixty(shared_first):
        edges = [region("edge", 0, 20, axis="z"), region("edge", 40, 60, axis="z")]
        shared = [region("pinch", -30, -27, axis="z"),
                  region("jug", 27, 30, additional=["pinch"])]
        declared = {"edge": 60, "pinch": 60, "jug": 40}
        with pytest.raises(compile_board.BuildError, match="edge region depth 20.000"):
            compile_board._validate_published_depths(edges, declared, 1, .05)
        objects = shared + edges if shared_first else edges + shared
>       with pytest.raises(compile_board.BuildError, match="edge region depth 20.000"):
E       Failed: DID NOT RAISE BuildError

Tools/HangboardCAD/tests/test_shared_contact_membership_cad.py:101: Failed
_ test_unrelated_sharing_cannot_make_separate_twenty_mm_edges_pass_sixty[True] _

shared_first = True

    @pytest.mark.parametrize("shared_first", [False, True])
    def test_unrelated_sharing_cannot_make_separate_twenty_mm_edges_pass_sixty(shared_first):
        edges = [region("edge", 0, 20, axis="z"), region("edge", 40, 60, axis="z")]
        shared = [region("pinch", -30, -27, axis="z"),
                  region("jug", 27, 30, additional=["pinch"])]
        declared = {"edge": 60, "pinch": 60, "jug": 40}
        with pytest.raises(compile_board.BuildError, match="edge region depth 20.000"):
            compile_board._validate_published_depths(edges, declared, 1, .05)
        objects = shared + edges if shared_first else edges + shared
>       with pytest.raises(compile_board.BuildError, match="edge region depth 20.000"):
E       Failed: DID NOT RAISE BuildError

Tools/HangboardCAD/tests/test_shared_contact_membership_cad.py:101: Failed
_______ test_unrelated_primary_axes_keep_their_independent_legacy_checks _______

    def test_unrelated_primary_axes_keep_their_independent_legacy_checks():
        edges = [region("edge", -60, -20, axis="z"), region("edge", 20, 60, axis="y")]
        assert compile_board._validate_published_depths(edges, {"edge": 40}, 1, .05) == {"edge": 40}
        shared = [region("pinch", -30, -27, axis="z"),
                  region("jug", 27, 30, additional=["pinch"])]
>       assert compile_board._validate_published_depths(
            edges + shared, {"edge": 40, "pinch": 60, "jug": 40}, 1, .05
        ) == {"edge": 40, "pinch": 60, "jug": 40}

Tools/HangboardCAD/tests/test_shared_contact_membership_cad.py:110: 
_ _ _ _ _ _ _ _ _ _ _ _ _ _ _ _ _ _ _ _ _ _ _ _ _ _ _ _ _ _ _ _ _ _ _ _ _ _ _ _ 
Tools/HangboardCAD/compile_board.py:647: in _validate_published_depths
    for obj, members in _depth_regions(contact_objects, version):
                        ^^^^^^^^^^^^^^^^^^^^^^^^^^^^^^^^^^^^^^^^
_ _ _ _ _ _ _ _ _ _ _ _ _ _ _ _ _ _ _ _ _ _ _ _ _ _ _ _ _ _ _ _ _ _ _ _ _ _ _ _ 

contact_objects = [namespace(Name='edge', NodeID='edge', NodeRole='contact', ContactID='edge', PropertiesList=['ContactID', 'HangTenDept..., ZLength=3)), AdditionalContactIDs=['pinch'], getTypeIdOfProperty=<function region.<locals>.<lambda> at 0x10b5f31a0>)]
version = 1

    def _depth_regions(contact_objects, version):
        """Keep legacy per-node checks; explicitly shared grips measure all members."""
        if not any("AdditionalContactIDs" in obj.PropertiesList for obj in contact_objects):
            return [(obj, [obj]) for obj in contact_objects]
        groups, primaries = {}, {}
        for obj in contact_objects:
            spec = _node_specification(obj, version)
            key = _contact_binding(obj)
            primaries.setdefault(key, []).append(obj)
            for member_id in (key, *spec.get("additionalContactIDs", [])):
                groups.setdefault(member_id, []).append(obj)
    
        def metadata(obj):
            witnesses = tuple(
                (name, tuple(float(getattr(getattr(obj, name), axis)) for axis in "xyz"))
                for name in ("HangTenGripDepthStart", "HangTenGripDepthEnd")
                if name in obj.PropertiesList
            )
            return str(getattr(obj, "HangTenDepthAxis", "y")).lower(), witnesses
    
        result = []
        for key, members in groups.items():
            owners = primaries.get(key, [])
            if not owners:
                raise BuildError(f"{key} shared depth requires a primary contact object")
            if any(metadata(obj) != metadata(owners[0]) for obj in owners[1:]):
>               raise BuildError(f"{key} has conflicting primary grip-depth metadata")
E               compile_board.BuildError: edge has conflicting primary grip-depth metadata

Tools/HangboardCAD/compile_board.py:626: BuildError
=========================== short test summary info ============================
FAILED Tools/HangboardCAD/tests/test_shared_contact_membership_cad.py::test_unrelated_sharing_cannot_make_separate_twenty_mm_edges_pass_sixty[False]
FAILED Tools/HangboardCAD/tests/test_shared_contact_membership_cad.py::test_unrelated_sharing_cannot_make_separate_twenty_mm_edges_pass_sixty[True]
FAILED Tools/HangboardCAD/tests/test_shared_contact_membership_cad.py::test_unrelated_primary_axes_keep_their_independent_legacy_checks
3 failed, 15 passed in 0.96s
