.............F..................................F                        [100%]
=================================== FAILURES ===================================
_________ test_closed_descriptor_rejects_outline_on_shared_membership __________

    def test_closed_descriptor_rejects_outline_on_shared_membership():
        payload = shared_descriptor().to_json()
        payload["contacts"]["pinch"]["outline"] = [[.138461538, 0], [.861538462, 0], [.861538462, 1], [.138461538, 1]]
>       with pytest.raises(ValueError, match="shared.*outline"):
E       Failed: DID NOT RAISE ValueError

Tools/HangboardModels/tests/test_shared_contact_membership.py:87: Failed
___________ test_shared_membership_cannot_be_replaced_by_an_outline ____________

tmp_path = PosixPath('/private/var/folders/b4/95kqjtzd7zlc75ndbg2_svpr0000gp/T/pytest-of-asherlc/pytest-384/test_shared_membership_cannot_0')

    def test_shared_membership_cannot_be_replaced_by_an_outline(tmp_path):
        data = payload()
        data["contacts"]["pinch"]["outline"] = [[.1, 0], [.9, 0], [.9, 1], [.1, 1]]
>       with pytest.raises(ValueError, match="shared.*outline"):
E       Failed: DID NOT RAISE ValueError

Tools/HangboardPackages/tests/test_shared_contact_membership_package.py:58: Failed
=========================== short test summary info ============================
FAILED Tools/HangboardPackages::test_closed_descriptor_rejects_outline_on_shared_membership
FAILED Tools/HangboardPackages/tests/test_shared_contact_membership_package.py::test_shared_membership_cannot_be_replaced_by_an_outline
2 failed, 47 passed in 0.72s
