F..........FF.F........FFF...........F                                   [100%]
=================================== FAILURES ===================================
_ test_shared_top_extends_pinch_to_both_bearing_planes_without_duplicate_node __

    def test_shared_top_extends_pinch_to_both_bearing_planes_without_duplicate_node():
>       result = shared_descriptor()
                 ^^^^^^^^^^^^^^^^^^^

Tools/HangboardModels/tests/test_shared_contact_membership.py:30: 
_ _ _ _ _ _ _ _ _ _ _ _ _ _ _ _ _ _ _ _ _ _ _ _ _ _ _ _ _ _ _ _ _ _ _ _ _ _ _ _ 

    def shared_descriptor():
        vertices, nodes = fixture()
>       nodes.append(NodeBinding("top", "contact", "jug", additional_contact_ids=("pinch",)))
                     ^^^^^^^^^^^^^^^^^^^^^^^^^^^^^^^^^^^^^^^^^^^^^^^^^^^^^^^^^^^^^^^^^^^^^^^
E       TypeError: NodeBinding.__init__() got an unexpected keyword argument 'additional_contact_ids'

Tools/HangboardModels/tests/test_shared_contact_membership.py:25: TypeError
________ test_unknown_additional_identity_and_stale_union_are_rejected _________

    def test_unknown_additional_identity_and_stale_union_are_rejected():
        vertices, nodes = fixture()
>       nodes.append(NodeBinding("top", "contact", "jug", additional_contact_ids=("unknown",)))
                     ^^^^^^^^^^^^^^^^^^^^^^^^^^^^^^^^^^^^^^^^^^^^^^^^^^^^^^^^^^^^^^^^^^^^^^^^^
E       TypeError: NodeBinding.__init__() got an unexpected keyword argument 'additional_contact_ids'

Tools/HangboardModels/tests/test_shared_contact_membership.py:67: TypeError
_________ test_old_outline_cannot_hide_added_surface_from_union_bounds _________

    def test_old_outline_cannot_hide_added_surface_from_union_bounds():
        vertices, nodes = fixture()
>       nodes.append(NodeBinding("top", "contact", "jug", additional_contact_ids=("pinch",)))
                     ^^^^^^^^^^^^^^^^^^^^^^^^^^^^^^^^^^^^^^^^^^^^^^^^^^^^^^^^^^^^^^^^^^^^^^^
E       TypeError: NodeBinding.__init__() got an unexpected keyword argument 'additional_contact_ids'

Tools/HangboardModels/tests/test_shared_contact_membership.py:78: TypeError
______ test_native_membership_survives_specs_and_measures_opposing_z_span ______

    def test_native_membership_survives_specs_and_measures_opposing_z_span():
        bottom = region("pinch", -30., -27., axis="z")
        top = region("jug", 27., 30., additional=["pinch"])
        spec = compile_board._node_specification(top, 1)
>       assert spec == {"id": "jug", "role": "contact", "contact": "jug", "additionalContactIDs": ["pinch"]}
E       AssertionError: assert {'id': 'jug',...ntact': 'jug'} == {'id': 'jug',...s': ['pinch']}
E         
E         Omitting 3 identical items, use -vv to show
E         Right contains 1 more item:
E         {'additionalContactIDs': ['pinch']}
E         Use -v to get more diff

Tools/HangboardCAD/tests/test_shared_contact_membership_cad.py:30: AssertionError
______ test_native_property_cannot_be_ignored_on_body_or_reusable_source _______

    def test_native_property_cannot_be_ignored_on_body_or_reusable_source():
        top = region("jug", 27, 30, additional=["pinch"])
        top.NodeRole = "body"
>       with pytest.raises(compile_board.BuildError):
E       Failed: DID NOT RAISE BuildError

Tools/HangboardCAD/tests/test_shared_contact_membership_cad.py:57: Failed
___________ test_native_additional_ids_require_string_list_property ____________

    def test_native_additional_ids_require_string_list_property():
        top = region("jug", 27, 30, additional=["pinch"])
        top.getTypeIdOfProperty = lambda name: "App::PropertyString"
>       with pytest.raises(compile_board.BuildError, match="PropertyStringList"):
E       Failed: DID NOT RAISE BuildError

Tools/HangboardCAD/tests/test_shared_contact_membership_cad.py:67: Failed
___________ test_shared_pinch_loads_both_nodes_without_changing_jug ____________

tmp_path = PosixPath('/private/var/folders/b4/95kqjtzd7zlc75ndbg2_svpr0000gp/T/pytest-of-asherlc/pytest-381/test_shared_pinch_loads_both_n0')

    def test_shared_pinch_loads_both_nodes_without_changing_jug(tmp_path):
>       assert set(load(tmp_path, payload())) == {"jug", "pinch"}
                   ^^^^^^^^^^^^^^^^^^^^^^^^^

Tools/HangboardPackages/tests/test_shared_contact_membership_package.py:29: 
_ _ _ _ _ _ _ _ _ _ _ _ _ _ _ _ _ _ _ _ _ _ _ _ _ _ _ _ _ _ _ _ _ _ _ _ _ _ _ _ 
Tools/HangboardPackages/tests/test_shared_contact_membership_package.py:25: in load
    return _load_model_descriptor(descriptor, asset, {"jug", "pinch"})
           ^^^^^^^^^^^^^^^^^^^^^^^^^^^^^^^^^^^^^^^^^^^^^^^^^^^^^^^^^^^
Tools/HangboardPackages/src/hangboard_packages/board_catalog.py:2624: in _load_model_descriptor
    _closed(node, expected, source)
_ _ _ _ _ _ _ _ _ _ _ _ _ _ _ _ _ _ _ _ _ _ _ _ _ _ _ _ _ _ _ _ _ _ _ _ _ _ _ _ 

payload = {'nodeID': 'top', 'role': 'contact', 'contactID': 'jug', 'additionalContactIDs': ['pinch']}
required = {'contactID', 'nodeID', 'role'}, source = 'model descriptor nodes[2]'
optional = None

    def _closed(
        payload: Mapping[str, Any],
        required: set[str],
        source: str,
        *,
        optional: set[str] | None = None,
    ) -> None:
        allowed = required | (optional or set())
        unknown = set(payload) - allowed
        missing = required - set(payload)
        if unknown:
>           raise ValueError(f"{source} has unknown keys: {sorted(unknown)}")
E           ValueError: model descriptor nodes[2] has unknown keys: ['additionalContactIDs']

Tools/HangboardPackages/src/hangboard_packages/board_catalog.py:97: ValueError
_____________ test_shared_membership_requires_both_declared_nodes ______________

tmp_path = PosixPath('/private/var/folders/b4/95kqjtzd7zlc75ndbg2_svpr0000gp/T/pytest-of-asherlc/pytest-381/test_shared_membership_require0')

    def test_shared_membership_requires_both_declared_nodes(tmp_path):
        data = payload()
        data["contacts"]["pinch"]["nodeIDs"] = ["bottom"]
>       with pytest.raises(ValueError, match="exactly match"):
E       AssertionError: Regex pattern did not match.
E         Expected regex: 'exactly match'
E         Actual message: "model descriptor nodes[2] has unknown keys: ['additionalContactIDs']"

Tools/HangboardPackages/tests/test_shared_contact_membership_package.py:51: AssertionError
=========================== short test summary info ============================
FAILED Tools/HangboardPackages::test_shared_top_extends_pinch_to_both_bearing_planes_without_duplicate_node
FAILED Tools/HangboardPackages::test_unknown_additional_identity_and_stale_union_are_rejected
FAILED Tools/HangboardPackages::test_old_outline_cannot_hide_added_surface_from_union_bounds
FAILED Tools/HangboardPackages::test_native_membership_survives_specs_and_measures_opposing_z_span
FAILED Tools/HangboardPackages::test_native_property_cannot_be_ignored_on_body_or_reusable_source
FAILED Tools/HangboardPackages::test_native_additional_ids_require_string_list_property
FAILED Tools/HangboardPackages/tests/test_shared_contact_membership_package.py::test_shared_pinch_loads_both_nodes_without_changing_jug
FAILED Tools/HangboardPackages/tests/test_shared_contact_membership_package.py::test_shared_membership_requires_both_declared_nodes
8 failed, 30 passed in 0.73s
