[1/10] validating yy-penta-evo.FCStd
[2/10] reopening and recomputing the source document
[3/10] extracting bound components and semantic regions
[4/10] tessellating with pinned quality
[5/10] partitioning the surface and preserving normals and materials
      penta_body_001: 62956 triangles, role=body
      unit_tray_001: 126 triangles, role=contact
      unit_edge_25_001: 1028 triangles, role=contact
      unit_edge_20_001: 1028 triangles, role=contact
      unit_edge_15_001: 1028 triangles, role=contact
      unit_edge_10_001: 1028 triangles, role=contact
      unit_mono_001: 1512 triangles, role=contact
      unit_duo_001: 1780 triangles, role=contact
[6/10] writing the USDZ directly
[7/10] reopening the exported asset
[8/10] deriving the descriptor from the exported bytes
[9/10] validating the staged package
[10/10] publishing the asset and descriptor set
{
  "asset": "Hangboards/yy-penta-evo/assets/primary.usdz",
  "assetBytes": 1531074,
  "assetSHA256": "63fc29966e1c863cb9e8582d6507ba6d5ceefb6ac0fdb92eab40a9609ff758ab",
  "board": "Hangboards/yy-penta-evo/yy-penta-evo.FCStd#HangTenBoardManifest",
  "contacts": [
    "duo",
    "edge-10",
    "edge-15",
    "edge-20",
    "edge-25",
    "mono",
    "tray"
  ],
  "descriptor": "Hangboards/yy-penta-evo/assets/primary.model.json",
  "measuredRegionDepthsMM": {
    "duo": 30.0,
    "edge-10": 10.0,
    "edge-15": 15.0,
    "edge-20": 20.0,
    "edge-25": 25.0,
    "mono": 30.0,
    "tray": 30.0
  },
  "modelSHA256": "63fc29966e1c863cb9e8582d6507ba6d5ceefb6ac0fdb92eab40a9609ff758ab",
  "nodes": [
    "penta_body_001",
    "unit_duo_001",
    "unit_edge_10_001",
    "unit_edge_15_001",
    "unit_edge_20_001",
    "unit_edge_25_001",
    "unit_mono_001",
    "unit_tray_001"
  ],
  "package": "yy-penta-evo",
  "presentationID": "front-pair",
  "published": true,
  "schemaVersion": 2,
  "source": "Hangboards/yy-penta-evo/yy-penta-evo.FCStd",
  "sourceKind": "native-parametric-measured-profile",
  "sourceSHA256": "3948de31bd846c93d87e0b83ff0f4e2e28a6a6b65e565d80c4c643fd12628ee0",
  "sourceUnchanged": true,
  "tessellationDeflectionMM": 0.15,
  "triangles": 70486
}

								
								
								
