
								
								
								
								
								
								
								
								
								
								
								
								
								
								
								
								
								
								
								
								
								
								
								
								
								
								
								
								
								
								
								
								
								
								
								
			{
  "sourceSHA256": "3ff3a89170bf35daa24a19f2f3e2226390d47359dcbcf9bdadcd1eed0330af6d",
  "silhouetteBezierSpansRightXZ": [
    [
      [
        0.0,
        222.0
      ],
      [
        24.0,
        222.0
      ],
      [
        42.0,
        211.0
      ],
      [
        47.0,
        188.0
      ]
    ],
    [
      [
        47.0,
        188.0
      ],
      [
        83.0,
        185.0
      ],
      [
        222.0,
        162.0
      ],
      [
        245.0,
        162.0
      ]
    ],
    [
      [
        245.0,
        162.0
      ],
      [
        267.0,
        162.0
      ],
      [
        278.0,
        180.0
      ],
      [
        294.0,
        180.0
      ]
    ],
    [
      [
        294.0,
        180.0
      ],
      [
        322.0,
        180.0
      ],
      [
        355.5,
        156.0
      ],
      [
        355.5,
        134.0
      ]
    ],
    [
      [
        355.5,
        134.0
      ],
      [
        355.5,
        104.0
      ],
      [
        288.0,
        0.0
      ],
      [
        261.0,
        0.0
      ]
    ],
    [
      [
        261.0,
        0.0
      ],
      [
        244.0,
        0.0
      ],
      [
        219.0,
        7.650000000000001
      ],
      [
        190.0,
        12.000000000000004
      ]
    ],
    [
      [
        190.0,
        12.0
      ],
      [
        110.0,
        24.0
      ],
      [
        56.0,
        30.25
      ],
      [
        31.0,
        24.0
      ]
    ],
    [
      [
        31.0,
        24.0
      ],
      [
        15.0,
        20.0
      ],
      [
        18.0,
        18.0
      ],
      [
        0.0,
        18.0
      ]
    ]
  ],
  "transitionSections": [
    {
      "transition": "CenterShoulder",
      "x": 45.5,
      "floorZ": 145.0,
      "rearNativeEdgesMerged": 1,
      "rearRoofZ": 187.93378964134104,
      "nativeOuterCurveDegree": 3,
      "nativeOuterCurvePoles": 8
    },
    {
      "transition": "CenterShoulder",
      "x": 45.7,
      "floorZ": 145.0,
      "rearNativeEdgesMerged": 1,
      "rearRoofZ": 187.9402351368747,
      "nativeOuterCurveDegree": 3,
      "nativeOuterCurvePoles": 8
    },
    {
      "transition": "CenterShoulder",
      "x": 59.5,
      "floorZ": 145.0,
      "rearNativeEdgesMerged": 1,
      "rearRoofZ": 186.76237623762376,
      "nativeOuterCurveDegree": 3,
      "nativeOuterCurvePoles": 4
    },
    {
      "transition": "CenterShoulder",
      "x": 61.0,
      "floorZ": 145.0,
      "rearNativeEdgesMerged": 1,
      "rearRoofZ": 186.61386138613864,
      "nativeOuterCurveDegree": 3,
      "nativeOuterCurvePoles": 4
    },
    {
      "transition": "RoundFlat",
      "x": 110.0,
      "floorZ": 135.0,
      "rearNativeEdgesMerged": 2,
      "rearRoofZ": 181.76237623762376,
      "nativeOuterCurveDegree": 8,
      "nativeOuterCurvePoles": 72
    },
    {
      "transition": "RoundFlat",
      "x": 112.0,
      "floorZ": 135.0,
      "rearNativeEdgesMerged": 2,
      "rearRoofZ": 181.56435643564356,
      "nativeOuterCurveDegree": 8,
      "nativeOuterCurvePoles": 72
    },
    {
      "transition": "RoundFlat",
      "x": 183.0,
      "floorZ": 135.0,
      "rearNativeEdgesMerged": 1,
      "rearRoofZ": 173.22727272727275,
      "nativeOuterCurveDegree": 7,
      "nativeOuterCurvePoles": 50
    },
    {
      "transition": "RoundFlat",
      "x": 185.0,
      "floorZ": 135.0,
      "rearNativeEdgesMerged": 1,
      "rearRoofZ": 172.95454545454544,
      "nativeOuterCurveDegree": 7,
      "nativeOuterCurvePoles": 50
    },
    {
      "transition": "OuterShoulder",
      "x": 238.0,
      "floorZ": 135.0,
      "rearNativeEdgesMerged": 1,
      "rearRoofZ": 165.72727272727275,
      "nativeOuterCurveDegree": 7,
      "nativeOuterCurvePoles": 50
    },
    {
      "transition": "OuterShoulder",
      "x": 240.0,
      "floorZ": 135.0,
      "rearNativeEdgesMerged": 1,
      "rearRoofZ": 165.45454545454544,
      "nativeOuterCurveDegree": 7,
      "nativeOuterCurvePoles": 50
    },
    {
      "transition": "OuterShoulder",
      "x": 276.0,
      "floorZ": 135.0,
      "rearNativeEdgesMerged": 1,
      "rearRoofZ": 173.30677605116622,
      "nativeOuterCurveDegree": 6,
      "nativeOuterCurvePoles": 29
    },
    {
      "transition": "OuterShoulder",
      "x": 278.0,
      "floorZ": 135.0,
      "rearNativeEdgesMerged": 1,
      "rearRoofZ": 174.31851190809715,
      "nativeOuterCurveDegree": 6,
      "nativeOuterCurvePoles": 29
    }
  ],
  "depthFloorCorrections": [
    {
      "contactID": "pocket-4-left",
      "floorTranslationMm": 1.2283207301916974
    },
    {
      "contactID": "pocket-4-right",
      "floorTranslationMm": 1.2283207301916192
    }
  ],
  "allNewGeometryValues": "Operator-selected display estimates; exact native section loops use existing CAD only, no pixels or reference mesh",
  "finalBody": "BodySolid",
  "contactCount": 30,
  "fullyConstrainedSketchCount": 159,
  "rawManifestUnchanged": true,
  "gripSelections": {
    "jug-14-center": {
      "limits": [
        -47,
        47,
        -94,
        -0.001,
        182.8,
        222.01
      ],
      "localSelection": [
        {
          "sourceFace": 1,
          "localNormalZ": [
            0.7602364315197598
          ]
        },
        {
          "sourceFace": 2,
          "localNormalZ": [
            0.7602364315197596
          ]
        },
        {
          "sourceFace": 3,
          "localNormalZ": [
            0.45896164201522816
          ]
        },
        {
          "sourceFace": 4,
          "localNormalZ": [
            0.6632017557773234
          ]
        },
        {
          "sourceFace": 6,
          "localNormalZ": [
            0.6632017557773234
          ]
        },
        {
          "sourceFace": 7,
          "localNormalZ": [
            0.4589616420225948
          ]
        },
        {
          "sourceFace": 9,
          "localNormalZ": [
            0.6301259316082086
          ]
        },
        {
          "sourceFace": 33,
          "localNormalZ": [
            0.6301259316082086
          ]
        }
      ],
      "nativeConstruction": "Individual native final-BodySolid face binders each intersected with local bounds and aggregated as a contact Compound; follows final body and roof recomputation"
    },
    "round-sloper-3-center": {
      "limits": [
        -148,
        148,
        -94,
        -29,
        145,
        215
      ],
      "localSelection": [
        {
          "sourceFace": 1,
          "localNormalZ": [
            0.7605883916326034
          ]
        },
        {
          "sourceFace": 2,
          "localNormalZ": [
            0.7605883916326039
          ]
        },
        {
          "sourceFace": 3,
          "localNormalZ": [
            0.45896164201522816
          ]
        },
        {
          "sourceFace": 4,
          "localNormalZ": [
            0.9751498619390566
          ]
        },
        {
          "sourceFace": 6,
          "localNormalZ": [
            0.9751498619390566
          ]
        },
        {
          "sourceFace": 7,
          "localNormalZ": [
            0.4589616420225948
          ]
        },
        {
          "sourceFace": 9,
          "localNormalZ": [
            0.6599254349357679
          ]
        },
        {
          "sourceFace": 10,
          "localNormalZ": [
            0.9686901899835125
          ]
        },
        {
          "sourceFace": 33,
          "localNormalZ": [
            0.6599254349357679
          ]
        },
        {
          "sourceFace": 34,
          "localNormalZ": [
            0.9686901899835125
          ]
        },
        {
          "sourceFace": 43,
          "localNormalZ": [
            0.9662924582285055
          ]
        },
        {
          "sourceFace": 45,
          "localNormalZ": [
            0.9662924582285055
          ]
        }
      ],
      "nativeConstruction": "Individual native final-BodySolid face binders each intersected with local bounds and aggregated as a contact Compound; follows final body and roof recomputation"
    },
    "flat-sloper-2-left": {
      "limits": [
        -258,
        -148,
        -94,
        -39,
        135,
        215
      ],
      "localSelection": [
        {
          "sourceFace": 45,
          "localNormalZ": [
            0.9602568773769538
          ]
        },
        {
          "sourceFace": 46,
          "localNormalZ": [
            0.9766306091257744
          ]
        },
        {
          "sourceFace": 47,
          "localNormalZ": [
            0.9372255094406227
          ]
        }
      ],
      "nativeConstruction": "Individual native final-BodySolid face binders each intersected with local bounds and aggregated as a contact Compound; follows final body and roof recomputation"
    },
    "jug-1-left": {
      "limits": [
        -356,
        -258,
        -110,
        -0.001,
        137,
        210
      ],
      "localSelection": [
        {
          "sourceFace": 17,
          "localNormalZ": [
            0.9264603565086371
          ]
        },
        {
          "sourceFace": 18,
          "localNormalZ": [
            0.6348239943037084
          ]
        },
        {
          "sourceFace": 47,
          "localNormalZ": [
            0.8247967342427229
          ]
        },
        {
          "sourceFace": 48,
          "localNormalZ": [
            0.9410584309224217
          ]
        },
        {
          "sourceFace": 49,
          "localNormalZ": [
            0.8202850267110882
          ]
        }
      ],
      "nativeConstruction": "Individual native final-BodySolid face binders each intersected with local bounds and aggregated as a contact Compound; follows final body and roof recomputation"
    },
    "flat-sloper-2-right": {
      "limits": [
        148,
        258,
        -94,
        -39,
        135,
        215
      ],
      "localSelection": [
        {
          "sourceFace": 43,
          "localNormalZ": [
            0.9602568773769538
          ]
        },
        {
          "sourceFace": 59,
          "localNormalZ": [
            0.9372255094406227
          ]
        },
        {
          "sourceFace": 61,
          "localNormalZ": [
            0.9766306091257744
          ]
        }
      ],
      "nativeConstruction": "Individual native final-BodySolid face binders each intersected with local bounds and aggregated as a contact Compound; follows final body and roof recomputation"
    },
    "jug-1-right": {
      "limits": [
        258,
        356,
        -110,
        -0.001,
        137,
        210
      ],
      "localSelection": [
        {
          "sourceFace": 27,
          "localNormalZ": [
            0.6348239943037084
          ]
        },
        {
          "sourceFace": 28,
          "localNormalZ": [
            0.926460356508637
          ]
        },
        {
          "sourceFace": 58,
          "localNormalZ": [
            0.8202850267110883
          ]
        },
        {
          "sourceFace": 59,
          "localNormalZ": [
            0.8247967342427229
          ]
        },
        {
          "sourceFace": 60,
          "localNormalZ": [
            0.9410584309224216
          ]
        }
      ],
      "nativeConstruction": "Individual native final-BodySolid face binders each intersected with local bounds and aggregated as a contact Compound; follows final body and roof recomputation"
    }
  },
  "functionalProbe": {
    "sourceSHA256": "9c405f9266b454554a53ce97ceaa4a49825ce92e241857fc5fda0782c8bfd0a3",
    "nativeSolidCount": 1,
    "nativeFaceCount": 349,
    "profiles": [
      {
        "label": "Round",
        "x": 47,
        "topRearZ": 188,
        "floorZ": 145,
        "frontY": -94,
        "frontRollStartZ": 171,
        "nativeLowerJoinY": -75.85985185185184,
        "nativeLowerTangentDyDz": -0.13688888888888792,
        "outerCurveDegree": 3,
        "outerCurvePoles": 4
      },
      {
        "label": "Round",
        "x": 148,
        "topRearZ": 178,
        "floorZ": 145,
        "frontY": -94,
        "frontRollStartZ": 161,
        "nativeLowerJoinY": -75.85985185185184,
        "nativeLowerTangentDyDz": -0.13688888888888792,
        "outerCurveDegree": 3,
        "outerCurvePoles": 4
      },
      {
        "label": "Flat",
        "x": 148,
        "topRearZ": 178,
        "floorZ": 135,
        "frontY": -94,
        "frontRollStartZ": 158,
        "nativeLowerJoinY": -72.12800000000003,
        "nativeLowerTangentDyDz": -0.5279999999999995,
        "outerCurveDegree": 3,
        "outerCurvePoles": 6
      },
      {
        "label": "Flat",
        "x": 258,
        "topRearZ": 163,
        "floorZ": 135,
        "frontY": -94,
        "frontRollStartZ": 143,
        "nativeLowerJoinY": -72.12800000000003,
        "nativeLowerTangentDyDz": -0.5279999999999995,
        "outerCurveDegree": 3,
        "outerCurvePoles": 6
      }
    ],
    "centerNoseSections": [
      {
        "t": 0.0,
        "y": -80.0,
        "centerZ": 215.31710742976946,
        "sideZ": 188.00000000000003,
        "completeNativeCapBoundaryAtStart": true
      },
      {
        "t": 0.1,
        "y": -81.121,
        "centerZ": 213.7191393249384,
        "sideZ": 187.98130000000003,
        "completeNativeCapBoundaryAtStart": false
      },
      {
        "t": 0.25,
        "y": -83.453125,
        "centerZ": 209.48337693415004,
        "sideZ": 187.84843750000002,
        "completeNativeCapBoundaryAtStart": false
      },
      {
        "t": 0.4,
        "y": -86.224,
        "centerZ": 203.77688277573944,
        "sideZ": 187.5232,
        "completeNativeCapBoundaryAtStart": false
      },
      {
        "t": 0.55,
        "y": -89.04887500000001,
        "centerZ": 197.42747742641288,
        "sideZ": 186.9306625,
        "completeNativeCapBoundaryAtStart": false
      },
      {
        "t": 0.7,
        "y": -91.54299999999999,
        "centerZ": 191.26298146287655,
        "sideZ": 185.9959,
        "completeNativeCapBoundaryAtStart": false
      },
      {
        "t": 0.82,
        "y": -93.041608,
        "centerZ": 187.02081487736316,
        "sideZ": 184.9513384,
        "completeNativeCapBoundaryAtStart": false
      },
      {
        "t": 0.9,
        "y": -93.68900000000001,
        "centerZ": 184.7620913306116,
        "sideZ": 184.0877,
        "completeNativeCapBoundaryAtStart": false
      },
      {
        "t": 0.95,
        "y": -93.91987499999999,
        "centerZ": 183.64813283621282,
        "sideZ": 183.47396250000003,
        "completeNativeCapBoundaryAtStart": false
      },
      {
        "t": 0.98,
        "y": -93.98695199999999,
        "centerZ": 183.10539181413583,
        "sideZ": 183.07698960000002,
        "completeNativeCapBoundaryAtStart": false
      },
      {
        "t": 1.0,
        "y": -94.0,
        "centerZ": 182.8,
        "sideZ": 182.8,
        "completeNativeCapBoundaryAtStart": false
      }
    ],
    "rootNativeSegmentation": [
      {
        "x": 45.5,
        "method": "Separate native loft roof faces at Y=-80; exact source-surface isocurves at authored X stations, no plane-intersection approximation",
        "roofEdges": 2,
        "degrees": [
          3,
          3
        ],
        "poles": [
          8,
          11
        ],
        "junctionGapMm": 8.548340702161252e-09
      },
      {
        "x": 45.7,
        "method": "Separate native loft roof faces at Y=-80; exact source-surface isocurves at authored X stations, no plane-intersection approximation",
        "roofEdges": 2,
        "degrees": [
          3,
          3
        ],
        "poles": [
          8,
          11
        ],
        "junctionGapMm": 1.1348276984829568e-08
      },
      {
        "x": 59.5,
        "method": "Separate native loft roof faces at Y=-80; exact source-surface isocurves at authored X stations, no plane-intersection approximation",
        "roofEdges": 2,
        "degrees": [
          3,
          3
        ],
        "poles": [
          4,
          4
        ],
        "junctionGapMm": 0.0
      },
      {
        "x": 61.0,
        "method": "Separate native loft roof faces at Y=-80; exact source-surface isocurves at authored X stations, no plane-intersection approximation",
        "roofEdges": 2,
        "degrees": [
          3,
          3
        ],
        "poles": [
          4,
          4
        ],
        "junctionGapMm": 0.0
      }
    ],
    "centerStationsYHeightEstimatedMm": [
      [
        0,
        188.0
      ],
      [
        -6,
        188.2
      ],
      [
        -25,
        190.0
      ],
      [
        -45,
        207.0
      ],
      [
        -65,
        222.0
      ],
      [
        -70,
        221.8
      ],
      [
        -84,
        210.0
      ],
      [
        -94,
        190.0
      ]
    ],
    "centerHeightNormalizationFactor": 0.995687540750666,
    "initialCapMaxZ": 222.1513387377628,
    "centerCapMaxZ": 222.00000000067737,
    "transitionSections": [
      {
        "transition": "CenterShoulder",
        "x": 45.5,
        "floorZ": 145.0,
        "rearNativeEdgesMerged": 1,
        "rearRoofZ": 187.93378964134104,
        "nativeOuterCurveDegree": 3,
        "nativeOuterCurvePoles": 8
      },
      {
        "transition": "CenterShoulder",
        "x": 45.7,
        "floorZ": 145.0,
        "rearNativeEdgesMerged": 1,
        "rearRoofZ": 187.9402351368747,
        "nativeOuterCurveDegree": 3,
        "nativeOuterCurvePoles": 8
      },
      {
        "transition": "CenterShoulder",
        "x": 59.5,
        "floorZ": 145.0,
        "rearNativeEdgesMerged": 1,
        "rearRoofZ": 186.76237623762376,
        "nativeOuterCurveDegree": 3,
        "nativeOuterCurvePoles": 4
      },
      {
        "transition": "CenterShoulder",
        "x": 61.0,
        "floorZ": 145.0,
        "rearNativeEdgesMerged": 1,
        "rearRoofZ": 186.61386138613864,
        "nativeOuterCurveDegree": 3,
        "nativeOuterCurvePoles": 4
      },
      {
        "transition": "RoundFlat",
        "x": 110.0,
        "floorZ": 135.0,
        "rearNativeEdgesMerged": 2,
        "rearRoofZ": 181.76237623762376,
        "nativeOuterCurveDegree": 8,
        "nativeOuterCurvePoles": 72
      },
      {
        "transition": "RoundFlat",
        "x": 112.0,
        "floorZ": 135.0,
        "rearNativeEdgesMerged": 2,
        "rearRoofZ": 181.56435643564356,
        "nativeOuterCurveDegree": 8,
        "nativeOuterCurvePoles": 72
      },
      {
        "transition": "RoundFlat",
        "x": 183.0,
        "floorZ": 135.0,
        "rearNativeEdgesMerged": 1,
        "rearRoofZ": 173.22727272727275,
        "nativeOuterCurveDegree": 7,
        "nativeOuterCurvePoles": 50
      },
      {
        "transition": "RoundFlat",
        "x": 185.0,
        "floorZ": 135.0,
        "rearNativeEdgesMerged": 1,
        "rearRoofZ": 172.95454545454544,
        "nativeOuterCurveDegree": 7,
        "nativeOuterCurvePoles": 50
      },
      {
        "transition": "OuterShoulder",
        "x": 238.0,
        "floorZ": 135.0,
        "rearNativeEdgesMerged": 1,
        "rearRoofZ": 165.72727272727275,
        "nativeOuterCurveDegree": 7,
        "nativeOuterCurvePoles": 50
      },
      {
        "transition": "OuterShoulder",
        "x": 240.0,
        "floorZ": 135.0,
        "rearNativeEdgesMerged": 1,
        "rearRoofZ": 165.45454545454544,
        "nativeOuterCurveDegree": 7,
        "nativeOuterCurvePoles": 50
      },
      {
        "transition": "OuterShoulder",
        "x": 276.0,
        "floorZ": 135.0,
        "rearNativeEdgesMerged": 1,
        "rearRoofZ": 173.30677605116622,
        "nativeOuterCurveDegree": 6,
        "nativeOuterCurvePoles": 29
      },
      {
        "transition": "OuterShoulder",
        "x": 278.0,
        "floorZ": 135.0,
        "rearNativeEdgesMerged": 1,
        "rearRoofZ": 174.31851190809715,
        "nativeOuterCurveDegree": 6,
        "nativeOuterCurvePoles": 29
      }
    ],
    "envelopeXYZMm": [
      711.0000002,
      94.00075012973058,
      222.00000010067734
    ],
    "rawManifestExact": true,
    "triangleCount": 83246,
    "allNewGeometryValues": "Explicit operator-selected display adaptation for user grasp intent; not manufacturer incut measurements."
  }
}
								
								
								
								
								
								
								
