
								
								
								
								
								
								
								
								
								
								
								
								
								
								
								
								
								
								
								
								
								
								
								
								
								
								
								
								
								
								
								
								
								
								
								
		{
  "sourceSHA256": "31bec0595a7f05a3ea761dc1f7202547be47f90262062026cb16dd7d56d10030",
  "silhouetteBezierSpansRightXZ": [
    [
      [
        0.0,
        222.0
      ],
      [
        24.0,
        222.0
      ],
      [
        42.0,
        211.0
      ],
      [
        47.0,
        188.0
      ]
    ],
    [
      [
        47.0,
        188.0
      ],
      [
        83.0,
        185.0
      ],
      [
        222.0,
        162.0
      ],
      [
        245.0,
        162.0
      ]
    ],
    [
      [
        245.0,
        162.0
      ],
      [
        267.0,
        162.0
      ],
      [
        278.0,
        180.0
      ],
      [
        294.0,
        180.0
      ]
    ],
    [
      [
        294.0,
        180.0
      ],
      [
        322.0,
        180.0
      ],
      [
        355.5,
        156.0
      ],
      [
        355.5,
        134.0
      ]
    ],
    [
      [
        355.5,
        134.0
      ],
      [
        355.5,
        104.0
      ],
      [
        288.0,
        0.0
      ],
      [
        261.0,
        0.0
      ]
    ],
    [
      [
        261.0,
        0.0
      ],
      [
        244.0,
        0.0
      ],
      [
        219.0,
        7.650000000000001
      ],
      [
        190.0,
        12.000000000000004
      ]
    ],
    [
      [
        190.0,
        12.0
      ],
      [
        110.0,
        24.0
      ],
      [
        56.0,
        30.25
      ],
      [
        31.0,
        24.0
      ]
    ],
    [
      [
        31.0,
        24.0
      ],
      [
        15.0,
        20.0
      ],
      [
        18.0,
        18.0
      ],
      [
        0.0,
        18.0
      ]
    ]
  ],
  "transitionSections": [
    {
      "transition": "CenterShoulder",
      "x": 45.5,
      "floorZ": 145.0,
      "rearNativeEdgesMerged": 1,
      "rearRoofZ": 187.93378964134104,
      "nativeOuterCurveDegree": 8,
      "nativeOuterCurvePoles": 142
    },
    {
      "transition": "CenterShoulder",
      "x": 45.7,
      "floorZ": 145.0,
      "rearNativeEdgesMerged": 1,
      "rearRoofZ": 187.9402351368747,
      "nativeOuterCurveDegree": 8,
      "nativeOuterCurvePoles": 135
    },
    {
      "transition": "CenterShoulder",
      "x": 59.5,
      "floorZ": 145.0,
      "rearNativeEdgesMerged": 1,
      "rearRoofZ": 186.76237623762376,
      "nativeOuterCurveDegree": 8,
      "nativeOuterCurvePoles": 37
    },
    {
      "transition": "CenterShoulder",
      "x": 61.0,
      "floorZ": 145.0,
      "rearNativeEdgesMerged": 1,
      "rearRoofZ": 186.61386138613864,
      "nativeOuterCurveDegree": 8,
      "nativeOuterCurvePoles": 37
    },
    {
      "transition": "RoundFlat",
      "x": 110.0,
      "floorZ": 135.0,
      "rearNativeEdgesMerged": 2,
      "rearRoofZ": 181.76237623762376,
      "nativeOuterCurveDegree": 8,
      "nativeOuterCurvePoles": 72
    },
    {
      "transition": "RoundFlat",
      "x": 112.0,
      "floorZ": 135.0,
      "rearNativeEdgesMerged": 2,
      "rearRoofZ": 181.56435643564356,
      "nativeOuterCurveDegree": 8,
      "nativeOuterCurvePoles": 72
    },
    {
      "transition": "RoundFlat",
      "x": 183.0,
      "floorZ": 135.0,
      "rearNativeEdgesMerged": 1,
      "rearRoofZ": 173.22727272727275,
      "nativeOuterCurveDegree": 7,
      "nativeOuterCurvePoles": 50
    },
    {
      "transition": "RoundFlat",
      "x": 185.0,
      "floorZ": 135.0,
      "rearNativeEdgesMerged": 1,
      "rearRoofZ": 172.95454545454544,
      "nativeOuterCurveDegree": 7,
      "nativeOuterCurvePoles": 50
    },
    {
      "transition": "OuterShoulder",
      "x": 238.0,
      "floorZ": 135.0,
      "rearNativeEdgesMerged": 1,
      "rearRoofZ": 165.72727272727275,
      "nativeOuterCurveDegree": 7,
      "nativeOuterCurvePoles": 50
    },
    {
      "transition": "OuterShoulder",
      "x": 240.0,
      "floorZ": 135.0,
      "rearNativeEdgesMerged": 1,
      "rearRoofZ": 165.45454545454544,
      "nativeOuterCurveDegree": 7,
      "nativeOuterCurvePoles": 50
    },
    {
      "transition": "OuterShoulder",
      "x": 276.0,
      "floorZ": 135.0,
      "rearNativeEdgesMerged": 1,
      "rearRoofZ": 173.30677605116622,
      "nativeOuterCurveDegree": 6,
      "nativeOuterCurvePoles": 29
    },
    {
      "transition": "OuterShoulder",
      "x": 278.0,
      "floorZ": 135.0,
      "rearNativeEdgesMerged": 1,
      "rearRoofZ": 174.31851190809715,
      "nativeOuterCurveDegree": 6,
      "nativeOuterCurvePoles": 29
    }
  ],
  "depthFloorCorrections": [
    {
      "contactID": "pocket-4-left",
      "floorTranslationMm": 1.2283207301292407
    },
    {
      "contactID": "pocket-4-right",
      "floorTranslationMm": 1.2283207301291554
    }
  ],
  "allNewGeometryValues": "Operator-selected display estimates; exact native section loops use existing CAD only, no pixels or reference mesh",
  "finalBody": "BodySolid",
  "contactCount": 30,
  "fullyConstrainedSketchCount": 159,
  "rawManifestUnchanged": true,
  "gripSelections": {
    "jug-14-center": {
      "limits": [
        -47,
        47,
        -94,
        -0.001,
        182.8,
        222.01
      ],
      "localSelection": [
        {
          "sourceFace": 2,
          "localNormalZ": [
            0.7606231175805561
          ]
        },
        {
          "sourceFace": 3,
          "localNormalZ": [
            0.40176201378625753
          ]
        },
        {
          "sourceFace": 4,
          "localNormalZ": [
            0.7041446650370381
          ]
        },
        {
          "sourceFace": 8,
          "localNormalZ": [
            0.7606231175807044
          ]
        },
        {
          "sourceFace": 14,
          "localNormalZ": [
            0.6261366389290998
          ]
        },
        {
          "sourceFace": 16,
          "localNormalZ": [
            0.6261366389290998
          ]
        },
        {
          "sourceFace": 19,
          "localNormalZ": [
            0.7041446650370381
          ]
        }
      ],
      "nativeConstruction": "Individual native final-BodySolid face binders each intersected with local bounds and aggregated as a contact Compound; follows final body and roof recomputation"
    },
    "round-sloper-3-center": {
      "limits": [
        -148,
        148,
        -94,
        -29,
        145,
        215
      ],
      "localSelection": [
        {
          "sourceFace": 2,
          "localNormalZ": [
            0.7604826276721809
          ]
        },
        {
          "sourceFace": 3,
          "localNormalZ": [
            0.40176201378625753
          ]
        },
        {
          "sourceFace": 4,
          "localNormalZ": [
            0.9430202882473605
          ]
        },
        {
          "sourceFace": 8,
          "localNormalZ": [
            0.760482627672137
          ]
        },
        {
          "sourceFace": 14,
          "localNormalZ": [
            0.6801298914081674
          ]
        },
        {
          "sourceFace": 16,
          "localNormalZ": [
            0.6801298914081674
          ]
        },
        {
          "sourceFace": 17,
          "localNormalZ": [
            0.9686901899835125
          ]
        },
        {
          "sourceFace": 19,
          "localNormalZ": [
            0.9430202882473605
          ]
        },
        {
          "sourceFace": 42,
          "localNormalZ": [
            0.9686901899835125
          ]
        },
        {
          "sourceFace": 50,
          "localNormalZ": [
            0.9662924582285264
          ]
        },
        {
          "sourceFace": 68,
          "localNormalZ": [
            0.9662924582285264
          ]
        }
      ],
      "nativeConstruction": "Individual native final-BodySolid face binders each intersected with local bounds and aggregated as a contact Compound; follows final body and roof recomputation"
    },
    "flat-sloper-2-left": {
      "limits": [
        -258,
        -148,
        -94,
        -39,
        135,
        215
      ],
      "localSelection": [
        {
          "sourceFace": 50,
          "localNormalZ": [
            0.960256877376796
          ]
        },
        {
          "sourceFace": 52,
          "localNormalZ": [
            0.9766306091257744
          ]
        },
        {
          "sourceFace": 53,
          "localNormalZ": [
            0.9372254961203529
          ]
        }
      ],
      "nativeConstruction": "Individual native final-BodySolid face binders each intersected with local bounds and aggregated as a contact Compound; follows final body and roof recomputation"
    },
    "jug-1-left": {
      "limits": [
        -356,
        -258,
        -110,
        -0.001,
        137,
        210
      ],
      "localSelection": [
        {
          "sourceFace": 24,
          "localNormalZ": [
            0.926460356508637
          ]
        },
        {
          "sourceFace": 25,
          "localNormalZ": [
            0.6348239943037084
          ]
        },
        {
          "sourceFace": 53,
          "localNormalZ": [
            0.8247967342479234
          ]
        },
        {
          "sourceFace": 54,
          "localNormalZ": [
            0.9410584309224217
          ]
        },
        {
          "sourceFace": 55,
          "localNormalZ": [
            0.8202850267110882
          ]
        }
      ],
      "nativeConstruction": "Individual native final-BodySolid face binders each intersected with local bounds and aggregated as a contact Compound; follows final body and roof recomputation"
    },
    "flat-sloper-2-right": {
      "limits": [
        148,
        258,
        -94,
        -39,
        135,
        215
      ],
      "localSelection": [
        {
          "sourceFace": 65,
          "localNormalZ": [
            0.9372254961203529
          ]
        },
        {
          "sourceFace": 67,
          "localNormalZ": [
            0.9766306091257744
          ]
        },
        {
          "sourceFace": 68,
          "localNormalZ": [
            0.960256877376796
          ]
        }
      ],
      "nativeConstruction": "Individual native final-BodySolid face binders each intersected with local bounds and aggregated as a contact Compound; follows final body and roof recomputation"
    },
    "jug-1-right": {
      "limits": [
        258,
        356,
        -110,
        -0.001,
        137,
        210
      ],
      "localSelection": [
        {
          "sourceFace": 34,
          "localNormalZ": [
            0.6348239943037084
          ]
        },
        {
          "sourceFace": 35,
          "localNormalZ": [
            0.926460356508637
          ]
        },
        {
          "sourceFace": 64,
          "localNormalZ": [
            0.8202850267110883
          ]
        },
        {
          "sourceFace": 65,
          "localNormalZ": [
            0.8247967342479234
          ]
        },
        {
          "sourceFace": 66,
          "localNormalZ": [
            0.9410584309224216
          ]
        }
      ],
      "nativeConstruction": "Individual native final-BodySolid face binders each intersected with local bounds and aggregated as a contact Compound; follows final body and roof recomputation"
    }
  },
  "functionalProbe": {
    "sourceSHA256": "ba5cb01e59edde6ae7881ce4fd238c51b26e472855c455d10480b87760deea87",
    "nativeSolidCount": 1,
    "nativeFaceCount": 356,
    "profiles": [
      {
        "label": "Round",
        "x": 47,
        "topRearZ": 188,
        "floorZ": 145,
        "frontY": -94,
        "frontRollStartZ": 171,
        "nativeLowerJoinY": -75.85985185185184,
        "nativeLowerTangentDyDz": -0.13688888888888792,
        "outerCurveDegree": 3,
        "outerCurvePoles": 4
      },
      {
        "label": "Round",
        "x": 148,
        "topRearZ": 178,
        "floorZ": 145,
        "frontY": -94,
        "frontRollStartZ": 161,
        "nativeLowerJoinY": -75.85985185185184,
        "nativeLowerTangentDyDz": -0.13688888888888792,
        "outerCurveDegree": 3,
        "outerCurvePoles": 4
      },
      {
        "label": "Flat",
        "x": 148,
        "topRearZ": 178,
        "floorZ": 135,
        "frontY": -94,
        "frontRollStartZ": 158,
        "nativeLowerJoinY": -72.12800000000003,
        "nativeLowerTangentDyDz": -0.5279999999999995,
        "outerCurveDegree": 3,
        "outerCurvePoles": 6
      },
      {
        "label": "Flat",
        "x": 258,
        "topRearZ": 163,
        "floorZ": 135,
        "frontY": -94,
        "frontRollStartZ": 143,
        "nativeLowerJoinY": -72.12800000000003,
        "nativeLowerTangentDyDz": -0.5279999999999995,
        "outerCurveDegree": 3,
        "outerCurvePoles": 6
      }
    ],
    "centerNoseSections": [
      {
        "x": -47.0,
        "anchorY": -80,
        "anchorZ": 188.00000000000003,
        "anchorDzDy": 3.673728916262186e-15,
        "frontY": -94,
        "frontRollZ": 182.8,
        "lowerJoinY": -94.0,
        "lowerJoinZ": 170
      },
      {
        "x": -45.7,
        "anchorY": -80,
        "anchorZ": 191.88123233264793,
        "anchorDzDy": 0.16113300594558022,
        "frontY": -94,
        "frontRollZ": 182.8,
        "lowerJoinY": -94.0,
        "lowerJoinZ": 170
      },
      {
        "x": -45.5,
        "anchorY": -80,
        "anchorZ": 192.3666663628009,
        "anchorDzDy": 0.1812441662940265,
        "frontY": -94,
        "frontRollZ": 182.8,
        "lowerJoinY": -94.0,
        "lowerJoinZ": 170
      },
      {
        "x": -42.0,
        "anchorY": -80,
        "anchorZ": 198.62380769337912,
        "anchorDzDy": 0.43956002725288207,
        "frontY": -94,
        "frontRollZ": 182.8,
        "lowerJoinY": -94.0,
        "lowerJoinZ": 170
      },
      {
        "x": -30.0,
        "anchorY": -80,
        "anchorZ": 208.90629715166173,
        "anchorDzDy": 0.8596110045114667,
        "frontY": -94,
        "frontRollZ": 182.8,
        "lowerJoinY": -94.0,
        "lowerJoinZ": 170
      },
      {
        "x": 0.0,
        "anchorY": -80,
        "anchorZ": 215.31710742976352,
        "anchorDzDy": 1.1170732418033138,
        "frontY": -94,
        "frontRollZ": 182.8,
        "lowerJoinY": -94.0,
        "lowerJoinZ": 170
      },
      {
        "x": 30.0,
        "anchorY": -80,
        "anchorZ": 208.90629715166176,
        "anchorDzDy": 0.8596110045114684,
        "frontY": -94,
        "frontRollZ": 182.8,
        "lowerJoinY": -94.0,
        "lowerJoinZ": 170
      },
      {
        "x": 42.0,
        "anchorY": -80,
        "anchorZ": 198.62380769337915,
        "anchorDzDy": 0.4395600272528859,
        "frontY": -94,
        "frontRollZ": 182.8,
        "lowerJoinY": -94.0,
        "lowerJoinZ": 170
      },
      {
        "x": 45.5,
        "anchorY": -80,
        "anchorZ": 192.366666362801,
        "anchorDzDy": 0.181244166294031,
        "frontY": -94,
        "frontRollZ": 182.8,
        "lowerJoinY": -94.0,
        "lowerJoinZ": 170
      },
      {
        "x": 45.7,
        "anchorY": -80,
        "anchorZ": 191.88123233264798,
        "anchorDzDy": 0.16113300594558408,
        "frontY": -94,
        "frontRollZ": 182.8,
        "lowerJoinY": -94.0,
        "lowerJoinZ": 170
      },
      {
        "x": 47.0,
        "anchorY": -80,
        "anchorZ": 188.00000000000003,
        "anchorDzDy": 3.2566271404317396e-15,
        "frontY": -94,
        "frontRollZ": 182.8,
        "lowerJoinY": -94.0,
        "lowerJoinZ": 170
      }
    ],
    "rootNativeSegmentation": [
      {
        "x": 45.5,
        "method": "Separate native loft roof faces at Y=-80; exact connected pre-Boolean cap/nose curves, no approximation",
        "roofEdges": 2,
        "degrees": [
          8,
          3
        ],
        "poles": [
          142,
          4
        ],
        "junctionGapMm": 0.0
      },
      {
        "x": 45.7,
        "method": "Separate native loft roof faces at Y=-80; exact connected pre-Boolean cap/nose curves, no approximation",
        "roofEdges": 2,
        "degrees": [
          8,
          3
        ],
        "poles": [
          135,
          4
        ],
        "junctionGapMm": 0.0
      },
      {
        "x": 59.5,
        "method": "Separate native loft roof faces at Y=-80; exact connected pre-Boolean cap/nose curves, no approximation",
        "roofEdges": 2,
        "degrees": [
          8,
          8
        ],
        "poles": [
          37,
          44
        ],
        "junctionGapMm": 0.0
      },
      {
        "x": 61.0,
        "method": "Separate native loft roof faces at Y=-80; exact connected pre-Boolean cap/nose curves, no approximation",
        "roofEdges": 2,
        "degrees": [
          8,
          8
        ],
        "poles": [
          37,
          44
        ],
        "junctionGapMm": 0.0
      }
    ],
    "centerStationsYHeightEstimatedMm": [
      [
        0,
        188.0
      ],
      [
        -6,
        188.2
      ],
      [
        -25,
        190.0
      ],
      [
        -45,
        207.0
      ],
      [
        -65,
        222.0
      ],
      [
        -70,
        221.8
      ],
      [
        -84,
        210.0
      ],
      [
        -94,
        190.0
      ]
    ],
    "centerHeightNormalizationFactor": 0.995687540750666,
    "initialCapMaxZ": 222.1513387377628,
    "centerCapMaxZ": 222.00000000067737,
    "transitionSections": [
      {
        "transition": "CenterShoulder",
        "x": 45.5,
        "floorZ": 145.0,
        "rearNativeEdgesMerged": 1,
        "rearRoofZ": 187.93378964134104,
        "nativeOuterCurveDegree": 8,
        "nativeOuterCurvePoles": 142
      },
      {
        "transition": "CenterShoulder",
        "x": 45.7,
        "floorZ": 145.0,
        "rearNativeEdgesMerged": 1,
        "rearRoofZ": 187.9402351368747,
        "nativeOuterCurveDegree": 8,
        "nativeOuterCurvePoles": 135
      },
      {
        "transition": "CenterShoulder",
        "x": 59.5,
        "floorZ": 145.0,
        "rearNativeEdgesMerged": 1,
        "rearRoofZ": 186.76237623762376,
        "nativeOuterCurveDegree": 8,
        "nativeOuterCurvePoles": 37
      },
      {
        "transition": "CenterShoulder",
        "x": 61.0,
        "floorZ": 145.0,
        "rearNativeEdgesMerged": 1,
        "rearRoofZ": 186.61386138613864,
        "nativeOuterCurveDegree": 8,
        "nativeOuterCurvePoles": 37
      },
      {
        "transition": "RoundFlat",
        "x": 110.0,
        "floorZ": 135.0,
        "rearNativeEdgesMerged": 2,
        "rearRoofZ": 181.76237623762376,
        "nativeOuterCurveDegree": 8,
        "nativeOuterCurvePoles": 72
      },
      {
        "transition": "RoundFlat",
        "x": 112.0,
        "floorZ": 135.0,
        "rearNativeEdgesMerged": 2,
        "rearRoofZ": 181.56435643564356,
        "nativeOuterCurveDegree": 8,
        "nativeOuterCurvePoles": 72
      },
      {
        "transition": "RoundFlat",
        "x": 183.0,
        "floorZ": 135.0,
        "rearNativeEdgesMerged": 1,
        "rearRoofZ": 173.22727272727275,
        "nativeOuterCurveDegree": 7,
        "nativeOuterCurvePoles": 50
      },
      {
        "transition": "RoundFlat",
        "x": 185.0,
        "floorZ": 135.0,
        "rearNativeEdgesMerged": 1,
        "rearRoofZ": 172.95454545454544,
        "nativeOuterCurveDegree": 7,
        "nativeOuterCurvePoles": 50
      },
      {
        "transition": "OuterShoulder",
        "x": 238.0,
        "floorZ": 135.0,
        "rearNativeEdgesMerged": 1,
        "rearRoofZ": 165.72727272727275,
        "nativeOuterCurveDegree": 7,
        "nativeOuterCurvePoles": 50
      },
      {
        "transition": "OuterShoulder",
        "x": 240.0,
        "floorZ": 135.0,
        "rearNativeEdgesMerged": 1,
        "rearRoofZ": 165.45454545454544,
        "nativeOuterCurveDegree": 7,
        "nativeOuterCurvePoles": 50
      },
      {
        "transition": "OuterShoulder",
        "x": 276.0,
        "floorZ": 135.0,
        "rearNativeEdgesMerged": 1,
        "rearRoofZ": 173.30677605116622,
        "nativeOuterCurveDegree": 6,
        "nativeOuterCurvePoles": 29
      },
      {
        "transition": "OuterShoulder",
        "x": 278.0,
        "floorZ": 135.0,
        "rearNativeEdgesMerged": 1,
        "rearRoofZ": 174.31851190809715,
        "nativeOuterCurveDegree": 6,
        "nativeOuterCurvePoles": 29
      }
    ],
    "envelopeXYZMm": [
      711.0000002,
      94.00130745451439,
      222.00000010067734
    ],
    "rawManifestExact": true,
    "triangleCount": 83378,
    "allNewGeometryValues": "Explicit operator-selected display adaptation for user grasp intent; not manufacturer incut measurements."
  }
}
								
								
								
								
								
								
								
