Monitoring boot status for Hang Ten Paseo placid-badger-cad-second-half Review Pro MigrationDiagnosis20261002 96137 (BDCA0D77-94C2-4A97-900B-443F75C64691).
[2026-10-02 18:38:37 +0000] Status=2, isTerminal=NO, Elapsed=00:35.
	Waiting on Data Migration
		Reason:Running plugin com.apple.locationd.migrator (CoreLocationMigrator.migrator)
		Migration Elapsed:00:33 seconds

[2026-10-02 18:38:38 +0000] Status=2, isTerminal=NO, Elapsed=00:36.
	Waiting on Data Migration
		Reason:Running plugin com.apple.locationd.migrator (CoreLocationMigrator.migrator)
		Migration Elapsed:00:34 seconds

[2026-10-02 18:38:39 +0000] Status=2, isTerminal=NO, Elapsed=00:37.
	Waiting on Data Migration
		Reason:Running plugin com.apple.locationd.migrator (CoreLocationMigrator.migrator)
		Migration Elapsed:00:35 seconds

[2026-10-02 18:38:40 +0000] Status=2, isTerminal=NO, Elapsed=00:38.
	Waiting on Data Migration
		Reason:Running plugin com.apple.locationd.migrator (CoreLocationMigrator.migrator)
		Migration Elapsed:00:36 seconds

[2026-10-02 18:38:41 +0000] Status=2, isTerminal=NO, Elapsed=00:39.
	Waiting on Data Migration
		Reason:Running plugin com.apple.locationd.migrator (CoreLocationMigrator.migrator)
		Migration Elapsed:00:37 seconds

[2026-10-02 18:38:42 +0000] Status=2, isTerminal=NO, Elapsed=00:40.
	Waiting on Data Migration
		Reason:Running plugin com.apple.locationd.migrator (CoreLocationMigrator.migrator)
		Migration Elapsed:00:38 seconds

[2026-10-02 18:38:43 +0000] Status=2, isTerminal=NO, Elapsed=00:41.
	Waiting on Data Migration
		Reason:Running plugin com.apple.locationd.migrator (CoreLocationMigrator.migrator)
		Migration Elapsed:00:39 seconds

[2026-10-02 18:38:44 +0000] Status=2, isTerminal=NO, Elapsed=00:42.
	Waiting on Data Migration
		Reason:Running plugin com.apple.locationd.migrator (CoreLocationMigrator.migrator)
		Migration Elapsed:00:40 seconds

[2026-10-02 18:38:45 +0000] Status=2, isTerminal=NO, Elapsed=00:43.
	Waiting on Data Migration
		Reason:Running plugin com.apple.locationd.migrator (CoreLocationMigrator.migrator)
		Migration Elapsed:00:41 seconds

[2026-10-02 18:38:46 +0000] Status=2, isTerminal=NO, Elapsed=00:44.
	Waiting on Data Migration
		Reason:Running plugin com.apple.locationd.migrator (CoreLocationMigrator.migrator)
		Migration Elapsed:00:42 seconds

[2026-10-02 18:38:47 +0000] Status=2, isTerminal=NO, Elapsed=00:45.
	Waiting on Data Migration
		Reason:Running plugin com.apple.locationd.migrator (CoreLocationMigrator.migrator)
		Migration Elapsed:00:43 seconds

[2026-10-02 18:38:48 +0000] Status=2, isTerminal=NO, Elapsed=00:46.
	Waiting on Data Migration
		Reason:Running plugin com.apple.locationd.migrator (CoreLocationMigrator.migrator)
		Migration Elapsed:00:44 seconds

[2026-10-02 18:38:49 +0000] Status=2, isTerminal=NO, Elapsed=00:47.
	Waiting on Data Migration
		Reason:Running plugin com.apple.locationd.migrator (CoreLocationMigrator.migrator)
		Migration Elapsed:00:45 seconds

[2026-10-02 18:38:50 +0000] Status=2, isTerminal=NO, Elapsed=00:48.
	Waiting on Data Migration
		Reason:Running plugin com.apple.locationd.migrator (CoreLocationMigrator.migrator)
		Migration Elapsed:00:46 seconds

[2026-10-02 18:38:51 +0000] Status=2, isTerminal=NO, Elapsed=00:49.
	Waiting on Data Migration
		Reason:Running plugin com.apple.managedconfiguration.mdm.migrator (MCMDM.migrator)
		Migration Elapsed:00:47 seconds

[2026-10-02 18:38:52 +0000] Status=2, isTerminal=NO, Elapsed=00:50.
	Waiting on Data Migration
		Reason:Running plugin com.apple.StocksMigrator (StocksMigrator.migrator)
		Migration Elapsed:00:48 seconds

[2026-10-02 18:38:53 +0000] Status=4, isTerminal=NO, Elapsed=00:51.
	Waiting on System App

[2026-10-02 18:38:54 +0000] Status=4, isTerminal=NO, Elapsed=00:52.
	Waiting on System App

[2026-10-02 18:38:55 +0000] Status=4, isTerminal=NO, Elapsed=00:54.
	Waiting on System App

[2026-10-02 18:38:56 +0000] Status=4294967295, isTerminal=YES, Elapsed=00:54.
	Finished

