PID	Status	Label
-	0	com.apple.progressd
-	0	com.apple.CoreAuthentication.daemon
-	0	com.apple.cloudphotod
96349	0	com.apple.homed
96404	0	com.apple.modelcatalogd
96402	0	com.apple.dataaccess.dataaccessd
-	0	com.apple.DragUI.druid
-	0	com.apple.bird
96414	0	com.apple.fitnesscoachingd
-	0	com.apple.knowledgeconstructiond
96203	0	com.apple.biomed
96319	0	com.apple.nsurlsessiond
-	0	com.apple.devicecheckd
-	0	com.apple.UIKit.KeyboardManagement
96658	0	com.apple.activityawardsd
96408	0	com.apple.ind
96400	0	com.apple.iconservices.iconservicesagent
96418	0	com.apple.diagnosticextensionsd
96401	0	com.apple.intelligenceplatformd
96424	0	com.apple.SafariBookmarksSyncAgent
96206	0	com.apple.syslogd
96353	0	com.apple.localizationswitcherd
96188	0	com.apple.SpringBoard
-	0	com.apple.commandandcontrol
-	0	com.apple.certui.relay
-	0	com.apple.NeighborhoodActivityConduitService
-	0	com.apple.appleaccounttransparencyd
96212	0	com.apple.ManagedSettingsAgent
96338	0	com.apple.datamigrator
96324	0	com.apple.securityd
-	0	com.apple.cfnetwork.cfnetworkagent
-	78	com.apple.tipsd
-	0	com.apple.MapKit.SnapshotService
-	0	com.apple.aps.tcpdump.pdp_ip0
96187	0	com.apple.UserEventAgent-System
-	0	com.apple.stickersd
-	0	com.apple.coresymbolicationd
-	0	com.apple.GeoServices.MapsOfflineServices
-	0	com.apple.TrustedPeersHelper
96696	0	com.apple.itunesstored
-	0	com.apple.assistant_service
-	0	com.apple.PrintKit.PrinterTool
-	0	com.apple.MediaRemoteUI
-	0	com.apple.AppDistributionLaunchAngel
-	0	com.apple.managedconfiguration.passcodenagd
-	0	com.apple.icloudsubscriptionoptimizerd
-	0	com.apple.facetimemessagestored
96193	0	com.apple.peopled
96665	0	com.apple.fontservicesd
96552	0	com.apple.PosterBoard
96194	0	com.apple.replicatord
-	0	com.apple.mediaanalysisd.service
96196	0	com.apple.mediaremoted
96198	0	com.apple.accessibility.axassetsd
-	0	com.apple.systemactions
-	0	com.apple.quicklook.ThumbnailsAgent
-	0	com.apple.asktod
-	0	com.apple.instruments.deviceservice
-	0	com.apple.tonelibraryd
96200	0	com.apple.ids_simd
-	0	com.apple.activitysharingd
-	0	com.apple.assistivetouchd
-	0	com.apple.webprivacyd
-	0	com.apple.ctcategories.service
-	0	com.apple.coredevice.dtconfigurationd
-	0	com.apple.ctkd
-	0	com.apple.exchangesyncd
-	0	com.apple.Maps.geocorrectiond
96208	0	com.apple.wcd
-	0	com.apple.voicebankingd
-	0	com.apple.gamesaved
96429	0	com.apple.countryd
-	0	com.apple.Safari.passwordbreachd
-	0	com.apple.Safari.SafeBrowsing.Service
-	0	com.apple.maps.destinationd
96659	0	com.apple.ScreenTimeAgent
96337	0	com.apple.cloudd
-	0	com.apple.carkitd
-	0	com.apple.cmfsyncagent
-	0	com.apple.coredevice.dthidd
96417	0	com.apple.ap.adprivacyd
96795	0	com.apple.ap.promotedcontentd
96315	0	com.apple.aslmanager
-	0	com.apple.intelligencetasksd
-	0	com.apple.contacts.postersyncd
96335	0	com.apple.nanoregistryd
-	0	com.apple.amsondevicestoraged
-	0	com.apple.coredevice.dticond
96192	0	com.apple.runningboardd
-	0	com.apple.tzlinkd
-	0	com.apple.synapse.contentlinkingd
-	0	com.apple.idcredd
-	0	com.apple.mediastream.mstreamd
-	0	com.apple.InputUI
-	0	com.apple.MusicKit.UI
-	0	com.apple.safetycheckd
-	0	com.apple.healthrecordsd
96199	0	com.apple.healthd
96327	0	com.apple.triald
-	0	com.apple.mobilegestalt.xpc
96201	0	com.apple.tccd
-	0	com.apple.nexusd
96357	0	com.apple.StatusKitAgent
-	0	com.apple.activityprogress.activityprogressui
-	0	com.apple.storekitd
-	0	com.apple.uikit.eyedropperd
-	0	com.apple.merchantd
-	0	com.apple.webkit.adattributiond
-	0	com.apple.devicemanagementclient.mdmd
96548	0	com.apple.textunderstandingd
96336	0	com.apple.liveactivitiesd
96422	0	com.apple.akd
96636	0	com.apple.mobile.installd
-	0	com.apple.jetpackassetd
-	0	com.apple.homeeventsd
96809	0	com.apple.xpc.launchd.oneshot.0x10000000.launchctl
96547	0	com.apple.assetsd
-	0	com.apple.AXMediaUtilitiesService
-	0	com.apple.healtheventsd
96207	0	com.apple.appprotectiond
-	0	com.apple.searchtoold
-	0	com.apple.callintelligenced
-	0	com.apple.splashboard
-	0	com.apple.UIKit.SecureControlService
-	0	com.apple.managedassetsd
96209	0	com.apple.askpermissiond
96210	0	com.apple.backboardd
-	0	com.apple.CameraOverlayAngel
96325	0	com.apple.lsd
-	0	com.apple.announced
-	0	com.apple.webinspectord
-	0	com.apple.ProximityReaderSceneUI
96421	0	com.apple.avatarsd
-	0	com.apple.devicesharingd
96412	0	com.apple.siri.context.service
-	0	com.apple.mediaartworkd
96362	0	com.apple.pluginkit.pkd
-	0	com.apple.coredatad
96219	0	com.apple.CoreSimulator.bridge
-	0	com.apple.logind
96221	0	com.apple.remindd
96385	0	com.apple.findmy.findmylocated
96524	0	com.apple.searchd
96635	0	com.apple.nanoregistrylaunchd
-	0	com.apple.webkit.webpushd
96413	0	com.apple.weatherd
96430	0	com.apple.tvremoted
-	0	com.apple.voiced
-	0	com.apple.GSSCred
-	0	com.apple.accounts.dom
-	0	com.apple.mdt
96598	0	com.apple.modelmanagerd
-	0	com.apple.coredevice.dtappserviced
96399	0	com.apple.appleaccountd
96202	0	com.apple.parsecd
-	0	com.apple.mlruntimed
-	0	com.apple.TextInput.kbd
-	0	com.apple.sensorkitd
96641	0	com.apple.dmd
96638	0	com.apple.parsec-fbf
-	0	com.apple.security.swcagent
-	0	com.apple.healthcontentd
96416	0	com.apple.followupd
-	0	com.apple.PointerUI.pointeruid
96580	0	com.apple.coredevice.dtuhidd
96205	0	com.apple.identityservicesd
96348	0	com.apple.telephonyutilities.callservicesd
96637	0	com.apple.MobileInstallationHelperService
96351	0	com.apple.generativeexperiencesd
-	0	com.apple.ScreenTimeSettingsAgent
-	0	com.apple.DesktopServicesHelper
-	0	com.apple.SecureBackupDaemon
-	0	com.apple.intelligenceflowd
96667	0	com.apple.businessservicesd
-	0	com.apple.and
-	0	com.apple.siri.acousticsignature
96355	0	com.apple.WebBookmarks.webbookmarksd
96213	0	com.apple.locationd
-	0	com.apple.feedbackd
96585	0	com.apple.coredevice.dtpasteboardd
96332	0	com.apple.containermanagerd
-	0	com.apple.rtcreportingd
-	0	com.apple.avconferenced
96214	0	com.apple.nanoprefsyncd.2
-	0	com.apple.imdpersistence.IMDPersistenceAgent
-	0	com.apple.MobileAsset.ManifestStorageService
-	0	com.apple.audio.systemsoundserver-simd
-	0	com.apple.devicemanagementclient.mdmuserd
-	0	com.apple.fitcore.session
-	0	com.apple.finhealthd
-	0	com.apple.browserkitd
-	0	com.apple.reversetemplated
96223	0	com.apple.rapportd
-	0	com.apple.accessibility.axremoted
-	0	com.apple.ABDatabaseDoctor
-	0	com.apple.mlhostd
96410	0	com.apple.assetsubscriptiond
96195	0	com.apple.accountsd
96359	0	com.apple.cdpd
96197	0	com.apple.routined
-	0	com.apple.managedappdistributiond
96341	0	com.apple.siriactionsd
-	0	com.apple.FileCoordination
-	0	com.apple.healthappd
-	0	com.apple.remoteappintentsd
96330	0	com.apple.pasteboard.pasted
-	0	com.apple.storagedatad
96660	0	com.apple.AssetCacheLocatorService
-	0	com.apple.videosubscriptionsd
-	0	com.apple.speechmodeltrainingd
-	0	com.apple.familynotification
-	0	com.apple.protectedcloudstorage.protectedcloudkeysyncing
-	0	com.apple.FileProvider
-	0	com.apple.imcore.imtransferagent
96204	0	com.apple.mobiletimerd
-	0	com.apple.ckdiscretionaryd
96427	0	com.apple.featureaccessd
-	0	com.apple.fullkeyboardaccess
-	0	com.apple.AppSSODaemon
-	0	com.apple.EscrowSecurityAlert
-	0	com.apple.nanobackupd
-	0	com.apple.VoiceOverTouch
-	0	com.apple.spotlightknowledged
-	0	com.apple.securityuploadd
-	0	com.apple.midiserver.sim
-	0	com.apple.devicemanagementclient.teslad
-	0	com.apple.companiond
96403	0	com.apple.siriknowledged
-	0	com.apple.PassbookUISceneService
96211	0	com.apple.sharingd
96361	0	com.apple.trustd
96356	0	com.apple.familycircled
-	0	com.apple.dt.ViewHierarchyAgent
-	0	com.apple.RemoteManagementAgent
-	0	com.apple.cloudsettingssyncagent
96415	0	com.apple.assistant_cdmd
-	0	com.apple.ShortcutsUI
-	0	com.apple.photoanalysisd
-	0	com.apple.logd_reporter
-	0	com.apple.imautomatichistorydeletionagent
96217	0	com.apple.distnoted.xpc.daemon
96550	0	com.apple.suggestd
96220	0	com.apple.navd
96352	0	com.apple.purplebuddy.budd
96222	0	com.apple.revisiond
-	0	com.apple.networkendpointpickerui
-	0	com.apple.appleidsetupd
96224	0	com.apple.amsaccountsd
-	0	com.apple.Maps.mapssyncd
96317	0	com.apple.cfprefsd.xpc.daemon
-	0	com.apple.applicensedeliveryd
-	0	com.apple.gputoolsserviced
96334	0	com.apple.usernotificationsd
-	0	com.apple.FamilyControlsAgent
-	0	com.apple.relatived
96191	0	com.apple.assistantd
96409	0	com.apple.siriinferenced
-	0	com.apple.coredevice.dtlocationd
-	0	com.apple.corespotlightservice
96420	0	com.apple.financed
-	0	com.apple.mediaanalysisd
-	0	com.apple.assessmentagent
-	0	com.apple.CarPlayApp
-	0	com.apple.dt.automationmode-writer
-	0	com.apple.testmanagerd
-	0	com.apple.dt.AutomationModeUI
-	0	com.apple.keychainsharingmessagingd
-	0	com.apple.CallKit.CallDirectory
96425	0	com.apple.biomesyncd
-	0	com.apple.iokitsimd
-	0	com.apple.BundleComplicationMigrationService
96419	0	com.apple.UsageTrackingAgent
96426	0	com.apple.email.maild
96227	0	com.apple.coredevice.dtdeviceinfod
-	0	com.apple.remotemanagementd
96331	0	com.apple.donotdisturbd
-	0	com.apple.livetranscriptionui
-	0	com.apple.Maps.mapspushd
-	0	com.apple.coreidvd
96648	0	com.apple.gamed
96433	0	com.apple.medialibraryd
-	0	com.apple.intelligencecontextd
-	0	com.apple.devicemanagementclient.managedappsd
-	0	com.apple.usbsmartcardreaderd
-	0	com.apple.gamecontroller.ConfigService
96347	0	com.apple.AccessibilityUIServer
-	0	com.apple.communicationtrustd
96652	0	com.apple.icloudmailagent
-	0	com.apple.sharing.airdropui
-	0	com.apple.toolkitd
96218	0	com.apple.passd
-	0	com.apple.sosd
-	0	com.apple.accessibility.axAuditDaemon.deviceservice
96642	0	com.apple.migrationpluginwrapper
-	0	com.apple.LocalAuthenticationUIService
96639	0	com.apple.nanotimekitcompaniond
96643	0	com.apple.sociallayerd
96640	0	com.apple.deviceaccessd
96225	0	com.apple.configd_sim
-	0	com.apple.printbandservice
-	0	com.apple.accessibility.mediaaccessibilityd
96343	0	com.apple.syncdefaultsd
96340	0	com.apple.chronod
-	0	com.apple.accessibility.heard
96405	0	com.apple.corespeechd
-	0	com.apple.geoanalyticsd
96360	0	com.apple.itunescloudd
-	0	com.apple.scrod
-	0	com.apple.UIKit.OverlayUI
96428	0	com.apple.fitcore
-	0	com.apple.AuthenticationServicesCore.AuthenticationServicesAgent
-	0	com.apple.bookdatastored
-	0	com.apple.sharinguiservice
-	0	com.apple.appstorecomponentsd
96345	0	com.apple.mobileassetd
-	0	com.apple.datamigratorhelper
-	0	com.apple.privacyaccountingd
96411	0	com.apple.amsengagementd
-	0	com.apple.proactiveeventtrackerd
96406	0	com.apple.linkd
96662	0	com.apple.managedconfiguration.profiled
-	0	com.apple.musicd
-	0	com.apple.ClockAngel
-	0	com.apple.idsfoundation.IDSRemoteURLConnectionAgent
-	0	com.apple.textcomposerd
-	0	com.apple.safarifetcherd
-	0	com.apple.recentsd
96645	0	com.apple.spotlightknowledged.updater
96407	0	com.apple.sirittsd
96697	0	com.apple.installcoordinationd
-	0	com.apple.AccessorySetupUI
96322	0	com.apple.eligibilityd
-	0	com.apple.photos.ImageConversionService
-	0	com.apple.Safari.History
-	0	com.apple.translationd
96734	0	com.apple.calaccessd
96644	0	com.apple.appstored
-	0	com.apple.DataDetectorsSourceAccess
-	0	com.apple.newsd
96318	0	com.apple.apsd
96354	0	com.apple.contactsd
-	0	com.apple.fitnessintelligenced
96537	0	com.apple.swcd
96329	0	com.apple.GameController.gamecontrollerd
-	0	com.apple.backgroundassets.user
-	0	com.apple.dt.previewsd
-	0	com.apple.shazamd
-	0	com.apple.CoreRoutine.helperservice
-	0	com.apple.assetsd.nebulad
-	0	com.apple.naturallanguaged
96215	0	com.apple.dasd
96216	0	com.apple.sleepd
96350	0	com.apple.ClipServices.clipserviced
96358	0	com.apple.systemstatusd
-	0	com.apple.handwritingd
96342	0	com.apple.geod
-	0	com.apple.ids.IDSCredentialsAgent
-	0	com.apple.StoreKitUISceneService
-	0	com.apple.photos.VideoConversionService
-	0	com.apple.mobile.MCInstall
-	0	com.apple.aps.tcpdump.en0
-	0	com.apple.photosface
-	0	com.apple.BarcodeSupport.BarcodeNotificationService
