{
  "inputSourceSHA256": "8376c4a3ab15979ceb39c513f7533b5891240321a74dd4fd2894e8057059d75a",
  "outputSourceSHA256": "b4e7c1969f406e97bb819e3d0d148552dd3c4e4323f143ef7971777dd2253455",
  "outputSource": ".context/placid-badger/forge-review15/native-author/stable-bindings/candidate-package/trango-rock-prodigy-forge.FCStd",
  "nativeChanges": [
    "OuterWingRecessSection",
    "OuterWingRecessTool",
    "RightBlankWithOuterRecess",
    "RightBlankWithCrimper.Shapes and native face support rebinding",
    "UpperContactReference and native roof/IMR seam construction independent of edited pocket/recess topology"
  ],
  "sourceEvidence": [
    "sources/product-03.png",
    "sources/product-04.png",
    "sources/hold-chart-page-1.png"
  ],
  "displayEstimates": {
    "recessOpeningHeightMM": 25,
    "recessBackRollMM": 6,
    "recessInsetFromFrontMM": 46,
    "mouthRollMM": 2.5,
    "lowerLipSetbackFromUpperProjectionMM": 11.5,
    "spanNativeXMM": [
      310,
      401
    ]
  },
  "volumeBeforeMM3": 3382266.4405360436,
  "volumeAfterMM3": 3165072.1914374502,
  "validSolids": 2,
  "manifestUnchanged": true,
  "contacts": {
    "variable-edge-rail-right": {
      "areaMM2": 8777.961859387262,
      "sameSurfaceAsBefore": true,
      "onActualBodyFace": true
    },
    "closed-crimp-right": {
      "areaMM2": 4909.902822998254,
      "sameSurfaceAsBefore": true,
      "onActualBodyFace": true
    },
    "mr-deep-right": {
      "areaMM2": 3962.459432387895,
      "sameSurfaceAsBefore": true,
      "onActualBodyFace": true
    },
    "mr-shallow-right": {
      "areaMM2": 2779.804607813527,
      "sameSurfaceAsBefore": true,
      "onActualBodyFace": true
    },
    "im-shallow-right": {
      "areaMM2": 2240.5925323074375,
      "sameSurfaceAsBefore": true,
      "onActualBodyFace": true
    },
    "im-deep-right": {
      "areaMM2": 3177.4484092202047,
      "sameSurfaceAsBefore": true,
      "onActualBodyFace": true
    },
    "sloper-30-right": {
      "areaMM2": 8410.459883932454,
      "sameSurfaceAsBefore": true,
      "onActualBodyFace": true
    },
    "sloper-40-right": {
      "areaMM2": 3190.4987705233902,
      "sameSurfaceAsBefore": true,
      "onActualBodyFace": true
    },
    "large-flat-edge-right": {
      "areaMM2": 910.4,
      "sameSurfaceAsBefore": true,
      "onActualBodyFace": true
    },
    "slopey-crimper-right": {
      "areaMM2": 382.0047624099453,
      "sameSurfaceAsBefore": true,
      "onActualBodyFace": true
    },
    "variable-edge-rail-left": {
      "areaMM2": 8777.961859387264,
      "sameSurfaceAsBefore": true,
      "onActualBodyFace": true
    },
    "closed-crimp-left": {
      "areaMM2": 4909.902822998254,
      "sameSurfaceAsBefore": true,
      "onActualBodyFace": true
    },
    "mr-deep-left": {
      "areaMM2": 3962.459432387895,
      "sameSurfaceAsBefore": true,
      "onActualBodyFace": true
    },
    "mr-shallow-left": {
      "areaMM2": 2779.804607813527,
      "sameSurfaceAsBefore": true,
      "onActualBodyFace": true
    },
    "im-shallow-left": {
      "areaMM2": 2240.592532307437,
      "sameSurfaceAsBefore": true,
      "onActualBodyFace": true
    },
    "im-deep-left": {
      "areaMM2": 3177.4484092202047,
      "sameSurfaceAsBefore": true,
      "onActualBodyFace": true
    },
    "sloper-30-left": {
      "areaMM2": 8410.459883932454,
      "sameSurfaceAsBefore": true,
      "onActualBodyFace": true
    },
    "sloper-40-left": {
      "areaMM2": 3190.4987705233902,
      "sameSurfaceAsBefore": true,
      "onActualBodyFace": true
    },
    "large-flat-edge-left": {
      "areaMM2": 910.4,
      "sameSurfaceAsBefore": true,
      "onActualBodyFace": true
    },
    "slopey-crimper-left": {
      "areaMM2": 382.0047624099453,
      "sameSurfaceAsBefore": true,
      "onActualBodyFace": true
    }
  },
  "binderMemberships": {
    "Contact_variable_edge_rail_right": [
      "Face12",
      "Face13",
      "Face14",
      "Face15",
      "Face16",
      "Face61",
      "Face62",
      "Face63",
      "Face64",
      "Face65",
      "Face82",
      "Face83",
      "Face84",
      "Face85",
      "Face86",
      "Face126",
      "Face127",
      "Face128",
      "Face129",
      "Face130",
      "Face148",
      "Face149",
      "Face150",
      "Face151",
      "Face152",
      "Face178",
      "Face179",
      "Face180",
      "Face181",
      "Face182",
      "Face188",
      "Face191"
    ],
    "Contact_closed_crimp_right": [
      "Face17",
      "Face18",
      "Face19",
      "Face20",
      "Face21",
      "Face22",
      "Face23",
      "Face24",
      "Face57",
      "Face58",
      "Face59",
      "Face60",
      "Face87",
      "Face88",
      "Face89",
      "Face90",
      "Face91",
      "Face92",
      "Face93",
      "Face94",
      "Face122",
      "Face123",
      "Face124",
      "Face125",
      "Face153",
      "Face177"
    ],
    "Contact_mr_deep_right": [
      "Face33",
      "Face34",
      "Face35",
      "Face36",
      "Face37",
      "Face38",
      "Face39",
      "Face40",
      "Face101",
      "Face102",
      "Face103",
      "Face104",
      "Face105",
      "Face106",
      "Face107",
      "Face108",
      "Face159",
      "Face160",
      "Face161",
      "Face162",
      "Face163",
      "Face164",
      "Face165",
      "Face166",
      "Face189"
    ],
    "Contact_mr_shallow_right": [
      "Face41",
      "Face42",
      "Face43",
      "Face44",
      "Face45",
      "Face46",
      "Face47",
      "Face48",
      "Face109",
      "Face110",
      "Face111",
      "Face112",
      "Face113",
      "Face114",
      "Face115",
      "Face116",
      "Face167",
      "Face168",
      "Face169",
      "Face170",
      "Face171",
      "Face172",
      "Face173",
      "Face174",
      "Face190"
    ],
    "IMRCavitySurface": [
      "Face25",
      "Face26",
      "Face27",
      "Face77",
      "Face78",
      "Face79",
      "Face80",
      "Face81",
      "Face95",
      "Face96",
      "Face97",
      "Face99",
      "Face100",
      "Face142",
      "Face143",
      "Face144",
      "Face145",
      "Face146",
      "Face147",
      "Face154",
      "Face155",
      "Face156",
      "Face157",
      "Face158",
      "Face183",
      "Face184",
      "Face185",
      "Face186",
      "Face187"
    ],
    "Surface_sloper_30_right": [
      "Face1",
      "Face3",
      "Face7",
      "Face11",
      "Face22",
      "Face24",
      "Face25",
      "Face34",
      "Face35",
      "Face37",
      "Face44",
      "Face45"
    ],
    "Surface_sloper_40_right": [
      "Face1",
      "Face3",
      "Face7",
      "Face11",
      "Face22",
      "Face24",
      "Face25",
      "Face34",
      "Face35",
      "Face37",
      "Face44",
      "Face45"
    ],
    "Surface_large_flat_edge_right": [
      "Face1",
      "Face3",
      "Face7",
      "Face11",
      "Face22",
      "Face24",
      "Face25",
      "Face34",
      "Face35",
      "Face37",
      "Face44",
      "Face45"
    ],
    "Surface_slopey_crimper_right": [
      "Face1",
      "Face3",
      "Face7",
      "Face11",
      "Face22",
      "Face24",
      "Face25",
      "Face34",
      "Face35",
      "Face37",
      "Face44",
      "Face45"
    ]
  },
  "newRecessParameterEdit": {
    "before": 46,
    "edited": 44,
    "volumeEditedMM3": 3178267.9981462513,
    "restored": true,
    "all20ContactsRecheckedAfterRestore": true
  },
  "closedCrimpDepthEdit": {
    "before": 7.5,
    "edited": 9.5,
    "bothMirrorsChanged": true,
    "restored": true,
    "all20ContactsRecheckedAfterRestore": true
  },
  "canonicalSourceUnchanged": true
}

								
								
								
								
								
								
								
								
								
								
								
