Command line invocation:
    /Applications/Xcode.app/Contents/Developer/usr/bin/xcodebuild -project HangTen.xcodeproj -scheme HangTen -configuration Debug -destination "platform=iOS Simulator,id=2B43841B-18A2-46B4-8080-B4E90AA24F4A" -derivedDataPath .context/DerivedData -parallel-testing-enabled NO "-only-testing:HangTenTests/BoardModelRealityTests/testNestedSurfaceSelectorsPreserveAttachmentNeutralityAndInheritedWood" -collect-test-diagnostics never -resultBundlePath /Users/asherlc/.paseo/worktrees/0h78jp9r/placid-badger/.context/placid-badger/mammut-wood-integration/placid-badger-mammut-selector-red.xcresult test-without-building

Resolve Package Graph


Resolved source packages:
  AmplitudeCore: https://github.com/amplitude/AmplitudeCore-Swift.git @ 1.5.0
  Amplitude-Swift: https://github.com/amplitude/Amplitude-Swift @ 1.18.8
  analytics-connector-ios: https://github.com/amplitude/analytics-connector-ios.git @ 1.3.2
  Sentry: https://github.com/getsentry/sentry-cocoa.git @ 8.58.4

Writing result bundle at path:
	/Users/asherlc/.paseo/worktrees/0h78jp9r/placid-badger/.context/placid-badger/mammut-wood-integration/placid-badger-mammut-selector-red.xcresult

[Sentry] [error] [1790825357.463237] [SentryOptions:251] Could not parse the DSN: Error Domain=SentryErrorDomain Code=100 "Host component of DSN is missing" UserInfo={NSLocalizedDescription=Host component of DSN is missing}.
[Sentry] [fatal] [1790825357.468495] [SentryFileManager:162] No DSN provided, using base path for envelopes: /Users/asherlc/Library/Developer/CoreSimulator/Devices/2B43841B-18A2-46B4-8080-B4E90AA24F4A/data/Containers/Data/Application/CBF76DE6-3615-4D0D-A786-131B77DBF842/Library/Caches/io.sentry
[Sentry] [fatal] [1790825357.478949] [SentryFileManager:162] No DSN provided, using base path for envelopes: /Users/asherlc/Library/Developer/CoreSimulator/Devices/2B43841B-18A2-46B4-8080-B4E90AA24F4A/data/Containers/Data/Application/CBF76DE6-3615-4D0D-A786-131B77DBF842/Library/Caches/io.sentry
2026-09-30 20:29:20.337437-0700 HangTen[3797:31315910] [General] Failed to send CA Event for app launch measurements for ca_event_type: 0 event_name: com.apple.app_launch_measurement.FirstFramePresentationMetric
Test Suite 'Selected tests' started at 2026-09-30 20:29:20.516.
Test Suite 'HangTenTests.xctest' started at 2026-09-30 20:29:20.517.
Test Suite 'BoardModelRealityTests' started at 2026-09-30 20:29:20.517.
Test Case '-[HangTenTests.BoardModelRealityTests testNestedSurfaceSelectorsPreserveAttachmentNeutralityAndInheritedWood]' started.
2026-09-30 20:29:20.575191-0700 HangTen[3797:31313237] [Foundation.IO] Could not locate file 'default-binaryarchive.metallib' in bundle.
2026-09-30 20:29:20.589779-0700 HangTen[3797:31313237] [Assets] asset string 'engine:throttleGhosted.rematerial' parse failed: Invalid asset path: Unknown asset type suffix 'engine:throttleGhosted.rematerial'
/Users/asherlc/.paseo/worktrees/0h78jp9r/placid-badger/HangTenTests/BoardModelRealityTests.swift:545: error: -[HangTenTests.BoardModelRealityTests testNestedSurfaceSelectorsPreserveAttachmentNeutralityAndInheritedWood] : XCTAssertTrue failed - Relative selector and unnamed-child inheritance must apply in each instance
/Users/asherlc/.paseo/worktrees/0h78jp9r/placid-badger/HangTenTests/BoardModelRealityTests.swift:545: error: -[HangTenTests.BoardModelRealityTests testNestedSurfaceSelectorsPreserveAttachmentNeutralityAndInheritedWood] : XCTAssertTrue failed - Relative selector and unnamed-child inheritance must apply in each instance
/Users/asherlc/.paseo/worktrees/0h78jp9r/placid-badger/HangTenTests/BoardModelRealityTests.swift:545: error: -[HangTenTests.BoardModelRealityTests testNestedSurfaceSelectorsPreserveAttachmentNeutralityAndInheritedWood] : XCTAssertTrue failed - Relative selector and unnamed-child inheritance must apply in each instance
/Users/asherlc/.paseo/worktrees/0h78jp9r/placid-badger/HangTenTests/BoardModelRealityTests.swift:545: error: -[HangTenTests.BoardModelRealityTests testNestedSurfaceSelectorsPreserveAttachmentNeutralityAndInheritedWood] : XCTAssertTrue failed - Relative selector and unnamed-child inheritance must apply in each instance
/Users/asherlc/.paseo/worktrees/0h78jp9r/placid-badger/HangTenTests/BoardModelRealityTests.swift:566: error: -[HangTenTests.BoardModelRealityTests testNestedSurfaceSelectorsPreserveAttachmentNeutralityAndInheritedWood] : failed - Clearing a shared selection must restore the selected node's wood finish
/Users/asherlc/.paseo/worktrees/0h78jp9r/placid-badger/HangTenTests/BoardModelRealityTests.swift:566: error: -[HangTenTests.BoardModelRealityTests testNestedSurfaceSelectorsPreserveAttachmentNeutralityAndInheritedWood] : failed - Clearing a shared selection must restore the selected node's wood finish
/Users/asherlc/.paseo/worktrees/0h78jp9r/placid-badger/HangTenTests/BoardModelRealityTests.swift:549: error: -[HangTenTests.BoardModelRealityTests testNestedSurfaceSelectorsPreserveAttachmentNeutralityAndInheritedWood] : XCTUnwrap failed: expected non-nil value of type "PhysicallyBasedMaterial" - Nested attachment must stay neutral under the wood default
Test Case '-[HangTenTests.BoardModelRealityTests testNestedSurfaceSelectorsPreserveAttachmentNeutralityAndInheritedWood]' failed (0.430 seconds).
Test Suite 'BoardModelRealityTests' failed at 2026-09-30 20:29:20.948.
	 Executed 1 test, with 7 failures (0 unexpected) in 0.430 (0.432) seconds
Test Suite 'HangTenTests.xctest' failed at 2026-09-30 20:29:20.949.
	 Executed 1 test, with 7 failures (0 unexpected) in 0.430 (0.432) seconds
Test Suite 'Selected tests' failed at 2026-09-30 20:29:20.949.
	 Executed 1 test, with 7 failures (0 unexpected) in 0.430 (0.433) seconds
objc[3797]: Class UIAccessibilityLoaderWebShared is implemented in both /Library/Developer/CoreSimulator/Volumes/iOS_23F77/Library/Developer/CoreSimulator/Profiles/Runtimes/iOS 26.5.simruntime/Contents/Resources/RuntimeRoot/System/Library/AccessibilityBundles/WebKit.axbundle/WebKit (0x115804398) and /Library/Developer/CoreSimulator/Volumes/iOS_23F77/Library/Developer/CoreSimulator/Profiles/Runtimes/iOS 26.5.simruntime/Contents/Resources/RuntimeRoot/System/Library/AccessibilityBundles/WebCore.axbundle/WebCore (0x1165c8310). This may cause spurious casting failures and mysterious crashes. One of the duplicates must be removed or renamed.
2026-09-30 20:29:21.015161-0700 HangTen[3797:31315841] [tbbmain] TBB Global TLS count is not == 1, instead it is: 2
2026-09-30 20:29:21.307 xcodebuild[3133:31307750] [MT] IDETestOperationsObserverDebug: 7.781 elapsed -- Testing started completed.
2026-09-30 20:29:21.307 xcodebuild[3133:31307750] [MT] IDETestOperationsObserverDebug: 0.000 sec, +0.000 sec -- start
2026-09-30 20:29:21.307 xcodebuild[3133:31307750] [MT] IDETestOperationsObserverDebug: 7.781 sec, +7.781 sec -- end

Test session results, code coverage, and logs:
	/Users/asherlc/.paseo/worktrees/0h78jp9r/placid-badger/.context/placid-badger/mammut-wood-integration/placid-badger-mammut-selector-red.xcresult

Failing tests:
	BoardModelRealityTests.testNestedSurfaceSelectorsPreserveAttachmentNeutralityAndInheritedWood()
	BoardModelRealityTests.testNestedSurfaceSelectorsPreserveAttachmentNeutralityAndInheritedWood()
	BoardModelRealityTests.testNestedSurfaceSelectorsPreserveAttachmentNeutralityAndInheritedWood()

** TEST EXECUTE FAILED **

Testing started
