Command line invocation:
    /Applications/Xcode.app/Contents/Developer/usr/bin/xcodebuild -project HangTen.xcodeproj -scheme HangTen -configuration Debug -destination "platform=iOS Simulator,id=2B43841B-18A2-46B4-8080-B4E90AA24F4A" -derivedDataPath .context/DerivedData -parallel-testing-enabled NO "-only-testing:HangTenTests/BoardModelRealityTests/testNestedSurfaceSelectorsPreserveAttachmentNeutralityAndInheritedWood" -collect-test-diagnostics never -resultBundlePath /Users/asherlc/.paseo/worktrees/0h78jp9r/placid-badger/.context/placid-badger/mammut-wood-integration/placid-badger-mammut-selector-green.xcresult test-without-building

Resolve Package Graph


Resolved source packages:
  analytics-connector-ios: https://github.com/amplitude/analytics-connector-ios.git @ 1.3.2
  Amplitude-Swift: https://github.com/amplitude/Amplitude-Swift @ 1.18.8
  Sentry: https://github.com/getsentry/sentry-cocoa.git @ 8.58.4
  AmplitudeCore: https://github.com/amplitude/AmplitudeCore-Swift.git @ 1.5.0

Writing result bundle at path:
	/Users/asherlc/.paseo/worktrees/0h78jp9r/placid-badger/.context/placid-badger/mammut-wood-integration/placid-badger-mammut-selector-green.xcresult

[Sentry] [error] [1790825530.1891809] [SentryOptions:251] Could not parse the DSN: Error Domain=SentryErrorDomain Code=100 "Host component of DSN is missing" UserInfo={NSLocalizedDescription=Host component of DSN is missing}.
[Sentry] [fatal] [1790825530.1938438] [SentryFileManager:162] No DSN provided, using base path for envelopes: /Users/asherlc/Library/Developer/CoreSimulator/Devices/2B43841B-18A2-46B4-8080-B4E90AA24F4A/data/Containers/Data/Application/F2C7C8FC-9B9A-4508-96AE-0F9280835309/Library/Caches/io.sentry
[Sentry] [fatal] [1790825530.197995] [SentryFileManager:162] No DSN provided, using base path for envelopes: /Users/asherlc/Library/Developer/CoreSimulator/Devices/2B43841B-18A2-46B4-8080-B4E90AA24F4A/data/Containers/Data/Application/F2C7C8FC-9B9A-4508-96AE-0F9280835309/Library/Caches/io.sentry
Test Suite 'Selected tests' started at 2026-09-30 20:32:13.058.
Test Suite 'HangTenTests.xctest' started at 2026-09-30 20:32:13.059.
Test Suite 'BoardModelRealityTests' started at 2026-09-30 20:32:13.059.
Test Case '-[HangTenTests.BoardModelRealityTests testNestedSurfaceSelectorsPreserveAttachmentNeutralityAndInheritedWood]' started.
2026-09-30 20:32:13.127928-0700 HangTen[12492:31351670] [Foundation.IO] Could not locate file 'default-binaryarchive.metallib' in bundle.
2026-09-30 20:32:13.147024-0700 HangTen[12492:31351670] [Assets] asset string 'engine:throttleGhosted.rematerial' parse failed: Invalid asset path: Unknown asset type suffix 'engine:throttleGhosted.rematerial'
objc[12492]: Class UIAccessibilityLoaderWebShared is implemented in both /Library/Developer/CoreSimulator/Volumes/iOS_23F77/Library/Developer/CoreSimulator/Profiles/Runtimes/iOS 26.5.simruntime/Contents/Resources/RuntimeRoot/System/Library/AccessibilityBundles/WebKit.axbundle/WebKit (0x11691c398) and /Library/Developer/CoreSimulator/Volumes/iOS_23F77/Library/Developer/CoreSimulator/Profiles/Runtimes/iOS 26.5.simruntime/Contents/Resources/RuntimeRoot/System/Library/AccessibilityBundles/WebCore.axbundle/WebCore (0x117764310). This may cause spurious casting failures and mysterious crashes. One of the duplicates must be removed or renamed.
Test Case '-[HangTenTests.BoardModelRealityTests testNestedSurfaceSelectorsPreserveAttachmentNeutralityAndInheritedWood]' passed (0.248 seconds).
Test Suite 'BoardModelRealityTests' passed at 2026-09-30 20:32:13.311.
	 Executed 1 test, with 0 failures (0 unexpected) in 0.248 (0.252) seconds
Test Suite 'HangTenTests.xctest' passed at 2026-09-30 20:32:13.311.
	 Executed 1 test, with 0 failures (0 unexpected) in 0.248 (0.252) seconds
Test Suite 'Selected tests' passed at 2026-09-30 20:32:13.311.
	 Executed 1 test, with 0 failures (0 unexpected) in 0.248 (0.253) seconds
2026-09-30 20:32:13.358660-0700 HangTen[12492:31351978] [tbbmain] TBB Global TLS count is not == 1, instead it is: 2
2026-09-30 20:32:13.650 xcodebuild[12469:31351241] [MT] IDETestOperationsObserverDebug: 5.773 elapsed -- Testing started completed.
2026-09-30 20:32:13.650 xcodebuild[12469:31351241] [MT] IDETestOperationsObserverDebug: 0.000 sec, +0.000 sec -- start
2026-09-30 20:32:13.650 xcodebuild[12469:31351241] [MT] IDETestOperationsObserverDebug: 5.773 sec, +5.773 sec -- end

Test session results, code coverage, and logs:
	/Users/asherlc/.paseo/worktrees/0h78jp9r/placid-badger/.context/placid-badger/mammut-wood-integration/placid-badger-mammut-selector-green.xcresult

** TEST EXECUTE SUCCEEDED **

Testing started
