Detected file type from extension: PNG
Note: No display specified. Defaulting to display: 1040A388-21EC-4F6A-AEF4-5CF8D3B1178A (screenID: 1, name: LCD)
Wrote screenshot to: /Users/asherlc/.paseo/worktrees/0h78jp9r/placid-badger/.context/placid-badger/nature-stone-review9/vertical-groove-ios/final-captures/01-edge-front-15mm-incut.png
01-edge-front-15mm-incut
Detected file type from extension: PNG
Note: No display specified. Defaulting to display: 1040A388-21EC-4F6A-AEF4-5CF8D3B1178A (screenID: 1, name: LCD)
Wrote screenshot to: /Users/asherlc/.paseo/worktrees/0h78jp9r/placid-badger/.context/placid-badger/nature-stone-review9/vertical-groove-ios/final-captures/02-edge-front-15mm-flat.png
02-edge-front-15mm-flat
Detected file type from extension: PNG
Note: No display specified. Defaulting to display: 1040A388-21EC-4F6A-AEF4-5CF8D3B1178A (screenID: 1, name: LCD)
Wrote screenshot to: /Users/asherlc/.paseo/worktrees/0h78jp9r/placid-badger/.context/placid-badger/nature-stone-review9/vertical-groove-ios/final-captures/03-edge-front-20mm-wood-flat.png
03-edge-front-20mm-wood-flat
Detected file type from extension: PNG
Note: No display specified. Defaulting to display: 1040A388-21EC-4F6A-AEF4-5CF8D3B1178A (screenID: 1, name: LCD)
Wrote screenshot to: /Users/asherlc/.paseo/worktrees/0h78jp9r/placid-badger/.context/placid-badger/nature-stone-review9/vertical-groove-ios/final-captures/04-edge-front-20mm-granite.png
04-edge-front-20mm-granite
Detected file type from extension: PNG
Note: No display specified. Defaulting to display: 1040A388-21EC-4F6A-AEF4-5CF8D3B1178A (screenID: 1, name: LCD)
Wrote screenshot to: /Users/asherlc/.paseo/worktrees/0h78jp9r/placid-badger/.context/placid-badger/nature-stone-review9/vertical-groove-ios/final-captures/04-edge-front-20mm-granite-orbit.png
04-edge-front-20mm-granite-orbit
Detected file type from extension: PNG
Note: No display specified. Defaulting to display: 1040A388-21EC-4F6A-AEF4-5CF8D3B1178A (screenID: 1, name: LCD)
Wrote screenshot to: /Users/asherlc/.paseo/worktrees/0h78jp9r/placid-badger/.context/placid-badger/nature-stone-review9/vertical-groove-ios/final-captures/04-edge-front-20mm-granite-side-orbit.png
04-edge-front-20mm-granite-side-orbit
Detected file type from extension: PNG
Note: No display specified. Defaulting to display: 1040A388-21EC-4F6A-AEF4-5CF8D3B1178A (screenID: 1, name: LCD)
Wrote screenshot to: /Users/asherlc/.paseo/worktrees/0h78jp9r/placid-badger/.context/placid-badger/nature-stone-review9/vertical-groove-ios/final-captures/05-edge-reverse-10mm-incut.png
05-edge-reverse-10mm-incut
Detected file type from extension: PNG
Note: No display specified. Defaulting to display: 1040A388-21EC-4F6A-AEF4-5CF8D3B1178A (screenID: 1, name: LCD)
Wrote screenshot to: /Users/asherlc/.paseo/worktrees/0h78jp9r/placid-badger/.context/placid-badger/nature-stone-review9/vertical-groove-ios/final-captures/05-edge-reverse-10mm-incut-orbit.png
05-edge-reverse-10mm-incut-orbit
Detected file type from extension: PNG
Note: No display specified. Defaulting to display: 1040A388-21EC-4F6A-AEF4-5CF8D3B1178A (screenID: 1, name: LCD)
Wrote screenshot to: /Users/asherlc/.paseo/worktrees/0h78jp9r/placid-badger/.context/placid-badger/nature-stone-review9/vertical-groove-ios/final-captures/05-edge-reverse-10mm-incut-side-orbit.png
05-edge-reverse-10mm-incut-side-orbit
Detected file type from extension: PNG
Note: No display specified. Defaulting to display: 1040A388-21EC-4F6A-AEF4-5CF8D3B1178A (screenID: 1, name: LCD)
Wrote screenshot to: /Users/asherlc/.paseo/worktrees/0h78jp9r/placid-badger/.context/placid-badger/nature-stone-review9/vertical-groove-ios/final-captures/06-edge-reverse-10mm-flat.png
06-edge-reverse-10mm-flat
Detected file type from extension: PNG
Note: No display specified. Defaulting to display: 1040A388-21EC-4F6A-AEF4-5CF8D3B1178A (screenID: 1, name: LCD)
Wrote screenshot to: /Users/asherlc/.paseo/worktrees/0h78jp9r/placid-badger/.context/placid-badger/nature-stone-review9/vertical-groove-ios/final-captures/07-edge-reverse-06mm-flat.png
07-edge-reverse-06mm-flat
Detected file type from extension: PNG
Note: No display specified. Defaulting to display: 1040A388-21EC-4F6A-AEF4-5CF8D3B1178A (screenID: 1, name: LCD)
Wrote screenshot to: /Users/asherlc/.paseo/worktrees/0h78jp9r/placid-badger/.context/placid-badger/nature-stone-review9/vertical-groove-ios/final-captures/08-edge-reverse-06mm-incut.png
08-edge-reverse-06mm-incut
Detected file type from extension: PNG
Note: No display specified. Defaulting to display: 1040A388-21EC-4F6A-AEF4-5CF8D3B1178A (screenID: 1, name: LCD)
Wrote screenshot to: /Users/asherlc/.paseo/worktrees/0h78jp9r/placid-badger/.context/placid-badger/nature-stone-review9/vertical-groove-ios/final-captures/granite-selected-before-change.png
granite-selected-before-change
Detected file type from extension: PNG
Note: No display specified. Defaulting to display: 1040A388-21EC-4F6A-AEF4-5CF8D3B1178A (screenID: 1, name: LCD)
Wrote screenshot to: /Users/asherlc/.paseo/worktrees/0h78jp9r/placid-badger/.context/placid-badger/nature-stone-review9/vertical-groove-ios/final-captures/granite-deselected-same-instance.png
granite-deselected-same-instance
Detected file type from extension: PNG
Note: No display specified. Defaulting to display: 1040A388-21EC-4F6A-AEF4-5CF8D3B1178A (screenID: 1, name: LCD)
Wrote screenshot to: /Users/asherlc/.paseo/worktrees/0h78jp9r/placid-badger/.context/placid-badger/nature-stone-review9/vertical-groove-ios/final-captures/granite-deselected-same-instance-orbit.png
granite-deselected-same-instance-orbit
Detected file type from extension: PNG
Note: No display specified. Defaulting to display: 1040A388-21EC-4F6A-AEF4-5CF8D3B1178A (screenID: 1, name: LCD)
Wrote screenshot to: /Users/asherlc/.paseo/worktrees/0h78jp9r/placid-badger/.context/placid-badger/nature-stone-review9/vertical-groove-ios/final-captures/unselected-train.png
unselected-train
Detected file type from extension: PNG
Note: No display specified. Defaulting to display: 1040A388-21EC-4F6A-AEF4-5CF8D3B1178A (screenID: 1, name: LCD)
Wrote screenshot to: /Users/asherlc/.paseo/worktrees/0h78jp9r/placid-badger/.context/placid-badger/nature-stone-review9/vertical-groove-ios/final-captures/granite-reopened.png
granite-reopened
{"captures": 39, "contacts": 8, "actualDrags": 5}
