<Exception> Resulting shape is invalid
ShellWithContinuousShoulders: Resulting shape is invalid
<Exception> Resulting shape is invalid
ShellWithContinuousShoulders: Resulting shape is invalid
<Exception> Resulting shape is invalid
ShellWithContinuousShoulders: Resulting shape is invalid
<Exception> Resulting shape is invalid
ShellWithContinuousShoulders: Resulting shape is invalid
<Exception> Resulting shape is invalid
ShellWithContinuousShoulders: Resulting shape is invalid
<Exception> Resulting shape is invalid
ShellWithContinuousShoulders: Resulting shape is invalid
<Exception> Resulting shape is invalid
ShellWithContinuousShoulders: Resulting shape is invalid
<Exception> Resulting shape is invalid
ShellWithContinuousShoulders: Resulting shape is invalid
<Exception> Resulting shape is invalid
ShellWithContinuousShoulders: Resulting shape is invalid
<Exception> Resulting shape is invalid
ShellWithContinuousShoulders: Resulting shape is invalid

Opened frozen source; native contacts removed for rebuild
Simple forward sloper profiles recomputed
Forward center crest and rear return recomputed
Transition authored: CenterShoulder
Transition authored: RoundFlat

								
								
								
								
								
								
								
								
								
								
								
								
PROBE COMPLETE
{"sourceSHA256": "5eedab9119caf7828554f9408542a3e614072f5c6c43c378cd9b6ab8dd6756b5", "nativeSolidCount": 1, "nativeFaceCount": 347, "profiles": [{"label": "Round", "x": 47, "topRearZ": 188, "floorZ": 145, "frontY": -94, "frontRollStartZ": 171, "nativeLowerJoinY": -75.85985185185184, "nativeLowerTangentDyDz": -0.13688888888888792, "outerCurveDegree": 3, "outerCurvePoles": 4}, {"label": "Round", "x": 148, "topRearZ": 178, "floorZ": 145, "frontY": -94, "frontRollStartZ": 161, "nativeLowerJoinY": -75.85985185185184, "nativeLowerTangentDyDz": -0.13688888888888792, "outerCurveDegree": 3, "outerCurvePoles": 4}, {"label": "Flat", "x": 148, "topRearZ": 178, "floorZ": 135, "frontY": -94, "frontRollStartZ": 161, "nativeLowerJoinY": -72.12800000000003, "nativeLowerTangentDyDz": -0.5279999999999995, "outerCurveDegree": 3, "outerCurvePoles": 6}, {"label": "Flat", "x": 258, "topRearZ": 163, "floorZ": 135, "frontY": -94, "frontRollStartZ": 146, "nativeLowerJoinY": -72.12800000000003, "nativeLowerTangentDyDz": -0.5279999999999995, "outerCurveDegree": 3, "outerCurvePoles": 6}], "centerStationsYHeightEstimatedMm": [[0, 188.0], [-6, 188.2], [-25, 190.0], [-45, 207.0], [-65, 222.0], [-70, 221.8], [-84, 210.0], [-94, 190.0]], "centerHeightNormalizationFactor": 0.995687540750666, "initialCapMaxZ": 222.1513387377628, "centerCapMaxZ": 222.00000000067737, "transitionSections": [{"transition": "CenterShoulder", "x": 45.5, "floorZ": 145.0, "rearNativeEdgesMerged": 1, "rearRoofZ": 187.93378964134104, "nativeOuterCurveDegree": 8, "nativeOuterCurvePoles": 163}, {"transition": "CenterShoulder", "x": 45.7, "floorZ": 145.0, "rearNativeEdgesMerged": 1, "rearRoofZ": 187.9402351368747, "nativeOuterCurveDegree": 8, "nativeOuterCurvePoles": 156}, {"transition": "CenterShoulder", "x": 59.5, "floorZ": 145.0, "rearNativeEdgesMerged": 1, "rearRoofZ": 186.76237623762376, "nativeOuterCurveDegree": 8, "nativeOuterCurvePoles": 72}, {"transition": "CenterShoulder", "x": 61.0, "floorZ": 145.0, "rearNativeEdgesMerged": 1, "rearRoofZ": 186.61386138613864, "nativeOuterCurveDegree": 8, "nativeOuterCurvePoles": 72}, {"transition": "RoundFlat", "x": 110.0, "floorZ": 135.0, "rearNativeEdgesMerged": 2, "rearRoofZ": 181.76237623762376, "nativeOuterCurveDegree": 8, "nativeOuterCurvePoles": 72}, {"transition": "RoundFlat", "x": 112.0, "floorZ": 135.0, "rearNativeEdgesMerged": 2, "rearRoofZ": 181.56435643564356, "nativeOuterCurveDegree": 8, "nativeOuterCurvePoles": 72}, {"transition": "RoundFlat", "x": 183.0, "floorZ": 135.0, "rearNativeEdgesMerged": 1, "rearRoofZ": 173.22727272727275, "nativeOuterCurveDegree": 6, "nativeOuterCurvePoles": 32}, {"transition": "RoundFlat", "x": 185.0, "floorZ": 135.0, "rearNativeEdgesMerged": 1, "rearRoofZ": 172.95454545454544, "nativeOuterCurveDegree": 6, "nativeOuterCurvePoles": 32}, {"transition": "OuterShoulder", "x": 238.0, "floorZ": 135.0, "rearNativeEdgesMerged": 1, "rearRoofZ": 165.72727272727275, "nativeOuterCurveDegree": 6, "nativeOuterCurvePoles": 32}, {"transition": "OuterShoulder", "x": 240.0, "floorZ": 135.0, "rearNativeEdgesMerged": 1, "rearRoofZ": 165.45454545454544, "nativeOuterCurveDegree": 6, "nativeOuterCurvePoles": 32}, {"transition": "OuterShoulder", "x": 276.0, "floorZ": 135.0, "rearNativeEdgesMerged": 1, "rearRoofZ": 173.30677605116622, "nativeOuterCurveDegree": 6, "nativeOuterCurvePoles": 29}, {"transition": "OuterShoulder", "x": 278.0, "floorZ": 135.0, "rearNativeEdgesMerged": 1, "rearRoofZ": 174.31851190809715, "nativeOuterCurveDegree": 6, "nativeOuterCurvePoles": 29}], "envelopeXYZMm": [711.0000002, 94.00150336931881, 222.00000010067734], "rawManifestExact": true, "triangleCount": 115280, "allNewGeometryValues": "Explicit operator-selected display adaptation for user grasp intent; not manufacturer incut measurements."}
39 %)	
								
								
