system = {
	type = system
	handle = 0
	active count = 41
	service count = 6
	active service count = 5
	maximum allowed shutdown time = 30 s
	service stats = {
	}
	trial factors = {
		reload count = 0
		memory = 0/0
		active config locked = 0
	}
		creator = launchd_sim[83182]
	creator euid = 502
	session = System
	security context = {
		uid unset
		session uid = -101
	}

	bringup time = 115 ms
	death port = 0x5803
	subdomains = {
		pid/83460
		pid/83459
		pid/83457
		pid/83446
		pid/83454
		pid/83217
		pid/83208
		user/502
	}

	services = {
		   83429      - 	com.apple.logd_helper
		   83430      - 	com.apple.diagnosticd
		   83188      - 	com.apple.logd
		   83441      - 	com.apple.containermanagerd.system
		   83232      - 	com.apple.notifyd
		       0      - 	com.apple.cfprefsd.xpc.daemon.system
	}

	unmanaged processes = {
	}

	endpoints = {
		  0x2927    M   A   com.apple.logd.events
		 0x1c303    M   A   com.apple.diagnosticd
		       0    M   D   com.apple.cfprefsd.daemon.system
		  0x4d03    M   A   com.apple.logd
		  0x4c4f    M   A   com.apple.system.notification_center
		 0x1c503    M   A   com.apple.logd_helper
		 0x19603    M   A   com.apple.containermanagerd.system
		  0x2027    M   A   com.apple.logd.cachedelete
		  0x4203    M   A   com.apple.logd.realtime
		  0x4303    M   A   com.apple.logd.admin
	}

	task-special ports = {
			   0xb03 4       bootstrap  com.apple.xpc.launchd.domain.system
	}


	properties = uncorked | bound
}
