[Sentry] [error] [1790920235.4958491] [SentryOptions:251] Could not parse the DSN: Error Domain=SentryErrorDomain Code=100 "Host component of DSN is missing" UserInfo={NSLocalizedDescription=Host component of DSN is missing}.
[Sentry] [fatal] [1790920235.4989161] [SentryFileManager:162] No DSN provided, using base path for envelopes: /Users/asherlc/Library/Developer/CoreSimulator/Devices/1684856E-FC2D-4407-8063-9B343B99CAD6/data/Containers/Data/Application/60E059CD-1245-47EE-9584-2D0FB7AAA670/Library/Caches/io.sentry
[Sentry] [fatal] [1790920235.5020518] [SentryFileManager:162] No DSN provided, using base path for envelopes: /Users/asherlc/Library/Developer/CoreSimulator/Devices/1684856E-FC2D-4407-8063-9B343B99CAD6/data/Containers/Data/Application/60E059CD-1245-47EE-9584-2D0FB7AAA670/Library/Caches/io.sentry
[BoardHighlightTrace] t=3312.8233063333337 stage=workout-cue landscape=false step=max-hangs-1.segment-1 resting=false mode=active ids=["edge-20-left", "edge-20-right"]
[BoardHighlightTrace] t=3313.9520758333333 stage=workout-cue landscape=false step=max-hangs-1.segment-1 resting=false mode=active ids=["edge-20-left", "edge-20-right"]
[BoardHighlightTrace] t=3313.966982625 stage=workout-cue landscape=false step=max-hangs-1.segment-1 resting=false mode=active ids=["edge-20-left", "edge-20-right"]
[BoardHighlightTrace] t=3314.0317320833337 stage=workout-cue landscape=false step=max-hangs-1.segment-1 resting=false mode=active ids=["edge-20-left", "edge-20-right"]
[BoardHighlightTrace] t=3314.053298166667 stage=workout-cue landscape=false step=max-hangs-1.segment-1 resting=false mode=active ids=[]
[BoardHighlightTrace] t=3314.155912875 stage=workout-cue landscape=false step=max-hangs-1.segment-1 resting=false mode=active ids=[]
[BoardHighlightTrace] t=3314.203751791667 stage=workout-cue landscape=false step=max-hangs-1.segment-1 resting=false mode=active ids=[]
[BoardHighlightTrace] t=3314.2763663333335 stage=surface-body board=Zlagboard.Evo scene=ObjectIdentifier(0x0000000115240000) mode=active ids=[] size=nil colors=[]
[BoardHighlightTrace] t=3314.3519744583336 stage=applySync-after-highlight board=Zlagboard.Evo scene=ObjectIdentifier(0x0000000115240000) mode=active ids=[] size=Optional((326.0, 55.885714285714286)) colors=[]
[BoardHighlightTrace] t=3314.3527897500003 stage=applySync-after-highlight board=Zlagboard.Evo scene=ObjectIdentifier(0x0000000115240000) mode=active ids=[] size=Optional((326.0, 55.885714285714286)) colors=[]
[BoardHighlightTrace] t=3314.3599575833337 stage=applySync-after-highlight board=Zlagboard.Evo scene=ObjectIdentifier(0x0000000115240000) mode=active ids=[] size=Optional((326.0, 55.885714285714286)) colors=[]
[BoardHighlightTrace] t=3314.418971125 stage=surface-body board=Zlagboard.Evo scene=ObjectIdentifier(0x000000014c8c2700) mode=active ids=[] size=nil colors=[]
[BoardHighlightTrace] t=3314.4449622083334 stage=applySync-after-highlight board=Zlagboard.Evo scene=ObjectIdentifier(0x000000014c8c2700) mode=active ids=[] size=Optional((358.0, 61.371428571428574)) colors=[]
[BoardHighlightTrace] t=3314.445701166667 stage=applySync-after-highlight board=Zlagboard.Evo scene=ObjectIdentifier(0x000000014c8c2700) mode=active ids=[] size=Optional((358.0, 61.371428571428574)) colors=[]
[BoardHighlightTrace] t=3314.4467960833335 stage=applySync-after-highlight board=Zlagboard.Evo scene=ObjectIdentifier(0x000000014c8c2700) mode=active ids=[] size=Optional((358.0, 61.371428571428574)) colors=[]
[BoardHighlightTrace] t=3314.4681475833336 stage=workout-cue landscape=false step=max-hangs-1.segment-1 resting=false mode=active ids=[]
[BoardHighlightTrace] t=3314.514668916667 stage=applySync-after-highlight board=Zlagboard.Evo scene=ObjectIdentifier(0x0000000115240000) mode=active ids=[] size=Optional((326.0, 55.885714285714286)) colors=[]
[BoardHighlightTrace] t=3314.5183513750003 stage=workout-cue landscape=false step=max-hangs-1.segment-1 resting=false mode=active ids=[]
[BoardHighlightTrace] t=3314.534481666667 stage=workout-cue landscape=false step=max-hangs-1.segment-1 resting=false mode=active ids=[]
[BoardHighlightTrace] t=3314.5361352500004 stage=applySync-after-highlight board=Zlagboard.Evo scene=ObjectIdentifier(0x0000000115240000) mode=active ids=[] size=Optional((326.0, 55.885714285714286)) colors=[]
[BoardHighlightTrace] t=3314.541432541667 stage=workout-cue landscape=false step=max-hangs-1.segment-1 resting=false mode=active ids=[]
[BoardHighlightTrace] t=3314.5476712500003 stage=workout-cue landscape=false step=max-hangs-1.segment-1 resting=false mode=active ids=[]
[BoardHighlightTrace] t=3314.550612666667 stage=workout-cue landscape=true step=max-hangs-1.segment-1 resting=false mode=active ids=[]
[BoardHighlightTrace] t=3314.5617433333337 stage=applySync-after-highlight board=Zlagboard.Evo scene=ObjectIdentifier(0x000000014c8c2700) mode=active ids=[] size=Optional((296.0, 50.74285714285715)) colors=[]
[BoardHighlightTrace] t=3314.586236375 stage=applySync-after-highlight board=Zlagboard.Evo scene=ObjectIdentifier(0x0000000115240000) mode=active ids=[] size=Optional((326.0, 55.885714285714286)) colors=[]
[BoardHighlightTrace] t=3314.654942291667 stage=surface-body board=Zlagboard.Evo scene=ObjectIdentifier(0x000000014a958f00) mode=active ids=[] size=nil colors=[]
[BoardHighlightTrace] t=3314.6831078333335 stage=applySync-after-highlight board=Zlagboard.Evo scene=ObjectIdentifier(0x000000014a958f00) mode=active ids=[] size=Optional((410.0, 70.28571428571429)) colors=[]
[BoardHighlightTrace] t=3314.683872541667 stage=applySync-after-highlight board=Zlagboard.Evo scene=ObjectIdentifier(0x000000014a958f00) mode=active ids=[] size=Optional((410.0, 70.28571428571429)) colors=[]
[BoardHighlightTrace] t=3314.6919837083337 stage=applySync-after-highlight board=Zlagboard.Evo scene=ObjectIdentifier(0x000000014a958f00) mode=active ids=[] size=Optional((410.0, 70.28571428571429)) colors=[]
[BoardHighlightTrace] t=3314.818152416667 stage=workout-cue landscape=true step=max-hangs-1.segment-1 resting=false mode=active ids=[]
[BoardHighlightTrace] t=3315.0527983333336 stage=workout-cue landscape=true step=max-hangs-1.segment-1 resting=false mode=active ids=[]
[BoardHighlightTrace] t=3315.3014313333333 stage=workout-cue landscape=true step=max-hangs-1.segment-1 resting=false mode=active ids=[]
[BoardHighlightTrace] t=3315.3312585833337 stage=workout-cue landscape=true step=max-hangs-1.segment-1 resting=false mode=active ids=[]
[BoardHighlightTrace] t=3315.5844942500003 stage=workout-cue landscape=true step=max-hangs-1.segment-1 resting=false mode=active ids=[]
[BoardHighlightTrace] t=3315.8365621666667 stage=workout-cue landscape=true step=max-hangs-1.segment-1 resting=false mode=active ids=[]
[BoardHighlightTrace] t=3316.0848760833337 stage=workout-cue landscape=true step=max-hangs-1.segment-1 resting=false mode=active ids=[]
[BoardHighlightTrace] t=3316.335866916667 stage=workout-cue landscape=true step=max-hangs-1.segment-1 resting=false mode=active ids=["edge-20-left", "edge-20-right"]
[BoardHighlightTrace] t=3316.3403772083334 stage=surface-body board=Zlagboard.Evo scene=ObjectIdentifier(0x000000014a958f00) mode=active ids=["edge-20-left", "edge-20-right"] size=nil colors=["edge-20-left=[\"baseline\"]", "edge-20-right=[\"baseline\"]"]
[BoardHighlightTrace] t=3316.376345541667 stage=applySync-after-highlight board=Zlagboard.Evo scene=ObjectIdentifier(0x000000014a958f00) mode=active ids=["edge-20-left", "edge-20-right"] size=Optional((210.0, 36.0)) colors=["edge-20-left=[\"0.9850000739097595,0.2749999761581421,0.10499999672174454,0.6000000238418579\"]", "edge-20-right=[\"0.9850000739097595,0.2749999761581421,0.10499999672174454,0.6000000238418579\"]"]
[BoardHighlightTrace] t=3316.4319404166667 stage=workout-cue landscape=true step=max-hangs-1.segment-1 resting=false mode=active ids=["edge-20-left", "edge-20-right"]
[BoardHighlightTrace] t=3316.6848270416667 stage=workout-cue landscape=true step=max-hangs-1.segment-1 resting=false mode=active ids=["edge-20-left", "edge-20-right"]
[BoardHighlightTrace] t=3316.936676291667 stage=workout-cue landscape=true step=max-hangs-1.segment-1 resting=false mode=active ids=["edge-20-left", "edge-20-right"]
[BoardHighlightTrace] t=3317.2036275416667 stage=workout-cue landscape=true step=max-hangs-1.segment-1 resting=false mode=active ids=["edge-20-left", "edge-20-right"]
[BoardHighlightTrace] t=3317.2660528750002 stage=workout-cue landscape=true step=max-hangs-1.segment-1 resting=false mode=active ids=["edge-20-left", "edge-20-right"]
[BoardHighlightTrace] t=3317.520474666667 stage=workout-cue landscape=true step=max-hangs-1.segment-1 resting=false mode=active ids=["edge-20-left", "edge-20-right"]
[BoardHighlightTrace] t=3317.77388675 stage=workout-cue landscape=true step=max-hangs-1.segment-1 resting=false mode=active ids=["edge-20-left", "edge-20-right"]
[BoardHighlightTrace] t=3318.038013916667 stage=workout-cue landscape=true step=max-hangs-1.segment-1 resting=false mode=active ids=["edge-20-left", "edge-20-right"]
[BoardHighlightTrace] t=3318.27131775 stage=workout-cue landscape=true step=max-hangs-1.segment-1 resting=false mode=active ids=["edge-20-left", "edge-20-right"]
[BoardHighlightTrace] t=3318.52190775 stage=workout-cue landscape=true step=max-hangs-1.segment-1 resting=false mode=active ids=["edge-20-left", "edge-20-right"]
[BoardHighlightTrace] t=3318.7704892916668 stage=workout-cue landscape=true step=max-hangs-1.segment-1 resting=false mode=active ids=["edge-20-left", "edge-20-right"]
[BoardHighlightTrace] t=3319.0388875833337 stage=workout-cue landscape=true step=max-hangs-1.segment-1 resting=false mode=active ids=["edge-20-left", "edge-20-right"]
[BoardHighlightTrace] t=3319.271373791667 stage=workout-cue landscape=true step=max-hangs-1.segment-1 resting=false mode=active ids=["edge-20-left", "edge-20-right"]
[BoardHighlightTrace] t=3319.29556425 stage=workout-cue landscape=true step=max-hangs-1.segment-1 resting=false mode=active ids=["edge-20-left", "edge-20-right"]
[BoardHighlightTrace] t=3319.551570125 stage=workout-cue landscape=true step=max-hangs-1.segment-1 resting=false mode=active ids=["edge-20-left", "edge-20-right"]
[BoardHighlightTrace] t=3319.8027400416668 stage=workout-cue landscape=true step=max-hangs-1.segment-1 resting=false mode=active ids=["edge-20-left", "edge-20-right"]
[BoardHighlightTrace] t=3320.069012916667 stage=workout-cue landscape=true step=max-hangs-1.segment-1 resting=false mode=active ids=["edge-20-left", "edge-20-right"]
[BoardHighlightTrace] t=3320.303582416667 stage=workout-cue landscape=true step=max-hangs-1.segment-1 resting=false mode=active ids=["edge-20-left", "edge-20-right"]
[BoardHighlightTrace] t=3320.552108041667 stage=workout-cue landscape=true step=max-hangs-1.segment-1 resting=false mode=active ids=["edge-20-left", "edge-20-right"]
[BoardHighlightTrace] t=3320.8013145 stage=workout-cue landscape=true step=max-hangs-1.segment-1 resting=false mode=active ids=["edge-20-left", "edge-20-right"]
[BoardHighlightTrace] t=3321.0513130833338 stage=workout-cue landscape=true step=max-hangs-1.segment-1 resting=false mode=active ids=["edge-20-left", "edge-20-right"]
[BoardHighlightTrace] t=3321.3013234583336 stage=workout-cue landscape=true step=max-hangs-1.segment-1 resting=false mode=active ids=["edge-20-left", "edge-20-right"]
[BoardHighlightTrace] t=3321.5519062083335 stage=workout-cue landscape=true step=max-hangs-1.segment-1 resting=false mode=active ids=["edge-20-left", "edge-20-right"]
[BoardHighlightTrace] t=3321.801396875 stage=workout-cue landscape=true step=max-hangs-1.segment-1 resting=false mode=active ids=["edge-20-left", "edge-20-right"]
[BoardHighlightTrace] t=3322.051360041667 stage=workout-cue landscape=true step=max-hangs-1.segment-1 resting=false mode=active ids=["edge-20-left", "edge-20-right"]
[BoardHighlightTrace] t=3322.302004416667 stage=workout-cue landscape=true step=max-hangs-1.segment-1 resting=false mode=active ids=["edge-20-left", "edge-20-right"]
[BoardHighlightTrace] t=3322.5513304583337 stage=workout-cue landscape=true step=max-hangs-1.segment-1 resting=false mode=active ids=["edge-20-left", "edge-20-right"]
[BoardHighlightTrace] t=3322.8012255000003 stage=workout-cue landscape=true step=max-hangs-1.segment-1 resting=false mode=active ids=["edge-20-left", "edge-20-right"]
[BoardHighlightTrace] t=3323.051425541667 stage=workout-cue landscape=true step=max-hangs-1.segment-1 resting=false mode=active ids=["edge-20-left", "edge-20-right"]
[BoardHighlightTrace] t=3323.3014606250003 stage=workout-cue landscape=true step=max-hangs-1.segment-2 resting=true mode=preview ids=["edge-20-left", "edge-20-right"]
[BoardHighlightTrace] t=3323.303436 stage=surface-body board=Zlagboard.Evo scene=ObjectIdentifier(0x000000014a958f00) mode=preview ids=["edge-20-left", "edge-20-right"] size=nil colors=["edge-20-left=[\"0.9850000739097595,0.2749999761581421,0.10499999672174454,0.6000000238418579\"]", "edge-20-right=[\"0.9850000739097595,0.2749999761581421,0.10499999672174454,0.6000000238418579\"]"]
[BoardHighlightTrace] t=3323.3111517083335 stage=applySync-after-highlight board=Zlagboard.Evo scene=ObjectIdentifier(0x000000014a958f00) mode=preview ids=["edge-20-left", "edge-20-right"] size=Optional((210.0, 36.0)) colors=["edge-20-left=[\"0.3050000071525574,0.5450001358985901,0.7400000095367432,0.6000000238418579\"]", "edge-20-right=[\"0.3050000071525574,0.5450001358985901,0.7400000095367432,0.6000000238418579\"]"]
[BoardHighlightTrace] t=3323.3195281666667 stage=workout-cue landscape=true step=max-hangs-1.segment-2 resting=true mode=preview ids=["edge-20-left", "edge-20-right"]
[BoardHighlightTrace] t=3323.570776416667 stage=workout-cue landscape=true step=max-hangs-1.segment-2 resting=true mode=preview ids=["edge-20-left", "edge-20-right"]
[BoardHighlightTrace] t=3323.8346162083335 stage=workout-cue landscape=true step=max-hangs-1.segment-2 resting=true mode=preview ids=["edge-20-left", "edge-20-right"]
[BoardHighlightTrace] t=3324.084721125 stage=workout-cue landscape=true step=max-hangs-1.segment-2 resting=true mode=preview ids=["edge-20-left", "edge-20-right"]
[BoardHighlightTrace] t=3324.335461666667 stage=workout-cue landscape=true step=max-hangs-1.segment-2 resting=true mode=preview ids=["edge-20-left", "edge-20-right"]
[BoardHighlightTrace] t=3324.5715134166667 stage=workout-cue landscape=true step=max-hangs-1.segment-2 resting=true mode=preview ids=["edge-20-left", "edge-20-right"]
[BoardHighlightTrace] t=3324.8214273333338 stage=workout-cue landscape=true step=max-hangs-1.segment-2 resting=true mode=preview ids=["edge-20-left", "edge-20-right"]
[BoardHighlightTrace] t=3325.071401416667 stage=workout-cue landscape=true step=max-hangs-1.segment-2 resting=true mode=preview ids=["edge-20-left", "edge-20-right"]
[BoardHighlightTrace] t=3325.3208000416666 stage=workout-cue landscape=true step=max-hangs-1.segment-2 resting=true mode=preview ids=["edge-20-left", "edge-20-right"]
[BoardHighlightTrace] t=3325.5727775416667 stage=workout-cue landscape=true step=max-hangs-1.segment-2 resting=true mode=preview ids=["edge-20-left", "edge-20-right"]
[BoardHighlightTrace] t=3325.8235416250004 stage=workout-cue landscape=true step=max-hangs-1.segment-2 resting=true mode=preview ids=["edge-20-left", "edge-20-right"]
[BoardHighlightTrace] t=3326.0882595833336 stage=workout-cue landscape=true step=max-hangs-1.segment-2 resting=true mode=preview ids=["edge-20-left", "edge-20-right"]
[BoardHighlightTrace] t=3326.3220270833335 stage=workout-cue landscape=true step=max-hangs-1.segment-2 resting=true mode=preview ids=["edge-20-left", "edge-20-right"]
[BoardHighlightTrace] t=3326.5880077083334 stage=workout-cue landscape=true step=max-hangs-1.segment-2 resting=true mode=preview ids=["edge-20-left", "edge-20-right"]
[BoardHighlightTrace] t=3326.834537875 stage=workout-cue landscape=true step=max-hangs-1.segment-2 resting=true mode=preview ids=["edge-20-left", "edge-20-right"]
[BoardHighlightTrace] t=3327.0852343333336 stage=workout-cue landscape=true step=max-hangs-1.segment-2 resting=true mode=preview ids=["edge-20-left", "edge-20-right"]
[BoardHighlightTrace] t=3327.3356592083337 stage=workout-cue landscape=true step=max-hangs-1.segment-2 resting=true mode=preview ids=["edge-20-left", "edge-20-right"]
[BoardHighlightTrace] t=3327.571929125 stage=workout-cue landscape=true step=max-hangs-1.segment-2 resting=true mode=preview ids=["edge-20-left", "edge-20-right"]
[BoardHighlightTrace] t=3327.8198113750004 stage=workout-cue landscape=true step=max-hangs-1.segment-2 resting=true mode=preview ids=["edge-20-left", "edge-20-right"]
[BoardHighlightTrace] t=3328.0878050833335 stage=workout-cue landscape=true step=max-hangs-1.segment-2 resting=true mode=preview ids=["edge-20-left", "edge-20-right"]
[BoardHighlightTrace] t=3328.3198415833335 stage=workout-cue landscape=true step=max-hangs-1.segment-2 resting=true mode=preview ids=["edge-20-left", "edge-20-right"]
[BoardHighlightTrace] t=3328.572817416667 stage=workout-cue landscape=true step=max-hangs-1.segment-2 resting=true mode=preview ids=["edge-20-left", "edge-20-right"]
[BoardHighlightTrace] t=3328.8224235000002 stage=workout-cue landscape=true step=max-hangs-1.segment-2 resting=true mode=preview ids=["edge-20-left", "edge-20-right"]
[BoardHighlightTrace] t=3329.087466125 stage=workout-cue landscape=true step=max-hangs-1.segment-2 resting=true mode=preview ids=["edge-20-left", "edge-20-right"]
[BoardHighlightTrace] t=3329.320936916667 stage=workout-cue landscape=true step=max-hangs-1.segment-2 resting=true mode=preview ids=["edge-20-left", "edge-20-right"]
[BoardHighlightTrace] t=3329.572008375 stage=workout-cue landscape=true step=max-hangs-1.segment-2 resting=true mode=preview ids=["edge-20-left", "edge-20-right"]
[BoardHighlightTrace] t=3329.820912291667 stage=workout-cue landscape=true step=max-hangs-1.segment-2 resting=true mode=preview ids=["edge-20-left", "edge-20-right"]
[BoardHighlightTrace] t=3330.0881738750004 stage=workout-cue landscape=true step=max-hangs-1.segment-2 resting=true mode=preview ids=["edge-20-left", "edge-20-right"]
[BoardHighlightTrace] t=3330.3356675833334 stage=workout-cue landscape=true step=max-hangs-1.segment-2 resting=true mode=preview ids=["edge-20-left", "edge-20-right"]
[BoardHighlightTrace] t=3330.570953791667 stage=workout-cue landscape=true step=max-hangs-1.segment-2 resting=true mode=preview ids=["edge-20-left", "edge-20-right"]
[BoardHighlightTrace] t=3330.821507166667 stage=workout-cue landscape=true step=max-hangs-1.segment-2 resting=true mode=preview ids=["edge-20-left", "edge-20-right"]
[BoardHighlightTrace] t=3331.071754916667 stage=workout-cue landscape=true step=max-hangs-1.segment-2 resting=true mode=preview ids=["edge-20-left", "edge-20-right"]
[BoardHighlightTrace] t=3331.3226782083334 stage=workout-cue landscape=true step=max-hangs-1.segment-2 resting=true mode=preview ids=["edge-20-left", "edge-20-right"]
[BoardHighlightTrace] t=3331.573038791667 stage=workout-cue landscape=true step=max-hangs-1.segment-2 resting=true mode=preview ids=["edge-20-left", "edge-20-right"]
[BoardHighlightTrace] t=3331.8216697083335 stage=workout-cue landscape=true step=max-hangs-1.segment-2 resting=true mode=preview ids=["edge-20-left", "edge-20-right"]
[BoardHighlightTrace] t=3332.0878785 stage=workout-cue landscape=true step=max-hangs-1.segment-2 resting=true mode=preview ids=["edge-20-left", "edge-20-right"]
[BoardHighlightTrace] t=3332.3200678333337 stage=workout-cue landscape=true step=max-hangs-1.segment-2 resting=true mode=preview ids=["edge-20-left", "edge-20-right"]
[BoardHighlightTrace] t=3332.585876125 stage=workout-cue landscape=true step=max-hangs-1.segment-2 resting=true mode=preview ids=["edge-20-left", "edge-20-right"]
[BoardHighlightTrace] t=3332.8349935833335 stage=workout-cue landscape=true step=max-hangs-1.segment-2 resting=true mode=preview ids=["edge-20-left", "edge-20-right"]
[BoardHighlightTrace] t=3333.0846823750003 stage=workout-cue landscape=true step=max-hangs-1.segment-2 resting=true mode=preview ids=["edge-20-left", "edge-20-right"]
[BoardHighlightTrace] t=3333.335578666667 stage=workout-cue landscape=true step=max-hangs-1.segment-2 resting=true mode=preview ids=["edge-20-left", "edge-20-right"]
[BoardHighlightTrace] t=3333.585473916667 stage=workout-cue landscape=true step=max-hangs-1.segment-2 resting=true mode=preview ids=["edge-20-left", "edge-20-right"]
[BoardHighlightTrace] t=3333.8355068333335 stage=workout-cue landscape=true step=max-hangs-1.segment-2 resting=true mode=preview ids=["edge-20-left", "edge-20-right"]
[BoardHighlightTrace] t=3334.085693916667 stage=workout-cue landscape=true step=max-hangs-1.segment-2 resting=true mode=preview ids=["edge-20-left", "edge-20-right"]
[BoardHighlightTrace] t=3334.3354714583334 stage=workout-cue landscape=true step=max-hangs-1.segment-2 resting=true mode=preview ids=["edge-20-left", "edge-20-right"]
[BoardHighlightTrace] t=3334.588696416667 stage=workout-cue landscape=true step=max-hangs-1.segment-2 resting=true mode=preview ids=["edge-20-left", "edge-20-right"]
[BoardHighlightTrace] t=3334.835225875 stage=workout-cue landscape=true step=max-hangs-1.segment-2 resting=true mode=preview ids=["edge-20-left", "edge-20-right"]
[BoardHighlightTrace] t=3335.08729075 stage=workout-cue landscape=true step=max-hangs-1.segment-2 resting=true mode=preview ids=["edge-20-left", "edge-20-right"]
[BoardHighlightTrace] t=3335.323701041667 stage=workout-cue landscape=true step=max-hangs-1.segment-2 resting=true mode=preview ids=["edge-20-left", "edge-20-right"]
[BoardHighlightTrace] t=3335.5897656250004 stage=workout-cue landscape=true step=max-hangs-1.segment-2 resting=true mode=preview ids=["edge-20-left", "edge-20-right"]
[BoardHighlightTrace] t=3335.8390400000003 stage=workout-cue landscape=true step=max-hangs-1.segment-2 resting=true mode=preview ids=["edge-20-left", "edge-20-right"]
[BoardHighlightTrace] t=3336.0874954583337 stage=workout-cue landscape=true step=max-hangs-1.segment-2 resting=true mode=preview ids=["edge-20-left", "edge-20-right"]
[BoardHighlightTrace] t=3336.3215928333334 stage=workout-cue landscape=true step=max-hangs-1.segment-2 resting=true mode=preview ids=["edge-20-left", "edge-20-right"]
[BoardHighlightTrace] t=3336.5716525833336 stage=workout-cue landscape=true step=max-hangs-1.segment-2 resting=true mode=preview ids=["edge-20-left", "edge-20-right"]
[BoardHighlightTrace] t=3336.8225002083336 stage=workout-cue landscape=true step=max-hangs-1.segment-2 resting=true mode=preview ids=["edge-20-left", "edge-20-right"]
[BoardHighlightTrace] t=3337.0848418333335 stage=workout-cue landscape=true step=max-hangs-1.segment-2 resting=true mode=preview ids=["edge-20-left", "edge-20-right"]
[BoardHighlightTrace] t=3337.3348098333336 stage=workout-cue landscape=true step=max-hangs-1.segment-2 resting=true mode=preview ids=["edge-20-left", "edge-20-right"]
[BoardHighlightTrace] t=3337.569971625 stage=workout-cue landscape=true step=max-hangs-1.segment-2 resting=true mode=preview ids=["edge-20-left", "edge-20-right"]
[BoardHighlightTrace] t=3337.8217348333337 stage=workout-cue landscape=true step=max-hangs-1.segment-2 resting=true mode=preview ids=["edge-20-left", "edge-20-right"]
[BoardHighlightTrace] t=3338.071950791667 stage=workout-cue landscape=true step=max-hangs-1.segment-2 resting=true mode=preview ids=["edge-20-left", "edge-20-right"]
[BoardHighlightTrace] t=3338.3209169583333 stage=workout-cue landscape=true step=max-hangs-1.segment-2 resting=true mode=preview ids=["edge-20-left", "edge-20-right"]
[BoardHighlightTrace] t=3338.570884 stage=workout-cue landscape=true step=max-hangs-1.segment-2 resting=true mode=preview ids=["edge-20-left", "edge-20-right"]
[BoardHighlightTrace] t=3338.823373041667 stage=workout-cue landscape=true step=max-hangs-1.segment-2 resting=true mode=preview ids=["edge-20-left", "edge-20-right"]
[BoardHighlightTrace] t=3339.087386 stage=workout-cue landscape=true step=max-hangs-1.segment-2 resting=true mode=preview ids=["edge-20-left", "edge-20-right"]
[BoardHighlightTrace] t=3339.3221177083337 stage=workout-cue landscape=true step=max-hangs-1.segment-2 resting=true mode=preview ids=["edge-20-left", "edge-20-right"]
[BoardHighlightTrace] t=3339.571206125 stage=workout-cue landscape=true step=max-hangs-1.segment-2 resting=true mode=preview ids=["edge-20-left", "edge-20-right"]
[BoardHighlightTrace] t=3339.8238017500003 stage=workout-cue landscape=true step=max-hangs-1.segment-2 resting=true mode=preview ids=["edge-20-left", "edge-20-right"]
[BoardHighlightTrace] t=3340.087785166667 stage=workout-cue landscape=true step=max-hangs-1.segment-2 resting=true mode=preview ids=["edge-20-left", "edge-20-right"]
[BoardHighlightTrace] t=3340.3224161666667 stage=workout-cue landscape=true step=max-hangs-1.segment-2 resting=true mode=preview ids=["edge-20-left", "edge-20-right"]
[BoardHighlightTrace] t=3340.570096791667 stage=workout-cue landscape=true step=max-hangs-1.segment-2 resting=true mode=preview ids=["edge-20-left", "edge-20-right"]
[BoardHighlightTrace] t=3340.8210478333335 stage=workout-cue landscape=true step=max-hangs-1.segment-2 resting=true mode=preview ids=["edge-20-left", "edge-20-right"]
[BoardHighlightTrace] t=3341.0881927083337 stage=workout-cue landscape=true step=max-hangs-1.segment-2 resting=true mode=preview ids=["edge-20-left", "edge-20-right"]
[BoardHighlightTrace] t=3341.3210819583337 stage=workout-cue landscape=true step=max-hangs-1.segment-2 resting=true mode=preview ids=["edge-20-left", "edge-20-right"]
[BoardHighlightTrace] t=3341.5702525 stage=workout-cue landscape=true step=max-hangs-1.segment-2 resting=true mode=preview ids=["edge-20-left", "edge-20-right"]
[BoardHighlightTrace] t=3341.8215723750004 stage=workout-cue landscape=true step=max-hangs-1.segment-2 resting=true mode=preview ids=["edge-20-left", "edge-20-right"]
[BoardHighlightTrace] t=3342.0884413333333 stage=workout-cue landscape=true step=max-hangs-1.segment-2 resting=true mode=preview ids=["edge-20-left", "edge-20-right"]
[BoardHighlightTrace] t=3342.3206644166667 stage=workout-cue landscape=true step=max-hangs-1.segment-2 resting=true mode=preview ids=["edge-20-left", "edge-20-right"]
[BoardHighlightTrace] t=3342.5728693333335 stage=workout-cue landscape=true step=max-hangs-1.segment-2 resting=true mode=preview ids=["edge-20-left", "edge-20-right"]
[BoardHighlightTrace] t=3342.821765666667 stage=workout-cue landscape=true step=max-hangs-1.segment-2 resting=true mode=preview ids=["edge-20-left", "edge-20-right"]
[BoardHighlightTrace] t=3343.084724416667 stage=workout-cue landscape=true step=max-hangs-1.segment-2 resting=true mode=preview ids=["edge-20-left", "edge-20-right"]
[BoardHighlightTrace] t=3343.33475675 stage=workout-cue landscape=true step=max-hangs-1.segment-2 resting=true mode=preview ids=["edge-20-left", "edge-20-right"]
[BoardHighlightTrace] t=3343.585529041667 stage=workout-cue landscape=true step=max-hangs-1.segment-2 resting=true mode=preview ids=["edge-20-left", "edge-20-right"]
[BoardHighlightTrace] t=3343.8220025416667 stage=workout-cue landscape=true step=max-hangs-1.segment-2 resting=true mode=preview ids=["edge-20-left", "edge-20-right"]
[BoardHighlightTrace] t=3344.071795291667 stage=workout-cue landscape=true step=max-hangs-1.segment-2 resting=true mode=preview ids=["edge-20-left", "edge-20-right"]
[BoardHighlightTrace] t=3346.1001939583334 stage=workout-cue landscape=true step=max-hangs-1.segment-2 resting=true mode=preview ids=["edge-20-left", "edge-20-right"]
[BoardHighlightTrace] t=3347.107269416667 stage=workout-cue landscape=true step=max-hangs-1.segment-2 resting=true mode=preview ids=["edge-20-left", "edge-20-right"]
[BoardHighlightTrace] t=3348.1088087083335 stage=workout-cue landscape=true step=max-hangs-1.segment-2 resting=true mode=preview ids=["edge-20-left", "edge-20-right"]
[BoardHighlightTrace] t=3349.1272673333337 stage=workout-cue landscape=true step=max-hangs-1.segment-2 resting=true mode=preview ids=["edge-20-left", "edge-20-right"]
[BoardHighlightTrace] t=3349.3198377500003 stage=workout-cue landscape=true step=max-hangs-1.segment-2 resting=true mode=preview ids=["edge-20-left", "edge-20-right"]
[BoardHighlightTrace] t=3349.5729817916667 stage=workout-cue landscape=true step=max-hangs-1.segment-2 resting=true mode=preview ids=["edge-20-left", "edge-20-right"]
[BoardHighlightTrace] t=3349.8382502500003 stage=workout-cue landscape=true step=max-hangs-1.segment-2 resting=true mode=preview ids=["edge-20-left", "edge-20-right"]
[BoardHighlightTrace] t=3350.0715777500004 stage=workout-cue landscape=true step=max-hangs-1.segment-2 resting=true mode=preview ids=["edge-20-left", "edge-20-right"]
[BoardHighlightTrace] t=3350.3396892916667 stage=workout-cue landscape=true step=max-hangs-1.segment-2 resting=true mode=preview ids=["edge-20-left", "edge-20-right"]
[BoardHighlightTrace] t=3350.5739224583335 stage=workout-cue landscape=true step=max-hangs-1.segment-2 resting=true mode=preview ids=["edge-20-left", "edge-20-right"]
[BoardHighlightTrace] t=3350.82294675 stage=workout-cue landscape=true step=max-hangs-1.segment-2 resting=true mode=preview ids=["edge-20-left", "edge-20-right"]
[BoardHighlightTrace] t=3351.0859413333337 stage=workout-cue landscape=true step=max-hangs-1.segment-2 resting=true mode=preview ids=["edge-20-left", "edge-20-right"]
[BoardHighlightTrace] t=3351.3218279583334 stage=workout-cue landscape=true step=max-hangs-1.segment-2 resting=true mode=preview ids=["edge-20-left", "edge-20-right"]
[BoardHighlightTrace] t=3351.5706205833335 stage=workout-cue landscape=true step=max-hangs-1.segment-2 resting=true mode=preview ids=["edge-20-left", "edge-20-right"]
[BoardHighlightTrace] t=3351.839729041667 stage=workout-cue landscape=true step=max-hangs-1.segment-2 resting=true mode=preview ids=["edge-20-left", "edge-20-right"]
[BoardHighlightTrace] t=3352.0884029583335 stage=workout-cue landscape=true step=max-hangs-1.segment-2 resting=true mode=preview ids=["edge-20-left", "edge-20-right"]
[BoardHighlightTrace] t=3352.3357324583335 stage=workout-cue landscape=true step=max-hangs-1.segment-2 resting=true mode=preview ids=["edge-20-left", "edge-20-right"]
[BoardHighlightTrace] t=3352.571342541667 stage=workout-cue landscape=true step=max-hangs-1.segment-2 resting=true mode=preview ids=["edge-20-left", "edge-20-right"]
[BoardHighlightTrace] t=3352.8372009583336 stage=workout-cue landscape=true step=max-hangs-1.segment-2 resting=true mode=preview ids=["edge-20-left", "edge-20-right"]
[BoardHighlightTrace] t=3353.0882302083337 stage=workout-cue landscape=true step=max-hangs-1.segment-2 resting=true mode=preview ids=["edge-20-left", "edge-20-right"]
[BoardHighlightTrace] t=3353.3345340833334 stage=workout-cue landscape=true step=max-hangs-1.segment-2 resting=true mode=preview ids=["edge-20-left", "edge-20-right"]
[BoardHighlightTrace] t=3353.5847819583337 stage=workout-cue landscape=true step=max-hangs-1.segment-2 resting=true mode=preview ids=["edge-20-left", "edge-20-right"]
[BoardHighlightTrace] t=3353.835417291667 stage=workout-cue landscape=true step=max-hangs-1.segment-2 resting=true mode=preview ids=["edge-20-left", "edge-20-right"]
[BoardHighlightTrace] t=3354.0878032083338 stage=workout-cue landscape=true step=max-hangs-1.segment-2 resting=true mode=preview ids=["edge-20-left", "edge-20-right"]
[BoardHighlightTrace] t=3354.3215011250004 stage=workout-cue landscape=true step=max-hangs-1.segment-2 resting=true mode=preview ids=["edge-20-left", "edge-20-right"]
[BoardHighlightTrace] t=3354.572358916667 stage=workout-cue landscape=true step=max-hangs-1.segment-2 resting=true mode=preview ids=["edge-20-left", "edge-20-right"]
[BoardHighlightTrace] t=3354.823046791667 stage=workout-cue landscape=true step=max-hangs-1.segment-2 resting=true mode=preview ids=["edge-20-left", "edge-20-right"]
[BoardHighlightTrace] t=3355.085799916667 stage=workout-cue landscape=true step=max-hangs-1.segment-2 resting=true mode=preview ids=["edge-20-left", "edge-20-right"]
[BoardHighlightTrace] t=3355.320032 stage=workout-cue landscape=true step=max-hangs-1.segment-2 resting=true mode=preview ids=["edge-20-left", "edge-20-right"]
[BoardHighlightTrace] t=3355.572220375 stage=workout-cue landscape=true step=max-hangs-1.segment-2 resting=true mode=preview ids=["edge-20-left", "edge-20-right"]
[BoardHighlightTrace] t=3357.7801402500004 stage=workout-cue landscape=true step=max-hangs-1.segment-2 resting=true mode=preview ids=["edge-20-left", "edge-20-right"]
[BoardHighlightTrace] t=3358.79086175 stage=workout-cue landscape=true step=max-hangs-1.segment-2 resting=true mode=preview ids=["edge-20-left", "edge-20-right"]
[BoardHighlightTrace] t=3359.8018470833335 stage=workout-cue landscape=true step=max-hangs-1.segment-2 resting=true mode=preview ids=["edge-20-left", "edge-20-right"]
[BoardHighlightTrace] t=3360.805942375 stage=workout-cue landscape=true step=max-hangs-1.segment-2 resting=true mode=preview ids=["edge-20-left", "edge-20-right"]
[BoardHighlightTrace] t=3360.820299791667 stage=workout-cue landscape=true step=max-hangs-1.segment-2 resting=true mode=preview ids=["edge-20-left", "edge-20-right"]
[BoardHighlightTrace] t=3361.0704522083333 stage=workout-cue landscape=true step=max-hangs-1.segment-2 resting=true mode=preview ids=["edge-20-left", "edge-20-right"]
[BoardHighlightTrace] t=3361.32368425 stage=workout-cue landscape=true step=max-hangs-1.segment-2 resting=true mode=preview ids=["edge-20-left", "edge-20-right"]
[BoardHighlightTrace] t=3361.5873625833337 stage=workout-cue landscape=true step=max-hangs-1.segment-2 resting=true mode=preview ids=["edge-20-left", "edge-20-right"]
[BoardHighlightTrace] t=3361.835781541667 stage=workout-cue landscape=true step=max-hangs-1.segment-2 resting=true mode=preview ids=["edge-20-left", "edge-20-right"]
[BoardHighlightTrace] t=3362.0715250000003 stage=workout-cue landscape=true step=max-hangs-1.segment-2 resting=true mode=preview ids=["edge-20-left", "edge-20-right"]
[BoardHighlightTrace] t=3362.3372711250004 stage=workout-cue landscape=true step=max-hangs-1.segment-2 resting=true mode=preview ids=["edge-20-left", "edge-20-right"]
[BoardHighlightTrace] t=3362.5731248333336 stage=workout-cue landscape=true step=max-hangs-1.segment-2 resting=true mode=preview ids=["edge-20-left", "edge-20-right"]
[BoardHighlightTrace] t=3362.8233584583336 stage=workout-cue landscape=true step=max-hangs-1.segment-2 resting=true mode=preview ids=["edge-20-left", "edge-20-right"]
[BoardHighlightTrace] t=3363.085873541667 stage=workout-cue landscape=true step=max-hangs-1.segment-2 resting=true mode=preview ids=["edge-20-left", "edge-20-right"]
[BoardHighlightTrace] t=3363.321119 stage=workout-cue landscape=true step=max-hangs-1.segment-2 resting=true mode=preview ids=["edge-20-left", "edge-20-right"]
[BoardHighlightTrace] t=3365.4067725416667 stage=workout-cue landscape=true step=max-hangs-1.segment-2 resting=true mode=preview ids=["edge-20-left", "edge-20-right"]
[BoardHighlightTrace] t=3366.42086525 stage=workout-cue landscape=true step=max-hangs-1.segment-2 resting=true mode=preview ids=["edge-20-left", "edge-20-right"]
[BoardHighlightTrace] t=3367.4311629583335 stage=workout-cue landscape=true step=max-hangs-1.segment-2 resting=true mode=preview ids=["edge-20-left", "edge-20-right"]
[BoardHighlightTrace] t=3368.4434763333334 stage=workout-cue landscape=true step=max-hangs-1.segment-2 resting=true mode=preview ids=["edge-20-left", "edge-20-right"]
[BoardHighlightTrace] t=3368.571070666667 stage=workout-cue landscape=true step=max-hangs-1.segment-2 resting=true mode=preview ids=["edge-20-left", "edge-20-right"]
[BoardHighlightTrace] t=3368.823324375 stage=workout-cue landscape=true step=max-hangs-1.segment-2 resting=true mode=preview ids=["edge-20-left", "edge-20-right"]
[BoardHighlightTrace] t=3369.087978 stage=workout-cue landscape=true step=max-hangs-1.segment-2 resting=true mode=preview ids=["edge-20-left", "edge-20-right"]
[BoardHighlightTrace] t=3369.3371103333334 stage=workout-cue landscape=true step=max-hangs-1.segment-2 resting=true mode=preview ids=["edge-20-left", "edge-20-right"]
[BoardHighlightTrace] t=3369.571390291667 stage=workout-cue landscape=true step=max-hangs-1.segment-2 resting=true mode=preview ids=["edge-20-left", "edge-20-right"]
[BoardHighlightTrace] t=3369.8224485 stage=workout-cue landscape=true step=max-hangs-1.segment-2 resting=true mode=preview ids=["edge-20-left", "edge-20-right"]
[BoardHighlightTrace] t=3370.0890235 stage=workout-cue landscape=true step=max-hangs-1.segment-2 resting=true mode=preview ids=["edge-20-left", "edge-20-right"]
[BoardHighlightTrace] t=3370.3198731250004 stage=workout-cue landscape=true step=max-hangs-1.segment-2 resting=true mode=preview ids=["edge-20-left", "edge-20-right"]
[Board