{
  "checks": {
    "readinessPassedWithinBound": true,
    "readinessEvidenceInCompleteTrace": true,
    "readinessBeforeOpenURL": true,
    "initialTrainConstructorAndMakeBeforeOpenURL": true,
    "exactlyInitialFalseThenTrue": true,
    "initialBoardMapBeforeOpenURL": true,
    "navigationTrueAfterOpenURLBeforeFirstHang": true,
    "requestedBranchMatchesAction": true,
    "expectedBoardPlanPresentation": true,
    "navFlagsCorrect": true,
    "sameReadyPredecessorIsDetached": true,
    "distinctWorkoutExactlyOne": true
  },
  "liveness": {
    "observations": 135,
    "parentAlive": 135,
    "sceneAlive": 135
  }
}
