<TopoShape> TopoShapeExpansion.cpp(983): hasher mismatch
<TopoShape> TopoShapeExpansion.cpp(983): hasher mismatch
<TopoShape> TopoShapeExpansion.cpp(983): hasher mismatch
<TopoShape> TopoShapeExpansion.cpp(983): hasher mismatch
<TopoShape> TopoShapeExpansion.cpp(983): hasher mismatch
<TopoShape> TopoShapeExpansion.cpp(983): hasher mismatch
<TopoShape> TopoShapeExpansion.cpp(983): hasher mismatch
<TopoShape> TopoShapeExpansion.cpp(983): hasher mismatch
<TopoShape> TopoShapeExpansion.cpp(983): hasher mismatch
<TopoShape> TopoShapeExpansion.cpp(983): hasher mismatch
<TopoShape> TopoShapeExpansion.cpp(983): hasher mismatch
<TopoShape> TopoShapeExpansion.cpp(983): hasher mismatch
<TopoShape> TopoShapeExpansion.cpp(983): hasher mismatch
<TopoShape> TopoShapeExpansion.cpp(983): hasher mismatch
<TopoShape> TopoShapeExpansion.cpp(983): hasher mismatch
<TopoShape> TopoShapeExpansion.cpp(983): hasher mismatch
<TopoShape> TopoShapeExpansion.cpp(983): hasher mismatch
<TopoShape> TopoShapeExpansion.cpp(983): hasher mismatch
<TopoShape> TopoShapeExpansion.cpp(983): hasher mismatch
<TopoShape> TopoShapeExpansion.cpp(983): hasher mismatch
<TopoShape> TopoShapeExpansion.cpp(983): hasher mismatch
<TopoShape> TopoShapeExpansion.cpp(983): hasher mismatch
<TopoShape> TopoShapeExpansion.cpp(983): hasher mismatch
<TopoShape> TopoShapeExpansion.cpp(983): hasher mismatch
<TopoShape> TopoShapeExpansion.cpp(983): hasher mismatch
<TopoShape> TopoShapeExpansion.cpp(983): hasher mismatch
<TopoShape> TopoShapeExpansion.cpp(983): hasher mismatch
<TopoShape> TopoShapeExpansion.cpp(983): hasher mismatch
<TopoShape> TopoShapeExpansion.cpp(983): hasher mismatch
<TopoShape> TopoShapeExpansion.cpp(983): hasher mismatch
<TopoShape> TopoShapeExpansion.cpp(983): hasher mismatch
<TopoShape> TopoShapeExpansion.cpp(983): hasher mismatch
<TopoShape> TopoShapeExpansion.cpp(983): hasher mismatch
<TopoShape> TopoShapeExpansion.cpp(983): hasher mismatch
<TopoShape> TopoShapeExpansion.cpp(983): hasher mismatch
<TopoShape> TopoShapeExpansion.cpp(983): hasher mismatch
<TopoShape> TopoShapeExpansion.cpp(983): hasher mismatch
<TopoShape> TopoShapeExpansion.cpp(983): hasher mismatch
<TopoShape> TopoShapeExpansion.cpp(983): hasher mismatch
<TopoShape> TopoShapeExpansion.cpp(983): hasher mismatch
<TopoShape> TopoShapeExpansion.cpp(983): hasher mismatch
<TopoShape> TopoShapeExpansion.cpp(983): hasher mismatch
<TopoShape> TopoShapeExpansion.cpp(983): hasher mismatch
<TopoShape> TopoShapeExpansion.cpp(983): hasher mismatch
<TopoShape> TopoShapeExpansion.cpp(983): hasher mismatch
<TopoShape> TopoShapeExpansion.cpp(983): hasher mismatch
<TopoShape> TopoShapeExpansion.cpp(983): hasher mismatch
<TopoShape> TopoShapeExpansion.cpp(983): hasher mismatch
<TopoShape> TopoShapeExpansion.cpp(983): hasher mismatch
<TopoShape> TopoShapeExpansion.cpp(983): hasher mismatch
<TopoShape> TopoShapeExpansion.cpp(983): hasher mismatch
<TopoShape> TopoShapeExpansion.cpp(983): hasher mismatch
<TopoShape> TopoShapeExpansion.cpp(983): hasher mismatch
<TopoShape> TopoShapeExpansion.cpp(983): hasher mismatch
<TopoShape> TopoShapeExpansion.cpp(983): hasher mismatch
<TopoShape> TopoShapeExpansion.cpp(983): hasher mismatch
<TopoShape> TopoShapeExpansion.cpp(983): hasher mismatch
<TopoShape> TopoShapeExpansion.cpp(983): hasher mismatch
<TopoShape> TopoShapeExpansion.cpp(983): hasher mismatch
<TopoShape> TopoShapeExpansion.cpp(983): hasher mismatch
<TopoShape> TopoShapeExpansion.cpp(983): hasher mismatch
<TopoShape> TopoShapeExpansion.cpp(983): hasher mismatch
<TopoShape> TopoShapeExpansion.cpp(983): hasher mismatch
<TopoShape> TopoShapeExpansion.cpp(983): hasher mismatch
<TopoShape> TopoShapeExpansion.cpp(983): hasher mismatch
<TopoShape> TopoShapeExpansion.cpp(983): hasher mismatch
<TopoShape> TopoShapeExpansion.cpp(983): hasher mismatch
<TopoShape> TopoShapeExpansion.cpp(983): hasher mismatch
<TopoShape> TopoShapeExpansion.cpp(983): hasher mismatch
<TopoShape> TopoShapeExpansion.cpp(983): hasher mismatch
<TopoShape> TopoShapeExpansion.cpp(983): hasher mismatch
<TopoShape> TopoShapeExpansion.cpp(983): hasher mismatch
<TopoShape> TopoShapeExpansion.cpp(983): hasher mismatch
<TopoShape> TopoShapeExpansion.cpp(983): hasher mismatch
<TopoShape> TopoShapeExpansion.cpp(983): hasher mismatch
<TopoShape> TopoShapeExpansion.cpp(983): hasher mismatch
<TopoShape> TopoShapeExpansion.cpp(983): hasher mismatch
<TopoShape> TopoShapeExpansion.cpp(983): hasher mismatch
<TopoShape> TopoShapeExpansion.cpp(983): hasher mismatch
<TopoShape> TopoShapeExpansion.cpp(983): hasher mismatch
<TopoShape> TopoShapeExpansion.cpp(983): hasher mismatch
<TopoShape> TopoShapeExpansion.cpp(983): hasher mismatch
<TopoShape> TopoShapeExpansion.cpp(983): hasher mismatch
<TopoShape> TopoShapeExpansion.cpp(983): hasher mismatch
<TopoShape> TopoShapeExpansion.cpp(983): hasher mismatch
<TopoShape> TopoShapeExpansion.cpp(983): hasher mismatch
<TopoShape> TopoShapeExpansion.cpp(983): hasher mismatch
<TopoShape> TopoShapeExpansion.cpp(983): hasher mismatch
<TopoShape> TopoShapeExpansion.cpp(983): hasher mismatch
<TopoShape> TopoShapeExpansion.cpp(983): hasher mismatch
<TopoShape> TopoShapeExpansion.cpp(983): hasher mismatch
<TopoShape> TopoShapeExpansion.cpp(983): hasher mismatch
<TopoShape> TopoShapeExpansion.cpp(983): hasher mismatch
<TopoShape> TopoShapeExpansion.cpp(983): hasher mismatch
<TopoShape> TopoShapeExpansion.cpp(983): hasher mismatch
<TopoShape> TopoShapeExpansion.cpp(983): hasher mismatch
<TopoShape> TopoShapeExpansion.cpp(983): hasher mismatch
<TopoShape> TopoShapeExpansion.cpp(983): hasher mismatch
<TopoShape> TopoShapeExpansion.cpp(983): hasher mismatch
<TopoShape> TopoShapeExpansion.cpp(983): hasher mismatch
<TopoShape> TopoShapeExpansion.cpp(983): hasher mismatch
<TopoShape> TopoShapeExpansion.cpp(983): hasher mismatch
<TopoShape> TopoShapeExpansion.cpp(983): hasher mismatch
<TopoShape> TopoShapeExpansion.cpp(983): hasher mismatch
<TopoShape> TopoShapeExpansion.cpp(983): hasher mismatch
<TopoShape> TopoShapeExpansion.cpp(983): hasher mismatch
<TopoShape> TopoShapeExpansion.cpp(983): hasher mismatch
<TopoShape> TopoShapeExpansion.cpp(983): hasher mismatch
<TopoShape> TopoShapeExpansion.cpp(983): hasher mismatch
<TopoShape> TopoShapeExpansion.cpp(983): hasher mismatch
<TopoShape> TopoShapeExpansion.cpp(983): hasher mismatch
<TopoShape> TopoShapeExpansion.cpp(983): hasher mismatch
<TopoShape> TopoShapeExpansion.cpp(983): hasher mismatch
<TopoShape> TopoShapeExpansion.cpp(983): hasher mismatch
<TopoShape> TopoShapeExpansion.cpp(983): hasher mismatch
<TopoShape> TopoShapeExpansion.cpp(983): hasher mismatch
<TopoShape> TopoShapeExpansion.cpp(983): hasher mismatch
<TopoShape> TopoShapeExpansion.cpp(983): hasher mismatch
<TopoShape> TopoShapeExpansion.cpp(983): hasher mismatch
<TopoShape> TopoShapeExpansion.cpp(983): hasher mismatch
<TopoShape> TopoShapeExpansion.cpp(983): hasher mismatch
<TopoShape> TopoShapeExpansion.cpp(983): hasher mismatch
<TopoShape> TopoShapeExpansion.cpp(983): hasher mismatch
<TopoShape> TopoShapeExpansion.cpp(983): hasher mismatch
<TopoShape> TopoShapeExpansion.cpp(983): hasher mismatch
<TopoShape> TopoShapeExpansion.cpp(983): hasher mismatch
<TopoShape> TopoShapeExpansion.cpp(983): hasher mismatch
<TopoShape> TopoShapeExpansion.cpp(983): hasher mismatch
<TopoShape> TopoShapeExpansion.cpp(983): hasher mismatch
<TopoShape> TopoShapeExpansion.cpp(983): hasher mismatch
<TopoShape> TopoShapeExpansion.cpp(983): hasher mismatch
<TopoShape> TopoShapeExpansion.cpp(983): hasher mismatch
<TopoShape> TopoShapeExpansion.cpp(983): hasher mismatch
<TopoShape> TopoShapeExpansion.cpp(983): hasher mismatch
<TopoShape> TopoShapeExpansion.cpp(983): hasher mismatch
<TopoShape> TopoShapeExpansion.cpp(983): hasher mismatch
<TopoShape> TopoShapeExpansion.cpp(983): hasher mismatch
<TopoShape> TopoShapeExpansion.cpp(983): hasher mismatch
<TopoShape> TopoShapeExpansion.cpp(983): hasher mismatch
<TopoShape> TopoShapeExpansion.cpp(983): hasher mismatch
<TopoShape> TopoShapeExpansion.cpp(983): hasher mismatch
<TopoShape> TopoShapeExpansion.cpp(983): hasher mismatch
<TopoShape> TopoShapeExpansion.cpp(983): hasher mismatch
<TopoShape> TopoShapeExpansion.cpp(983): hasher mismatch
<TopoShape> TopoShapeExpansion.cpp(983): hasher mismatch
<TopoShape> TopoShapeExpansion.cpp(983): hasher mismatch
<TopoShape> TopoShapeExpansion.cpp(983): hasher mismatch
<TopoShape> TopoShapeExpansion.cpp(983): hasher mismatch
<TopoShape> TopoShapeExpansion.cpp(983): hasher mismatch
<TopoShape> TopoShapeExpansion.cpp(983): hasher mismatch
<TopoShape> TopoShapeExpansion.cpp(983): hasher mismatch
<TopoShape> TopoShapeExpansion.cpp(983): hasher mismatch
<TopoShape> TopoShapeExpansion.cpp(983): hasher mismatch
<TopoShape> TopoShapeExpansion.cpp(983): hasher mismatch
<TopoShape> TopoShapeExpansion.cpp(983): hasher mismatch
<TopoShape> TopoShapeExpansion.cpp(983): hasher mismatch
<TopoShape> TopoShapeExpansion.cpp(983): hasher mismatch
<TopoShape> TopoShapeExpansion.cpp(983): hasher mismatch
<TopoShape> TopoShapeExpansion.cpp(983): hasher mismatch
<TopoShape> TopoShapeExpansion.cpp(983): hasher mismatch
<TopoShape> TopoShapeExpansion.cpp(983): hasher mismatch
<TopoShape> TopoShapeExpansion.cpp(983): hasher mismatch
<TopoShape> TopoShapeExpansion.cpp(983): hasher mismatch
<TopoShape> TopoShapeExpansion.cpp(983): hasher mismatch
<TopoShape> TopoShapeExpansion.cpp(983): hasher mismatch
<TopoShape> TopoShapeExpansion.cpp(983): hasher mismatch
<TopoShape> TopoShapeExpansion.cpp(983): hasher mismatch
<TopoShape> TopoShapeExpansion.cpp(983): hasher mismatch
<TopoShape> TopoShapeExpansion.cpp(983): hasher mismatch
<TopoShape> TopoShapeExpansion.cpp(983): hasher mismatch
<TopoShape> TopoShapeExpansion.cpp(983): hasher mismatch
<TopoShape> TopoShapeExpansion.cpp(983): hasher mismatch
<TopoShape> TopoShapeExpansion.cpp(983): hasher mismatch
<TopoShape> TopoShapeExpansion.cpp(983): hasher mismatch
<TopoShape> TopoShapeExpansion.cpp(983): hasher mismatch
<TopoShape> TopoShapeExpansion.cpp(983): hasher mismatch
<TopoShape> TopoShapeExpansion.cpp(983): hasher mismatch
<TopoShape> TopoShapeExpansion.cpp(983): hasher mismatch
<TopoShape> TopoShapeExpansion.cpp(983): hasher mismatch
<TopoShape> TopoShapeExpansion.cpp(983): hasher mismatch
<TopoShape> TopoShapeExpansion.cpp(983): hasher mismatch
<TopoShape> TopoShapeExpansion.cpp(983): hasher mismatch
<TopoShape> TopoShapeExpansion.cpp(983): hasher mismatch
<TopoShape> TopoShapeExpansion.cpp(983): hasher mismatch
<TopoShape> TopoShapeExpansion.cpp(983): hasher mismatch
<TopoShape> TopoShapeExpansion.cpp(983): hasher mismatch
<TopoShape> TopoShapeExpansion.cpp(983): hasher mismatch
<TopoShape> TopoShapeExpansion.cpp(983): hasher mismatch
<TopoShape> TopoShapeExpansion.cpp(983): hasher mismatch
<TopoShape> TopoShapeExpansion.cpp(983): hasher mismatch
<TopoShape> TopoShapeExpansion.cpp(983): hasher mismatch
<TopoShape> TopoShapeExpansion.cpp(983): hasher mismatch
<TopoShape> TopoShapeExpansion.cpp(983): hasher mismatch
<TopoShape> TopoShapeExpansion.cpp(983): hasher mismatch
<TopoShape> TopoShapeExpansion.cpp(983): hasher mismatch
<TopoShape> TopoShapeExpansion.cpp(983): hasher mismatch
<TopoShape> TopoShapeExpansion.cpp(983): hasher mismatch
<TopoShape> TopoShapeExpansion.cpp(983): hasher mismatch
<TopoShape> TopoShapeExpansion.cpp(983): hasher mismatch
<TopoShape> TopoShapeExpansion.cpp(983): hasher mismatch
<TopoShape> TopoShapeExpansion.cpp(983): hasher mismatch
<TopoShape> TopoShapeExpansion.cpp(983): hasher mismatch
<TopoShape> TopoShapeExpansion.cpp(983): hasher mismatch
<TopoShape> TopoShapeExpansion.cpp(983): hasher mismatch
<TopoShape> TopoShapeExpansion.cpp(983): hasher mismatch
<TopoShape> TopoShapeExpansion.cpp(983): hasher mismatch
<TopoShape> TopoShapeExpansion.cpp(983): hasher mismatch
<TopoShape> TopoShapeExpansion.cpp(983): hasher mismatch
<TopoShape> TopoShapeExpansion.cpp(983): hasher mismatch
<TopoShape> TopoShapeExpansion.cpp(983): hasher mismatch
<TopoShape> TopoShapeExpansion.cpp(983): hasher mismatch
<TopoShape> TopoShapeExpansion.cpp(983): hasher mismatch
<TopoShape> TopoShapeExpansion.cpp(983): hasher mismatch
Traceback (most recent call last):
  File "/Users/asherlc/.paseo/worktrees/0h78jp9r/placid-badger/.context/placid-badger/forge-review15/preflight/placid-badger-native-export-20261003T014220/placid-badger-tmp/placid-badger-native-gate-bootstrap.py", line 7, in <module>
    exec(compile(open(path).read(),path,'exec'),{'__name__':'__main__','__file__':path})
  File "/Users/asherlc/.paseo/worktrees/0h78jp9r/placid-badger/.context/placid-badger/forge-review15/preflight/placid-badger-native-export-20261003T014220/check-forge-native.py", line 215, in <module>
    main()
  File "/Users/asherlc/.paseo/worktrees/0h78jp9r/placid-badger/.context/placid-badger/forge-review15/preflight/placid-badger-native-export-20261003T014220/check-forge-native.py", line 135, in main
    assert not rear and inventory[contact_id]['sameSurfaceAsBaseline']
           ^^^^^^^^^^^^^^^^^^^^^^^^^^^^^^^^^^^^^^^^^^^^^^^^^^^^^^^^^^^
AssertionError
