........................................................................ [ 11%]
........................................................................ [ 23%]
........................................................................ [ 35%]
........................................................................ [ 47%]
........................................................................ [ 59%]
........................................................................ [ 71%]
...F.....F.............................................................. [ 83%]
...................s.ss...............................................ss [ 95%]
s.........sss..............                                              [100%]
=================================== FAILURES ===================================
________________ test_grid_simplification_preserves_open_border ________________

    def test_grid_simplification_preserves_open_border():
        tool=load_tool()
        x,y=np.meshgrid(np.linspace(0,1,21),np.linspace(0,1,21));v=np.c_[x.ravel(),y.ravel(),np.zeros(x.size)].astype(np.float32)
        f=[]
        for i in range(20):
            for j in range(20):
                a=i*21+j;f.extend([[a,a+1,a+22],[a,a+22,a+21]])
        f=np.array(f,np.uint32); n=np.tile([0,0,1],(len(v),1)).astype(np.float32)
>       out=tool.reduce_mesh(v,f,{'normals':n,'st':v[:,:2]},target_ratio=.2,error_relative=.001)
            ^^^^^^^^^^^^^^^^^^^^^^^^^^^^^^^^^^^^^^^^^^^^^^^^^^^^^^^^^^^^^^^^^^^^^^^^^^^^^^^^^^^^

Tools/HangboardModels/tests/test_simplify_display_models.py:51: 
_ _ _ _ _ _ _ _ _ _ _ _ _ _ _ _ _ _ _ _ _ _ _ _ _ _ _ _ _ _ _ _ _ _ _ _ _ _ _ _ 
Tools/HangboardModels/simplify_display_models.py:217: in reduce_mesh
    lib=_library()
        ^^^^^^^^^^
Tools/HangboardModels/simplify_display_models.py:188: in _library
    lib=C.CDLL(name)
        ^^^^^^^^^^^^
_ _ _ _ _ _ _ _ _ _ _ _ _ _ _ _ _ _ _ _ _ _ _ _ _ _ _ _ _ _ _ _ _ _ _ _ _ _ _ _ 

self = <CDLL '/Users/asherlc/.paseo/worktrees/0h78jp9r/placid-badger/.context/deps/libmeshoptimizer.so', handle 0 at 0x12e986b10>
name = '/Users/asherlc/.paseo/worktrees/0h78jp9r/placid-badger/.context/deps/libmeshoptimizer.so'
mode = 4, handle = None, use_errno = False, use_last_error = False
winmode = None

    def __init__(self, name, mode=DEFAULT_MODE, handle=None,
                 use_errno=False,
                 use_last_error=False,
                 winmode=None):
        if name:
            name = _os.fspath(name)
        self._name = name
        flags = self._func_flags_
        if use_errno:
            flags |= _FUNCFLAG_USE_ERRNO
        if use_last_error:
            flags |= _FUNCFLAG_USE_LASTERROR
        if _sys.platform.startswith("aix"):
            """When the name contains ".a(" and ends with ")",
               e.g., "libFOO.a(libFOO.so)" - this is taken to be an
               archive(member) syntax for dlopen(), and the mode is adjusted.
               Otherwise, name is presented to dlopen() as a file argument.
            """
            if name and name.endswith(")") and ".a(" in name:
                mode |= ( _os.RTLD_MEMBER | _os.RTLD_NOW )
        if _os.name == "nt":
            if winmode is not None:
                mode = winmode
            else:
                import nt
                mode = nt._LOAD_LIBRARY_SEARCH_DEFAULT_DIRS
                if '/' in name or '\\' in name:
                    self._name = nt._getfullpathname(self._name)
                    mode |= nt._LOAD_LIBRARY_SEARCH_DLL_LOAD_DIR
    
        class _FuncPtr(_CFuncPtr):
            _flags_ = flags
            _restype_ = self._func_restype_
        self._FuncPtr = _FuncPtr
    
        if handle is None:
>           self._handle = _dlopen(self._name, mode)
                           ^^^^^^^^^^^^^^^^^^^^^^^^^
E           OSError: dlopen(/Users/asherlc/.paseo/worktrees/0h78jp9r/placid-badger/.context/deps/libmeshoptimizer.so, 0x0006): tried: '/Users/asherlc/.paseo/worktrees/0h78jp9r/placid-badger/.context/deps/libmeshoptimizer.so' (no such file), '/System/Volumes/Preboot/Cryptexes/OS/Users/asherlc/.paseo/worktrees/0h78jp9r/placid-badger/.context/deps/libmeshoptimizer.so' (no such file), '/Users/asherlc/.paseo/worktrees/0h78jp9r/placid-badger/.context/deps/libmeshoptimizer.so' (no such file)

/opt/homebrew/Cellar/python@3.12/3.12.3/Frameworks/Python.framework/Versions/3.12/lib/python3.12/ctypes/__init__.py:379: OSError
_____________ test_permissive_normal_seams_keep_physical_boundary ______________

    def test_permissive_normal_seams_keep_physical_boundary():
        tool=load_tool()
        x,y=np.meshgrid(np.linspace(0,1,12),np.linspace(0,1,12));v=np.c_[x.ravel(),y.ravel(),np.zeros(x.size)].astype(np.float32)
        f=[]
        for i in range(11):
            for j in range(11):
                a=i*12+j;f.extend([[a,a+1,a+13],[a,a+13,a+12]])
        f=np.array(f,np.uint32);n=np.tile([0,0,1],(len(f),3,1)).astype(np.float32)
        n[:,:,0]=np.linspace(0,1e-5,len(f))[:,None]
        p,attrs,g=tool.compact_corners(v,f,{'normals':n})
>       out=tool.reduce_mesh(p,g,attrs,target_ratio=.25,error_relative=.001,permissive=True)
            ^^^^^^^^^^^^^^^^^^^^^^^^^^^^^^^^^^^^^^^^^^^^^^^^^^^^^^^^^^^^^^^^^^^^^^^^^^^^^^^^

Tools/HangboardModels/tests/test_simplify_display_models.py:103: 
_ _ _ _ _ _ _ _ _ _ _ _ _ _ _ _ _ _ _ _ _ _ _ _ _ _ _ _ _ _ _ _ _ _ _ _ _ _ _ _ 
Tools/HangboardModels/simplify_display_models.py:217: in reduce_mesh
    lib=_library()
        ^^^^^^^^^^
Tools/HangboardModels/simplify_display_models.py:188: in _library
    lib=C.CDLL(name)
        ^^^^^^^^^^^^
_ _ _ _ _ _ _ _ _ _ _ _ _ _ _ _ _ _ _ _ _ _ _ _ _ _ _ _ _ _ _ _ _ _ _ _ _ _ _ _ 

self = <CDLL '/Users/asherlc/.paseo/worktrees/0h78jp9r/placid-badger/.context/deps/libmeshoptimizer.so', handle 0 at 0x12e8d22d0>
name = '/Users/asherlc/.paseo/worktrees/0h78jp9r/placid-badger/.context/deps/libmeshoptimizer.so'
mode = 4, handle = None, use_errno = False, use_last_error = False
winmode = None

    def __init__(self, name, mode=DEFAULT_MODE, handle=None,
                 use_errno=False,
                 use_last_error=False,
                 winmode=None):
        if name:
            name = _os.fspath(name)
        self._name = name
        flags = self._func_flags_
        if use_errno:
            flags |= _FUNCFLAG_USE_ERRNO
        if use_last_error:
            flags |= _FUNCFLAG_USE_LASTERROR
        if _sys.platform.startswith("aix"):
            """When the name contains ".a(" and ends with ")",
               e.g., "libFOO.a(libFOO.so)" - this is taken to be an
               archive(member) syntax for dlopen(), and the mode is adjusted.
               Otherwise, name is presented to dlopen() as a file argument.
            """
            if name and name.endswith(")") and ".a(" in name:
                mode |= ( _os.RTLD_MEMBER | _os.RTLD_NOW )
        if _os.name == "nt":
            if winmode is not None:
                mode = winmode
            else:
                import nt
                mode = nt._LOAD_LIBRARY_SEARCH_DEFAULT_DIRS
                if '/' in name or '\\' in name:
                    self._name = nt._getfullpathname(self._name)
                    mode |= nt._LOAD_LIBRARY_SEARCH_DLL_LOAD_DIR
    
        class _FuncPtr(_CFuncPtr):
            _flags_ = flags
            _restype_ = self._func_restype_
        self._FuncPtr = _FuncPtr
    
        if handle is None:
>           self._handle = _dlopen(self._name, mode)
                           ^^^^^^^^^^^^^^^^^^^^^^^^^
E           OSError: dlopen(/Users/asherlc/.paseo/worktrees/0h78jp9r/placid-badger/.context/deps/libmeshoptimizer.so, 0x0006): tried: '/Users/asherlc/.paseo/worktrees/0h78jp9r/placid-badger/.context/deps/libmeshoptimizer.so' (no such file), '/System/Volumes/Preboot/Cryptexes/OS/Users/asherlc/.paseo/worktrees/0h78jp9r/placid-badger/.context/deps/libmeshoptimizer.so' (no such file), '/Users/asherlc/.paseo/worktrees/0h78jp9r/placid-badger/.context/deps/libmeshoptimizer.so' (no such file)

/opt/homebrew/Cellar/python@3.12/3.12.3/Frameworks/Python.framework/Versions/3.12/lib/python3.12/ctypes/__init__.py:379: OSError
=========================== short test summary info ============================
FAILED Tools/HangboardPackages/test_simplify_display_models.py::test_grid_simplification_preserves_open_border
FAILED Tools/HangboardPackages/test_simplify_display_models.py::test_permissive_normal_seams_keep_physical_boundary
2 failed, 592 passed, 9 skipped, 1 deselected in 147.06s (0:02:27)
