FFFF                                                                     [100%]
=================================== FAILURES ===================================
_____ test_unobstructed_oblique_front_entry_releases_the_artificial_collar _____

    def test_unobstructed_oblique_front_entry_releases_the_artificial_collar():
        mesh = trimesh.creation.box(extents=[.08, .08, .01])
        mesh.apply_translation([0, 0, -.03])
        path = np.array([[0, .10, .02], [0, 0, .02], [0, 0, 0]])
        initial = path.copy()
        paths, report = tighten(mesh, {"lead": path}, {"lead": .002}, {"lead": [0, 0, 1]})
        result = paths["lead"]
        direct = np.linalg.norm(path[0]-path[-1])
>       assert length(result) == pytest.approx(direct, abs=1e-8), "unsupported free-space collar bend remains"
E       AssertionError: unsupported free-space collar bend remains
E       assert 0.12000000000000001 == 0.10198039027185571 ± 1.0e-08
E         
E         comparison failed
E         Obtained: 0.12000000000000001
E         Expected: 0.10198039027185571 ± 1.0e-08

Tools/HangboardCAD/tests/test_native_cord_tightening.py:32: AssertionError
______ test_shortening_preserves_native_obstacle_and_other_occupied_cord _______

    def test_shortening_preserves_native_obstacle_and_other_occupied_cord():
        mesh = trimesh.creation.box(extents=[.02, .02, .02])
        path = np.array([[-.04, 0, .02], [-.025, .025, .025], [.025, .025, .025], [.04, 0, .02]])
        other = np.array([[0, -.025, .02], [0, .025, .02]])
        seed = {"lead": path, "occupied": other}
        radii = {"lead": .002, "occupied": .002}
        validate_cord_paths(seed, radii)
        paths, report = tighten(mesh, seed, radii, {"lead": [0,0,1]})
>       assert length(paths["lead"]) < length(path)-.005, "safe 3D shortening was not attempted"
E       AssertionError: safe 3D shortening was not attempted
E       assert 0.10916079783099616 < (0.10916079783099616 - 0.005)
E        +  where 0.10916079783099616 = length(array([[-0.04 ,  0.   ,  0.02 ],\n       [-0.025,  0.025,  0.025],\n       [ 0.025,  0.025,  0.025],\n       [ 0.04 ,  0.   ,  0.02 ]]))
E        +  and   0.10916079783099616 = length(array([[-0.04 ,  0.   ,  0.02 ],\n       [-0.025,  0.025,  0.025],\n       [ 0.025,  0.025,  0.025],\n       [ 0.04 ,  0.   ,  0.02 ]]))

Tools/HangboardCAD/tests/test_native_cord_tightening.py:48: AssertionError
______ test_shortening_never_uses_rear_entry_even_when_its_chord_is_clear ______

    def test_shortening_never_uses_rear_entry_even_when_its_chord_is_clear():
        mesh = trimesh.creation.box(extents=[.01, .01, .01])
        mesh.apply_translation([.1, 0, 0])
        path = np.array([[0,.10,-.02], [0,.03,.01], [0,0,.01], [0,0,0]])
        paths, _ = tighten(mesh, {"lead": path}, {"lead": .002}, {"lead": [0,0,1]})
>       assert length(paths["lead"]) < length(path)-.001
E       assert 0.11615773105863908 < (0.11615773105863908 - 0.001)
E        +  where 0.11615773105863908 = length(array([[ 0.  ,  0.1 , -0.02],\n       [ 0.  ,  0.03,  0.01],\n       [ 0.  ,  0.  ,  0.01],\n       [ 0.  ,  0.  ,  0.  ]]))
E        +  and   0.11615773105863908 = length(array([[ 0.  ,  0.1 , -0.02],\n       [ 0.  ,  0.03,  0.01],\n       [ 0.  ,  0.  ,  0.01],\n       [ 0.  ,  0.  ,  0.  ]]))

Tools/HangboardCAD/tests/test_native_cord_tightening.py:61: AssertionError
_ test_shortening_is_deterministic_and_independent_of_mapping_insertion_order __

    def test_shortening_is_deterministic_and_independent_of_mapping_insertion_order():
        mesh = trimesh.creation.box(extents=[.02,.02,.02]); mesh.apply_translation([0,0,-.1])
        routes = {"b": np.array([[.02,.1,.01],[.04,.04,.04],[.02,0,0]]),
                  "a": np.array([[-.02,.1,.01],[-.04,.04,.04],[-.02,0,0]])}
        radii={identifier:.002 for identifier in routes}; axes={identifier:[0,0,1] for identifier in routes}
        first, _ = tighten(mesh, routes, radii, axes)
        second, _ = tighten(mesh, dict(reversed(list(routes.items()))), radii, axes)
        assert all(np.array_equal(first[key], second[key]) for key in routes)
>       assert sum(map(length, first.values())) < sum(map(length, routes.values()))-.01
E       AssertionError: assert 0.26 < (0.26 - 0.01)
E        +  where 0.26 = sum(<map object at 0x10ba35f30>)
E        +    where <map object at 0x10ba35f30> = map(length, dict_values([array([[0.02, 0.1 , 0.01],\n       [0.04, 0.04, 0.04],\n       [0.02, 0.  , 0.  ]]), array([[-0.02,  0.1 ,  0.01],\n       [-0.04,  0.04,  0.04],\n       [-0.02,  0.  ,  0.  ]])]))
E        +      where dict_values([array([[0.02, 0.1 , 0.01],\n       [0.04, 0.04, 0.04],\n       [0.02, 0.  , 0.  ]]), array([[-0.02,  0.1 ,  0.01],\n       [-0.04,  0.04,  0.04],\n       [-0.02,  0.  ,  0.  ]])]) = <built-in method values of dict object at 0x10bedf340>()
E        +        where <built-in method values of dict object at 0x10bedf340> = {'b': array([[0.02, 0.1 , 0.01],\n       [0.04, 0.04, 0.04],\n       [0.02, 0.  , 0.  ]]), 'a': array([[-0.02,  0.1 ,  0.01],\n       [-0.04,  0.04,  0.04],\n       [-0.02,  0.  ,  0.  ]])}.values
E        +  and   0.26 = sum(<map object at 0x10ba35ff0>)
E        +    where <map object at 0x10ba35ff0> = map(length, dict_values([array([[0.02, 0.1 , 0.01],\n       [0.04, 0.04, 0.04],\n       [0.02, 0.  , 0.  ]]), array([[-0.02,  0.1 ,  0.01],\n       [-0.04,  0.04,  0.04],\n       [-0.02,  0.  ,  0.  ]])]))
E        +      where dict_values([array([[0.02, 0.1 , 0.01],\n       [0.04, 0.04, 0.04],\n       [0.02, 0.  , 0.  ]]), array([[-0.02,  0.1 ,  0.01],\n       [-0.04,  0.04,  0.04],\n       [-0.02,  0.  ,  0.  ]])]) = <built-in method values of dict object at 0x10bedf340>()
E        +        where <built-in method values of dict object at 0x10bedf340> = {'b': array([[0.02, 0.1 , 0.01],\n       [0.04, 0.04, 0.04],\n       [0.02, 0.  , 0.  ]]), 'a': array([[-0.02,  0.1 ,  0.01],\n       [-0.04,  0.04,  0.04],\n       [-0.02,  0.  ,  0.  ]])}.values

Tools/HangboardCAD/tests/test_native_cord_tightening.py:74: AssertionError
=========================== short test summary info ============================
FAILED Tools/HangboardCAD/tests/test_native_cord_tightening.py::test_unobstructed_oblique_front_entry_releases_the_artificial_collar
FAILED Tools/HangboardCAD/tests/test_native_cord_tightening.py::test_shortening_preserves_native_obstacle_and_other_occupied_cord
FAILED Tools/HangboardCAD/tests/test_native_cord_tightening.py::test_shortening_never_uses_rear_entry_even_when_its_chord_is_clear
FAILED Tools/HangboardCAD/tests/test_native_cord_tightening.py::test_shortening_is_deterministic_and_independent_of_mapping_insertion_order
4 failed in 0.76s
