F                                                                        [100%]
=================================== FAILURES ===================================
_____ test_aperture_constraint_does_not_pin_an_unsupported_free_space_knee _____

    def test_aperture_constraint_does_not_pin_an_unsupported_free_space_knee():
        from shapely.geometry import Point,box
        from shapely.ops import triangulate
        profile=box(-.06,-.03,.06,.03).difference(Point(0,0).buffer(.003,quad_segs=8))
        vertices,faces=[],[]
        for triangle in triangulate(profile):
            if profile.covers(triangle):
                face=[]
                for point in list(triangle.exterior.coords)[:3]:
                    if point not in vertices:vertices.append(point)
                    face.append(vertices.index(point))
                faces.append(face)
        mesh=trimesh.creation.extrude_triangulation(vertices,faces,.01)
        mesh.apply_translation([0,0,-.01])
        initial=np.array([[-.05,0,.025],[0,0,.025],[0,0,0]])
        paths,_=tighten(mesh,{"lead":initial},{"lead":.002},{"lead":[0,0,1]})
        path=paths["lead"]
        # Movement of the one old collar vertex can stall because its entire last
        # segment is aperture-constrained. A local corner cut introduces the missing
        # freedom without pinning a new point; it must be searched before stopping.
        for index in range(1,len(path)-1):
            a,b,c=path[index-1:index+2];u=b-a;v=c-b
            trim=min(.0005,.1*np.linalg.norm(u),.1*np.linalg.norm(v))
            first=b-trim*u/np.linalg.norm(u);last=b+trim*v/np.linalg.norm(v)
            gain=2*trim-np.linalg.norm(last-first)
            if gain<=1e-7:continue
            candidate=np.vstack([path[:index],first,last,path[index+1:]])
            try:
                checked_clearance(mesh,[first,last],.002)
                validate_cord_paths({"lead":candidate},{"lead":.002})
            except ValueError:continue
>           pytest.fail(f"unsupported aperture knee still permits {gain*1000:.6f} mm shortening")
E           Failed: unsupported aperture knee still permits 0.013654 mm shortening

Tools/HangboardCAD/tests/test_native_cord_tightening.py:178: Failed
=========================== short test summary info ============================
FAILED Tools/HangboardCAD/tests/test_native_cord_tightening.py::test_aperture_constraint_does_not_pin_an_unsupported_free_space_knee
1 failed, 15 deselected in 0.72s
