F                                                                        [100%]
=================================== FAILURES ===================================
_ test_separate_rim_and_aperture_bearings_can_slide_without_pinning_each_other _

    def test_separate_rim_and_aperture_bearings_can_slide_without_pinning_each_other():
        from shapely.geometry import Point,box
        from shapely.ops import triangulate
        from native_cord_routes import tighten_native_paths
        profile=box(-.06,-.03,.06,.03).difference(Point(-.026,0).buffer(.003,quad_segs=8))
        vertices,faces=[],[]
        for triangle in triangulate(profile):
            if profile.covers(triangle):
                face=[]
                for point in list(triangle.exterior.coords)[:3]:
                    if point not in vertices:vertices.append(point)
                    face.append(vertices.index(point))
                faces.append(face)
        mesh=trimesh.creation.extrude_triangulation(vertices,faces,.01);mesh.apply_translation([0,0,-.005])
        angle=np.linspace(0,np.pi/2,25)
        rim=np.column_stack([.06+.0022*np.cos(angle),np.full(25,-.02),.005+.0022*np.sin(angle)])
        seed=np.vstack([[.15,0,-.03],rim,[-.026,0,.0072],[-.026,0,.005]])
        paths,report=tighten_native_paths(mesh,{"lead":seed},{"lead":.002},{"lead":[0,0,1]},max_checks=3000)
>       assert np.max(np.abs(paths["lead"][:,1]))<.001, "the aperture still pins the separate rim bearing sideways"
E       AssertionError: the aperture still pins the separate rim bearing sideways
E       assert np.float64(0.018527208) < 0.001
E        +  where np.float64(0.018527208) = <function max at 0x108a817f0>(array([0.        , 0.01847163, 0.01850536, 0.01852721, 0.01852398,\n       0.01850124, 0.00021988, 0.00025847, 0.00028367, 0.00029312,\n       0.00028005, 0.00026878, 0.        ]))
E        +    where <function max at 0x108a817f0> = np.max
E        +    and   array([0.        , 0.01847163, 0.01850536, 0.01852721, 0.01852398,\n       0.01850124, 0.00021988, 0.00025847, 0.00028367, 0.00029312,\n       0.00028005, 0.00026878, 0.        ]) = <ufunc 'absolute'>(array([ 0.        , -0.01847163, -0.01850536, -0.01852721, -0.01852398,\n       -0.01850124,  0.00021988,  0.00025847,  0.00028367,  0.00029312,\n        0.00028005,  0.00026878,  0.        ]))
E        +      where <ufunc 'absolute'> = np.abs

Tools/HangboardCAD/tests/test_native_cord_tightening.py:242: AssertionError
=========================== short test summary info ============================
FAILED Tools/HangboardCAD/tests/test_native_cord_tightening.py::test_separate_rim_and_aperture_bearings_can_slide_without_pinning_each_other
1 failed, 21 deselected in 17.69s
