....F.F                                                                  [100%]
=================================== FAILURES ===================================
_ test_optional_tightening_resettles_height_from_generated_seed_not_authored_cache _

monkeypatch = <_pytest.monkeypatch.MonkeyPatch object at 0x10f69cc50>

    def test_optional_tightening_resettles_height_from_generated_seed_not_authored_cache(monkeypatch):
        import native_cord_routes as native
        mesh = trimesh.creation.box(extents=[.08,.04,.01]); mesh.apply_translation([0,0,-.03])
        descriptor={"modelBounds":{"min":mesh.bounds[0].tolist(),"max":mesh.bounds[1].tolist()}}
        data={"suspension":{
            "strands":[{"id":"lead","kind":"lead","radius":.002,"restLength":.25}],
            "anchor":{"offsetFromBoardBounds":[0,.1,.05]},
            "canonicalPoses":{"front":{"rotation":[0,0,0,1],"translation":[0,-.1,0],
                "wrappedRoutes":{"lead":[[999,999,999]]}}}},
            "ropeSolver":{"tightening":"coupled3D","clearance":.0002,"sectionPlane":"anchor",
                "terminalsByStrandID":{"lead":{"points":[[0,0,0]],"mouthAxis":[0,0,1]}}}}
        generated={"front":{"height":-.1,"routes":{"lead":[[0,0,.02],[0,0,0]]}}}
        calls=[]
        def seed(*args, **kwargs):
            calls.append(1)
            return generated
        # The synthetic native seed isolates height/rounding integration from the
        # already tested section search. Deliberately hostile authored caches must
        # never participate in the tightening objective or its initialization.
        monkeypatch.setattr(native, "_solve_native_routes", seed)
        result=native.solve_native_routes(mesh,data,descriptor)["front"]
        support=np.array([0,.12-result["height"],.02])
        full=np.vstack([support,result["routes"]["lead"]])
>       assert length(full)==pytest.approx(.25,abs=2e-8), "tightened route did not re-settle declared length"
E       AssertionError: tightened route did not re-settle declared length
E       assert 0.24 == 0.25 ± 2.0e-08
E         
E         comparison failed
E         Obtained: 0.24
E         Expected: 0.25 ± 2.0e-08

Tools/HangboardCAD/tests/test_native_cord_tightening.py:94: AssertionError
______ test_absent_option_preserves_seed_exactly_and_invalid_option_fails ______

monkeypatch = <_pytest.monkeypatch.MonkeyPatch object at 0x10f768cb0>

    def test_absent_option_preserves_seed_exactly_and_invalid_option_fails(monkeypatch):
        import native_cord_routes as native
        data={"suspension":{"strands":[],"canonicalPoses":{}},"ropeSolver":{}}
        seed={"sentinel":{"routes":[1,2,3]}}
        monkeypatch.setattr(native,"_solve_native_routes",lambda *args,**kwargs:seed)
        assert native.solve_native_routes(None,data,{}) is seed
        data["ropeSolver"]["tightening"]="unrecognized"
>       with pytest.raises(ValueError,match="tightening"):
E       Failed: DID NOT RAISE ValueError

Tools/HangboardCAD/tests/test_native_cord_tightening.py:117: Failed
=========================== short test summary info ============================
FAILED Tools/HangboardCAD/tests/test_native_cord_tightening.py::test_optional_tightening_resettles_height_from_generated_seed_not_authored_cache
FAILED Tools/HangboardCAD/tests/test_native_cord_tightening.py::test_absent_option_preserves_seed_exactly_and_invalid_option_fails
2 failed, 5 passed in 0.63s
